 SimpleReport

 Timestamp is 485a1bcd (Thu Jun 19 16:41:49 2008)

 Preferred load address is 00400000

 Start         Length     Name                   Class
 0001:00000000 0002d68aH .text                   CODE
 0001:0002d690 00004ed2H .text$x                 CODE
 0001:00032570 00001f46H .text$yc                CODE
 0001:000344c0 00000794H .text$yd                CODE
 0002:00000000 000002c8H .idata$5                DATA
 0002:000002d0 000051c8H .rdata                  DATA
 0002:00005498 00000064H .rdata$debug            DATA
 0002:000054fc 00000044H .rdata$r                DATA
 0002:00005540 00000454H .rdata$sxdata           DATA
 0002:00005994 00000004H .rtc$IAA                DATA
 0002:00005998 00000004H .rtc$IZZ                DATA
 0002:0000599c 00000004H .rtc$TAA                DATA
 0002:000059a0 00000004H .rtc$TZZ                DATA
 0002:000059a4 0000513cH .xdata$x                DATA
 0002:0000aae0 00000078H .idata$2                DATA
 0002:0000ab58 00000014H .idata$3                DATA
 0002:0000ab6c 000002c8H .idata$4                DATA
 0002:0000ae34 000019d4H .idata$6                DATA
 0002:0000c810 0000d729H .edata                  DATA
 0003:00000000 00000004H .CRT$XCA                DATA
 0003:00000004 00000004H .CRT$XCAA               DATA
 0003:00000008 00000108H .CRT$XCU                DATA
 0003:00000110 00000004H .CRT$XCZ                DATA
 0003:00000114 00000004H .CRT$XIA                DATA
 0003:00000118 00000004H .CRT$XIZ                DATA
 0003:00000120 00000214H .data                   DATA
 0003:00000338 00001af8H .bss                    DATA

  Address         Publics by Value              Rva+Base     Lib:Object

 0000:00000000       __except_list              00000000     <absolute>
 0000:00000115       ___safe_se_handler_count   00000115     <absolute>
 0000:00009876       __ldused                   00009876     <absolute>
 0000:00009876       __fltused                  00009876     <absolute>
 0001:00000000       ?signalConnectionsChanged@WObject@@EAEXXZ 00401000 f i libwt:WObject.obj
 0001:00000000       ??1TTime@svutil@@QAE@XZ    00401000 f i SimpleReport.obj
 0001:00000000       ??3@YAXPAX0@Z              00401000 f i SimpleReport.obj
 0001:00000010       ??1logic_error@std@@UAE@XZ 00401010 f i SimpleReport.obj
 0001:00000070       ?what@logic_error@std@@UBEPBDXZ 00401070 f i SimpleReport.obj
 0001:00000080       ??_Glogic_error@std@@UAEPAXI@Z 00401080 f i SimpleReport.obj
 0001:00000080       ??_Elogic_error@std@@UAEPAXI@Z 00401080 f i SimpleReport.obj
 0001:000000a0       ??_Elength_error@std@@UAEPAXI@Z 004010a0 f i SimpleReport.obj
 0001:000000a0       ??_Glength_error@std@@UAEPAXI@Z 004010a0 f i SimpleReport.obj
 0001:000000c0       ??1length_error@std@@UAE@XZ 004010c0 f i SimpleReport.obj
 0001:000000d0       ??_Gout_of_range@std@@UAEPAXI@Z 004010d0 f i SimpleReport.obj
 0001:000000d0       ??_Eout_of_range@std@@UAEPAXI@Z 004010d0 f i SimpleReport.obj
 0001:000000f0       ??1out_of_range@std@@UAE@XZ 004010f0 f i SimpleReport.obj
 0001:00000100       ?empty@WMessage@@QBE_NXZ   00401100 f i SimpleReport.obj
 0001:00000110       ??4WMessage@@QAEAAV0@ABV0@@Z 00401110 f i SimpleReport.obj
 0001:00000130       ?sender@WObject@@ABEPAV1@XZ 00401130 f i SimpleReport.obj
 0001:00000130       ?red@WColor@@QBEHXZ        00401130 f i SimpleReport.obj
 0001:00000130       ?cursor@WCssDecorationStyle@@QBE?AW4Cursor@1@XZ 00401130 f i SimpleReport.obj
 0001:00000130       ?genericFamily@WFont@@QBE?AW4GenericFamily@1@XZ 00401130 f i SimpleReport.obj
 0001:00000130       ?unit@WLength@@QBE?AW4Unit@1@XZ 00401130 f i SimpleReport.obj
 0001:00000130       ?object@WSignalInstance_@@QBEPAVWObject@@XZ 00401130 f i SimpleReportWt.obj
 0001:00000130       ?slot@WConnection_@@QBEPAVWSlotInstance_@@XZ 00401130 f i libwt:WebSession.obj
 0001:00000140       ??4WObject@@QAEAAV0@ABV0@@Z 00401140 f i SimpleReport.obj
 0001:00000140       ??4WWidget@@QAEAAV0@ABV0@@Z 00401140 f i SimpleReport.obj
 0001:00000140       ??4WResource@@QAEAAV0@ABV0@@Z 00401140 f i SimpleReport.obj
 0001:00000170       ?value@WLength@@QBENXZ     00401170 f i SimpleReport.obj
 0001:00000180       ??4WLength@@QAEAAV0@ABV0@@Z 00401180 f i SimpleReport.obj
 0001:000001b0       ?isDefault@WColor@@QBE_NXZ 004011b0 f i SimpleReport.obj
 0001:000001b0       ?isAuto@WLength@@QBE_NXZ   004011b0 f i SimpleReport.obj
 0001:000001c0       ?green@WColor@@QBEHXZ      004011c0 f i SimpleReport.obj
 0001:000001c0       ?type@WConnection_@@QBE?AW4ConnectionType@WObject@@XZ 004011c0 f i libwt:WebSession.obj
 0001:000001d0       ?blue@WColor@@QBEHXZ       004011d0 f i SimpleReport.obj
 0001:000001e0       ?name@WColor@@QBE?AV?$basic_string@DU?$char_traits@D@std@@V?$allocator@D@2@@std@@XZ 004011e0 f i SimpleReport.obj
 0001:00000210       ??0WColor@@QAE@ABV0@@Z     00401210 f i SimpleReport.obj
 0001:00000240       ??4WColor@@QAEAAV0@ABV0@@Z 00401240 f i SimpleReport.obj
 0001:00000270       ?signal@WConnection_@@QBEPAVWSignalInstance_@@XZ 00401270 f i libwt:WebSession.obj
 0001:00000270       ?width@WBorder@@QBE?AW4Width@1@XZ 00401270 f i SimpleReport.obj
 0001:00000280       ?explicitWidth@WBorder@@QBE?AVWLength@@XZ 00401280 f i SimpleReport.obj
 0001:000002b0       ?color@WBorder@@QBE?AVWColor@@XZ 004012b0 f i SimpleReport.obj
 0001:000002f0       ?style@WBorder@@QBE?AW4Style@1@XZ 004012f0 f i SimpleReport.obj
 0001:00000300       ??1WBorder@@QAE@XZ         00401300 f i SimpleReport.obj
 0001:00000310       ??0WBorder@@QAE@ABV0@@Z    00401310 f i SimpleReport.obj
 0001:00000370       ??4WBorder@@QAEAAV0@ABV0@@Z 00401370 f i SimpleReport.obj
 0001:000003d0       ?specificFamilies@WFont@@QBE?BV?$basic_string@DU?$char_traits@D@std@@V?$allocator@D@2@@std@@XZ 004013d0 f i SimpleReport.obj
 0001:00000400       ?style@WFont@@QBE?AW4Style@1@XZ 00401400 f i SimpleReport.obj
 0001:00000410       ?variant@WFont@@QBE?AW4Variant@1@XZ 00401410 f i SimpleReport.obj
 0001:00000420       ?weight@WFont@@QBE?AW4Weight@1@XZ 00401420 f i SimpleReport.obj
 0001:00000430       ?weightValue@WFont@@QBEHXZ 00401430 f i SimpleReport.obj
 0001:00000440       ?fixedSize@WFont@@QBE?AVWLength@@XZ 00401440 f i SimpleReport.obj
 0001:00000470       ??1WFont@@QAE@XZ           00401470 f i SimpleReport.obj
 0001:00000470       ??1_Node@?$_List_nod@V?$basic_string@DU?$char_traits@D@std@@V?$allocator@D@2@@std@@V?$allocator@V?$basic_string@DU?$char_traits@D@std@@V?$allocator@D@2@@std@@@2@@std@@QAE@XZ 00401470 f i SimpleReport.obj
 0001:00000480       ??0WFont@@QAE@ABV0@@Z      00401480 f i SimpleReport.obj
 0001:00000500       ??4WFont@@QAEAAV0@ABV0@@Z  00401500 f i SimpleReport.obj
 0001:00000580       ?backgroundColor@WCssDecorationStyle@@QBE?AVWColor@@XZ 00401580 f i SimpleReport.obj
 0001:000005c0       ?backgroundImage@WCssDecorationStyle@@QBE?BV?$basic_string@DU?$char_traits@D@std@@V?$allocator@D@2@@std@@XZ 004015c0 f i SimpleReport.obj
 0001:000005f0       ?backgroundImageRepeat@WCssDecorationStyle@@QBE?AW4Repeat@1@XZ 004015f0 f i SimpleReport.obj
 0001:00000600       ?foregroundColor@WCssDecorationStyle@@QBE?AVWColor@@XZ 00401600 f i SimpleReport.obj
 0001:00000650       ?border@WCssDecorationStyle@@QBE?AVWBorder@@XZ 00401650 f i SimpleReport.obj
 0001:00000670       ??1WCssDecorationStyle@@QAE@XZ 00401670 f i SimpleReport.obj
 0001:00000700       ??0WCssDecorationStyle@@QAE@ABV0@@Z 00401700 f i SimpleReport.obj
 0001:00000840       ??4WCssDecorationStyle@@QAEAAV0@ABV0@@Z 00401840 f i SimpleReport.obj
 0001:00000940       ?positionScheme@WWebWidget@@UBE?AW4PositionScheme@WWidget@@XZ 00401940 f i SimpleReport.obj
 0001:00000950       ?width@WWebWidget@@UBE?AVWLength@@XZ 00401950 f i SimpleReport.obj
 0001:00000980       ?height@WWebWidget@@UBE?AVWLength@@XZ 00401980 f i SimpleReport.obj
 0001:000009b0       ?isHidden@WWebWidget@@UBE_NXZ 004019b0 f i SimpleReport.obj
 0001:000009c0       ?isPopup@WWebWidget@@UBE_NXZ 004019c0 f i SimpleReport.obj
 0001:000009d0       ?isInline@WWebWidget@@UBE_NXZ 004019d0 f i SimpleReport.obj
 0001:000009e0       ?decorationStyle@WWebWidget@@UAEAAVWCssDecorationStyle@@XZ 004019e0 f i SimpleReport.obj
 0001:000009e0       ?font@WCssDecorationStyle@@QAEAAVWFont@@XZ 004019e0 f i SimpleReport.obj
 0001:000009f0       ?styleClass@WWebWidget@@UBE?BV?$basic_string@DU?$char_traits@D@std@@V?$allocator@D@2@@std@@XZ 004019f0 f i SimpleReport.obj
 0001:00000a20       ?verticalAlignment@WWebWidget@@UBE?AW4VerticalAlignment@WWidget@@XZ 00401a20 f i SimpleReport.obj
 0001:00000a30       ?verticalAlignmentLength@WWebWidget@@UBE?AVWLength@@XZ 00401a30 f i SimpleReport.obj
 0001:00000a60       ?toolTip@WWebWidget@@UBE?AV?$basic_string@DU?$char_traits@D@std@@V?$allocator@D@2@@std@@XZ 00401a60 f i SimpleReport.obj
 0001:00000a90       ?toolTipMessage@WWebWidget@@UBEABVWMessage@@XZ 00401a90 f i SimpleReport.obj
 0001:00000aa0       ?renderState@WWebWidget@@IBE?AW4RenderState@1@XZ 00401aa0 f i SimpleReport.obj
 0001:00000ab0       ?webWidget@WWebWidget@@MAEPAV1@XZ 00401ab0 f i SimpleReport.obj
 0001:00000ac0       ?children@WWebWidget@@MBEABV?$vector@PAVWWidget@@V?$allocator@PAVWWidget@@@std@@@std@@XZ 00401ac0 f i SimpleReport.obj
 0001:00000ad0       ??_FWWebWidget@@QAEXXZ     00401ad0 f i SimpleReport.obj
 0001:00000ae0       ??1WInteractWidget@@UAE@XZ 00401ae0 f i SimpleReport.obj
 0001:00000af0       ??_FWInteractWidget@@QAEXXZ 00401af0 f i SimpleReport.obj
 0001:00000b00       ??_FWContainerWidget@@QAEXXZ 00401b00 f i SimpleReport.obj
 0001:00000b10       ?GetCurrentTimeEx@TTime@svutil@@SA?AV12@XZ 00401b10 f i SimpleReport.obj
 0001:00000b40       ??GTTime@svutil@@QBE?AV01@VTTimeSpan@1@@Z 00401b40 f i SimpleReport.obj
 0001:00000b60       ?Format@TTime@svutil@@QBE?AV?$basic_string@DU?$char_traits@D@std@@V?$allocator@D@2@@std@@XZ 00401b60 f i SimpleReport.obj
 0001:00000bf0       ?message@WText@@QBEABVWMessage@@XZ 00401bf0 f i SimpleReport.obj
 0001:00000c00       ??1WText@@UAE@XZ           00401c00 f i SimpleReport.obj
 0001:00000c70       ??_FWText@@QAEXXZ          00401c70 f i SimpleReport.obj
 0001:00000c80       ?table@WTableRow@@QBEPAVWTable@@XZ 00401c80 f i SimpleReport.obj
 0001:00000c90       ??_FWTable@@QAEXXZ         00401c90 f i SimpleReport.obj
 0001:00000ca0       ?alternateText@WImage@@QBE?BV?$basic_string@DU?$char_traits@D@std@@V?$allocator@D@2@@std@@XZ 00401ca0 f i SimpleReport.obj
 0001:00000cd0       ?GetContentTable@WSVMainTable@@QAEPAVWTable@@XZ 00401cd0 f i WSVMainTable.obj
 0001:00000cd0       ?formatting@WText@@QBE?AW4Formatting@1@XZ 00401cd0 f i SimpleReport.obj
 0001:00000cd0       ?resource@WImage@@QBEPAVWResource@@XZ 00401cd0 f i SimpleReport.obj
 0001:00000ce0       ??1WImage@@UAE@XZ          00401ce0 f i SimpleReport.obj
 0001:00000d50       ??_FWImage@@QAEXXZ         00401d50 f i SimpleReport.obj
 0001:00000d60       ?rowSpan@WTableCell@@QBEHXZ 00401d60 f i SimpleReport.obj
 0001:00000d70       ?columnSpan@WTableCell@@QBEHXZ 00401d70 f i SimpleReport.obj
 0001:00000d80       ?column@WTableCell@@QBEHXZ 00401d80 f i SimpleReport.obj
 0001:00000d90       ?buddy@WLabel@@QBEPAVWFormWidget@@XZ 00401d90 f i libwt:WFormWidget.obj
 0001:00000d90       ?contentAlignment@WContainerWidget@@QBE?AW4HorizontalAlignment@WWidget@@XZ 00401d90 f i SimpleReport.obj
 0001:00000d90       ?label@WFormWidget@@QBEPAVWLabel@@XZ 00401d90 f i SimpleReport.obj
 0001:00000da0       ?isEnabled@WFormWidget@@QBE_NXZ 00401da0 f i SimpleReport.obj
 0001:00000db0       ??_FWFormWidget@@QAEXXZ    00401db0 f i SimpleReport.obj
 0001:00000dc0       ?text@WPushButton@@QBE?AV?$basic_string@DU?$char_traits@D@std@@V?$allocator@D@2@@std@@XZ 00401dc0 f i SimpleReport.obj
 0001:00000df0       ?message@WPushButton@@QBEABVWMessage@@XZ 00401df0 f i SimpleReport.obj
 0001:00000e00       ??1WPushButton@@UAE@XZ     00401e00 f i SimpleReport.obj
 0001:00000e70       ??_FWPushButton@@QAEXXZ    00401e70 f i SimpleReport.obj
 0001:00000e80       ??_GAutoDestroy@@UAEPAXI@Z 00401e80 f i SimpleReport.obj
 0001:00000e80       ??_EAutoDestroy@@UAEPAXI@Z 00401e80 f i SimpleReport.obj
 0001:00000ea0       ??1AutoDestroy@@UAE@XZ     00401ea0 f i SimpleReport.obj
 0001:00000ea0       ??1TextBox@@UAE@XZ         00401ea0 f i SimpleReport.obj
 0001:00000ea0       ??1PlotArea@@UAE@XZ        00401ea0 f i SimpleReport.obj
 0001:00000eb0       ?addTitle@BaseChart@@QAEPAVTextBox@@PBD0NHHH@Z 00401eb0 f i SimpleReport.obj
 0001:00000f50       ?setTitle@Axis@@QAEPAVTextBox@@PBD0NH@Z 00401f50 f i SimpleReport.obj
 0001:00000fe0       ??_EPlotArea@@UAEPAXI@Z    00401fe0 f i SimpleReport.obj
 0001:00000fe0       ??_GTextBox@@UAEPAXI@Z     00401fe0 f i SimpleReport.obj
 0001:00000fe0       ??_ETextBox@@UAEPAXI@Z     00401fe0 f i SimpleReport.obj
 0001:00000fe0       ??_GPlotArea@@UAEPAXI@Z    00401fe0 f i SimpleReport.obj
 0001:00001000       ?selector@WCssRule@@QBE?BV?$basic_string@DU?$char_traits@D@std@@V?$allocator@D@2@@std@@XZ 00402000 f i SimpleReport.obj
 0001:00001030       ??0WCssRule@@QAE@ABV0@@Z   00402030 f i SimpleReport.obj
 0001:00001050       ??4WCssRule@@QAEAAV0@ABV0@@Z 00402050 f i SimpleReport.obj
 0001:00001070       ??_EWCssRule@@UAEPAXI@Z    00402070 f i SimpleReport.obj
 0001:000010d0       ?styleSheet@WApplication@@QAEAAVWCssStyleSheet@@XZ 004020d0 f i SimpleReport.obj
 0001:000010e0       ?root@WApplication@@QBEPAVWContainerWidget@@XZ 004020e0 f i SimpleReport.obj
 0001:000010f0       ?title@WApplication@@QBE?AV?$basic_string@DU?$char_traits@D@std@@V?$allocator@D@2@@std@@XZ 004020f0 f i SimpleReport.obj
 0001:00001120       ?loading@WApplication@@QBE_NXZ 00402120 f i SimpleReport.obj
 0001:00001130       ?setLoading@WApplication@@QAEX_N@Z 00402130 f i SimpleReport.obj
 0001:00001140       ?messageResourceBundle@WApplication@@QAEAAVWMessageResourceBundle@@XZ 00402140 f i SimpleReport.obj
 0001:00001150       ?locale@WApplication@@QBE?AV?$basic_string@DU?$char_traits@D@std@@V?$allocator@D@2@@std@@XZ 00402150 f i SimpleReport.obj
 0001:00001180       ?getBodyAttribute@WApplication@@QAE?BV?$basic_string@DU?$char_traits@D@std@@V?$allocator@D@2@@std@@XZ 00402180 f i SimpleReport.obj
 0001:000011b0       ?setBeforBodyStr@WApplication@@QAEXV?$basic_string@DU?$char_traits@D@std@@V?$allocator@D@2@@std@@@Z 004021b0 f i SimpleReport.obj
 0001:00001200       ?getBeforBodyStr@WApplication@@QAE?BV?$basic_string@DU?$char_traits@D@std@@V?$allocator@D@2@@std@@XZ 00402200 f i SimpleReport.obj
 0001:00001230       ?size@WFont@@QBE?AW4Size@1@XZ 00402230 f i SimpleReport.obj
 0001:00001230       ?getRefreshTime@WApplication@@QAEHXZ 00402230 f i SimpleReport.obj
 0001:00001240       ?getRefreshFunc@WApplication@@QAE?AV?$basic_string@DU?$char_traits@D@std@@V?$allocator@D@2@@std@@XZ 00402240 f i SimpleReport.obj
 0001:00001270       ?isQuited@WApplication@@ABE_NXZ 00402270 f i SimpleReport.obj
 0001:00001280       ?haveJavaScript@WebSession@@QBE_NXZ 00402280 f i SimpleReport.obj
 0001:00001290       ?havaAjax@WebSession@@QBE_NXZ 00402290 f i SimpleReport.obj
 0001:000012a0       ?isChecked@WAbstractToggleButton@@QBE_NXZ 004022a0 f i SimpleReport.obj
 0001:000012b0       ??1WCheckBox@@UAE@XZ       004022b0 f i SimpleReport.obj
 0001:000012b0       ??1WAbstractToggleButton@@UAE@XZ 004022b0 f i SimpleReport.obj
 0001:000012c0       ??_FWAbstractToggleButton@@QAEXXZ 004022c0 f i SimpleReport.obj
 0001:000012d0       ??_FWCheckBox@@QAEXXZ      004022d0 f i SimpleReport.obj
 0001:000012e0       ?textSize@WLineEdit@@QBEHXZ 004022e0 f i SimpleReport.obj
 0001:000012f0       ?text@WLineEdit@@QBE?BV?$basic_string@DU?$char_traits@D@std@@V?$allocator@D@2@@std@@XZ 004022f0 f i SimpleReport.obj
 0001:00001320       ?echoMode@WLineEdit@@QBE?AW4EchoMode@1@XZ 00402320 f i SimpleReport.obj
 0001:00001330       ??1WLineEdit@@UAE@XZ       00402330 f i SimpleReport.obj
 0001:00001380       ??_FWLineEdit@@QAEXXZ      00402380 f i SimpleReport.obj
 0001:00001390       ?data@WInteractWidget@@QAEPAXXZ 00402390 f i SimpleReport.obj
 0001:00001390       ?widget@WScrollArea@@QBEPAVWWidget@@XZ 00402390 f i SimpleReport.obj
 0001:000013a0       ?horizontalScrollBar@WScrollArea@@QBEPAVWScrollBar@@XZ 004023a0 f i SimpleReport.obj
 0001:000013b0       ?verticalScrollBar@WScrollArea@@QBEPAVWScrollBar@@XZ 004023b0 f i SimpleReport.obj
 0001:000013c0       ??_FWScrollArea@@QAEXXZ    004023c0 f i SimpleReport.obj
 0001:000013d0       ?_AtlGetThreadACPFake@ATL@@YGIXZ 004023d0 f i SimpleReport.obj
 0001:00001450       ?_AtlGetThreadACPReal@ATL@@YGIXZ 00402450 f i SimpleReport.obj
 0001:00001460       ?_AtlGetThreadACPThunk@ATL@@YGIXZ 00402460 f i SimpleReport.obj
 0001:000014d0       ??0_FORM_SHOW_TEXT@CSimpleReport@@QAE@XZ 004024d0 f i SimpleReport.obj
 0001:00001760       ??1_FORM_SHOW_TEXT@CSimpleReport@@QAE@XZ 00402760 f i SimpleReport.obj
 0001:00001a00       ?ExChange@CSimpleReport@@AAEXXZ 00402a00 f   SimpleReport.obj
 0001:00001ab0       ?Translate@CSimpleReport@@AAEXXZ 00402ab0 f   SimpleReport.obj
 0001:00001af0       ?GetMonitorParaValueByName@CSimpleReport@@AAE_NV?$basic_string@DU?$char_traits@D@std@@V?$allocator@D@2@@std@@0AAV23@@Z 00402af0 f   SimpleReport.obj
 0001:00001c20       ?TableClear@CSimpleReport@@QAEXXZ 00402c20 f   SimpleReport.obj
 0001:00001d10       ?_Xlen@?$vector@UTableData@WTableRow@@V?$allocator@UTableData@WTableRow@@@std@@@std@@IBEXXZ 00402d10 f i SimpleReport.obj
 0001:00001d10       ?_Xlen@?$vector@PAVWTableRow@@V?$allocator@PAVWTableRow@@@std@@@std@@IBEXXZ 00402d10 f i SimpleReport.obj
 0001:00001d10       ?_Xlen@?$vector@PAVWObject@@V?$allocator@PAVWObject@@@std@@@std@@IBEXXZ 00402d10 f i SimpleReport.obj
 0001:00001d10       ?_Xlen@?$vector@PAVDomElement@@V?$allocator@PAVDomElement@@@std@@@std@@IBEXXZ 00402d10 f i SimpleReport.obj
 0001:00001d10       ?_Xlen@?$vector@PAVWWidget@@V?$allocator@PAVWWidget@@@std@@@std@@IBEXXZ 00402d10 f i SimpleReport.obj
 0001:00001d10       ?_Xlen@?$vector@PAVWMessageResources@@V?$allocator@PAVWMessageResources@@@std@@@std@@IBEXXZ 00402d10 f i SimpleReport.obj
 0001:00001d90       ??1_Sentry_base@?$basic_ostream@DU?$char_traits@D@std@@@std@@QAE@XZ 00402d90 f i SimpleReport.obj
 0001:00001db0       ??0logic_error@std@@QAE@ABV01@@Z 00402db0 f i SimpleReport.obj
 0001:00001e10       ??$?HDU?$char_traits@D@std@@V?$allocator@D@1@@std@@YA?AV?$basic_string@DU?$char_traits@D@std@@V?$allocator@D@2@@0@ABV10@0@Z 00402e10 f i SimpleReport.obj
 0001:00001e90       ??$?HDU?$char_traits@D@std@@V?$allocator@D@1@@std@@YA?AV?$basic_string@DU?$char_traits@D@std@@V?$allocator@D@2@@0@PBDABV10@@Z 00402e90 f i SimpleReport.obj
 0001:00001f10       ??$?HDU?$char_traits@D@std@@V?$allocator@D@1@@std@@YA?AV?$basic_string@DU?$char_traits@D@std@@V?$allocator@D@2@@0@DABV10@@Z 00402f10 f i SimpleReport.obj
 0001:00001f90       ??$?HDU?$char_traits@D@std@@V?$allocator@D@1@@std@@YA?AV?$basic_string@DU?$char_traits@D@std@@V?$allocator@D@2@@0@ABV10@PBD@Z 00402f90 f i SimpleReport.obj
 0001:00002010       ??$?HDU?$char_traits@D@std@@V?$allocator@D@1@@std@@YA?AV?$basic_string@DU?$char_traits@D@std@@V?$allocator@D@2@@0@ABV10@D@Z 00403010 f i SimpleReport.obj
 0001:00002090       ??1_Node@?$_Tree_nod@V?$_Tmap_traits@V?$basic_string@DU?$char_traits@D@std@@V?$allocator@D@2@@std@@PAVWCssRule@@U?$less@V?$basic_string@DU?$char_traits@D@std@@V?$allocator@D@2@@std@@@2@V?$allocator@U?$pair@$$CBV?$basic_string@DU?$char_traits@D@std@@V?$allocator@D@2@@std@@PAVWCssRule@@@std@@@2@$0A@@std@@@std@@QAE@XZ 00403090 f i SimpleReport.obj
 0001:00002090       ??1_Node@?$_Tree_nod@V?$_Tmap_traits@V?$basic_string@DU?$char_traits@D@std@@V?$allocator@D@2@@std@@PAVWSlotInstance_@@U?$less@V?$basic_string@DU?$char_traits@D@std@@V?$allocator@D@2@@std@@@2@V?$allocator@U?$pair@$$CBV?$basic_string@DU?$char_traits@D@std@@V?$allocator@D@2@@std@@PAVWSlotInstance_@@@std@@@2@$0A@@std@@@std@@QAE@XZ 00403090 f i libwt:WObject.obj
 0001:00002090       ??1_Node@?$_Tree_nod@V?$_Tmap_traits@V?$basic_string@DU?$char_traits@D@std@@V?$allocator@D@2@@std@@PAVWSignalInstance_@@U?$less@V?$basic_string@DU?$char_traits@D@std@@V?$allocator@D@2@@std@@@2@V?$allocator@U?$pair@$$CBV?$basic_string@DU?$char_traits@D@std@@V?$allocator@D@2@@std@@PAVWSignalInstance_@@@std@@@2@$0A@@std@@@std@@QAE@XZ 00403090 f i libwt:WObject.obj
 0001:00002090       ??1_Node@?$_List_nod@U_OneRecord@@V?$allocator@U_OneRecord@@@std@@@std@@QAE@XZ 00403090 f i SimpleReport.obj
 0001:000020a0       ??1GarbageContainer@@UAE@XZ 004030a0 f i SimpleReport.obj
 0001:000020e0       ??_EGarbageContainer@@UAEPAXI@Z 004030e0 f i SimpleReport.obj
 0001:000020e0       ??_GGarbageContainer@@UAEPAXI@Z 004030e0 f i SimpleReport.obj
 0001:00002100       ??_EAxis@@W3AEPAXI@Z       00403100 f i SimpleReport.obj
 0001:00002110       ??_GAxis@@UAEPAXI@Z        00403110 f i SimpleReport.obj
 0001:00002110       ??_EAxis@@UAEPAXI@Z        00403110 f i SimpleReport.obj
 0001:00002130       ??1Axis@@UAE@XZ            00403130 f i SimpleReport.obj
 0001:00002180       ??_ELayer@@W3AEPAXI@Z      00403180 f i SimpleReport.obj
 0001:00002190       ??1Layer@@UAE@XZ           00403190 f i SimpleReport.obj
 0001:000021e0       ??_GLayer@@UAEPAXI@Z       004031e0 f i SimpleReport.obj
 0001:000021e0       ??_ELayer@@UAEPAXI@Z       004031e0 f i SimpleReport.obj
 0001:00002200       ??_ELineLayer@@W3AEPAXI@Z  00403200 f i SimpleReport.obj
 0001:00002210       ??_ELineLayer@@UAEPAXI@Z   00403210 f i SimpleReport.obj
 0001:00002210       ??_GLineLayer@@UAEPAXI@Z   00403210 f i SimpleReport.obj
 0001:00002230       ??1LineLayer@@UAE@XZ       00403230 f i SimpleReport.obj
 0001:00002250       ?yAxis@XYChart@@QAEPAVAxis@@XZ 00403250 f i SimpleReport.obj
 0001:000022c0       ?addLineLayer@XYChart@@QAEPAVLineLayer@@VDoubleArray@@HPBDH@Z 004032c0 f i SimpleReport.obj
 0001:00002360       ?addScatterLayer@XYChart@@QAEPAVLineLayer@@VDoubleArray@@0PBDHHHH@Z 00403360 f i SimpleReport.obj
 0001:00002410       ?GenLineImage1@CSimpleReport@@QAEXQAN0HQAPADHH1HHHHNNPAD22@Z 00403410 f   SimpleReport.obj
 0001:000027d0       ??0sentry@?$basic_ostream@DU?$char_traits@D@std@@@std@@QAE@AAV12@@Z 004037d0 f i SimpleReport.obj
 0001:00002860       ??1sentry@?$basic_ostream@DU?$char_traits@D@std@@@std@@QAE@XZ 00403860 f i SimpleReport.obj
 0001:000028d0       ?_Max@?$_Tree@V?$_Tset_traits@PBVWSignalInstance_@@U?$less@PBVWSignalInstance_@@@std@@V?$allocator@PBVWSignalInstance_@@@3@$0A@@std@@@std@@KAPAU_Node@?$_Tree_nod@V?$_Tset_traits@PBVWSignalInstance_@@U?$less@PBVWSignalInstance_@@@std@@V?$allocator@PBVWSignalInstance_@@@3@$0A@@std@@@2@PAU342@@Z 004038d0 f i SimpleReport.obj
 0001:000028d0       ?_Max@?$_Tree@V?$_Tset_traits@PBVWResource@@U?$less@PBVWResource@@@std@@V?$allocator@PBVWResource@@@3@$0A@@std@@@std@@KAPAU_Node@?$_Tree_nod@V?$_Tset_traits@PBVWResource@@U?$less@PBVWResource@@@std@@V?$allocator@PBVWResource@@@3@$0A@@std@@@2@PAU342@@Z 004038d0 f i SimpleReport.obj
 0001:000028f0       ?_Min@?$_Tree@V?$_Tset_traits@PBVWSignalInstance_@@U?$less@PBVWSignalInstance_@@@std@@V?$allocator@PBVWSignalInstance_@@@3@$0A@@std@@@std@@KAPAU_Node@?$_Tree_nod@V?$_Tset_traits@PBVWSignalInstance_@@U?$less@PBVWSignalInstance_@@@std@@V?$allocator@PBVWSignalInstance_@@@3@$0A@@std@@@2@PAU342@@Z 004038f0 f i SimpleReport.obj
 0001:000028f0       ?_Min@?$_Tree@V?$_Tset_traits@PBVWResource@@U?$less@PBVWResource@@@std@@V?$allocator@PBVWResource@@@3@$0A@@std@@@std@@KAPAU_Node@?$_Tree_nod@V?$_Tset_traits@PBVWResource@@U?$less@PBVWResource@@@std@@V?$allocator@PBVWResource@@@3@$0A@@std@@@2@PAU342@@Z 004038f0 f i SimpleReport.obj
 0001:00002910       ??0length_error@std@@QAE@ABV01@@Z 00403910 f i SimpleReport.obj
 0001:00002930       ?_Lrotate@?$_Tree@V?$_Tmap_traits@V?$basic_string@DU?$char_traits@D@std@@V?$allocator@D@2@@std@@PAVWSlotInstance_@@U?$less@V?$basic_string@DU?$char_traits@D@std@@V?$allocator@D@2@@std@@@2@V?$allocator@U?$pair@$$CBV?$basic_string@DU?$char_traits@D@std@@V?$allocator@D@2@@std@@PAVWSlotInstance_@@@std@@@2@$0A@@std@@@std@@IAEXPAU_Node@?$_Tree_nod@V?$_Tmap_traits@V?$basic_string@DU?$char_traits@D@std@@V?$allocator@D@2@@std@@PAVWSlotInstance_@@U?$less@V?$basic_string@DU?$char_traits@D@std@@V?$allocator@D@2@@std@@@2@V?$allocator@U?$pair@$$CBV?$basic_string@DU?$char_traits@D@std@@V?$allocator@D@2@@std@@PAVWSlotInstance_@@@std@@@2@$0A@@std@@@2@@Z 00403930 f i libwt:WWebWidget.obj
 0001:00002930       ?_Lrotate@?$_Tree@V?$_Tmap_traits@V?$basic_string@DU?$char_traits@D@std@@V?$allocator@D@2@@std@@PAVWCssRule@@U?$less@V?$basic_string@DU?$char_traits@D@std@@V?$allocator@D@2@@std@@@2@V?$allocator@U?$pair@$$CBV?$basic_string@DU?$char_traits@D@std@@V?$allocator@D@2@@std@@PAVWCssRule@@@std@@@2@$0A@@std@@@std@@IAEXPAU_Node@?$_Tree_nod@V?$_Tmap_traits@V?$basic_string@DU?$char_traits@D@std@@V?$allocator@D@2@@std@@PAVWCssRule@@U?$less@V?$basic_string@DU?$char_traits@D@std@@V?$allocator@D@2@@std@@@2@V?$allocator@U?$pair@$$CBV?$basic_string@DU?$char_traits@D@std@@V?$allocator@D@2@@std@@PAVWCssRule@@@std@@@2@$0A@@std@@@2@@Z 00403930 f i SimpleReport.obj
 0001:00002930       ?_Lrotate@?$_Tree@V?$_Tmap_traits@V?$basic_string@DU?$char_traits@D@std@@V?$allocator@D@2@@std@@PAVWSignalInstance_@@U?$less@V?$basic_string@DU?$char_traits@D@std@@V?$allocator@D@2@@std@@@2@V?$allocator@U?$pair@$$CBV?$basic_string@DU?$char_traits@D@std@@V?$allocator@D@2@@std@@PAVWSignalInstance_@@@std@@@2@$0A@@std@@@std@@IAEXPAU_Node@?$_Tree_nod@V?$_Tmap_traits@V?$basic_string@DU?$char_traits@D@std@@V?$allocator@D@2@@std@@PAVWSignalInstance_@@U?$less@V?$basic_string@DU?$char_traits@D@std@@V?$allocator@D@2@@std@@@2@V?$allocator@U?$pair@$$CBV?$basic_string@DU?$char_traits@D@std@@V?$allocator@D@2@@std@@PAVWSignalInstance_@@@std@@@2@$0A@@std@@@2@@Z 00403930 f i SimpleReportWt.obj
 0001:00002930       ?_Lrotate@?$_Tree@V?$_Tmap_traits@PAVWObject@@V?$basic_string@DU?$char_traits@D@std@@V?$allocator@D@2@@std@@U?$less@PAVWObject@@@3@V?$allocator@U?$pair@QAVWObject@@V?$basic_string@DU?$char_traits@D@std@@V?$allocator@D@2@@std@@@std@@@3@$0A@@std@@@std@@IAEXPAU_Node@?$_Tree_nod@V?$_Tmap_traits@PAVWObject@@V?$basic_string@DU?$char_traits@D@std@@V?$allocator@D@2@@std@@U?$less@PAVWObject@@@3@V?$allocator@U?$pair@QAVWObject@@V?$basic_string@DU?$char_traits@D@std@@V?$allocator@D@2@@std@@@std@@@3@$0A@@std@@@2@@Z 00403930 f i libwt:WSignalMapper.obj
 0001:00002930       ?_Lrotate@?$_Tree@V?$_Tmap_traits@W4Property@Wt@@V?$basic_string@DU?$char_traits@D@std@@V?$allocator@D@2@@std@@U?$less@W4Property@Wt@@@4@V?$allocator@U?$pair@$$CBW4Property@Wt@@V?$basic_string@DU?$char_traits@D@std@@V?$allocator@D@2@@std@@@std@@@4@$0A@@std@@@std@@IAEXPAU_Node@?$_Tree_nod@V?$_Tmap_traits@W4Property@Wt@@V?$basic_string@DU?$char_traits@D@std@@V?$allocator@D@2@@std@@U?$less@W4Property@Wt@@@4@V?$allocator@U?$pair@$$CBW4Property@Wt@@V?$basic_string@DU?$char_traits@D@std@@V?$allocator@D@2@@std@@@std@@@4@$0A@@std@@@2@@Z 00403930 f i libwt:WWebWidget.obj
 0001:00002990       ?_Lrotate@?$_Tree@V?$_Tset_traits@PBVWResource@@U?$less@PBVWResource@@@std@@V?$allocator@PBVWResource@@@3@$0A@@std@@@std@@IAEXPAU_Node@?$_Tree_nod@V?$_Tset_traits@PBVWResource@@U?$less@PBVWResource@@@std@@V?$allocator@PBVWResource@@@3@$0A@@std@@@2@@Z 00403990 f i SimpleReport.obj
 0001:00002990       ?_Lrotate@?$_Tree@V?$_Tset_traits@PBVWSignalInstance_@@U?$less@PBVWSignalInstance_@@@std@@V?$allocator@PBVWSignalInstance_@@@3@$0A@@std@@@std@@IAEXPAU_Node@?$_Tree_nod@V?$_Tset_traits@PBVWSignalInstance_@@U?$less@PBVWSignalInstance_@@@std@@V?$allocator@PBVWSignalInstance_@@@3@$0A@@std@@@2@@Z 00403990 f i SimpleReport.obj
 0001:000029f0       ?_Rrotate@?$_Tree@V?$_Tset_traits@PBVWSignalInstance_@@U?$less@PBVWSignalInstance_@@@std@@V?$allocator@PBVWSignalInstance_@@@3@$0A@@std@@@std@@IAEXPAU_Node@?$_Tree_nod@V?$_Tset_traits@PBVWSignalInstance_@@U?$less@PBVWSignalInstance_@@@std@@V?$allocator@PBVWSignalInstance_@@@3@$0A@@std@@@2@@Z 004039f0 f i SimpleReport.obj
 0001:000029f0       ?_Rrotate@?$_Tree@V?$_Tset_traits@PBVWResource@@U?$less@PBVWResource@@@std@@V?$allocator@PBVWResource@@@3@$0A@@std@@@std@@IAEXPAU_Node@?$_Tree_nod@V?$_Tset_traits@PBVWResource@@U?$less@PBVWResource@@@std@@V?$allocator@PBVWResource@@@3@$0A@@std@@@2@@Z 004039f0 f i SimpleReport.obj
 0001:00002a50       ?_Inc@const_iterator@?$_Tree@V?$_Tset_traits@PBVWResource@@U?$less@PBVWResource@@@std@@V?$allocator@PBVWResource@@@3@$0A@@std@@@std@@QAEXXZ 00403a50 f i SimpleReport.obj
 0001:00002a50       ?_Inc@const_iterator@?$_Tree@V?$_Tset_traits@PBVWSignalInstance_@@U?$less@PBVWSignalInstance_@@@std@@V?$allocator@PBVWSignalInstance_@@@3@$0A@@std@@@std@@QAEXXZ 00403a50 f i SimpleReport.obj
 0001:00002ab0       ??$?6DU?$char_traits@D@std@@V?$allocator@D@1@@std@@YAAAV?$basic_ostream@DU?$char_traits@D@std@@@0@AAV10@ABV?$basic_string@DU?$char_traits@D@std@@V?$allocator@D@2@@0@@Z 00403ab0 f i SimpleReport.obj
 0001:00002cb0       ??$copy@PAUTableData@WTableRow@@PAU12@@std@@YAPAUTableData@WTableRow@@PAU12@00@Z 00403cb0 f i SimpleReport.obj
 0001:00002ce0       ??_GBaseChart@@UAEPAXI@Z   00403ce0 f i SimpleReport.obj
 0001:00002ce0       ??_EBaseChart@@UAEPAXI@Z   00403ce0 f i SimpleReport.obj
 0001:00002ce0       ??_GXYChart@@UAEPAXI@Z     00403ce0 f i SimpleReport.obj
 0001:00002ce0       ??_EXYChart@@UAEPAXI@Z     00403ce0 f i SimpleReport.obj
 0001:00002d00       ??1BaseChart@@UAE@XZ       00403d00 f i SimpleReport.obj
 0001:00002d00       ??1XYChart@@UAE@XZ         00403d00 f i SimpleReport.obj
 0001:00002d20       ?_Buynode@?$list@V?$basic_string@DU?$char_traits@D@std@@V?$allocator@D@2@@std@@V?$allocator@V?$basic_string@DU?$char_traits@D@std@@V?$allocator@D@2@@std@@@2@@std@@IAEPAU_Node@?$_List_nod@V?$basic_string@DU?$char_traits@D@std@@V?$allocator@D@2@@std@@V?$allocator@V?$basic_string@DU?$char_traits@D@std@@V?$allocator@D@2@@std@@@2@@2@XZ 00403d20 f i SimpleReport.obj
 0001:00002d40       ?_Buynode@?$list@U_OneRecord@@V?$allocator@U_OneRecord@@@std@@@std@@IAEPAU_Node@?$_List_nod@U_OneRecord@@V?$allocator@U_OneRecord@@@std@@@2@XZ 00403d40 f i SimpleReport.obj
 0001:00002d60       ?_Buy@?$vector@UTableData@WTableRow@@V?$allocator@UTableData@WTableRow@@@std@@@std@@IAE_NI@Z 00403d60 f i SimpleReport.obj
 0001:00002db0       ?_Buy@?$vector@PAVDomElement@@V?$allocator@PAVDomElement@@@std@@@std@@IAE_NI@Z 00403db0 f i SimpleReport.obj
 0001:00002db0       ?_Buy@?$vector@PAVWObject@@V?$allocator@PAVWObject@@@std@@@std@@IAE_NI@Z 00403db0 f i SimpleReport.obj
 0001:00002db0       ?_Buy@?$vector@PAVWMessageResources@@V?$allocator@PAVWMessageResources@@@std@@@std@@IAE_NI@Z 00403db0 f i SimpleReport.obj
 0001:00002db0       ?_Buy@?$vector@PAVWWidget@@V?$allocator@PAVWWidget@@@std@@@std@@IAE_NI@Z 00403db0 f i SimpleReport.obj
 0001:00002db0       ?_Buy@?$vector@PAVWTableRow@@V?$allocator@PAVWTableRow@@@std@@@std@@IAE_NI@Z 00403db0 f i SimpleReport.obj
 0001:00002e00       ?_Buynode@?$list@MV?$allocator@M@std@@@std@@IAEPAU_Node@?$_List_nod@MV?$allocator@M@std@@@2@XZ 00403e00 f i SimpleReport.obj
 0001:00002e00       ?_Buynode@?$list@VTTime@svutil@@V?$allocator@VTTime@svutil@@@std@@@std@@IAEPAU_Node@?$_List_nod@VTTime@svutil@@V?$allocator@VTTime@svutil@@@std@@@2@XZ 00403e00 f i SimpleReport.obj
 0001:00002e00       ?_Buynode@?$list@HV?$allocator@H@std@@@std@@IAEPAU_Node@?$_List_nod@HV?$allocator@H@std@@@2@XZ 00403e00 f i SimpleReport.obj
 0001:00002e20       ?_Buynode@?$list@V?$basic_string@DU?$char_traits@D@std@@V?$allocator@D@2@@std@@V?$allocator@V?$basic_string@DU?$char_traits@D@std@@V?$allocator@D@2@@std@@@2@@std@@IAEPAU_Node@?$_List_nod@V?$basic_string@DU?$char_traits@D@std@@V?$allocator@D@2@@std@@V?$allocator@V?$basic_string@DU?$char_traits@D@std@@V?$allocator@D@2@@std@@@2@@2@PAU342@0ABV?$basic_string@DU?$char_traits@D@std@@V?$allocator@D@2@@2@@Z 00403e20 f i SimpleReport.obj
 0001:00002eb0       ?_Incsize@?$list@V?$basic_string@DU?$char_traits@D@std@@V?$allocator@D@2@@std@@V?$allocator@V?$basic_string@DU?$char_traits@D@std@@V?$allocator@D@2@@std@@@2@@std@@IAEXI@Z 00403eb0 f i SimpleReport.obj
 0001:00002f50       ?_Buynode@?$list@VTTime@svutil@@V?$allocator@VTTime@svutil@@@std@@@std@@IAEPAU_Node@?$_List_nod@VTTime@svutil@@V?$allocator@VTTime@svutil@@@std@@@2@PAU342@0ABVTTime@svutil@@@Z 00403f50 f i SimpleReport.obj
 0001:00002f50       ?_Buynode@?$list@HV?$allocator@H@std@@@std@@IAEPAU_Node@?$_List_nod@HV?$allocator@H@std@@@2@PAU342@0ABH@Z 00403f50 f i SimpleReport.obj
 0001:00002f50       ?_Buynode@?$list@MV?$allocator@M@std@@@std@@IAEPAU_Node@?$_List_nod@MV?$allocator@M@std@@@2@PAU342@0ABM@Z 00403f50 f i SimpleReport.obj
 0001:00002f80       ?_Incsize@?$list@HV?$allocator@H@std@@@std@@IAEXI@Z 00403f80 f i SimpleReport.obj
 0001:00002f80       ?_Incsize@?$list@VTTime@svutil@@V?$allocator@VTTime@svutil@@@std@@@std@@IAEXI@Z 00403f80 f i SimpleReport.obj
 0001:00002f80       ?_Incsize@?$list@MV?$allocator@M@std@@@std@@IAEXI@Z 00403f80 f i SimpleReport.obj
 0001:00003020       ?_Buynode@?$_Tree@V?$_Tmap_traits@V?$basic_string@DU?$char_traits@D@std@@V?$allocator@D@2@@std@@PAVWCssRule@@U?$less@V?$basic_string@DU?$char_traits@D@std@@V?$allocator@D@2@@std@@@2@V?$allocator@U?$pair@$$CBV?$basic_string@DU?$char_traits@D@std@@V?$allocator@D@2@@std@@PAVWCssRule@@@std@@@2@$0A@@std@@@std@@IAEPAU_Node@?$_Tree_nod@V?$_Tmap_traits@V?$basic_string@DU?$char_traits@D@std@@V?$allocator@D@2@@std@@PAVWCssRule@@U?$less@V?$basic_string@DU?$char_traits@D@std@@V?$allocator@D@2@@std@@@2@V?$allocator@U?$pair@$$CBV?$basic_string@DU?$char_traits@D@std@@V?$allocator@D@2@@std@@PAVWCssRule@@@std@@@2@$0A@@std@@@2@PAU342@00ABU?$pair@$$CBV?$basic_string@DU?$char_traits@D@std@@V?$allocator@D@2@@std@@PAVWCssRule@@@2@D@Z 00404020 f i SimpleReport.obj
 0001:000030c0       ?_Erase@?$_Tree@V?$_Tset_traits@PBVWSignalInstance_@@U?$less@PBVWSignalInstance_@@@std@@V?$allocator@PBVWSignalInstance_@@@3@$0A@@std@@@std@@IAEXPAU_Node@?$_Tree_nod@V?$_Tset_traits@PBVWSignalInstance_@@U?$less@PBVWSignalInstance_@@@std@@V?$allocator@PBVWSignalInstance_@@@3@$0A@@std@@@2@@Z 004040c0 f i SimpleReport.obj
 0001:00003100       ?_Erase@?$_Tree@V?$_Tset_traits@PBVWResource@@U?$less@PBVWResource@@@std@@V?$allocator@PBVWResource@@@3@$0A@@std@@@std@@IAEXPAU_Node@?$_Tree_nod@V?$_Tset_traits@PBVWResource@@U?$less@PBVWResource@@@std@@V?$allocator@PBVWResource@@@3@$0A@@std@@@2@@Z 00404100 f i SimpleReport.obj
 0001:00003140       ?_Buynode@?$_Tree@V?$_Tset_traits@PBVWResource@@U?$less@PBVWResource@@@std@@V?$allocator@PBVWResource@@@3@$0A@@std@@@std@@IAEPAU_Node@?$_Tree_nod@V?$_Tset_traits@PBVWResource@@U?$less@PBVWResource@@@std@@V?$allocator@PBVWResource@@@3@$0A@@std@@@2@PAU342@00ABQBVWResource@@D@Z 00404140 f i SimpleReport.obj
 0001:00003140       ?_Buynode@?$_Tree@V?$_Tset_traits@PBVWSignalInstance_@@U?$less@PBVWSignalInstance_@@@std@@V?$allocator@PBVWSignalInstance_@@@3@$0A@@std@@@std@@IAEPAU_Node@?$_Tree_nod@V?$_Tset_traits@PBVWSignalInstance_@@U?$less@PBVWSignalInstance_@@@std@@V?$allocator@PBVWSignalInstance_@@@3@$0A@@std@@@2@PAU342@00ABQBVWSignalInstance_@@D@Z 00404140 f i SimpleReport.obj
 0001:00003180       ??$_Ucopy@PAPAVWConnection_@@@?$vector@PAVWConnection_@@V?$allocator@PAVWConnection_@@@std@@@std@@IAEPAPAVWConnection_@@PAPAV2@00@Z 00404180 f i SimpleReportWt.obj
 0001:00003180       ??$_Ucopy@PAPAVWMessageResources@@@?$vector@PAVWMessageResources@@V?$allocator@PAVWMessageResources@@@std@@@std@@IAEPAPAVWMessageResources@@PAPAV2@00@Z 00404180 f i SimpleReport.obj
 0001:00003180       ??$_Ucopy@PAPAVDomElement@@@?$vector@PAVDomElement@@V?$allocator@PAVDomElement@@@std@@@std@@IAEPAPAVDomElement@@PAPAV2@00@Z 00404180 f i SimpleReport.obj
 0001:00003180       ??$_Ucopy@PAPAVWScrollBar@@@?$vector@PAVWScrollBar@@V?$allocator@PAVWScrollBar@@@std@@@std@@IAEPAPAVWScrollBar@@PAPAV2@00@Z 00404180 f i libwt:WScrollArea.obj
 0001:00003180       ??$_Ucopy@PAPAVWObject@@@?$vector@PAVWObject@@V?$allocator@PAVWObject@@@std@@@std@@IAEPAPAVWObject@@PAPAV2@00@Z 00404180 f i SimpleReport.obj
 0001:00003180       ??$_Ucopy@PAPAVWWidget@@@?$vector@PAVWWidget@@V?$allocator@PAVWWidget@@@std@@@std@@IAEPAPAVWWidget@@PAPAV2@00@Z 00404180 f i SimpleReport.obj
 0001:00003180       ??$_Ucopy@PAPAVWTableRow@@@?$vector@PAVWTableRow@@V?$allocator@PAVWTableRow@@@std@@@std@@IAEPAPAVWTableRow@@PAPAV2@00@Z 00404180 f i SimpleReport.obj
 0001:000031b0       ??$_Uninit_copy@PAUTableData@WTableRow@@PAU12@V?$allocator@UTableData@WTableRow@@@std@@@std@@YAPAUTableData@WTableRow@@PAU12@00AAV?$allocator@UTableData@WTableRow@@@0@U_Nonscalar_ptr_iterator_tag@0@@Z 004041b0 f i SimpleReport.obj
 0001:000031e0       ?_Copy@?$_Tree@V?$_Tset_traits@PBVWSignalInstance_@@U?$less@PBVWSignalInstance_@@@std@@V?$allocator@PBVWSignalInstance_@@@3@$0A@@std@@@std@@IAEPAU_Node@?$_Tree_nod@V?$_Tset_traits@PBVWSignalInstance_@@U?$less@PBVWSignalInstance_@@@std@@V?$allocator@PBVWSignalInstance_@@@3@$0A@@std@@@2@PAU342@0@Z 004041e0 f i SimpleReport.obj
 0001:00003290       ?_Copy@?$_Tree@V?$_Tset_traits@PBVWResource@@U?$less@PBVWResource@@@std@@V?$allocator@PBVWResource@@@3@$0A@@std@@@std@@IAEPAU_Node@?$_Tree_nod@V?$_Tset_traits@PBVWResource@@U?$less@PBVWResource@@@std@@V?$allocator@PBVWResource@@@3@$0A@@std@@@2@PAU342@0@Z 00404290 f i SimpleReport.obj
 0001:00003340       ?erase@?$list@V?$basic_string@DU?$char_traits@D@std@@V?$allocator@D@2@@std@@V?$allocator@V?$basic_string@DU?$char_traits@D@std@@V?$allocator@D@2@@std@@@2@@std@@QAE?AViterator@12@V312@@Z 00404340 f i SimpleReport.obj
 0001:00003390       ??1WTableCell@@UAE@XZ      00404390 f i SimpleReport.obj
 0001:00003390       ??1WContainerWidget@@UAE@XZ 00404390 f i SimpleReport.obj
 0001:000033d0       ??1WebSession@@QAE@XZ      004043d0 f i SimpleReport.obj
 0001:000034d0       ?clear@?$list@V?$basic_string@DU?$char_traits@D@std@@V?$allocator@D@2@@std@@V?$allocator@V?$basic_string@DU?$char_traits@D@std@@V?$allocator@D@2@@std@@@2@@std@@QAEXXZ 004044d0 f i SimpleReport.obj
 0001:00003510       ??4?$vector@PAVWTableRow@@V?$allocator@PAVWTableRow@@@std@@@std@@QAEAAV01@ABV01@@Z 00404510 f i SimpleReport.obj
 0001:00003510       ??4?$vector@PAVWWidget@@V?$allocator@PAVWWidget@@@std@@@std@@QAEAAV01@ABV01@@Z 00404510 f i SimpleReport.obj
 0001:00003510       ??4?$vector@PAVWMessageResources@@V?$allocator@PAVWMessageResources@@@std@@@std@@QAEAAV01@ABV01@@Z 00404510 f i SimpleReport.obj
 0001:00003510       ??4?$vector@PAVWObject@@V?$allocator@PAVWObject@@@std@@@std@@QAEAAV01@ABV01@@Z 00404510 f i SimpleReport.obj
 0001:00003510       ??4?$vector@PAVDomElement@@V?$allocator@PAVDomElement@@@std@@@std@@QAEAAV01@ABV01@@Z 00404510 f i SimpleReport.obj
 0001:00003660       ?_Tidy@?$list@V?$basic_string@DU?$char_traits@D@std@@V?$allocator@D@2@@std@@V?$allocator@V?$basic_string@DU?$char_traits@D@std@@V?$allocator@D@2@@std@@@2@@std@@IAEXXZ 00404660 f i SimpleReport.obj
 0001:00003660       ??1?$list@V?$basic_string@DU?$char_traits@D@std@@V?$allocator@D@2@@std@@V?$allocator@V?$basic_string@DU?$char_traits@D@std@@V?$allocator@D@2@@std@@@2@@std@@QAE@XZ 00404660 f i SimpleReport.obj
 0001:00003680       ?_Copy@?$_Tree@V?$_Tset_traits@PBVWSignalInstance_@@U?$less@PBVWSignalInstance_@@@std@@V?$allocator@PBVWSignalInstance_@@@3@$0A@@std@@@std@@IAEXABV12@@Z 00404680 f i SimpleReport.obj
 0001:00003710       ?_Copy@?$_Tree@V?$_Tset_traits@PBVWResource@@U?$less@PBVWResource@@@std@@V?$allocator@PBVWResource@@@3@$0A@@std@@@std@@IAEXABV12@@Z 00404710 f i SimpleReport.obj
 0001:000037a0       ?erase@?$_Tree@V?$_Tmap_traits@V?$basic_string@DU?$char_traits@D@std@@V?$allocator@D@2@@std@@PAVWCssRule@@U?$less@V?$basic_string@DU?$char_traits@D@std@@V?$allocator@D@2@@std@@@2@V?$allocator@U?$pair@$$CBV?$basic_string@DU?$char_traits@D@std@@V?$allocator@D@2@@std@@PAVWCssRule@@@std@@@2@$0A@@std@@@std@@QAE?AViterator@12@V312@@Z 004047a0 f i SimpleReport.obj
 0001:00003a80       ??0out_of_range@std@@QAE@ABV01@@Z 00404a80 f i SimpleReport.obj
 0001:00003aa0       ?erase@?$_Tree@V?$_Tset_traits@PBVWResource@@U?$less@PBVWResource@@@std@@V?$allocator@PBVWResource@@@3@$0A@@std@@@std@@QAE?AViterator@12@V312@@Z 00404aa0 f i SimpleReport.obj
 0001:00003aa0       ?erase@?$_Tree@V?$_Tset_traits@PBVWSignalInstance_@@U?$less@PBVWSignalInstance_@@@std@@V?$allocator@PBVWSignalInstance_@@@3@$0A@@std@@@std@@QAE?AViterator@12@V312@@Z 00404aa0 f i SimpleReport.obj
 0001:00003d70       ?clear@?$list@HV?$allocator@H@std@@@std@@QAEXXZ 00404d70 f i SimpleReport.obj
 0001:00003d70       ?clear@?$list@VTTime@svutil@@V?$allocator@VTTime@svutil@@@std@@@std@@QAEXXZ 00404d70 f i SimpleReport.obj
 0001:00003d70       ?clear@?$list@MV?$allocator@M@std@@@std@@QAEXXZ 00404d70 f i SimpleReport.obj
 0001:00003db0       ?_Erase@?$_Tree@V?$_Tmap_traits@V?$basic_string@DU?$char_traits@D@std@@V?$allocator@D@2@@std@@PAVWCssRule@@U?$less@V?$basic_string@DU?$char_traits@D@std@@V?$allocator@D@2@@std@@@2@V?$allocator@U?$pair@$$CBV?$basic_string@DU?$char_traits@D@std@@V?$allocator@D@2@@std@@PAVWCssRule@@@std@@@2@$0A@@std@@@std@@IAEXPAU_Node@?$_Tree_nod@V?$_Tmap_traits@V?$basic_string@DU?$char_traits@D@std@@V?$allocator@D@2@@std@@PAVWCssRule@@U?$less@V?$basic_string@DU?$char_traits@D@std@@V?$allocator@D@2@@std@@@2@V?$allocator@U?$pair@$$CBV?$basic_string@DU?$char_traits@D@std@@V?$allocator@D@2@@std@@PAVWCssRule@@@std@@@2@$0A@@std@@@2@@Z 00404db0 f i SimpleReport.obj
 0001:00003df0       ??$_Ucopy@PAUTableData@WTableRow@@@?$vector@UTableData@WTableRow@@V?$allocator@UTableData@WTableRow@@@std@@@std@@IAEPAUTableData@WTableRow@@PAU23@00@Z 00404df0 f i SimpleReport.obj
 0001:00003e10       ??$_Insert@Vconst_iterator@?$list@V?$basic_string@DU?$char_traits@D@std@@V?$allocator@D@2@@std@@V?$allocator@V?$basic_string@DU?$char_traits@D@std@@V?$allocator@D@2@@std@@@2@@std@@@?$list@V?$basic_string@DU?$char_traits@D@std@@V?$allocator@D@2@@std@@V?$allocator@V?$basic_string@DU?$char_traits@D@std@@V?$allocator@D@2@@std@@@2@@std@@QAEXViterator@01@Vconst_iterator@01@1Uforward_iterator_tag@1@@Z 00404e10 f i SimpleReport.obj
 0001:00003ec0       ??4WWebWidget@@QAEAAV0@ABV0@@Z 00404ec0 f i SimpleReport.obj
 0001:00004200       ??4WInteractWidget@@QAEAAV0@ABV0@@Z 00405200 f i SimpleReport.obj
 0001:00004240       ??4WContainerWidget@@QAEAAV0@ABV0@@Z 00405240 f i SimpleReport.obj
 0001:00004320       ??4WText@@QAEAAV0@ABV0@@Z  00405320 f i SimpleReport.obj
 0001:00004380       ??4WTable@@QAEAAV0@ABV0@@Z 00405380 f i SimpleReport.obj
 0001:000044e0       ??4WImage@@QAEAAV0@ABV0@@Z 004054e0 f i SimpleReport.obj
 0001:00004540       ??4WTableCell@@QAEAAV0@ABV0@@Z 00405540 f i SimpleReport.obj
 0001:000045a0       ??4WFormWidget@@QAEAAV0@ABV0@@Z 004055a0 f i SimpleReport.obj
 0001:000045f0       ??4WPushButton@@QAEAAV0@ABV0@@Z 004055f0 f i SimpleReport.obj
 0001:00004680       ??4WMessageResourceBundle@@QAEAAV0@ABV0@@Z 00405680 f i SimpleReport.obj
 0001:000046a0       ??4WebSession@@QAEAAV0@ABV0@@Z 004056a0 f i SimpleReport.obj
 0001:00004880       ??4WAbstractToggleButton@@QAEAAV0@ABV0@@Z 00405880 f i SimpleReport.obj
 0001:000048f0       ??4WCheckBox@@QAEAAV0@ABV0@@Z 004058f0 f i SimpleReport.obj
 0001:00004970       ??4WLineEdit@@QAEAAV0@ABV0@@Z 00405970 f i SimpleReport.obj
 0001:00004a10       ??4WScrollArea@@QAEAAV0@ABV0@@Z 00405a10 f i SimpleReport.obj
 0001:00004a80       ??0?$vector@PAVWObject@@V?$allocator@PAVWObject@@@std@@@std@@QAE@ABV01@@Z 00405a80 f i SimpleReport.obj
 0001:00004a80       ??0?$vector@PAVWMessageResources@@V?$allocator@PAVWMessageResources@@@std@@@std@@QAE@ABV01@@Z 00405a80 f i SimpleReport.obj
 0001:00004b40       ?erase@?$_Tree@V?$_Tset_traits@PBVWSignalInstance_@@U?$less@PBVWSignalInstance_@@@std@@V?$allocator@PBVWSignalInstance_@@@3@$0A@@std@@@std@@QAE?AViterator@12@V312@0@Z 00405b40 f i SimpleReport.obj
 0001:00004c00       ?erase@?$_Tree@V?$_Tset_traits@PBVWResource@@U?$less@PBVWResource@@@std@@V?$allocator@PBVWResource@@@3@$0A@@std@@@std@@QAE?AViterator@12@V312@0@Z 00405c00 f i SimpleReport.obj
 0001:00004cc0       ?clear@?$list@U_OneRecord@@V?$allocator@U_OneRecord@@@std@@@std@@QAEXXZ 00405cc0 f i SimpleReport.obj
 0001:00004d00       ?_Copy@?$_Tree@V?$_Tmap_traits@V?$basic_string@DU?$char_traits@D@std@@V?$allocator@D@2@@std@@PAVWCssRule@@U?$less@V?$basic_string@DU?$char_traits@D@std@@V?$allocator@D@2@@std@@@2@V?$allocator@U?$pair@$$CBV?$basic_string@DU?$char_traits@D@std@@V?$allocator@D@2@@std@@PAVWCssRule@@@std@@@2@$0A@@std@@@std@@IAEPAU_Node@?$_Tree_nod@V?$_Tmap_traits@V?$basic_string@DU?$char_traits@D@std@@V?$allocator@D@2@@std@@PAVWCssRule@@U?$less@V?$basic_string@DU?$char_traits@D@std@@V?$allocator@D@2@@std@@@2@V?$allocator@U?$pair@$$CBV?$basic_string@DU?$char_traits@D@std@@V?$allocator@D@2@@std@@PAVWCssRule@@@std@@@2@$0A@@std@@@2@PAU342@0@Z 00405d00 f i SimpleReport.obj
 0001:00004db0       ??1WTableRow@@UAE@XZ       00405db0 f i SimpleReport.obj
 0001:00004e50       ??0WMessageResourceBundle@@QAE@ABV0@@Z 00405e50 f i SimpleReport.obj
 0001:00004e70       ??0WebSession@@QAE@ABV0@@Z 00405e70 f i SimpleReport.obj
 0001:000050b0       ?AddColum@CSimpleReport@@QAEXV?$list@V?$basic_string@DU?$char_traits@D@std@@V?$allocator@D@2@@std@@V?$allocator@V?$basic_string@DU?$char_traits@D@std@@V?$allocator@D@2@@std@@@2@@std@@PAVWTable@@@Z 004060b0 f   SimpleReport.obj
 0001:00005b60       ??0?$list@V?$basic_string@DU?$char_traits@D@std@@V?$allocator@D@2@@std@@V?$allocator@V?$basic_string@DU?$char_traits@D@std@@V?$allocator@D@2@@std@@@2@@std@@QAE@ABV01@@Z 00406b60 f i SimpleReport.obj
 0001:00005be0       ??4?$vector@UTableData@WTableRow@@V?$allocator@UTableData@WTableRow@@@std@@@std@@QAEAAV01@ABV01@@Z 00406be0 f i SimpleReport.obj
 0001:00005d30       ??1?$list@MV?$allocator@M@std@@@std@@QAE@XZ 00406d30 f i SimpleReport.obj
 0001:00005d30       ??1?$list@HV?$allocator@H@std@@@std@@QAE@XZ 00406d30 f i SimpleReport.obj
 0001:00005d30       ??1?$list@VTTime@svutil@@V?$allocator@VTTime@svutil@@@std@@@std@@QAE@XZ 00406d30 f i SimpleReport.obj
 0001:00005d50       ?erase@?$_Tree@V?$_Tmap_traits@V?$basic_string@DU?$char_traits@D@std@@V?$allocator@D@2@@std@@PAVWCssRule@@U?$less@V?$basic_string@DU?$char_traits@D@std@@V?$allocator@D@2@@std@@@2@V?$allocator@U?$pair@$$CBV?$basic_string@DU?$char_traits@D@std@@V?$allocator@D@2@@std@@PAVWCssRule@@@std@@@2@$0A@@std@@@std@@QAE?AViterator@12@V312@0@Z 00406d50 f i SimpleReport.obj
 0001:00005e10       ?_Copy@?$_Tree@V?$_Tmap_traits@V?$basic_string@DU?$char_traits@D@std@@V?$allocator@D@2@@std@@PAVWCssRule@@U?$less@V?$basic_string@DU?$char_traits@D@std@@V?$allocator@D@2@@std@@@2@V?$allocator@U?$pair@$$CBV?$basic_string@DU?$char_traits@D@std@@V?$allocator@D@2@@std@@PAVWCssRule@@@std@@@2@$0A@@std@@@std@@IAEXABV12@@Z 00406e10 f i SimpleReport.obj
 0001:00005ea0       ??4WTableRow@@QAEAAV0@ABV0@@Z 00406ea0 f i SimpleReport.obj
 0001:00005ef0       ?DataUpdate@CSimpleReport@@QAEXXZ 00406ef0 f   SimpleReport.obj
 0001:00009780       ??1?$list@U_OneRecord@@V?$allocator@U_OneRecord@@@std@@@std@@QAE@XZ 0040a780 f i SimpleReport.obj
 0001:000097a0       ??1CSimpleReport@@UAE@XZ   0040a7a0 f   SimpleReport.obj
 0001:00009a10       ?ShowMainTable@CSimpleReport@@QAEXXZ 0040aa10 f   SimpleReport.obj
 0001:0000bf70       ?refresh@CSimpleReport@@UAEXXZ 0040cf70 f   SimpleReport.obj
 0001:0000c190       ??0CSimpleReport@@QAE@PAVWContainerWidget@@@Z 0040d190 f   SimpleReport.obj
 0001:0000cd60       ??_GCSimpleReport@@UAEPAXI@Z 0040dd60 f i SimpleReport.obj
 0001:0000cd60       ??_ECSimpleReport@@UAEPAXI@Z 0040dd60 f i SimpleReport.obj
 0001:0000cd80       ?usermain@@YAXHQAPAD@Z     0040dd80 f   SimpleReport.obj
 0001:0000cf30       _main                      0040df30 f   SimpleReport.obj
 0001:0000d0d0       ??4WApplication@@QAEAAV0@ABV0@@Z 0040e0d0 f i SimpleReport.obj
 0001:0000d220       ?good@WSlot_@@QAE_NXZ      0040e220 f i SimpleReportWt.obj
 0001:0000d220       ?good@WSignal_@@QBE_NXZ    0040e220 f i SimpleReportWt.obj
 0001:0000d230       ?canStatic@WSlot_@@QBE_NXZ 0040e230 f i SimpleReportWt.obj
 0001:0000d230       ?exposable@WSignal_@@QBE_NXZ 0040e230 f i SimpleReportWt.obj
 0001:0000d240       ??1WMessage@@QAE@XZ        0040e240 f i SimpleReport.obj
 0001:0000d240       ??1?$pair@V?$basic_string@DU?$char_traits@D@std@@V?$allocator@D@2@@std@@PAVDomElement@@@std@@QAE@XZ 0040e240 f i libwt:WWebWidget.obj
 0001:0000d240       ??1?$pair@$$CBV?$basic_string@DU?$char_traits@D@std@@V?$allocator@D@2@@std@@PAVWSlotInstance_@@@std@@QAE@XZ 0040e240 f i libwt:WWebWidget.obj
 0001:0000d240       ??1?$pair@$$CBV?$basic_string@DU?$char_traits@D@std@@V?$allocator@D@2@@std@@PAVWSignalInstance_@@@std@@QAE@XZ 0040e240 f i SimpleReportWt.obj
 0001:0000d240       ??1WSignal_@@QAE@XZ        0040e240 f i SimpleReportWt.obj
 0001:0000d240       ??1JSVar@@QAE@XZ           0040e240 f i libwt:WebSession.obj
 0001:0000d240       ??1WSlot_@@QAE@XZ          0040e240 f i SimpleReportWt.obj
 0001:0000d250       ??4WSignal_@@QAEAAV0@ABV0@@Z 0040e250 f i SimpleReportWt.obj
 0001:0000d250       ??4WSlot_@@QAEAAV0@ABV0@@Z 0040e250 f i SimpleReportWt.obj
 0001:0000d270       ?staticCodeChanged@WSignalInstance_@@QBE_NXZ 0040e270 f i SimpleReportWt.obj
 0001:0000d280       ?connectivityChanged@WSignalInstance_@@QBE_NXZ 0040e280 f i SimpleReportWt.obj
 0001:0000d290       ??0WSlot_@@QAE@ABV0@@Z     0040e290 f i SimpleReportWt.obj
 0001:0000d290       ??0WSignal_@@QAE@ABV0@@Z   0040e290 f i SimpleReportWt.obj
 0001:0000d2b0       ?staticCodeCollected@WSlotInstance_@@QBE_NXZ 0040e2b0 f i SimpleReportWt.obj
 0001:0000d2c0       ?buildSlotMap@CSimpleReport@@MAEXAAV?$map@V?$basic_string@DU?$char_traits@D@std@@V?$allocator@D@2@@std@@PAVWSlotInstance_@@U?$less@V?$basic_string@DU?$char_traits@D@std@@V?$allocator@D@2@@std@@@2@V?$allocator@U?$pair@$$CBV?$basic_string@DU?$char_traits@D@std@@V?$allocator@D@2@@std@@PAVWSlotInstance_@@@std@@@2@@std@@@Z 0040e2c0 f   SimpleReportWt.obj
 0001:0000d3b0       ?triggerSlot@CSimpleReport@@MAE_NPAVWObject@@PBVWSlot_@@PAPAX@Z 0040e3b0 f   SimpleReportWt.obj
 0001:0000d3f0       ??R?$less@V?$basic_string@DU?$char_traits@D@std@@V?$allocator@D@2@@std@@@std@@QBE_NABV?$basic_string@DU?$char_traits@D@std@@V?$allocator@D@2@@1@0@Z 0040e3f0 f i SimpleReportWt.obj
 0001:0000d410       ?_Xlen@?$vector@PAVWConnection_@@V?$allocator@PAVWConnection_@@@std@@@std@@IBEXXZ 0040e410 f i SimpleReportWt.obj
 0001:0000d490       ?isConnected@WSignalInstance_@@ABE_NXZ 0040e490 f i SimpleReportWt.obj
 0001:0000d4c0       ?_Buy@?$vector@PAVWConnection_@@V?$allocator@PAVWConnection_@@@std@@@std@@IAE_NI@Z 0040e4c0 f i SimpleReportWt.obj
 0001:0000d510       ?_Buynode@?$_Tree@V?$_Tmap_traits@V?$basic_string@DU?$char_traits@D@std@@V?$allocator@D@2@@std@@PAVWSignalInstance_@@U?$less@V?$basic_string@DU?$char_traits@D@std@@V?$allocator@D@2@@std@@@2@V?$allocator@U?$pair@$$CBV?$basic_string@DU?$char_traits@D@std@@V?$allocator@D@2@@std@@PAVWSignalInstance_@@@std@@@2@$0A@@std@@@std@@IAEPAU_Node@?$_Tree_nod@V?$_Tmap_traits@V?$basic_string@DU?$char_traits@D@std@@V?$allocator@D@2@@std@@PAVWSignalInstance_@@U?$less@V?$basic_string@DU?$char_traits@D@std@@V?$allocator@D@2@@std@@@2@V?$allocator@U?$pair@$$CBV?$basic_string@DU?$char_traits@D@std@@V?$allocator@D@2@@std@@PAVWSignalInstance_@@@std@@@2@$0A@@std@@@2@PAU342@00ABU?$pair@$$CBV?$basic_string@DU?$char_traits@D@std@@V?$allocator@D@2@@std@@PAVWSignalInstance_@@@2@D@Z 0040e510 f i SimpleReportWt.obj
 0001:0000d5b0       ??$_Uninit_copy@Vconst_iterator@?$vector@PAVWObject@@V?$allocator@PAVWObject@@@std@@@std@@PAPAVWObject@@V?$allocator@PAVWObject@@@3@@std@@YAPAPAVWObject@@Vconst_iterator@?$vector@PAVWObject@@V?$allocator@PAVWObject@@@std@@@0@0PAPAV1@AAV?$allocator@PAVWObject@@@0@U_Nonscalar_ptr_iterator_tag@0@@Z 0040e5b0 f i SimpleReport.obj
 0001:0000d5b0       ??$_Uninit_copy@Vconst_iterator@?$vector@PAVWConnection_@@V?$allocator@PAVWConnection_@@@std@@@std@@PAPAVWConnection_@@V?$allocator@PAVWConnection_@@@3@@std@@YAPAPAVWConnection_@@Vconst_iterator@?$vector@PAVWConnection_@@V?$allocator@PAVWConnection_@@@std@@@0@0PAPAV1@AAV?$allocator@PAVWConnection_@@@0@U_Nonscalar_ptr_iterator_tag@0@@Z 0040e5b0 f i SimpleReportWt.obj
 0001:0000d5b0       ??$_Uninit_copy@Vconst_iterator@?$vector@PAVWMessageResources@@V?$allocator@PAVWMessageResources@@@std@@@std@@PAPAVWMessageResources@@V?$allocator@PAVWMessageResources@@@3@@std@@YAPAPAVWMessageResources@@Vconst_iterator@?$vector@PAVWMessageResources@@V?$allocator@PAVWMessageResources@@@std@@@0@0PAPAV1@AAV?$allocator@PAVWMessageResources@@@0@U_Nonscalar_ptr_iterator_tag@0@@Z 0040e5b0 f i SimpleReport.obj
 0001:0000d5e0       ?_Insert@?$_Tree@V?$_Tmap_traits@V?$basic_string@DU?$char_traits@D@std@@V?$allocator@D@2@@std@@PAVWSignalInstance_@@U?$less@V?$basic_string@DU?$char_traits@D@std@@V?$allocator@D@2@@std@@@2@V?$allocator@U?$pair@$$CBV?$basic_string@DU?$char_traits@D@std@@V?$allocator@D@2@@std@@PAVWSignalInstance_@@@std@@@2@$0A@@std@@@std@@IAE?AViterator@12@_NPAU_Node@?$_Tree_nod@V?$_Tmap_traits@V?$basic_string@DU?$char_traits@D@std@@V?$allocator@D@2@@std@@PAVWSignalInstance_@@U?$less@V?$basic_string@DU?$char_traits@D@std@@V?$allocator@D@2@@std@@@2@V?$allocator@U?$pair@$$CBV?$basic_string@DU?$char_traits@D@std@@V?$allocator@D@2@@std@@PAVWSignalInstance_@@@std@@@2@$0A@@std@@@2@ABU?$pair@$$CBV?$basic_string@DU?$char_traits@D@std@@V?$allocator@D@2@@std@@PAVWSignalInstance_@@@2@@Z 0040e5e0 f i SimpleReportWt.obj
 0001:0000d7a0       ??4?$vector@PAVWConnection_@@V?$allocator@PAVWConnection_@@@std@@@std@@QAEAAV01@ABV01@@Z 0040e7a0 f i SimpleReportWt.obj
 0001:0000d8f0       ?insert@?$_Tree@V?$_Tmap_traits@V?$basic_string@DU?$char_traits@D@std@@V?$allocator@D@2@@std@@PAVWSignalInstance_@@U?$less@V?$basic_string@DU?$char_traits@D@std@@V?$allocator@D@2@@std@@@2@V?$allocator@U?$pair@$$CBV?$basic_string@DU?$char_traits@D@std@@V?$allocator@D@2@@std@@PAVWSignalInstance_@@@std@@@2@$0A@@std@@@std@@QAE?AU?$pair@Viterator@?$_Tree@V?$_Tmap_traits@V?$basic_string@DU?$char_traits@D@std@@V?$allocator@D@2@@std@@PAVWSignalInstance_@@U?$less@V?$basic_string@DU?$char_traits@D@std@@V?$allocator@D@2@@std@@@2@V?$allocator@U?$pair@$$CBV?$basic_string@DU?$char_traits@D@std@@V?$allocator@D@2@@std@@PAVWSignalInstance_@@@std@@@2@$0A@@std@@@std@@_N@2@ABU?$pair@$$CBV?$basic_string@DU?$char_traits@D@std@@V?$allocator@D@2@@std@@PAVWSignalInstance_@@@2@@Z 0040e8f0 f i SimpleReportWt.obj
 0001:0000d9d0       ??4WSignalInstance_@@QAEAAV0@ABV0@@Z 0040e9d0 f i SimpleReportWt.obj
 0001:0000da20       ??4WSlotInstance_@@QAEAAV0@ABV0@@Z 0040ea20 f i SimpleReportWt.obj
 0001:0000da60       ??0?$vector@PAVWConnection_@@V?$allocator@PAVWConnection_@@@std@@@std@@QAE@ABV01@@Z 0040ea60 f i SimpleReportWt.obj
 0001:0000db20       ?insert@?$_Tree@V?$_Tmap_traits@V?$basic_string@DU?$char_traits@D@std@@V?$allocator@D@2@@std@@PAVWSignalInstance_@@U?$less@V?$basic_string@DU?$char_traits@D@std@@V?$allocator@D@2@@std@@@2@V?$allocator@U?$pair@$$CBV?$basic_string@DU?$char_traits@D@std@@V?$allocator@D@2@@std@@PAVWSignalInstance_@@@std@@@2@$0A@@std@@@std@@QAE?AViterator@12@V312@ABU?$pair@$$CBV?$basic_string@DU?$char_traits@D@std@@V?$allocator@D@2@@std@@PAVWSignalInstance_@@@2@@Z 0040eb20 f i SimpleReportWt.obj
 0001:0000dce0       ??0WSignalInstance_@@QAE@ABV0@@Z 0040ece0 f i SimpleReportWt.obj
 0001:0000dd60       ??0WSlotInstance_@@QAE@ABV0@@Z 0040ed60 f i SimpleReportWt.obj
 0001:0000ddd0       ??A?$map@V?$basic_string@DU?$char_traits@D@std@@V?$allocator@D@2@@std@@PAVWSignalInstance_@@U?$less@V?$basic_string@DU?$char_traits@D@std@@V?$allocator@D@2@@std@@@2@V?$allocator@U?$pair@$$CBV?$basic_string@DU?$char_traits@D@std@@V?$allocator@D@2@@std@@PAVWSignalInstance_@@@std@@@2@@std@@QAEAAPAVWSignalInstance_@@ABV?$basic_string@DU?$char_traits@D@std@@V?$allocator@D@2@@1@@Z 0040edd0 f i SimpleReportWt.obj
 0001:0000de70       ?buildSignalMap@CSimpleReport@@MAEXAAV?$map@V?$basic_string@DU?$char_traits@D@std@@V?$allocator@D@2@@std@@PAVWSignalInstance_@@U?$less@V?$basic_string@DU?$char_traits@D@std@@V?$allocator@D@2@@std@@@2@V?$allocator@U?$pair@$$CBV?$basic_string@DU?$char_traits@D@std@@V?$allocator@D@2@@std@@PAVWSignalInstance_@@@std@@@2@@std@@@Z 0040ee70 f   SimpleReportWt.obj
 0001:0000df30       ?GetContentTable@WSVFlexTable@@QAEPAVWTable@@XZ 0040ef30 f   WSVFlexTable.obj
 0001:0000e290       ?ShowBottom@WSVFlexTable@@AAEXXZ 0040f290 f   WSVFlexTable.obj
 0001:0000e3d0       ?ShowHide@WSVFlexTable@@AAEXXZ 0040f3d0 f   WSVFlexTable.obj
 0001:0000e450       ?refresh@WSVFlexTable@@UAEXXZ 0040f450 f   WSVFlexTable.obj
 0001:0000e4a0       ?GeDataTable@WSVFlexTable@@QAEPAVWTable@@XZ 0040f4a0 f   WSVFlexTable.obj
 0001:0000e4b0       ?size@?$vector@V?$basic_string@DU?$char_traits@D@std@@V?$allocator@D@2@@std@@V?$allocator@V?$basic_string@DU?$char_traits@D@std@@V?$allocator@D@2@@std@@@2@@std@@QBEIXZ 0040f4b0 f i WSVFlexTable.obj
 0001:0000e4e0       ?_Xlen@?$vector@V?$basic_string@DU?$char_traits@D@std@@V?$allocator@D@2@@std@@V?$allocator@V?$basic_string@DU?$char_traits@D@std@@V?$allocator@D@2@@std@@@2@@std@@IBEXXZ 0040f4e0 f i WSVFlexTable.obj
 0001:0000e4e0       ?_Xlen@?$vector@VWLength@@V?$allocator@VWLength@@@std@@@std@@IBEXXZ 0040f4e0 f i WSVFlexTable.obj
 0001:0000e560       ??$fill@PAVWLength@@V1@@std@@YAXPAVWLength@@0ABV1@@Z 0040f560 f i WSVFlexTable.obj
 0001:0000e5a0       ??$fill@PAV?$basic_string@DU?$char_traits@D@std@@V?$allocator@D@2@@std@@V12@@std@@YAXPAV?$basic_string@DU?$char_traits@D@std@@V?$allocator@D@2@@0@0ABV10@@Z 0040f5a0 f i WSVFlexTable.obj
 0001:0000e5d0       ??$_Copy_backward_opt@PAVWLength@@PAV1@@std@@YAPAVWLength@@PAV1@00U_Nonscalar_ptr_iterator_tag@0@@Z 0040f5d0 f i WSVFlexTable.obj
 0001:0000e610       ??$_Copy_backward_opt@PAV?$basic_string@DU?$char_traits@D@std@@V?$allocator@D@2@@std@@PAV12@@std@@YAPAV?$basic_string@DU?$char_traits@D@std@@V?$allocator@D@2@@0@PAV10@00U_Nonscalar_ptr_iterator_tag@0@@Z 0040f610 f i WSVFlexTable.obj
 0001:0000e650       ??$_Uninit_copy@PAVWLength@@PAV1@V?$allocator@VWLength@@@std@@@std@@YAPAVWLength@@PAV1@00AAV?$allocator@VWLength@@@0@U_Nonscalar_ptr_iterator_tag@0@@Z 0040f650 f i WSVFlexTable.obj
 0001:0000e690       ??$_Uninit_fill_n@PAVWLength@@IV1@V?$allocator@VWLength@@@std@@@std@@YAXPAVWLength@@IABV1@AAV?$allocator@VWLength@@@0@U_Nonscalar_ptr_iterator_tag@0@@Z 0040f690 f i WSVFlexTable.obj
 0001:0000e6d0       ??$_Uninit_copy@PAV?$basic_string@DU?$char_traits@D@std@@V?$allocator@D@2@@std@@PAV12@V?$allocator@V?$basic_string@DU?$char_traits@D@std@@V?$allocator@D@2@@std@@@2@@std@@YAPAV?$basic_string@DU?$char_traits@D@std@@V?$allocator@D@2@@0@PAV10@00AAV?$allocator@V?$basic_string@DU?$char_traits@D@std@@V?$allocator@D@2@@std@@@0@U_Nonscalar_ptr_iterator_tag@0@@Z 0040f6d0 f i WSVFlexTable.obj
 0001:0000e760       ??$_Uninit_fill_n@PAV?$basic_string@DU?$char_traits@D@std@@V?$allocator@D@2@@std@@IV12@V?$allocator@V?$basic_string@DU?$char_traits@D@std@@V?$allocator@D@2@@std@@@2@@std@@YAXPAV?$basic_string@DU?$char_traits@D@std@@V?$allocator@D@2@@0@IABV10@AAV?$allocator@V?$basic_string@DU?$char_traits@D@std@@V?$allocator@D@2@@std@@@0@U_Nonscalar_ptr_iterator_tag@0@@Z 0040f760 f i WSVFlexTable.obj
 0001:0000e7f0       ?InitRow@WSVFlexTable@@QAEXH@Z 0040f7f0 f   WSVFlexTable.obj
 0001:0000eb00       ?_Ufill@?$vector@VWLength@@V?$allocator@VWLength@@@std@@@std@@IAEPAVWLength@@PAV3@IABV3@@Z 0040fb00 f i WSVFlexTable.obj
 0001:0000eb30       ?_Insert_n@?$vector@VWLength@@V?$allocator@VWLength@@@std@@@std@@IAEXViterator@12@IABVWLength@@@Z 0040fb30 f i WSVFlexTable.obj
 0001:0000eda0       ?_Ufill@?$vector@V?$basic_string@DU?$char_traits@D@std@@V?$allocator@D@2@@std@@V?$allocator@V?$basic_string@DU?$char_traits@D@std@@V?$allocator@D@2@@std@@@2@@std@@IAEPAV?$basic_string@DU?$char_traits@D@std@@V?$allocator@D@2@@2@PAV32@IABV32@@Z 0040fda0 f i WSVFlexTable.obj
 0001:0000edd0       ?_Destroy@?$vector@V?$basic_string@DU?$char_traits@D@std@@V?$allocator@D@2@@std@@V?$allocator@V?$basic_string@DU?$char_traits@D@std@@V?$allocator@D@2@@std@@@2@@std@@IAEXPAV?$basic_string@DU?$char_traits@D@std@@V?$allocator@D@2@@2@0@Z 0040fdd0 f i WSVFlexTable.obj
 0001:0000ee00       ?_Insert_n@?$vector@V?$basic_string@DU?$char_traits@D@std@@V?$allocator@D@2@@std@@V?$allocator@V?$basic_string@DU?$char_traits@D@std@@V?$allocator@D@2@@std@@@2@@std@@IAEXViterator@12@IABV?$basic_string@DU?$char_traits@D@std@@V?$allocator@D@2@@2@@Z 0040fe00 f i WSVFlexTable.obj
 0001:0000f130       ?push_back@?$vector@VWLength@@V?$allocator@VWLength@@@std@@@std@@QAEXABVWLength@@@Z 00410130 f i WSVFlexTable.obj
 0001:0000f1a0       ?insert@?$vector@V?$basic_string@DU?$char_traits@D@std@@V?$allocator@D@2@@std@@V?$allocator@V?$basic_string@DU?$char_traits@D@std@@V?$allocator@D@2@@std@@@2@@std@@QAE?AViterator@12@V312@ABV?$basic_string@DU?$char_traits@D@std@@V?$allocator@D@2@@2@@Z 004101a0 f i WSVFlexTable.obj
 0001:0000f210       ?_Tidy@?$vector@V?$basic_string@DU?$char_traits@D@std@@V?$allocator@D@2@@std@@V?$allocator@V?$basic_string@DU?$char_traits@D@std@@V?$allocator@D@2@@std@@@2@@std@@IAEXXZ 00410210 f i WSVFlexTable.obj
 0001:0000f260       ?AppendColumn@WSVFlexTable@@QAEPAVWText@@V?$basic_string@DU?$char_traits@D@std@@V?$allocator@D@2@@std@@VWLength@@@Z 00410260 f   WSVFlexTable.obj
 0001:0000f820       ??1?$vector@V?$basic_string@DU?$char_traits@D@std@@V?$allocator@D@2@@std@@V?$allocator@V?$basic_string@DU?$char_traits@D@std@@V?$allocator@D@2@@std@@@2@@std@@QAE@XZ 00410820 f i WSVFlexTable.obj
 0001:0000f830       ?push_back@?$vector@V?$basic_string@DU?$char_traits@D@std@@V?$allocator@D@2@@std@@V?$allocator@V?$basic_string@DU?$char_traits@D@std@@V?$allocator@D@2@@std@@@2@@std@@QAEXABV?$basic_string@DU?$char_traits@D@std@@V?$allocator@D@2@@2@@Z 00410830 f i WSVFlexTable.obj
 0001:0000f8c0       ??0WSVFlexTable@@QAE@PAVWContainerWidget@@HV?$basic_string@DU?$char_traits@D@std@@V?$allocator@D@2@@std@@_N@Z 004108c0 f   WSVFlexTable.obj
 0001:0000fc80       ?SetDataRowStyle@WSVFlexTable@@QAEXV?$basic_string@DU?$char_traits@D@std@@V?$allocator@D@2@@std@@@Z 00410c80 f   WSVFlexTable.obj
 0001:0000fcd0       ??_EWSVFlexTable@@UAEPAXI@Z 00410cd0 f i WSVFlexTable.obj
 0001:0000fcd0       ??_GWSVFlexTable@@UAEPAXI@Z 00410cd0 f i WSVFlexTable.obj
 0001:0000fcf0       ??1WSVFlexTable@@UAE@XZ    00410cf0 f i WSVFlexTable.obj
 0001:0000fdf0       ?buildSlotMap@WSVFlexTable@@MAEXAAV?$map@V?$basic_string@DU?$char_traits@D@std@@V?$allocator@D@2@@std@@PAVWSlotInstance_@@U?$less@V?$basic_string@DU?$char_traits@D@std@@V?$allocator@D@2@@std@@@2@V?$allocator@U?$pair@$$CBV?$basic_string@DU?$char_traits@D@std@@V?$allocator@D@2@@std@@PAVWSlotInstance_@@@std@@@2@@std@@@Z 00410df0 f   WSVFlexTableWT.obj
 0001:0000fee0       ?triggerSlot@WSVFlexTable@@MAE_NPAVWObject@@PBVWSlot_@@PAPAX@Z 00410ee0 f   WSVFlexTableWT.obj
 0001:0000ff10       ?buildSignalMap@WSVFlexTable@@MAEXAAV?$map@V?$basic_string@DU?$char_traits@D@std@@V?$allocator@D@2@@std@@PAVWSignalInstance_@@U?$less@V?$basic_string@DU?$char_traits@D@std@@V?$allocator@D@2@@std@@@2@V?$allocator@U?$pair@$$CBV?$basic_string@DU?$char_traits@D@std@@V?$allocator@D@2@@std@@PAVWSignalInstance_@@@std@@@2@@std@@@Z 00410f10 f   WSVFlexTableWT.obj
 0001:0000ffd0       ??0WSVMainTable@@QAE@PAVWContainerWidget@@V?$basic_string@DU?$char_traits@D@std@@V?$allocator@D@2@@std@@_N@Z 00410fd0 f   WSVMainTable.obj
 0001:00010260       ??1WSVMainTable@@UAE@XZ    00411260 f   WSVMainTable.obj
 0001:00010270       ??_EWSVMainTable@@UAEPAXI@Z 00411270 f i WSVMainTable.obj
 0001:00010270       ??_GWSVMainTable@@UAEPAXI@Z 00411270 f i WSVMainTable.obj
 0001:00010290       ?what@bad_lexical_cast@boost@@UBEPBDXZ 00411290 f i libwt:WWebWidget.obj
 0001:000102a0       ??1bad_lexical_cast@boost@@UAE@XZ 004112a0 f i libwt:WWebWidget.obj
 0001:000102b0       ??_Ebad_lexical_cast@boost@@UAEPAXI@Z 004112b0 f i libwt:WWebWidget.obj
 0001:000102b0       ??_Gbad_lexical_cast@boost@@UAEPAXI@Z 004112b0 f i libwt:WWebWidget.obj
 0001:000102d0       ?id@DomElement@@QBE?AV?$basic_string@DU?$char_traits@D@std@@V?$allocator@D@2@@std@@XZ 004112d0 f i libwt:WWebWidget.obj
 0001:000102d0       ?staticCode@WSlotInstance_@@QBE?BV?$basic_string@DU?$char_traits@D@std@@V?$allocator@D@2@@std@@XZ 004112d0 f i SimpleReportWt.obj
 0001:000102d0       ?statements@JavaScript@@QBE?BV?$basic_string@DU?$char_traits@D@std@@V?$allocator@D@2@@std@@XZ 004112d0 f i libwt:WWebWidget.obj
 0001:000102d0       ?getStaticCode@WSlotInstance_@@QAE?AV?$basic_string@DU?$char_traits@D@std@@V?$allocator@D@2@@std@@XZ 004112d0 f i SimpleReportWt.obj
 0001:00010300       ??0?$pair@V?$basic_string@DU?$char_traits@D@std@@V?$allocator@D@2@@std@@V12@@std@@QAE@ABU01@@Z 00411300 f i libwt:WWebWidget.obj
 0001:00010300       ??0JavaScript@@QAE@ABV0@@Z 00411300 f i libwt:WWebWidget.obj
 0001:00010300       ??0?$pair@$$CBV?$basic_string@DU?$char_traits@D@std@@V?$allocator@D@2@@std@@V12@@std@@QAE@ABU01@@Z 00411300 f i libwt:WWebWidget.obj
 0001:00010360       ??4JavaScript@@QAEAAV0@ABV0@@Z 00411360 f i libwt:WWebWidget.obj
 0001:00010390       ?triggerSlot@WWebWidget@@MAE_NPAVWObject@@PBVWSlot_@@PAPAX@Z 00411390 f   libwt:WWebWidget.obj
 0001:000103a0       ?undoTriggerSlot@WWebWidget@@MAE_NPBVWSlot_@@PAPAX@Z 004113a0 f   libwt:WWebWidget.obj
 0001:000103b0       ?setFormObject@WWebWidget@@IAEX_N@Z 004113b0 f   libwt:WWebWidget.obj
 0001:000103c0       ?renderOk@WWebWidget@@IAEXXZ 004113c0 f   libwt:WWebWidget.obj
 0001:000103d0       ?signalConnectionsChanged@WWebWidget@@EAEXXZ 004113d0 f   libwt:WWebWidget.obj
 0001:000103d0       ?repaint@WWebWidget@@IAEXXZ 004113d0 f   libwt:WWebWidget.obj
 0001:000103e0       ?setParent@WWebWidget@@MAEXPAVWWidget@@@Z 004113e0 f   libwt:WWebWidget.obj
 0001:00010410       ?parent@WWebWidget@@UBEPAVWWidget@@XZ 00411410 f   libwt:WWebWidget.obj
 0001:00010420       ?setPositionScheme@WWebWidget@@UAEXW4PositionScheme@WWidget@@@Z 00411420 f   libwt:WWebWidget.obj
 0001:00010450       ?resize@WWebWidget@@UAEXVWLength@@0@Z 00411450 f   libwt:WWebWidget.obj
 0001:000104a0       ?setMinimumSize@WWebWidget@@UAEXVWLength@@0@Z 004114a0 f   libwt:WWebWidget.obj
 0001:00010500       ?setMaximumSize@WWebWidget@@UAEXVWLength@@0@Z 00411500 f   libwt:WWebWidget.obj
 0001:00010560       ?setFloatSide@WWebWidget@@UAEXW4Side@WWidget@@@Z 00411560 f   libwt:WWebWidget.obj
 0001:00010580       ?setClearSides@WWebWidget@@UAEXH@Z 00411580 f   libwt:WWebWidget.obj
 0001:000105a0       ?clearSides@WWebWidget@@UBEHXZ 004115a0 f   libwt:WWebWidget.obj
 0001:000105b0       ?setVerticalAlignment@WWebWidget@@UAEXW4VerticalAlignment@WWidget@@VWLength@@@Z 004115b0 f   libwt:WWebWidget.obj
 0001:000105f0       ?setOffset@WWebWidget@@UAEXW4Side@WWidget@@VWLength@@@Z 004115f0 f   libwt:WWebWidget.obj
 0001:00010670       ?offset@WWebWidget@@UBE?AVWLength@@W4Side@WWidget@@@Z 00411670 f   libwt:WWebWidget.obj
 0001:00010720       ?zIndex@WWebWidget@@ABEHXZ 00411720 f   libwt:WWebWidget.obj
 0001:00010760       ?setInline@WWebWidget@@UAEX_N@Z 00411760 f   libwt:WWebWidget.obj
 0001:00010780       ?setPopup@WWebWidget@@UAEX_N@Z 00411780 f   libwt:WWebWidget.obj
 0001:000107a0       ?setMargin@WWebWidget@@UAEXVWLength@@H@Z 004117a0 f   libwt:WWebWidget.obj
 0001:00010830       ?margin@WWebWidget@@UBE?AVWLength@@W4Side@WWidget@@@Z 00411830 f   libwt:WWebWidget.obj
 0001:000108e0       ?setStyleClass@WWebWidget@@UAEXV?$basic_string@DU?$char_traits@D@std@@V?$allocator@D@2@@std@@@Z 004118e0 f   libwt:WWebWidget.obj
 0001:00010950       ?setToolTip@WWebWidget@@UAEXV?$basic_string@DU?$char_traits@D@std@@V?$allocator@D@2@@std@@@Z 00411950 f   libwt:WWebWidget.obj
 0001:000109f0       ?setToolTipMessage@WWebWidget@@UAEXABVWMessage@@@Z 004119f0 f   libwt:WWebWidget.obj
 0001:00010a30       ?setHidden@WWebWidget@@UAEX_N@Z 00411a30 f   libwt:WWebWidget.obj
 0001:00010a50       ?hide@WWebWidget@@UAEXXZ   00411a50 f   libwt:WWebWidget.obj
 0001:00010a70       ?show@WWebWidget@@UAEXXZ   00411a70 f   libwt:WWebWidget.obj
 0001:00010a90       ?undoHide@WWebWidget@@EAEXXZ 00411a90 f   libwt:WWebWidget.obj
 0001:00010aa0       ?undoShow@WWebWidget@@EAEXXZ 00411aa0 f   libwt:WWebWidget.obj
 0001:00010ab0       ?isLoaded@WWebWidget@@IBE_NXZ 00411ab0 f   libwt:WWebWidget.obj
 0001:00010af0       ?getSFormObjects@WWebWidget@@AAEXAAV?$vector@PAVWObject@@V?$allocator@PAVWObject@@@std@@@std@@@Z 00411af0 f   libwt:WWebWidget.obj
 0001:00010b10       ?createSDomElement@WWebWidget@@AAEPAVDomElement@@XZ 00411b10 f   libwt:WWebWidget.obj
 0001:00010b90       ?getEncodeCmd@WWebWidget@@QAE?AV?$basic_string@DU?$char_traits@D@std@@V?$allocator@D@2@@std@@PBD@Z 00411b90 f   libwt:WWebWidget.obj
 0001:00010bf0       ?updateSignalConnection@WWebWidget@@IAEXAAVDomElement@@PBDV?$basic_string@DU?$char_traits@D@std@@V?$allocator@D@2@@std@@1_N1@Z 00411bf0 f   libwt:WWebWidget.obj
 0001:00010cd0       ?setNoFormData@WWebWidget@@EAEXXZ 00411cd0 f   libwt:WWebWidget.obj
 0001:00010cf0       ?_Max@?$_Tree@V?$_Tmap_traits@V?$basic_string@DU?$char_traits@D@std@@V?$allocator@D@2@@std@@V12@U?$less@V?$basic_string@DU?$char_traits@D@std@@V?$allocator@D@2@@std@@@2@V?$allocator@U?$pair@$$CBV?$basic_string@DU?$char_traits@D@std@@V?$allocator@D@2@@std@@V12@@std@@@2@$0A@@std@@@std@@KAPAU_Node@?$_Tree_nod@V?$_Tmap_traits@V?$basic_string@DU?$char_traits@D@std@@V?$allocator@D@2@@std@@V12@U?$less@V?$basic_string@DU?$char_traits@D@std@@V?$allocator@D@2@@std@@@2@V?$allocator@U?$pair@$$CBV?$basic_string@DU?$char_traits@D@std@@V?$allocator@D@2@@std@@V12@@std@@@2@$0A@@std@@@2@PAU342@@Z 00411cf0 f i libwt:WWebWidget.obj
 0001:00010d10       ?_Min@?$_Tree@V?$_Tmap_traits@V?$basic_string@DU?$char_traits@D@std@@V?$allocator@D@2@@std@@V12@U?$less@V?$basic_string@DU?$char_traits@D@std@@V?$allocator@D@2@@std@@@2@V?$allocator@U?$pair@$$CBV?$basic_string@DU?$char_traits@D@std@@V?$allocator@D@2@@std@@V12@@std@@@2@$0A@@std@@@std@@KAPAU_Node@?$_Tree_nod@V?$_Tmap_traits@V?$basic_string@DU?$char_traits@D@std@@V?$allocator@D@2@@std@@V12@U?$less@V?$basic_string@DU?$char_traits@D@std@@V?$allocator@D@2@@std@@@2@V?$allocator@U?$pair@$$CBV?$basic_string@DU?$char_traits@D@std@@V?$allocator@D@2@@std@@V12@@std@@@2@$0A@@std@@@2@PAU342@@Z 00411d10 f i libwt:WWebWidget.obj
 0001:00010d30       ?_Max@?$_Tree@V?$_Tmap_traits@V?$basic_string@DU?$char_traits@D@std@@V?$allocator@D@2@@std@@PAVWSignalInstance_@@U?$less@V?$basic_string@DU?$char_traits@D@std@@V?$allocator@D@2@@std@@@2@V?$allocator@U?$pair@$$CBV?$basic_string@DU?$char_traits@D@std@@V?$allocator@D@2@@std@@PAVWSignalInstance_@@@std@@@2@$0A@@std@@@std@@KAPAU_Node@?$_Tree_nod@V?$_Tmap_traits@V?$basic_string@DU?$char_traits@D@std@@V?$allocator@D@2@@std@@PAVWSignalInstance_@@U?$less@V?$basic_string@DU?$char_traits@D@std@@V?$allocator@D@2@@std@@@2@V?$allocator@U?$pair@$$CBV?$basic_string@DU?$char_traits@D@std@@V?$allocator@D@2@@std@@PAVWSignalInstance_@@@std@@@2@$0A@@std@@@2@PAU342@@Z 00411d30 f i SimpleReportWt.obj
 0001:00010d30       ?_Max@?$_Tree@V?$_Tmap_traits@PAVWObject@@V?$basic_string@DU?$char_traits@D@std@@V?$allocator@D@2@@std@@U?$less@PAVWObject@@@3@V?$allocator@U?$pair@QAVWObject@@V?$basic_string@DU?$char_traits@D@std@@V?$allocator@D@2@@std@@@std@@@3@$0A@@std@@@std@@KAPAU_Node@?$_Tree_nod@V?$_Tmap_traits@PAVWObject@@V?$basic_string@DU?$char_traits@D@std@@V?$allocator@D@2@@std@@U?$less@PAVWObject@@@3@V?$allocator@U?$pair@QAVWObject@@V?$basic_string@DU?$char_traits@D@std@@V?$allocator@D@2@@std@@@std@@@3@$0A@@std@@@2@PAU342@@Z 00411d30 f i libwt:WSignalMapper.obj
 0001:00010d30       ?_Max@?$_Tree@V?$_Tmap_traits@V?$basic_string@DU?$char_traits@D@std@@V?$allocator@D@2@@std@@PAVWCssRule@@U?$less@V?$basic_string@DU?$char_traits@D@std@@V?$allocator@D@2@@std@@@2@V?$allocator@U?$pair@$$CBV?$basic_string@DU?$char_traits@D@std@@V?$allocator@D@2@@std@@PAVWCssRule@@@std@@@2@$0A@@std@@@std@@KAPAU_Node@?$_Tree_nod@V?$_Tmap_traits@V?$basic_string@DU?$char_traits@D@std@@V?$allocator@D@2@@std@@PAVWCssRule@@U?$less@V?$basic_string@DU?$char_traits@D@std@@V?$allocator@D@2@@std@@@2@V?$allocator@U?$pair@$$CBV?$basic_string@DU?$char_traits@D@std@@V?$allocator@D@2@@std@@PAVWCssRule@@@std@@@2@$0A@@std@@@2@PAU342@@Z 00411d30 f i SimpleReport.obj
 0001:00010d30       ?_Max@?$_Tree@V?$_Tmap_traits@W4Property@Wt@@V?$basic_string@DU?$char_traits@D@std@@V?$allocator@D@2@@std@@U?$less@W4Property@Wt@@@4@V?$allocator@U?$pair@$$CBW4Property@Wt@@V?$basic_string@DU?$char_traits@D@std@@V?$allocator@D@2@@std@@@std@@@4@$0A@@std@@@std@@KAPAU_Node@?$_Tree_nod@V?$_Tmap_traits@W4Property@Wt@@V?$basic_string@DU?$char_traits@D@std@@V?$allocator@D@2@@std@@U?$less@W4Property@Wt@@@4@V?$allocator@U?$pair@$$CBW4Property@Wt@@V?$basic_string@DU?$char_traits@D@std@@V?$allocator@D@2@@std@@@std@@@4@$0A@@std@@@2@PAU342@@Z 00411d30 f i libwt:WWebWidget.obj
 0001:00010d30       ?_Max@?$_Tree@V?$_Tmap_traits@V?$basic_string@DU?$char_traits@D@std@@V?$allocator@D@2@@std@@PAVWSlotInstance_@@U?$less@V?$basic_string@DU?$char_traits@D@std@@V?$allocator@D@2@@std@@@2@V?$allocator@U?$pair@$$CBV?$basic_string@DU?$char_traits@D@std@@V?$allocator@D@2@@std@@PAVWSlotInstance_@@@std@@@2@$0A@@std@@@std@@KAPAU_Node@?$_Tree_nod@V?$_Tmap_traits@V?$basic_string@DU?$char_traits@D@std@@V?$allocator@D@2@@std@@PAVWSlotInstance_@@U?$less@V?$basic_string@DU?$char_traits@D@std@@V?$allocator@D@2@@std@@@2@V?$allocator@U?$pair@$$CBV?$basic_string@DU?$char_traits@D@std@@V?$allocator@D@2@@std@@PAVWSlotInstance_@@@std@@@2@$0A@@std@@@2@PAU342@@Z 00411d30 f i libwt:WWebWidget.obj
 0001:00010d50       ?_Max@?$_Tree@V?$_Tmap_traits@V?$basic_string@DU?$char_traits@D@std@@V?$allocator@D@2@@std@@U?$pair@V?$basic_string@DU?$char_traits@D@std@@V?$allocator@D@2@@std@@V12@@2@U?$less@V?$basic_string@DU?$char_traits@D@std@@V?$allocator@D@2@@std@@@2@V?$allocator@U?$pair@$$CBV?$basic_string@DU?$char_traits@D@std@@V?$allocator@D@2@@std@@U?$pair@V?$basic_string@DU?$char_traits@D@std@@V?$allocator@D@2@@std@@V12@@2@@std@@@2@$0A@@std@@@std@@KAPAU_Node@?$_Tree_nod@V?$_Tmap_traits@V?$basic_string@DU?$char_traits@D@std@@V?$allocator@D@2@@std@@U?$pair@V?$basic_string@DU?$char_traits@D@std@@V?$allocator@D@2@@std@@V12@@2@U?$less@V?$basic_string@DU?$char_traits@D@std@@V?$allocator@D@2@@std@@@2@V?$allocator@U?$pair@$$CBV?$basic_string@DU?$char_traits@D@std@@V?$allocator@D@2@@std@@U?$pair@V?$basic_string@DU?$char_traits@D@std@@V?$allocator@D@2@@std@@V12@@2@@std@@@2@$0A@@std@@@2@PAU342@@Z 00411d50 f i libwt:WWebWidget.obj
 0001:00010d70       ?_Min@?$_Tree@V?$_Tmap_traits@V?$basic_string@DU?$char_traits@D@std@@V?$allocator@D@2@@std@@U?$pair@V?$basic_string@DU?$char_traits@D@std@@V?$allocator@D@2@@std@@V12@@2@U?$less@V?$basic_string@DU?$char_traits@D@std@@V?$allocator@D@2@@std@@@2@V?$allocator@U?$pair@$$CBV?$basic_string@DU?$char_traits@D@std@@V?$allocator@D@2@@std@@U?$pair@V?$basic_string@DU?$char_traits@D@std@@V?$allocator@D@2@@std@@V12@@2@@std@@@2@$0A@@std@@@std@@KAPAU_Node@?$_Tree_nod@V?$_Tmap_traits@V?$basic_string@DU?$char_traits@D@std@@V?$allocator@D@2@@std@@U?$pair@V?$basic_string@DU?$char_traits@D@std@@V?$allocator@D@2@@std@@V12@@2@U?$less@V?$basic_string@DU?$char_traits@D@std@@V?$allocator@D@2@@std@@@2@V?$allocator@U?$pair@$$CBV?$basic_string@DU?$char_traits@D@std@@V?$allocator@D@2@@std@@U?$pair@V?$basic_string@DU?$char_traits@D@std@@V?$allocator@D@2@@std@@V12@@2@@std@@@2@$0A@@std@@@2@PAU342@@Z 00411d70 f i libwt:WWebWidget.obj
 0001:00010d90       ?_Xlen@?$vector@U?$pair@V?$basic_string@DU?$char_traits@D@std@@V?$allocator@D@2@@std@@PAVDomElement@@@std@@V?$allocator@U?$pair@V?$basic_string@DU?$char_traits@D@std@@V?$allocator@D@2@@std@@PAVDomElement@@@std@@@2@@std@@IBEXXZ 00411d90 f i libwt:WWebWidget.obj
 0001:00010e10       ?_Lrotate@?$_Tree@V?$_Tmap_traits@V?$basic_string@DU?$char_traits@D@std@@V?$allocator@D@2@@std@@V12@U?$less@V?$basic_string@DU?$char_traits@D@std@@V?$allocator@D@2@@std@@@2@V?$allocator@U?$pair@$$CBV?$basic_string@DU?$char_traits@D@std@@V?$allocator@D@2@@std@@V12@@std@@@2@$0A@@std@@@std@@IAEXPAU_Node@?$_Tree_nod@V?$_Tmap_traits@V?$basic_string@DU?$char_traits@D@std@@V?$allocator@D@2@@std@@V12@U?$less@V?$basic_string@DU?$char_traits@D@std@@V?$allocator@D@2@@std@@@2@V?$allocator@U?$pair@$$CBV?$basic_string@DU?$char_traits@D@std@@V?$allocator@D@2@@std@@V12@@std@@@2@$0A@@std@@@2@@Z 00411e10 f i libwt:WWebWidget.obj
 0001:00010e70       ?_Rrotate@?$_Tree@V?$_Tmap_traits@V?$basic_string@DU?$char_traits@D@std@@V?$allocator@D@2@@std@@V12@U?$less@V?$basic_string@DU?$char_traits@D@std@@V?$allocator@D@2@@std@@@2@V?$allocator@U?$pair@$$CBV?$basic_string@DU?$char_traits@D@std@@V?$allocator@D@2@@std@@V12@@std@@@2@$0A@@std@@@std@@IAEXPAU_Node@?$_Tree_nod@V?$_Tmap_traits@V?$basic_string@DU?$char_traits@D@std@@V?$allocator@D@2@@std@@V12@U?$less@V?$basic_string@DU?$char_traits@D@std@@V?$allocator@D@2@@std@@@2@V?$allocator@U?$pair@$$CBV?$basic_string@DU?$char_traits@D@std@@V?$allocator@D@2@@std@@V12@@std@@@2@$0A@@std@@@2@@Z 00411e70 f i libwt:WWebWidget.obj
 0001:00010ed0       ?_Rrotate@?$_Tree@V?$_Tmap_traits@V?$basic_string@DU?$char_traits@D@std@@V?$allocator@D@2@@std@@PAVWSignalInstance_@@U?$less@V?$basic_string@DU?$char_traits@D@std@@V?$allocator@D@2@@std@@@2@V?$allocator@U?$pair@$$CBV?$basic_string@DU?$char_traits@D@std@@V?$allocator@D@2@@std@@PAVWSignalInstance_@@@std@@@2@$0A@@std@@@std@@IAEXPAU_Node@?$_Tree_nod@V?$_Tmap_traits@V?$basic_string@DU?$char_traits@D@std@@V?$allocator@D@2@@std@@PAVWSignalInstance_@@U?$less@V?$basic_string@DU?$char_traits@D@std@@V?$allocator@D@2@@std@@@2@V?$allocator@U?$pair@$$CBV?$basic_string@DU?$char_traits@D@std@@V?$allocator@D@2@@std@@PAVWSignalInstance_@@@std@@@2@$0A@@std@@@2@@Z 00411ed0 f i SimpleReportWt.obj
 0001:00010ed0       ?_Rrotate@?$_Tree@V?$_Tmap_traits@PAVWObject@@V?$basic_string@DU?$char_traits@D@std@@V?$allocator@D@2@@std@@U?$less@PAVWObject@@@3@V?$allocator@U?$pair@QAVWObject@@V?$basic_string@DU?$char_traits@D@std@@V?$allocator@D@2@@std@@@std@@@3@$0A@@std@@@std@@IAEXPAU_Node@?$_Tree_nod@V?$_Tmap_traits@PAVWObject@@V?$basic_string@DU?$char_traits@D@std@@V?$allocator@D@2@@std@@U?$less@PAVWObject@@@3@V?$allocator@U?$pair@QAVWObject@@V?$basic_string@DU?$char_traits@D@std@@V?$allocator@D@2@@std@@@std@@@3@$0A@@std@@@2@@Z 00411ed0 f i libwt:WSignalMapper.obj
 0001:00010ed0       ?_Rrotate@?$_Tree@V?$_Tmap_traits@V?$basic_string@DU?$char_traits@D@std@@V?$allocator@D@2@@std@@PAVWCssRule@@U?$less@V?$basic_string@DU?$char_traits@D@std@@V?$allocator@D@2@@std@@@2@V?$allocator@U?$pair@$$CBV?$basic_string@DU?$char_traits@D@std@@V?$allocator@D@2@@std@@PAVWCssRule@@@std@@@2@$0A@@std@@@std@@IAEXPAU_Node@?$_Tree_nod@V?$_Tmap_traits@V?$basic_string@DU?$char_traits@D@std@@V?$allocator@D@2@@std@@PAVWCssRule@@U?$less@V?$basic_string@DU?$char_traits@D@std@@V?$allocator@D@2@@std@@@2@V?$allocator@U?$pair@$$CBV?$basic_string@DU?$char_traits@D@std@@V?$allocator@D@2@@std@@PAVWCssRule@@@std@@@2@$0A@@std@@@2@@Z 00411ed0 f i SimpleReport.obj
 0001:00010ed0       ?_Rrotate@?$_Tree@V?$_Tmap_traits@W4Property@Wt@@V?$basic_string@DU?$char_traits@D@std@@V?$allocator@D@2@@std@@U?$less@W4Property@Wt@@@4@V?$allocator@U?$pair@$$CBW4Property@Wt@@V?$basic_string@DU?$char_traits@D@std@@V?$allocator@D@2@@std@@@std@@@4@$0A@@std@@@std@@IAEXPAU_Node@?$_Tree_nod@V?$_Tmap_traits@W4Property@Wt@@V?$basic_string@DU?$char_traits@D@std@@V?$allocator@D@2@@std@@U?$less@W4Property@Wt@@@4@V?$allocator@U?$pair@$$CBW4Property@Wt@@V?$basic_string@DU?$char_traits@D@std@@V?$allocator@D@2@@std@@@std@@@4@$0A@@std@@@2@@Z 00411ed0 f i libwt:WWebWidget.obj
[...]
  1312 0001:00007981  1313 0001:000079d5  1315 0001:00007a34  1316 0001:00007a69
  1317 0001:00007ab9  1323 0001:00007b20  1324 0001:00007b4f  1326 0001:00007b80
  1327 0001:00007b8a  1329 0001:00007c11  1333 0001:00007c3e  1334 0001:00007c6f
  1336 0001:00007c7d  1338 0001:00007c8f  1340 0001:00007cb7  1342 0001:00007cc5
  1344 0001:00007cea  1345 0001:00007d02  1346 0001:00007d17  1351 0001:00007d24
  1353 0001:00007d39  1354 0001:00007d57  1355 0001:00007d77  1356 0001:00007da1
  1357 0001:00007dd0  1358 0001:00007dd1  1361 0001:00007e46  1362 0001:00007e4e
  1363 0001:00007e5e  1364 0001:00007e71  1365 0001:00007e83  1366 0001:00007eb9
  1370 0001:00007ecf  1372 0001:00007ee2  1373 0001:00007eea  1374 0001:00007ef2
  1379 0001:00007efa  1380 0001:00007f0f  1383 0001:00007f15  1384 0001:00007f38
  1385 0001:00007f4a  1387 0001:00007f62  1388 0001:00007f94  1389 0001:00007fa9
  1391 0001:00007fbd  1392 0001:00007fe9  1393 0001:00007ffe  1395 0001:00008012
  1398 0001:00008021  1401 0001:00008026  1402 0001:0000802c  1403 0001:0000803e
  1405 0001:00008056  1406 0001:00008088  1407 0001:0000809d  1409 0001:000080b1
  1410 0001:000080dd  1411 0001:000080f2  1413 0001:00008106  1414 0001:0000812a
  1427 0001:00008142  1428 0001:000081b9  1429 0001:000081c3  1430 0001:0000823d
  1431 0001:00008258  1433 0001:00008292  1435 0001:000082b7  1437 0001:00008318
  1439 0001:0000831a  1444 0001:00008395  1447 0001:000083aa  1448 0001:000083e5
  1449 0001:00008429  1450 0001:00008446  1451 0001:00008499  1452 0001:000084f4
  1453 0001:0000851a  1455 0001:00008531  1458 0001:00008536  1460 0001:0000853b
  1463 0001:00008621  1465 0001:00008630  1470 0001:00008646  1476 0001:00008660
  1477 0001:000086c1  1478 0001:000086fc  1482 0001:00008712  1485 0001:00008738
  1486 0001:0000874f  1488 0001:000087a9  1489 0001:000087c0  1491 0001:000087d3
  1492 0001:000087e7  1493 0001:00008836  1497 0001:00008891  1503 0001:000088b2
  1506 0001:000088bf  1508 0001:000088cf  1509 0001:00008917  1511 0001:00008923
  1513 0001:0000893e  1515 0001:00008945  1517 0001:00008965  1519 0001:0000896c
  1521 0001:0000899a  1523 0001:000089f8  1524 0001:000089fd  1525 0001:00008a21
  1526 0001:00008a25  1528 0001:00008a33  1530 0001:00008a41  1531 0001:00008a55
  1532 0001:00008aa4  1533 0001:00008aff  1534 0001:00008b5a  1535 0001:00008b5f
  1537 0001:00008b68  1545 0001:00008b7f  1547 0001:00008b88  1548 0001:00008b9f
  1549 0001:00008bee  1550 0001:00008c49  1551 0001:00008ca4  1553 0001:00008cb5
  1539 0001:00008cba  1540 0001:00008cce  1541 0001:00008d1d  1542 0001:00008d78
  1543 0001:00008dd3  1542 0001:00008de1  1558 0001:00008de9  1562 0001:00008e42
  1564 0001:00008e5b  1566 0001:00008e75  1568 0001:00008e77  1571 0001:00008e87
  1572 0001:00008ed8  1573 0001:00008eff  1575 0001:00008f53  1577 0001:00008f5f
  1579 0001:00008f7d  1581 0001:00008f7f  1583 0001:00008f8f  1584 0001:00008fdc
  1585 0001:00009003  1587 0001:00009057  1589 0001:00009063  1591 0001:00009081
  1593 0001:00009083  1595 0001:00009093  1596 0001:000090e0  1597 0001:00009107
  1599 0001:0000915b  1601 0001:00009167  1604 0001:00009185  1606 0001:00009187
  1608 0001:00009197  1609 0001:000091e4  1610 0001:0000920b  1635 0001:0000925f
  1636 0001:0000927f  1637 0001:0000929e  1639 0001:000092e1  1641 0001:00009324
  1643 0001:00009367  1645 0001:000093aa  1647 0001:000093ed  1648 0001:000093fb
  1649 0001:00009409  1650 0001:00009616  1652 0001:00009618  1657 0001:00009620
  1662 0001:00009648   184 0001:000097a0   185 0001:000097c5   186 0001:000097dd
   189 0001:00009a10   190 0001:00009a3e   192 0001:00009a88   193 0001:00009abb
   194 0001:00009aea   195 0001:00009af6   196 0001:00009b23   199 0001:00009b63
   201 0001:00009ba6   203 0001:00009c15   205 0001:00009c86   208 0001:00009ca3
   209 0001:00009cf6   210 0001:00009d15   211 0001:00009d70   212 0001:00009d8f
   213 0001:00009dea   214 0001:00009e09   215 0001:00009e64   216 0001:00009e83
   217 0001:00009ede   218 0001:00009efd   219 0001:00009f50   223 0001:00009f6f
   224 0001:00009fd2   227 0001:00009fef   228 0001:0000a042   229 0001:0000a061
   230 0001:0000a0b4   231 0001:0000a0d3   232 0001:0000a12e   233 0001:0000a14d
   234 0001:0000a1a8   239 0001:0000a1c7   241 0001:0000a22a   242 0001:0000a29b
   244 0001:0000a2b8   245 0001:0000a30b   246 0001:0000a32a   247 0001:0000a37d
   248 0001:0000a39c   249 0001:0000a3ef   252 0001:0000a40e   253 0001:0000a471
   255 0001:0000a48e   256 0001:0000a4e1   257 0001:0000a500   258 0001:0000a553
   259 0001:0000a572   260 0001:0000a5c5   263 0001:0000a5e4   264 0001:0000a647
   267 0001:0000a664   268 0001:0000a6b7   269 0001:0000a6d6   270 0001:0000a729
   273 0001:0000a748   274 0001:0000a7ab   276 0001:0000a7c8   277 0001:0000a81b
   278 0001:0000a83a   279 0001:0000a88d   280 0001:0000a8ac   281 0001:0000a8ff
   284 0001:0000a91e   285 0001:0000a975   286 0001:0000a9a2   288 0001:0000a9f9
   293 0001:0000aa07   294 0001:0000aa57   295 0001:0000aa78   297 0001:0000aa90
   299 0001:0000aada   300 0001:0000ab32   301 0001:0000ab53   302 0001:0000ab77
   304 0001:0000ab85   306 0001:0000abcf   307 0001:0000ac27   308 0001:0000ac48
   309 0001:0000ac6c   311 0001:0000ac7a   314 0001:0000ad17   315 0001:0000ad30
   317 0001:0000ad3e   319 0001:0000ad40   320 0001:0000ad46   323 0001:0000ad54
   324 0001:0000ad6c   325 0001:0000ada6   326 0001:0000add6   327 0001:0000ade6
   330 0001:0000adf1   331 0001:0000ae47   333 0001:0000ae68   334 0001:0000ae80
   335 0001:0000ae98   336 0001:0000aed2   337 0001:0000af02   338 0001:0000af12
   340 0001:0000af18   341 0001:0000af6e   342 0001:0000af8f   344 0001:0000afa7
   345 0001:0000afe1   347 0001:0000b007   348 0001:0000b057   349 0001:0000b078
   350 0001:0000b090   351 0001:0000b0ca   352 0001:0000b0f0   353 0001:0000b112
   354 0001:0000b122   356 0001:0000b128   357 0001:0000b180   358 0001:0000b1a0
   359 0001:0000b1b9   360 0001:0000b1f3   361 0001:0000b219   362 0001:0000b23b
   363 0001:0000b24b   365 0001:0000b251   366 0001:0000b2a9   367 0001:0000b2c9
   368 0001:0000b2e2   369 0001:0000b31c   370 0001:0000b342   371 0001:0000b364
   372 0001:0000b374   374 0001:0000b37a   375 0001:0000b3d2   376 0001:0000b3f2
   377 0001:0000b40b   378 0001:0000b445   379 0001:0000b46b   380 0001:0000b48d
   381 0001:0000b49d   384 0001:0000b4a3   385 0001:0000b4f9   386 0001:0000b520
   387 0001:0000b538   389 0001:0000b58f   391 0001:0000b5a4   392 0001:0000b5b6
   393 0001:0000b5cb   395 0001:0000b5e0   397 0001:0000b5fa   402 0001:0000b610
   403 0001:0000b626   404 0001:0000b62a   408 0001:0000b63d   409 0001:0000b652
   410 0001:0000b671   412 0001:0000b6b8   418 0001:0000b6cd   419 0001:0000b6ea
   420 0001:0000b73c   421 0001:0000b788   423 0001:0000b78c   427 0001:0000b793
   429 0001:0000b795   433 0001:0000b7bb   435 0001:0000b7bd   439 0001:0000b7c5
   440 0001:0000b7e2   442 0001:0000b7ff   444 0001:0000b80c   446 0001:0000b824
   448 0001:0000b856   449 0001:0000b87c   450 0001:0000b886   452 0001:0000b8aa
   453 0001:0000b8b4   454 0001:0000b8cc   455 0001:0000b8e8   457 0001:0000b93d
   465 0001:0000b94f   467 0001:0000b962   469 0001:0000b96a   471 0001:0000b982
   472 0001:0000b9a2   473 0001:0000b9dd   474 0001:0000b9fd   477 0001:0000ba46
   479 0001:0000ba67   481 0001:0000baa6   483 0001:0000bab0   485 0001:0000babe
   487 0001:0000bae1   488 0001:0000baed   489 0001:0000bb17   491 0001:0000bb57
   492 0001:0000bb63   493 0001:0000bb72   494 0001:0000bb9c   495 0001:0000bbb0
   499 0001:0000bbcd   460 0001:0000bc27   499 0001:0000bc72   500 0001:0000bc74
   501 0001:0000bca1   503 0001:0000bcc3   504 0001:0000bce0   507 0001:0000bcf8
   509 0001:0000bd0a   510 0001:0000bd29   512 0001:0000bd5e   513 0001:0000bd9b
   514 0001:0000bda8   519 0001:0000bdd9   521 0001:0000bde0   522 0001:0000be31
   523 0001:0000be5e   525 0001:0000be68   526 0001:0000be73   528 0001:0000be7a
   616 0001:0000bf70   617 0001:0000bfa6   619 0001:0000bfab   621 0001:0000bfb2
   624 0001:0000c052   625 0001:0000c06b   627 0001:0000c079   629 0001:0000c07b
   630 0001:0000c081   633 0001:0000c08f   638 0001:0000c0a3   639 0001:0000c0b2
   640 0001:0000c0b6   644 0001:0000c0ca   646 0001:0000c0d7   647 0001:0000c0e6
   648 0001:0000c104   649 0001:0000c146   650 0001:0000c15b   651 0001:0000c16c
    28 0001:0000c190    29 0001:0000c3b4    32 0001:0000c3d3    90 0001:0000c3ed
    92 0001:0000c3fc    95 0001:0000c45b    97 0001:0000c46e    98 0001:0000c478
   100 0001:0000c486   101 0001:0000c4b3   102 0001:0000c4da   103 0001:0000c501
   104 0001:0000c528   105 0001:0000c54f   106 0001:0000c576   107 0001:0000c597
   108 0001:0000c5b8   109 0001:0000c5df   110 0001:0000c606   111 0001:0000c62d
   112 0001:0000c654   113 0001:0000c67b   114 0001:0000c6a2   115 0001:0000c6c9
   116 0001:0000c6f0   117 0001:0000c717   118 0001:0000c73e   119 0001:0000c765
   120 0001:0000c78c   121 0001:0000c7b3   122 0001:0000c7da   123 0001:0000c801
   124 0001:0000c828   125 0001:0000c84f   126 0001:0000c876   127 0001:0000c89d
   128 0001:0000c8c4   129 0001:0000c8eb   130 0001:0000c912   131 0001:0000c939
   132 0001:0000c960   133 0001:0000c987   134 0001:0000c9ae   135 0001:0000c9d5
   136 0001:0000c9fc   137 0001:0000ca23   138 0001:0000ca4a   139 0001:0000ca71
   140 0001:0000ca98   141 0001:0000cabf   142 0001:0000cae6   143 0001:0000cb0d
   144 0001:0000cb34   145 0001:0000cb5b   146 0001:0000cb82   147 0001:0000cba9
   148 0001:0000cbd0   149 0001:0000cbf7   150 0001:0000cc1e   151 0001:0000cc45
   152 0001:0000cc6c   153 0001:0000cc93   154 0001:0000ccba   157 0001:0000cce1
   180 0001:0000cd0a   181 0001:0000cd23  1741 0001:0000cd80  1742 0001:0000cda1
  1743 0001:0000cdb2  1744 0001:0000ce1a  1746 0001:0000ce1e  1747 0001:0000ce2a
  1748 0001:0000ce2e  1751 0001:0000ce51  1752 0001:0000ce6a  1755 0001:0000ce9a
  1756 0001:0000ceae  1757 0001:0000ceb9  1758 0001:0000ceca  1762 0001:0000cf30
  1764 0001:0000cf5b  1768 0001:0000cf69  1769 0001:0000cfd3  1770 0001:0000cff3
  1774 0001:0000cfff  1775 0001:0000d005  1776 0001:0000d06f  1777 0001:0000d08f
  1782 0001:0000d0a6

Line numbers for .\Release\SimpleReport.obj(c:\program files\microsoft visual studio .net 2003\vc7\atlmfc\include\atlconv.h) segment .text

   101 0001:000013d0   102 0001:000013dd   104 0001:000013df   110 0001:000013e5
   113 0001:000013fc   116 0001:00001408   120 0001:00001419   121 0001:0000141d
   124 0001:00001424   127 0001:00001450   128 0001:00001450   129 0001:00001455
   134 0001:00001460   139 0001:00001472   140 0001:00001484   143 0001:00001490
   147 0001:00001497   149 0001:0000149c   151 0001:000014a8   152 0001:000014ae

Line numbers for .\Release\SimpleReport.obj(c:\siteview\ecc_common\opens\libwt\wscrollarea) segment .text

    58 0001:00001390    62 0001:000013a0    66 0001:000013b0

Line numbers for .\Release\SimpleReport.obj(c:\siteview\ecc_common\opens\libwt\wlineedit) segment .text

    60 0001:000012e0    64 0001:000012f0    74 0001:00001320

Line numbers for .\Release\SimpleReport.obj(c:\siteview\ecc_common\opens\libwt\wabstracttogglebutton) segment .text

    57 0001:000012a0

Line numbers for .\Release\SimpleReport.obj(c:\siteview\ecc_common\opens\libwt\websession.h) segment .text

   113 0001:00001280   114 0001:00001290

Line numbers for .\Release\SimpleReport.obj(c:\siteview\ecc_common\opens\libwt\wapplication) segment .text

    84 0001:000010d0    91 0001:000010e0   122 0001:000010f0   130 0001:00001120
   131 0001:00001130   138 0001:00001140   157 0001:00001150   181 0001:00001180
   183 0001:000011b0   184 0001:00001200   188 0001:00001230   189 0001:00001240
   239 0001:00001270

Line numbers for .\Release\SimpleReport.obj(c:\siteview\ecc_common\opens\libwt\wcssstylesheet) segment .text

    24 0001:00001000

Line numbers for .\Release\SimpleReport.obj(d:\siteview\siteviewdesign\ecc\webcgi\simplereport\include\chartdir.h) segment .text

   602 0001:00000ea0  1553 0001:00000ea0    25 0001:00000ea0   719 0001:00000eb0
   981 0001:00000f50    44 0001:000020a0   962 0001:00002130  1204 0001:00002190
  1340 0001:00002230  1591 0001:00002250  1634 0001:000022c0  1686 0001:00002360
  1687 0001:000023dc   695 0001:00002d00

Line numbers for .\Release\SimpleReport.obj(c:\siteview\ecc_common\opens\libwt\wpushbutton) segment .text

    47 0001:00000dc0    55 0001:00000df0

Line numbers for .\Release\SimpleReport.obj(c:\siteview\ecc_common\opens\libwt\wformwidget) segment .text

    46 0001:00000d90    57 0001:00000da0

Line numbers for .\Release\SimpleReport.obj(c:\siteview\ecc_common\opens\libwt\wtablecell) segment .text

    53 0001:00000d60    68 0001:00000d70    92 0001:00000d80

Line numbers for .\Release\SimpleReport.obj(c:\siteview\ecc_common\opens\libwt\wimage) segment .text

    50 0001:00000ca0    77 0001:00000cd0

Line numbers for .\Release\SimpleReport.obj(c:\siteview\ecc_common\opens\libwt\wtable) segment .text

    28 0001:00000c80

Line numbers for .\Release\SimpleReport.obj(c:\siteview\ecc_common\opens\libwt\wtext) segment .text

    69 0001:00000bf0    81 0001:00000cd0    61 0001:00017fd0

Line numbers for .\Release\SimpleReport.obj(c:\siteview\ecc_common\svdb\svapi\libutil\time.h) segment .text

   127 0001:00000000   182 0001:00000b10   184 0001:00000b11   185 0001:00000b1b
   186 0001:00000b29   188 0001:00000b2f   203 0001:00000b40   202 0001:00000b40
   204 0001:00000b50   205 0001:00000b56   302 0001:00000b60   303 0001:00000b6e
   305 0001:00000b7f   311 0001:00000b94   312 0001:00000bc2   313 0001:00000bd9

Line numbers for .\Release\SimpleReport.obj(c:\siteview\ecc_common\opens\libwt\wcontainerwidget) segment .text

    91 0001:00000d90

Line numbers for .\Release\SimpleReport.obj(c:\siteview\ecc_common\opens\libwt\winteractwidget) segment .text

    34 0001:00001390

Line numbers for .\Release\SimpleReport.obj(c:\siteview\ecc_common\opens\libwt\wwebwidget) segment .text

    44 0001:00000940    48 0001:00000950    49 0001:00000980    59 0001:000009b0
    61 0001:000009c0    63 0001:000009d0    64 0001:000009e0    66 0001:000009f0
    70 0001:00000a20    72 0001:00000a30    75 0001:00000a60    76 0001:00000a90
    88 0001:00000aa0   159 0001:00000ab0   164 0001:00000ac0

Line numbers for .\Release\SimpleReport.obj(c:\siteview\ecc_common\opens\libwt\wcssdecorationstyle) segment .text

    62 0001:00000130    70 0001:00000580    79 0001:000005c0    83 0001:000005f0
    91 0001:00000600    99 0001:00000650   107 0001:000009e0

Line numbers for .\Release\SimpleReport.obj(c:\siteview\ecc_common\opens\libwt\wfont) segment .text

    87 0001:00000130    91 0001:000003d0    99 0001:00000400   107 0001:00000410
   120 0001:00000420   124 0001:00000430   136 0001:00000440   132 0001:00001230

Line numbers for .\Release\SimpleReport.obj(c:\siteview\ecc_common\opens\libwt\wborder) segment .text

    67 0001:00000270    71 0001:00000280    75 0001:000002b0    79 0001:000002f0

Line numbers for .\Release\SimpleReport.obj(c:\siteview\ecc_common\opens\libwt\wcolor) segment .text

    50 0001:00000130    44 0001:000001b0    56 0001:000001c0    62 0001:000001d0
    68 0001:000001e0

Line numbers for .\Release\SimpleReport.obj(c:\siteview\ecc_common\opens\libwt\wlength) segment .text

    54 0001:00000130    50 0001:00000170    46 0001:000001b0

Line numbers for .\Release\SimpleReport.obj(c:\siteview\ecc_common\opens\libwt\wobject) segment .text

   272 0001:00000130

Line numbers for .\Release\SimpleReport.obj(c:\siteview\ecc_common\opens\libwt\wmessage) segment .text

    46 0001:00000100    50 0001:000248a0

Line numbers for .\Release\SimpleReport.obj(c:\program files\microsoft visual studio .net 2003\vc7\include\stdexcept) segment .text

    23 0001:00000010    27 0001:00000070    26 0001:00000070    28 0001:00000079
    27 0001:0000007a    28 0001:0000007d    99 0001:000000c0   122 0001:000000f0

Line numbers for .\Release\SimpleReport.obj(c:\program files\microsoft visual studio .net 2003\vc7\include\new) segment .text

    69 0001:00000000    68 0001:00000000

Line numbers for C:\Program Files\Microsoft Visual Studio .NET 2003\Vc7\lib\msvcprt.lib(f:\vs70builds\3077\vc\crtbld\crt\src\newaop.cpp) segment .text

     7 0001:0002d0d9     6 0001:0002d0d9

Line numbers for C:\Program Files\Microsoft Visual Studio .NET 2003\Vc7\lib\msvcprt.lib(f:\vs70builds\3077\vc\crtbld\crt\src\newop.cpp) segment .text

    10 0001:0002d0b4    12 0001:0002d0b5    13 0001:0002d0bb    14 0001:0002d0c6
    12 0001:0002d0cc    16 0001:0002d0d8

Line numbers for C:\Program Files\Microsoft Visual Studio .NET 2003\Vc7\lib\MSVCRT.lib(F:\VS70Builds\3077\vc\crtbld\crt\src\intel\chkstk.asm) segment .text

    69 0001:0002d270    65 0001:0002d270    70 0001:0002d275    72 0001:0002d277
    73 0001:0002d279    74 0001:0002d27b    75 0001:0002d27e    76 0001:0002d280
    77 0001:0002d281    78 0001:0002d283    79 0001:0002d284    82 0001:0002d285
    83 0001:0002d286    88 0001:0002d28a    89 0001:0002d290    91 0001:0002d295
    93 0001:0002d297    94 0001:0002d29c    97 0001:0002d29e    98 0001:0002d2a0
   100 0001:0002d2a2   102 0001:0002d2a4   104 0001:0002d2a6   105 0001:0002d2a8
   107 0001:0002d2ab   109 0001:0002d2ac

Line numbers for C:\Program Files\Microsoft Visual Studio .NET 2003\Vc7\lib\MSVCRT.lib(f:\vs70builds\3077\vc\crtbld\crt\src\atonexit.c) segment .text

    81 0001:0002d325    76 0001:0002d325    90 0001:0002d34a    96 0001:0002d34b
    95 0001:0002d34b    97 0001:0002d35c

Line numbers for C:\Program Files\Microsoft Visual Studio .NET 2003\Vc7\lib\MSVCRT.lib(f:\vs70builds\3077\vc\crtbld\crt\src\crtexe.c) segment .text

   202 0001:0002d35d   222 0001:0002d369   229 0001:0002d3c4   236 0001:0002d3c7
   244 0001:0002d3d0   249 0001:0002d3de   250 0001:0002d3ec   257 0001:0002d3fa
   264 0001:0002d406   275 0001:0002d40b   282 0001:0002d410   283 0001:0002d418
   286 0001:0002d424   305 0001:0002d429   308 0001:0002d438   324 0001:0002d442
   327 0001:0002d44a   329 0001:0002d46c   330 0001:0002d470   336 0001:0002d478
   397 0001:0002d487   398 0001:0002d492   403 0001:0002d4a8   404 0001:0002d4ad
   406 0001:0002d4b4   409 0001:0002d4bc   415 0001:0002d4d3   417 0001:0002d4d6
   418 0001:0002d4dc   420 0001:0002d4e3   424 0001:0002d4ed   425 0001:0002d4ef

Line numbers for C:\Program Files\Microsoft Visual Studio .NET 2003\Vc7\lib\MSVCRT.lib(f:\vs70builds\3077\vc\crtbld\crt\src\dllargv.c) segment .text

    49 0001:0002d680    48 0001:0002d680    50 0001:0002d682

Line numbers for C:\Program Files\Microsoft Visual Studio .NET 2003\Vc7\lib\MSVCRT.lib(f:\vs70builds\3077\vc\crtbld\crt\src\merr.c) segment .text

    33 0001:0002d680    32 0001:0002d680    34 0001:0002d682

Line numbers for C:\Program Files\Microsoft Visual Studio .NET 2003\Vc7\lib\MSVCRT.lib(f:\vs70builds\3077\vc\crtbld\crt\src\intel\fp8.c) segment .text

    19 0001:0002d66e    18 0001:0002d66e    20 0001:0002d67f

Line numbers for C:\Program Files\Microsoft Visual Studio .NET 2003\Vc7\lib\MSVCRT.lib(f:\vs70builds\3077\vc\crtbld\crt\src\secchk.c) segment .text

   114 0001:0002d0f6   116 0001:0002d102   117 0001:0002d106   119 0001:0002d113
   123 0001:0002d11e   100 0001:0002d127   103 0001:0002d127   104 0001:0002d12d
   105 0001:0002d12f   107 0001:0002d130

Line numbers for C:\Program Files\Microsoft Visual Studio .NET 2003\Vc7\lib\MSVCRT.lib(f:\vs70builds\3077\vc\crtbld\crt\src\seccinit.c) segment .text

    49 0001:0002d502    58 0001:0002d508    67 0001:0002d519    70 0001:0002d523
    75 0001:0002d529    76 0001:0002d531    77 0001:0002d539    79 0001:0002d541
    93 0001:0002d54b    94 0001:0002d566
