 testdevice

 Timestamp is 45b72e92 (Wed Jan 24 18:01:54 2007)

 Preferred load address is 00400000

 Start         Length     Name                   Class
 0001:00000000 0002437eH .text                   CODE
 0001:00024380 000042a2H .text$x                 CODE
 0001:00028630 00001b5bH .text$yc                CODE
 0001:0002a190 0000073aH .text$yd                CODE
 0002:00000000 00000230H .idata$5                DATA
 0002:00000230 000047c8H .rdata                  DATA
 0002:000049f8 00000044H .rdata$r                DATA
 0002:00004a40 000003f4H .rdata$sxdata           DATA
 0002:00004e34 00000004H .rtc$IAA                DATA
 0002:00004e38 00000004H .rtc$IZZ                DATA
 0002:00004e3c 00000004H .rtc$TAA                DATA
 0002:00004e40 00000004H .rtc$TZZ                DATA
 0002:00004e44 000045c0H .xdata$x                DATA
 0002:00009404 00000064H .idata$2                DATA
 0002:00009468 00000014H .idata$3                DATA
 0002:0000947c 00000230H .idata$4                DATA
 0002:000096ac 000014d0H .idata$6                DATA
 0002:0000ab80 0000c8e5H .edata                  DATA
 0003:00000000 00000004H .CRT$XCA                DATA
 0003:00000004 00000004H .CRT$XCAA               DATA
 0003:00000008 000000f0H .CRT$XCU                DATA
 0003:000000f8 00000004H .CRT$XCZ                DATA
 0003:000000fc 00000004H .CRT$XIA                DATA
 0003:00000100 00000004H .CRT$XIZ                DATA
 0003:00000110 000001f4H .data                   DATA
 0003:00000308 000019c8H .bss                    DATA

  Address         Publics by Value              Rva+Base     Lib:Object

 0000:00000000       __except_list              00000000     <absolute>
 0000:000000fd       ___safe_se_handler_count   000000fd     <absolute>
 0000:00009876       __fltused                  00009876     <absolute>
 0000:00009876       __ldused                   00009876     <absolute>
 0001:00000000       ?PrintDebugString@@YAXPBD@Z 00401000 f   debuginfor.obj
 0001:00000030       ?PrintDebugString@@YAXABV?$basic_string@DU?$char_traits@D@std@@V?$allocator@D@2@@std@@@Z 00401030 f   debuginfor.obj
 0001:00000070       ??1_Sentry_base@?$basic_ostream@DU?$char_traits@D@std@@@std@@QAE@XZ 00401070 f i debuginfor.obj
 0001:00000090       ??$?HDU?$char_traits@D@std@@V?$allocator@D@1@@std@@YA?AV?$basic_string@DU?$char_traits@D@std@@V?$allocator@D@2@@0@ABV10@0@Z 00401090 f i debuginfor.obj
 0001:00000110       ??$?HDU?$char_traits@D@std@@V?$allocator@D@1@@std@@YA?AV?$basic_string@DU?$char_traits@D@std@@V?$allocator@D@2@@0@PBDABV10@@Z 00401110 f i debuginfor.obj
 0001:00000190       ??$?HDU?$char_traits@D@std@@V?$allocator@D@1@@std@@YA?AV?$basic_string@DU?$char_traits@D@std@@V?$allocator@D@2@@0@DABV10@@Z 00401190 f i debuginfor.obj
 0001:00000210       ??$?HDU?$char_traits@D@std@@V?$allocator@D@1@@std@@YA?AV?$basic_string@DU?$char_traits@D@std@@V?$allocator@D@2@@0@ABV10@PBD@Z 00401210 f i debuginfor.obj
 0001:00000290       ??$?HDU?$char_traits@D@std@@V?$allocator@D@1@@std@@YA?AV?$basic_string@DU?$char_traits@D@std@@V?$allocator@D@2@@0@ABV10@D@Z 00401290 f i debuginfor.obj
 0001:00000310       ??0sentry@?$basic_ostream@DU?$char_traits@D@std@@@std@@QAE@AAV12@@Z 00401310 f i debuginfor.obj
 0001:000003a0       ??1sentry@?$basic_ostream@DU?$char_traits@D@std@@@std@@QAE@XZ 004013a0 f i debuginfor.obj
 0001:00000410       ??$?6DU?$char_traits@D@std@@V?$allocator@D@1@@std@@YAAAV?$basic_ostream@DU?$char_traits@D@std@@@0@AAV10@ABV?$basic_string@DU?$char_traits@D@std@@V?$allocator@D@2@@0@@Z 00401410 f i debuginfor.obj
 0001:00000610       ??1logic_error@std@@UAE@XZ 00401610 f i devform.obj
 0001:00000670       ?what@logic_error@std@@UBEPBDXZ 00401670 f i devform.obj
 0001:00000680       ??_Glogic_error@std@@UAEPAXI@Z 00401680 f i devform.obj
 0001:00000680       ??_Elogic_error@std@@UAEPAXI@Z 00401680 f i devform.obj
 0001:000006a0       ??_Elength_error@std@@UAEPAXI@Z 004016a0 f i devform.obj
 0001:000006a0       ??_Glength_error@std@@UAEPAXI@Z 004016a0 f i devform.obj
 0001:000006c0       ??1length_error@std@@UAE@XZ 004016c0 f i devform.obj
 0001:000006d0       ??_Gout_of_range@std@@UAEPAXI@Z 004016d0 f i devform.obj
 0001:000006d0       ??_Eout_of_range@std@@UAEPAXI@Z 004016d0 f i devform.obj
 0001:000006f0       ??1out_of_range@std@@UAE@XZ 004016f0 f i devform.obj
 0001:00000700       ??4WResource@@QAEAAV0@ABV0@@Z 00401700 f i devform.obj
 0001:00000700       ??4WWidget@@QAEAAV0@ABV0@@Z 00401700 f i devform.obj
 0001:00000700       ??4WObject@@QAEAAV0@ABV0@@Z 00401700 f i devform.obj
 0001:00000730       ?value@WLength@@QBENXZ     00401730 f i devform.obj
 0001:00000740       ??4WLength@@QAEAAV0@ABV0@@Z 00401740 f i devform.obj
 0001:00000770       ?isDefault@WColor@@QBE_NXZ 00401770 f i devform.obj
 0001:00000770       ?isAuto@WLength@@QBE_NXZ   00401770 f i devform.obj
 0001:00000780       ?blue@WColor@@QBEHXZ       00401780 f i devform.obj
 0001:00000790       ?name@WColor@@QBE?AV?$basic_string@DU?$char_traits@D@std@@V?$allocator@D@2@@std@@XZ 00401790 f i devform.obj
 0001:000007c0       ??1_Node@?$_Tree_nod@V?$_Tmap_traits@W4Property@Wt@@V?$basic_string@DU?$char_traits@D@std@@V?$allocator@D@2@@std@@U?$less@W4Property@Wt@@@4@V?$allocator@U?$pair@$$CBW4Property@Wt@@V?$basic_string@DU?$char_traits@D@std@@V?$allocator@D@2@@std@@@std@@@4@$0A@@std@@@std@@QAE@XZ 004017c0 f i libwt:WWebWidget.obj
 0001:000007c0       ??1WColor@@QAE@XZ          004017c0 f i devform.obj
 0001:000007d0       ??0WColor@@QAE@ABV0@@Z     004017d0 f i devform.obj
 0001:00000800       ??4WColor@@QAEAAV0@ABV0@@Z 00401800 f i devform.obj
 0001:00000830       ?signal@WConnection_@@QBEPAVWSignalInstance_@@XZ 00401830 f i libwt:WebSession.obj
 0001:00000830       ?width@WBorder@@QBE?AW4Width@1@XZ 00401830 f i devform.obj
 0001:00000840       ?explicitWidth@WBorder@@QBE?AVWLength@@XZ 00401840 f i devform.obj
 0001:00000870       ?color@WBorder@@QBE?AVWColor@@XZ 00401870 f i devform.obj
 0001:000008b0       ?style@WBorder@@QBE?AW4Style@1@XZ 004018b0 f i devform.obj
 0001:000008c0       ??1WBorder@@QAE@XZ         004018c0 f i devform.obj
 0001:000008d0       ??0WBorder@@QAE@ABV0@@Z    004018d0 f i devform.obj
 0001:00000930       ??4WBorder@@QAEAAV0@ABV0@@Z 00401930 f i devform.obj
 0001:00000990       ?specificFamilies@WFont@@QBE?BV?$basic_string@DU?$char_traits@D@std@@V?$allocator@D@2@@std@@XZ 00401990 f i devform.obj
 0001:000009c0       ?style@WFont@@QBE?AW4Style@1@XZ 004019c0 f i devform.obj
 0001:000009d0       ?variant@WFont@@QBE?AW4Variant@1@XZ 004019d0 f i devform.obj
 0001:000009e0       ?weight@WFont@@QBE?AW4Weight@1@XZ 004019e0 f i devform.obj
 0001:000009f0       ?weightValue@WFont@@QBEHXZ 004019f0 f i devform.obj
 0001:00000a00       ?fixedSize@WFont@@QBE?AVWLength@@XZ 00401a00 f i devform.obj
 0001:00000a30       ??1WFont@@QAE@XZ           00401a30 f i devform.obj
 0001:00000a40       ??0WFont@@QAE@ABV0@@Z      00401a40 f i devform.obj
 0001:00000ac0       ??4WFont@@QAEAAV0@ABV0@@Z  00401ac0 f i devform.obj
 0001:00000b40       ?backgroundColor@WCssDecorationStyle@@QBE?AVWColor@@XZ 00401b40 f i devform.obj
 0001:00000b80       ?backgroundImage@WCssDecorationStyle@@QBE?BV?$basic_string@DU?$char_traits@D@std@@V?$allocator@D@2@@std@@XZ 00401b80 f i devform.obj
 0001:00000bb0       ?backgroundImageRepeat@WCssDecorationStyle@@QBE?AW4Repeat@1@XZ 00401bb0 f i devform.obj
 0001:00000bc0       ?foregroundColor@WCssDecorationStyle@@QBE?AVWColor@@XZ 00401bc0 f i devform.obj
 0001:00000c10       ?border@WCssDecorationStyle@@QBE?AVWBorder@@XZ 00401c10 f i devform.obj
 0001:00000c30       ?decorationStyle@WWebWidget@@UAEAAVWCssDecorationStyle@@XZ 00401c30 f i devform.obj
 0001:00000c30       ?font@WCssDecorationStyle@@QAEAAVWFont@@XZ 00401c30 f i devform.obj
 0001:00000c40       ??1WCssDecorationStyle@@QAE@XZ 00401c40 f i devform.obj
 0001:00000cd0       ??0WCssDecorationStyle@@QAE@ABV0@@Z 00401cd0 f i devform.obj
 0001:00000e10       ??4WCssDecorationStyle@@QAEAAV0@ABV0@@Z 00401e10 f i devform.obj
 0001:00000f10       ?selector@WCssRule@@QBE?BV?$basic_string@DU?$char_traits@D@std@@V?$allocator@D@2@@std@@XZ 00401f10 f i devform.obj
 0001:00000f40       ??0WCssRule@@QAE@ABV0@@Z   00401f40 f i devform.obj
 0001:00000f60       ??4WCssRule@@QAEAAV0@ABV0@@Z 00401f60 f i devform.obj
 0001:00000f80       ??_EWCssRule@@UAEPAXI@Z    00401f80 f i devform.obj
 0001:00000fe0       ?styleSheet@WApplication@@QAEAAVWCssStyleSheet@@XZ 00401fe0 f i devform.obj
 0001:00000ff0       ?root@WApplication@@QBEPAVWContainerWidget@@XZ 00401ff0 f i devform.obj
 0001:00001000       ?title@WApplication@@QBE?AV?$basic_string@DU?$char_traits@D@std@@V?$allocator@D@2@@std@@XZ 00402000 f i devform.obj
 0001:00001030       ?loading@WApplication@@QBE_NXZ 00402030 f i devform.obj
 0001:00001040       ?setLoading@WApplication@@QAEX_N@Z 00402040 f i devform.obj
 0001:00001050       ?messageResourceBundle@WApplication@@QAEAAVWMessageResourceBundle@@XZ 00402050 f i devform.obj
 0001:00001060       ?locale@WApplication@@QBE?AV?$basic_string@DU?$char_traits@D@std@@V?$allocator@D@2@@std@@XZ 00402060 f i devform.obj
 0001:00001090       ?getBodyAttribute@WApplication@@QAE?BV?$basic_string@DU?$char_traits@D@std@@V?$allocator@D@2@@std@@XZ 00402090 f i devform.obj
 0001:000010c0       ?setBeforBodyStr@WApplication@@QAEXV?$basic_string@DU?$char_traits@D@std@@V?$allocator@D@2@@std@@@Z 004020c0 f i devform.obj
 0001:00001110       ?getBeforBodyStr@WApplication@@QAE?BV?$basic_string@DU?$char_traits@D@std@@V?$allocator@D@2@@std@@XZ 00402110 f i devform.obj
 0001:00001140       ?size@WFont@@QBE?AW4Size@1@XZ 00402140 f i devform.obj
 0001:00001140       ?getRefreshTime@WApplication@@QAEHXZ 00402140 f i devform.obj
 0001:00001150       ?getRefreshFunc@WApplication@@QAE?AV?$basic_string@DU?$char_traits@D@std@@V?$allocator@D@2@@std@@XZ 00402150 f i devform.obj
 0001:00001180       ?isQuited@WApplication@@ABE_NXZ 00402180 f i devform.obj
 0001:00001190       ?empty@WMessage@@QBE_NXZ   00402190 f i devform.obj
 0001:000011a0       ??0WMessage@@QAE@ABV0@@Z   004021a0 f i devform.obj
 0001:000011a0       ??0JSVar@@QAE@ABV0@@Z      004021a0 f i libwt:JavaScript.obj
 0001:000011c0       ??4WMessage@@QAEAAV0@ABV0@@Z 004021c0 f i devform.obj
 0001:000011e0       ?positionScheme@WWebWidget@@UBE?AW4PositionScheme@WWidget@@XZ 004021e0 f i devform.obj
 0001:000011f0       ?width@WWebWidget@@UBE?AVWLength@@XZ 004021f0 f i devform.obj
 0001:00001220       ?height@WWebWidget@@UBE?AVWLength@@XZ 00402220 f i devform.obj
 0001:00001250       ?isHidden@WWebWidget@@UBE_NXZ 00402250 f i devform.obj
 0001:00001260       ?isPopup@WWebWidget@@UBE_NXZ 00402260 f i devform.obj
 0001:00001270       ?isInline@WWebWidget@@UBE_NXZ 00402270 f i devform.obj
 0001:00001280       ?styleClass@WWebWidget@@UBE?BV?$basic_string@DU?$char_traits@D@std@@V?$allocator@D@2@@std@@XZ 00402280 f i devform.obj
 0001:000012b0       ?verticalAlignment@WWebWidget@@UBE?AW4VerticalAlignment@WWidget@@XZ 004022b0 f i devform.obj
 0001:000012c0       ?verticalAlignmentLength@WWebWidget@@UBE?AVWLength@@XZ 004022c0 f i devform.obj
 0001:000012f0       ?toolTip@WWebWidget@@UBE?AV?$basic_string@DU?$char_traits@D@std@@V?$allocator@D@2@@std@@XZ 004022f0 f i devform.obj
 0001:00001320       ?toolTipMessage@WWebWidget@@UBEABVWMessage@@XZ 00402320 f i devform.obj
 0001:00001330       ?renderState@WWebWidget@@IBE?AW4RenderState@1@XZ 00402330 f i devform.obj
 0001:00001340       ?webWidget@WWebWidget@@MAEPAV1@XZ 00402340 f i devform.obj
 0001:00001350       ?children@WWebWidget@@MBEABV?$vector@PAVWWidget@@V?$allocator@PAVWWidget@@@std@@@std@@XZ 00402350 f i devform.obj
 0001:00001360       ??_FWWebWidget@@QAEXXZ     00402360 f i devform.obj
 0001:00001370       ?data@WInteractWidget@@QAEPAXXZ 00402370 f i devform.obj
 0001:00001370       ?widget@WScrollArea@@QBEPAVWWidget@@XZ 00402370 f i devform.obj
 0001:00001380       ??1WInteractWidget@@UAE@XZ 00402380 f i devform.obj
 0001:00001390       ??_FWInteractWidget@@QAEXXZ 00402390 f i devform.obj
 0001:000013a0       ??_FWContainerWidget@@QAEXXZ 004023a0 f i devform.obj
 0001:000013b0       ?table@WTableRow@@QBEPAVWTable@@XZ 004023b0 f i devform.obj
 0001:000013c0       ??_FWTable@@QAEXXZ         004023c0 f i devform.obj
 0001:000013d0       ?rowSpan@WTableCell@@QBEHXZ 004023d0 f i devform.obj
 0001:000013e0       ?columnSpan@WTableCell@@QBEHXZ 004023e0 f i devform.obj
 0001:000013f0       ?column@WTableCell@@QBEHXZ 004023f0 f i devform.obj
 0001:00001400       ?message@WText@@QBEABVWMessage@@XZ 00402400 f i devform.obj
 0001:00001410       ?resource@WImage@@QBEPAVWResource@@XZ 00402410 f i devform.obj
 0001:00001410       ?formatting@WText@@QBE?AW4Formatting@1@XZ 00402410 f i devform.obj
 0001:00001420       ??1WText@@UAE@XZ           00402420 f i devform.obj
 0001:00001490       ??_FWText@@QAEXXZ          00402490 f i devform.obj
 0001:000014a0       ?alternateText@WImage@@QBE?BV?$basic_string@DU?$char_traits@D@std@@V?$allocator@D@2@@std@@XZ 004024a0 f i devform.obj
 0001:000014d0       ??1WImage@@UAE@XZ          004024d0 f i devform.obj
 0001:00001540       ??_FWImage@@QAEXXZ         00402540 f i devform.obj
 0001:00001550       ?isEnabled@WFormWidget@@QBE_NXZ 00402550 f i devform.obj
 0001:00001560       ??_FWFormWidget@@QAEXXZ    00402560 f i devform.obj
 0001:00001570       ?text@WPushButton@@QBE?AV?$basic_string@DU?$char_traits@D@std@@V?$allocator@D@2@@std@@XZ 00402570 f i devform.obj
 0001:000015a0       ?message@WPushButton@@QBEABVWMessage@@XZ 004025a0 f i devform.obj
 0001:000015b0       ??1WPushButton@@UAE@XZ     004025b0 f i devform.obj
 0001:00001620       ??_FWPushButton@@QAEXXZ    00402620 f i devform.obj
 0001:00001630       ?horizontalScrollBar@WScrollArea@@QBEPAVWScrollBar@@XZ 00402630 f i devform.obj
 0001:00001640       ?verticalScrollBar@WScrollArea@@QBEPAVWScrollBar@@XZ 00402640 f i devform.obj
 0001:00001650       ??_FWScrollArea@@QAEXXZ    00402650 f i devform.obj
 0001:00001660       ?GetCurrentTimeEx@TTime@chen@@SA?AV12@XZ 00402660 f i devform.obj
 0001:00001690       ?haveJavaScript@WebSession@@QBE_NXZ 00402690 f i devform.obj
 0001:000016a0       ?havaAjax@WebSession@@QBE_NXZ 004026a0 f i devform.obj
 0001:000016b0       ?textSize@WLineEdit@@QBEHXZ 004026b0 f i devform.obj
 0001:000016c0       ?text@WLineEdit@@QBE?BV?$basic_string@DU?$char_traits@D@std@@V?$allocator@D@2@@std@@XZ 004026c0 f i devform.obj
 0001:000016f0       ?echoMode@WLineEdit@@QBE?AW4EchoMode@1@XZ 004026f0 f i devform.obj
 0001:00001700       ??1WLineEdit@@UAE@XZ       00402700 f i devform.obj
 0001:00001750       ??_FWLineEdit@@QAEXXZ      00402750 f i devform.obj
 0001:00001760       ?makeQueueName@@YA?AV?$basic_string@DU?$char_traits@D@std@@V?$allocator@D@2@@std@@XZ 00402760 f   devform.obj
 0001:000018b0       ?getRefreshQueueName@@YA?AV?$basic_string@DU?$char_traits@D@std@@V?$allocator@D@2@@std@@ABV12@@Z 004028b0 f   devform.obj
 0001:000019d0       ?loadString@SVDeviceTest@@AAEXXZ 004029d0 f   devform.obj
 0001:00001c70       ?AddJsParam@SVDeviceTest@@AAEXV?$basic_string@DU?$char_traits@D@std@@V?$allocator@D@2@@std@@0PAVWContainerWidget@@@Z 00402c70 f   devform.obj
 0001:00001d80       ?ExChange@SVDeviceTest@@AAEXXZ 00402d80 f   devform.obj
 0001:00001e30       ?Translate@SVDeviceTest@@AAEXXZ 00402e30 f   devform.obj
 0001:00001e70       ?NewCreateContain@SVDeviceTest@@AAEXXZ 00402e70 f   devform.obj
 0001:00002490       ?getCmd@SVDeviceTest@@QAE?AV?$basic_string@DU?$char_traits@D@std@@V?$allocator@D@2@@std@@XZ 00403490 f   devform.obj
 0001:00002560       ?closeWnd@SVDeviceTest@@AAEXXZ 00403560 f   devform.obj
 0001:00002580       ?PrintReturn@SVDeviceTest@@AAEXPBD@Z 00403580 f   devform.obj
 0001:00002660       ?GetDllAndFunc@SVDeviceTest@@AAEXPBDAAV?$basic_string@DU?$char_traits@D@std@@V?$allocator@D@2@@std@@1@Z 00403660 f   devform.obj
 0001:000027e0       ?GetSEID@SVDeviceTest@@AAE?AV?$basic_string@DU?$char_traits@D@std@@V?$allocator@D@2@@std@@PBD@Z 004037e0 f   devform.obj
 0001:000028e0       ?_Xlen@?$vector@PAVWObject@@V?$allocator@PAVWObject@@@std@@@std@@IBEXXZ 004038e0 f i devform.obj
 0001:000028e0       ?_Xlen@?$vector@PAVWWidget@@V?$allocator@PAVWWidget@@@std@@@std@@IBEXXZ 004038e0 f i devform.obj
 0001:000028e0       ?_Xlen@?$vector@UTableData@WTableRow@@V?$allocator@UTableData@WTableRow@@@std@@@std@@IBEXXZ 004038e0 f i devform.obj
 0001:000028e0       ?_Xlen@?$vector@PAVDomElement@@V?$allocator@PAVDomElement@@@std@@@std@@IBEXXZ 004038e0 f i devform.obj
 0001:000028e0       ?_Xlen@?$vector@PAVWTableRow@@V?$allocator@PAVWTableRow@@@std@@@std@@IBEXXZ 004038e0 f i devform.obj
 0001:000028e0       ?_Xlen@?$vector@PAVWMessageResources@@V?$allocator@PAVWMessageResources@@@std@@@std@@IBEXXZ 004038e0 f i devform.obj
 0001:00002960       ??0logic_error@std@@QAE@ABV01@@Z 00403960 f i devform.obj
 0001:000029c0       ??0length_error@std@@QAE@ABV01@@Z 004039c0 f i devform.obj
 0001:000029e0       ?ReadFromRetQueue@@YA_NABV?$basic_string@DU?$char_traits@D@std@@V?$allocator@D@2@@std@@PADAAHV12@3@Z 004039e0 f   devform.obj
 0001:00002c10       ?ReadWriteDynQueue@@YA_NABV?$basic_string@DU?$char_traits@D@std@@V?$allocator@D@2@@std@@00PBDABHPADAAHV12@5@Z 00403c10 f   devform.obj
 0001:000033d0       ?NewInitForm@SVDeviceTest@@AAEXXZ 004043d0 f   devform.obj
 0001:000036a0       ?refresh@SVDeviceTest@@UAEXXZ 004046a0 f   devform.obj
 0001:000039c0       ?TestDevice@SVDeviceTest@@AAEXXZ 004049c0 f   devform.obj
 0001:00003ee0       ?_Max@?$_Tree@V?$_Tset_traits@PBVWSignalInstance_@@U?$less@PBVWSignalInstance_@@@std@@V?$allocator@PBVWSignalInstance_@@@3@$0A@@std@@@std@@KAPAU_Node@?$_Tree_nod@V?$_Tset_traits@PBVWSignalInstance_@@U?$less@PBVWSignalInstance_@@@std@@V?$allocator@PBVWSignalInstance_@@@3@$0A@@std@@@2@PAU342@@Z 00404ee0 f i devform.obj
 0001:00003ee0       ?_Max@?$_Tree@V?$_Tset_traits@PBVWResource@@U?$less@PBVWResource@@@std@@V?$allocator@PBVWResource@@@3@$0A@@std@@@std@@KAPAU_Node@?$_Tree_nod@V?$_Tset_traits@PBVWResource@@U?$less@PBVWResource@@@std@@V?$allocator@PBVWResource@@@3@$0A@@std@@@2@PAU342@@Z 00404ee0 f i devform.obj
 0001:00003f00       ?_Min@?$_Tree@V?$_Tset_traits@PBVWResource@@U?$less@PBVWResource@@@std@@V?$allocator@PBVWResource@@@3@$0A@@std@@@std@@KAPAU_Node@?$_Tree_nod@V?$_Tset_traits@PBVWResource@@U?$less@PBVWResource@@@std@@V?$allocator@PBVWResource@@@3@$0A@@std@@@2@PAU342@@Z 00404f00 f i devform.obj
 0001:00003f00       ?_Min@?$_Tree@V?$_Tset_traits@PBVWSignalInstance_@@U?$less@PBVWSignalInstance_@@@std@@V?$allocator@PBVWSignalInstance_@@@3@$0A@@std@@@std@@KAPAU_Node@?$_Tree_nod@V?$_Tset_traits@PBVWSignalInstance_@@U?$less@PBVWSignalInstance_@@@std@@V?$allocator@PBVWSignalInstance_@@@3@$0A@@std@@@2@PAU342@@Z 00404f00 f i devform.obj
 0001:00003f20       ?_Lrotate@?$_Tree@V?$_Tmap_traits@V?$basic_string@DU?$char_traits@D@std@@V?$allocator@D@2@@std@@PAVWCssRule@@U?$less@V?$basic_string@DU?$char_traits@D@std@@V?$allocator@D@2@@std@@@2@V?$allocator@U?$pair@$$CBV?$basic_string@DU?$char_traits@D@std@@V?$allocator@D@2@@std@@PAVWCssRule@@@std@@@2@$0A@@std@@@std@@IAEXPAU_Node@?$_Tree_nod@V?$_Tmap_traits@V?$basic_string@DU?$char_traits@D@std@@V?$allocator@D@2@@std@@PAVWCssRule@@U?$less@V?$basic_string@DU?$char_traits@D@std@@V?$allocator@D@2@@std@@@2@V?$allocator@U?$pair@$$CBV?$basic_string@DU?$char_traits@D@std@@V?$allocator@D@2@@std@@PAVWCssRule@@@std@@@2@$0A@@std@@@2@@Z 00404f20 f i devform.obj
 0001:00003f20       ?_Lrotate@?$_Tree@V?$_Tmap_traits@V?$basic_string@DU?$char_traits@D@std@@V?$allocator@D@2@@std@@PAVWSlotInstance_@@U?$less@V?$basic_string@DU?$char_traits@D@std@@V?$allocator@D@2@@std@@@2@V?$allocator@U?$pair@$$CBV?$basic_string@DU?$char_traits@D@std@@V?$allocator@D@2@@std@@PAVWSlotInstance_@@@std@@@2@$0A@@std@@@std@@IAEXPAU_Node@?$_Tree_nod@V?$_Tmap_traits@V?$basic_string@DU?$char_traits@D@std@@V?$allocator@D@2@@std@@PAVWSlotInstance_@@U?$less@V?$basic_string@DU?$char_traits@D@std@@V?$allocator@D@2@@std@@@2@V?$allocator@U?$pair@$$CBV?$basic_string@DU?$char_traits@D@std@@V?$allocator@D@2@@std@@PAVWSlotInstance_@@@std@@@2@$0A@@std@@@2@@Z 00404f20 f i libwt:WWebWidget.obj
 0001:00003f20       ?_Lrotate@?$_Tree@V?$_Tmap_traits@W4Property@Wt@@V?$basic_string@DU?$char_traits@D@std@@V?$allocator@D@2@@std@@U?$less@W4Property@Wt@@@4@V?$allocator@U?$pair@$$CBW4Property@Wt@@V?$basic_string@DU?$char_traits@D@std@@V?$allocator@D@2@@std@@@std@@@4@$0A@@std@@@std@@IAEXPAU_Node@?$_Tree_nod@V?$_Tmap_traits@W4Property@Wt@@V?$basic_string@DU?$char_traits@D@std@@V?$allocator@D@2@@std@@U?$less@W4Property@Wt@@@4@V?$allocator@U?$pair@$$CBW4Property@Wt@@V?$basic_string@DU?$char_traits@D@std@@V?$allocator@D@2@@std@@@std@@@4@$0A@@std@@@2@@Z 00404f20 f i libwt:WWebWidget.obj
 0001:00003f20       ?_Lrotate@?$_Tree@V?$_Tmap_traits@V?$basic_string@DU?$char_traits@D@std@@V?$allocator@D@2@@std@@PAVWSignalInstance_@@U?$less@V?$basic_string@DU?$char_traits@D@std@@V?$allocator@D@2@@std@@@2@V?$allocator@U?$pair@$$CBV?$basic_string@DU?$char_traits@D@std@@V?$allocator@D@2@@std@@PAVWSignalInstance_@@@std@@@2@$0A@@std@@@std@@IAEXPAU_Node@?$_Tree_nod@V?$_Tmap_traits@V?$basic_string@DU?$char_traits@D@std@@V?$allocator@D@2@@std@@PAVWSignalInstance_@@U?$less@V?$basic_string@DU?$char_traits@D@std@@V?$allocator@D@2@@std@@@2@V?$allocator@U?$pair@$$CBV?$basic_string@DU?$char_traits@D@std@@V?$allocator@D@2@@std@@PAVWSignalInstance_@@@std@@@2@$0A@@std@@@2@@Z 00404f20 f i devformwt.obj
 0001:00003f80       ?_Rrotate@?$_Tree@V?$_Tset_traits@PBVWResource@@U?$less@PBVWResource@@@std@@V?$allocator@PBVWResource@@@3@$0A@@std@@@std@@IAEXPAU_Node@?$_Tree_nod@V?$_Tset_traits@PBVWResource@@U?$less@PBVWResource@@@std@@V?$allocator@PBVWResource@@@3@$0A@@std@@@2@@Z 00404f80 f i devform.obj
 0001:00003f80       ?_Rrotate@?$_Tree@V?$_Tset_traits@PBVWSignalInstance_@@U?$less@PBVWSignalInstance_@@@std@@V?$allocator@PBVWSignalInstance_@@@3@$0A@@std@@@std@@IAEXPAU_Node@?$_Tree_nod@V?$_Tset_traits@PBVWSignalInstance_@@U?$less@PBVWSignalInstance_@@@std@@V?$allocator@PBVWSignalInstance_@@@3@$0A@@std@@@2@@Z 00404f80 f i devform.obj
 0001:00003fe0       ?_Lrotate@?$_Tree@V?$_Tset_traits@PBVWResource@@U?$less@PBVWResource@@@std@@V?$allocator@PBVWResource@@@3@$0A@@std@@@std@@IAEXPAU_Node@?$_Tree_nod@V?$_Tset_traits@PBVWResource@@U?$less@PBVWResource@@@std@@V?$allocator@PBVWResource@@@3@$0A@@std@@@2@@Z 00404fe0 f i devform.obj
 0001:00003fe0       ?_Lrotate@?$_Tree@V?$_Tset_traits@PBVWSignalInstance_@@U?$less@PBVWSignalInstance_@@@std@@V?$allocator@PBVWSignalInstance_@@@3@$0A@@std@@@std@@IAEXPAU_Node@?$_Tree_nod@V?$_Tset_traits@PBVWSignalInstance_@@U?$less@PBVWSignalInstance_@@@std@@V?$allocator@PBVWSignalInstance_@@@3@$0A@@std@@@2@@Z 00404fe0 f i devform.obj
 0001:00004040       ?_Inc@const_iterator@?$_Tree@V?$_Tmap_traits@W4Property@Wt@@V?$basic_string@DU?$char_traits@D@std@@V?$allocator@D@2@@std@@U?$less@W4Property@Wt@@@4@V?$allocator@U?$pair@$$CBW4Property@Wt@@V?$basic_string@DU?$char_traits@D@std@@V?$allocator@D@2@@std@@@std@@@4@$0A@@std@@@std@@QAEXXZ 00405040 f i libwt:WWebWidget.obj
 0001:00004040       ?_Inc@const_iterator@?$_Tree@V?$_Tmap_traits@V?$basic_string@DU?$char_traits@D@std@@V?$allocator@D@2@@std@@PAVWCssRule@@U?$less@V?$basic_string@DU?$char_traits@D@std@@V?$allocator@D@2@@std@@@2@V?$allocator@U?$pair@$$CBV?$basic_string@DU?$char_traits@D@std@@V?$allocator@D@2@@std@@PAVWCssRule@@@std@@@2@$0A@@std@@@std@@QAEXXZ 00405040 f i devform.obj
 0001:00004040       ?_Inc@const_iterator@?$_Tree@V?$_Tmap_traits@V?$basic_string@DU?$char_traits@D@std@@V?$allocator@D@2@@std@@PAVWSlotInstance_@@U?$less@V?$basic_string@DU?$char_traits@D@std@@V?$allocator@D@2@@std@@@2@V?$allocator@U?$pair@$$CBV?$basic_string@DU?$char_traits@D@std@@V?$allocator@D@2@@std@@PAVWSlotInstance_@@@std@@@2@$0A@@std@@@std@@QAEXXZ 00405040 f i libwt:WWebWidget.obj
 0001:00004040       ?_Inc@const_iterator@?$_Tree@V?$_Tmap_traits@V?$basic_string@DU?$char_traits@D@std@@V?$allocator@D@2@@std@@PAVWSignalInstance_@@U?$less@V?$basic_string@DU?$char_traits@D@std@@V?$allocator@D@2@@std@@@2@V?$allocator@U?$pair@$$CBV?$basic_string@DU?$char_traits@D@std@@V?$allocator@D@2@@std@@PAVWSignalInstance_@@@std@@@2@$0A@@std@@@std@@QAEXXZ 00405040 f i devformwt.obj
 0001:000040a0       ?_Inc@const_iterator@?$_Tree@V?$_Tset_traits@PBVWSignalInstance_@@U?$less@PBVWSignalInstance_@@@std@@V?$allocator@PBVWSignalInstance_@@@3@$0A@@std@@@std@@QAEXXZ 004050a0 f i devform.obj
 0001:000040a0       ?_Inc@const_iterator@?$_Tree@V?$_Tset_traits@PBVWResource@@U?$less@PBVWResource@@@std@@V?$allocator@PBVWResource@@@3@$0A@@std@@@std@@QAEXXZ 004050a0 f i devform.obj
 0001:00004100       ??$copy@PAPAVDomElement@@PAPAV1@@std@@YAPAPAVDomElement@@PAPAV1@00@Z 00405100 f i devform.obj
 0001:00004100       ??$copy@PAPAVWObject@@PAPAV1@@std@@YAPAPAVWObject@@PAPAV1@00@Z 00405100 f i devform.obj
 0001:00004100       ??$copy@PAPAVWScrollBar@@PAPAV1@@std@@YAPAPAVWScrollBar@@PAPAV1@00@Z 00405100 f i libwt:WScrollArea.obj
 0001:00004100       ??$copy@PAPAVWConnection_@@PAPAV1@@std@@YAPAPAVWConnection_@@PAPAV1@00@Z 00405100 f i devformwt.obj
 0001:00004100       ??$copy@PAPAVWWidget@@PAPAV1@@std@@YAPAPAVWWidget@@PAPAV1@00@Z 00405100 f i devform.obj
 0001:00004100       ??$copy@PAPAVWTableRow@@PAPAV1@@std@@YAPAPAVWTableRow@@PAPAV1@00@Z 00405100 f i devform.obj
 0001:00004100       ??$copy@PAPAVWMessageResources@@PAPAV1@@std@@YAPAPAVWMessageResources@@PAPAV1@00@Z 00405100 f i devform.obj
 0001:00004130       ??$copy@PAUTableData@WTableRow@@PAU12@@std@@YAPAUTableData@WTableRow@@PAU12@00@Z 00405130 f i devform.obj
 0001:00004160       ?showresult@SVDeviceTest@@AAEXXZ 00405160 f   devform.obj
 0001:000041d0       ?_Buy@?$vector@UTableData@WTableRow@@V?$allocator@UTableData@WTableRow@@@std@@@std@@IAE_NI@Z 004051d0 f i devform.obj
 0001:00004220       ?_Buy@?$vector@PAVDomElement@@V?$allocator@PAVDomElement@@@std@@@std@@IAE_NI@Z 00405220 f i devform.obj
 0001:00004220       ?_Buy@?$vector@PAVWTableRow@@V?$allocator@PAVWTableRow@@@std@@@std@@IAE_NI@Z 00405220 f i devform.obj
 0001:00004220       ?_Buy@?$vector@PAVWWidget@@V?$allocator@PAVWWidget@@@std@@@std@@IAE_NI@Z 00405220 f i devform.obj
 0001:00004220       ?_Buy@?$vector@PAVWObject@@V?$allocator@PAVWObject@@@std@@@std@@IAE_NI@Z 00405220 f i devform.obj
 0001:00004220       ?_Buy@?$vector@PAVWMessageResources@@V?$allocator@PAVWMessageResources@@@std@@@std@@IAE_NI@Z 00405220 f i devform.obj
 0001:00004270       ?_Buynode@?$_Tree@V?$_Tmap_traits@V?$basic_string@DU?$char_traits@D@std@@V?$allocator@D@2@@std@@PAVWCssRule@@U?$less@V?$basic_string@DU?$char_traits@D@std@@V?$allocator@D@2@@std@@@2@V?$allocator@U?$pair@$$CBV?$basic_string@DU?$char_traits@D@std@@V?$allocator@D@2@@std@@PAVWCssRule@@@std@@@2@$0A@@std@@@std@@IAEPAU_Node@?$_Tree_nod@V?$_Tmap_traits@V?$basic_string@DU?$char_traits@D@std@@V?$allocator@D@2@@std@@PAVWCssRule@@U?$less@V?$basic_string@DU?$char_traits@D@std@@V?$allocator@D@2@@std@@@2@V?$allocator@U?$pair@$$CBV?$basic_string@DU?$char_traits@D@std@@V?$allocator@D@2@@std@@PAVWCssRule@@@std@@@2@$0A@@std@@@2@PAU342@00ABU?$pair@$$CBV?$basic_string@DU?$char_traits@D@std@@V?$allocator@D@2@@std@@PAVWCssRule@@@2@D@Z 00405270 f i devform.obj
 0001:00004310       ?_Erase@?$_Tree@V?$_Tset_traits@PBVWSignalInstance_@@U?$less@PBVWSignalInstance_@@@std@@V?$allocator@PBVWSignalInstance_@@@3@$0A@@std@@@std@@IAEXPAU_Node@?$_Tree_nod@V?$_Tset_traits@PBVWSignalInstance_@@U?$less@PBVWSignalInstance_@@@std@@V?$allocator@PBVWSignalInstance_@@@3@$0A@@std@@@2@@Z 00405310 f i devform.obj
 0001:00004350       ?_Erase@?$_Tree@V?$_Tset_traits@PBVWResource@@U?$less@PBVWResource@@@std@@V?$allocator@PBVWResource@@@3@$0A@@std@@@std@@IAEXPAU_Node@?$_Tree_nod@V?$_Tset_traits@PBVWResource@@U?$less@PBVWResource@@@std@@V?$allocator@PBVWResource@@@3@$0A@@std@@@2@@Z 00405350 f i devform.obj
 0001:00004390       ?_Buynode@?$_Tree@V?$_Tset_traits@PBVWSignalInstance_@@U?$less@PBVWSignalInstance_@@@std@@V?$allocator@PBVWSignalInstance_@@@3@$0A@@std@@@std@@IAEPAU_Node@?$_Tree_nod@V?$_Tset_traits@PBVWSignalInstance_@@U?$less@PBVWSignalInstance_@@@std@@V?$allocator@PBVWSignalInstance_@@@3@$0A@@std@@@2@PAU342@00ABQBVWSignalInstance_@@D@Z 00405390 f i devform.obj
 0001:00004390       ?_Buynode@?$_Tree@V?$_Tset_traits@PBVWResource@@U?$less@PBVWResource@@@std@@V?$allocator@PBVWResource@@@3@$0A@@std@@@std@@IAEPAU_Node@?$_Tree_nod@V?$_Tset_traits@PBVWResource@@U?$less@PBVWResource@@@std@@V?$allocator@PBVWResource@@@3@$0A@@std@@@2@PAU342@00ABQBVWResource@@D@Z 00405390 f i devform.obj
 0001:000043d0       ??$_Ucopy@PAPAVWTableRow@@@?$vector@PAVWTableRow@@V?$allocator@PAVWTableRow@@@std@@@std@@IAEPAPAVWTableRow@@PAPAV2@00@Z 004053d0 f i devform.obj
 0001:000043d0       ??$_Ucopy@PAPAVWWidget@@@?$vector@PAVWWidget@@V?$allocator@PAVWWidget@@@std@@@std@@IAEPAPAVWWidget@@PAPAV2@00@Z 004053d0 f i devform.obj
 0001:000043d0       ??$_Ucopy@PAPAVWScrollBar@@@?$vector@PAVWScrollBar@@V?$allocator@PAVWScrollBar@@@std@@@std@@IAEPAPAVWScrollBar@@PAPAV2@00@Z 004053d0 f i libwt:WScrollArea.obj
 0001:000043d0       ??$_Ucopy@PAPAVWConnection_@@@?$vector@PAVWConnection_@@V?$allocator@PAVWConnection_@@@std@@@std@@IAEPAPAVWConnection_@@PAPAV2@00@Z 004053d0 f i devformwt.obj
 0001:000043d0       ??$_Ucopy@PAPAVDomElement@@@?$vector@PAVDomElement@@V?$allocator@PAVDomElement@@@std@@@std@@IAEPAPAVDomElement@@PAPAV2@00@Z 004053d0 f i devform.obj
 0001:000043d0       ??$_Ucopy@PAPAVWTable@@@?$vector@PAVWTable@@V?$allocator@PAVWTable@@@std@@@std@@IAEPAPAVWTable@@PAPAV2@00@Z 004053d0 f i WSPopTable.obj
 0001:000043d0       ??$_Ucopy@PAPAVWMessageResources@@@?$vector@PAVWMessageResources@@V?$allocator@PAVWMessageResources@@@std@@@std@@IAEPAPAVWMessageResources@@PAPAV2@00@Z 004053d0 f i devform.obj
 0001:000043d0       ??$_Ucopy@PAPAVWObject@@@?$vector@PAVWObject@@V?$allocator@PAVWObject@@@std@@@std@@IAEPAPAVWObject@@PAPAV2@00@Z 004053d0 f i devform.obj
 0001:00004400       ??$_Uninit_copy@PAUTableData@WTableRow@@PAU12@V?$allocator@UTableData@WTableRow@@@std@@@std@@YAPAUTableData@WTableRow@@PAU12@00AAV?$allocator@UTableData@WTableRow@@@0@U_Nonscalar_ptr_iterator_tag@0@@Z 00405400 f i devform.obj
 0001:00004430       ??1?$vector@PAVWConnection_@@V?$allocator@PAVWConnection_@@@std@@@std@@QAE@XZ 00405430 f i devformwt.obj
 0001:00004430       ??1?$vector@PAVWWidget@@V?$allocator@PAVWWidget@@@std@@@std@@QAE@XZ 00405430 f i devform.obj
 0001:00004430       ??1?$vector@PAVWObject@@V?$allocator@PAVWObject@@@std@@@std@@QAE@XZ 00405430 f i devform.obj
 0001:00004430       ??1WMessageResourceBundle@@QAE@XZ 00405430 f i devform.obj
 0001:00004430       ??1?$vector@PAVWTableRow@@V?$allocator@PAVWTableRow@@@std@@@std@@QAE@XZ 00405430 f i libwt:WTable.obj
 0001:00004430       ?_Tidy@?$vector@PAVWMessageResources@@V?$allocator@PAVWMessageResources@@@std@@@std@@IAEXXZ 00405430 f i devform.obj
 0001:00004430       ??1?$vector@PAVDomElement@@V?$allocator@PAVDomElement@@@std@@@std@@QAE@XZ 00405430 f i libwt:WWebWidget.obj
 0001:00004430       ??1?$vector@UTableData@WTableRow@@V?$allocator@UTableData@WTableRow@@@std@@@std@@QAE@XZ 00405430 f i devform.obj
 0001:00004430       ?_Tidy@?$vector@PAVWObject@@V?$allocator@PAVWObject@@@std@@@std@@IAEXXZ 00405430 f i devform.obj
 0001:00004430       ??1?$vector@PAVWScrollBar@@V?$allocator@PAVWScrollBar@@@std@@@std@@QAE@XZ 00405430 f i libwt:WScrollBar.obj
 0001:00004430       ?_Tidy@?$vector@PAVWConnection_@@V?$allocator@PAVWConnection_@@@std@@@std@@IAEXXZ 00405430 f i devformwt.obj
 0001:00004430       ??1?$vector@PAVWTable@@V?$allocator@PAVWTable@@@std@@@std@@QAE@XZ 00405430 f i WSPopTable.obj
 0001:00004460       ?_Copy@?$_Tree@V?$_Tset_traits@PBVWSignalInstance_@@U?$less@PBVWSignalInstance_@@@std@@V?$allocator@PBVWSignalInstance_@@@3@$0A@@std@@@std@@IAEPAU_Node@?$_Tree_nod@V?$_Tset_traits@PBVWSignalInstance_@@U?$less@PBVWSignalInstance_@@@std@@V?$allocator@PBVWSignalInstance_@@@3@$0A@@std@@@2@PAU342@0@Z 00405460 f i devform.obj
 0001:00004510       ?_Copy@?$_Tree@V?$_Tset_traits@PBVWResource@@U?$less@PBVWResource@@@std@@V?$allocator@PBVWResource@@@3@$0A@@std@@@std@@IAEPAU_Node@?$_Tree_nod@V?$_Tset_traits@PBVWResource@@U?$less@PBVWResource@@@std@@V?$allocator@PBVWResource@@@3@$0A@@std@@@2@PAU342@0@Z 00405510 f i devform.obj
 0001:000045c0       ??1WContainerWidget@@UAE@XZ 004055c0 f i devform.obj
 0001:000045c0       ??1WTableCell@@UAE@XZ      004055c0 f i devform.obj
 0001:00004600       ??1WebSession@@QAE@XZ      00405600 f i devform.obj
 0001:000046e0       ??0SVDeviceTest@@QAE@PAVWContainerWidget@@@Z 004056e0 f   devform.obj
 0001:000048d0       ??4?$vector@PAVWWidget@@V?$allocator@PAVWWidget@@@std@@@std@@QAEAAV01@ABV01@@Z 004058d0 f i devform.obj
 0001:000048d0       ??4?$vector@PAVWObject@@V?$allocator@PAVWObject@@@std@@@std@@QAEAAV01@ABV01@@Z 004058d0 f i devform.obj
 0001:000048d0       ??4?$vector@PAVWTableRow@@V?$allocator@PAVWTableRow@@@std@@@std@@QAEAAV01@ABV01@@Z 004058d0 f i devform.obj
 0001:000048d0       ??4?$vector@PAVDomElement@@V?$allocator@PAVDomElement@@@std@@@std@@QAEAAV01@ABV01@@Z 004058d0 f i devform.obj
 0001:000048d0       ??4?$vector@PAVWMessageResources@@V?$allocator@PAVWMessageResources@@@std@@@std@@QAEAAV01@ABV01@@Z 004058d0 f i devform.obj
 0001:00004a20       ?_Copy@?$_Tree@V?$_Tset_traits@PBVWSignalInstance_@@U?$less@PBVWSignalInstance_@@@std@@V?$allocator@PBVWSignalInstance_@@@3@$0A@@std@@@std@@IAEXABV12@@Z 00405a20 f i devform.obj
 0001:00004ab0       ?_Copy@?$_Tree@V?$_Tset_traits@PBVWResource@@U?$less@PBVWResource@@@std@@V?$allocator@PBVWResource@@@3@$0A@@std@@@std@@IAEXABV12@@Z 00405ab0 f i devform.obj
 0001:00004b40       ?erase@?$_Tree@V?$_Tmap_traits@V?$basic_string@DU?$char_traits@D@std@@V?$allocator@D@2@@std@@PAVWCssRule@@U?$less@V?$basic_string@DU?$char_traits@D@std@@V?$allocator@D@2@@std@@@2@V?$allocator@U?$pair@$$CBV?$basic_string@DU?$char_traits@D@std@@V?$allocator@D@2@@std@@PAVWCssRule@@@std@@@2@$0A@@std@@@std@@QAE?AViterator@12@V312@@Z 00405b40 f i devform.obj
 0001:00004e20       ??0out_of_range@std@@QAE@ABV01@@Z 00405e20 f i devform.obj
 0001:00004e40       ?erase@?$_Tree@V?$_Tset_traits@PBVWSignalInstance_@@U?$less@PBVWSignalInstance_@@@std@@V?$allocator@PBVWSignalInstance_@@@3@$0A@@std@@@std@@QAE?AViterator@12@V312@@Z 00405e40 f i devform.obj
 0001:00004e40       ?erase@?$_Tree@V?$_Tset_traits@PBVWResource@@U?$less@PBVWResource@@@std@@V?$allocator@PBVWResource@@@3@$0A@@std@@@std@@QAE?AViterator@12@V312@@Z 00405e40 f i devform.obj
 0001:00005110       ?_Erase@?$_Tree@V?$_Tmap_traits@V?$basic_string@DU?$char_traits@D@std@@V?$allocator@D@2@@std@@PAVWCssRule@@U?$less@V?$basic_string@DU?$char_traits@D@std@@V?$allocator@D@2@@std@@@2@V?$allocator@U?$pair@$$CBV?$basic_string@DU?$char_traits@D@std@@V?$allocator@D@2@@std@@PAVWCssRule@@@std@@@2@$0A@@std@@@std@@IAEXPAU_Node@?$_Tree_nod@V?$_Tmap_traits@V?$basic_string@DU?$char_traits@D@std@@V?$allocator@D@2@@std@@PAVWCssRule@@U?$less@V?$basic_string@DU?$char_traits@D@std@@V?$allocator@D@2@@std@@@2@V?$allocator@U?$pair@$$CBV?$basic_string@DU?$char_traits@D@std@@V?$allocator@D@2@@std@@PAVWCssRule@@@std@@@2@$0A@@std@@@2@@Z 00406110 f i devform.obj
 0001:00005150       ??$_Ucopy@PAUTableData@WTableRow@@@?$vector@UTableData@WTableRow@@V?$allocator@UTableData@WTableRow@@@std@@@std@@IAEPAUTableData@WTableRow@@PAU23@00@Z 00406150 f i devform.obj
 0001:00005170       ??4WMessageResourceBundle@@QAEAAV0@ABV0@@Z 00406170 f i devform.obj
 0001:00005190       ??4WWebWidget@@QAEAAV0@ABV0@@Z 00406190 f i devform.obj
 0001:000054d0       ??4WInteractWidget@@QAEAAV0@ABV0@@Z 004064d0 f i devform.obj
 0001:00005510       ??4WContainerWidget@@QAEAAV0@ABV0@@Z 00406510 f i devform.obj
 0001:000055f0       ??4WTable@@QAEAAV0@ABV0@@Z 004065f0 f i devform.obj
 0001:00005750       ??4WTableCell@@QAEAAV0@ABV0@@Z 00406750 f i devform.obj
 0001:000057b0       ??4WText@@QAEAAV0@ABV0@@Z  004067b0 f i devform.obj
 0001:00005810       ??4WImage@@QAEAAV0@ABV0@@Z 00406810 f i devform.obj
 0001:00005870       ??4WFormWidget@@QAEAAV0@ABV0@@Z 00406870 f i devform.obj
 0001:000058c0       ??4WPushButton@@QAEAAV0@ABV0@@Z 004068c0 f i devform.obj
 0001:00005950       ??4WScrollArea@@QAEAAV0@ABV0@@Z 00406950 f i devform.obj
 0001:000059c0       ??4WebSession@@QAEAAV0@ABV0@@Z 004069c0 f i devform.obj
 0001:00005b80       ??4WLineEdit@@QAEAAV0@ABV0@@Z 00406b80 f i devform.obj
 0001:00005c20       ??_ESVDeviceTest@@UAEPAXI@Z 00406c20 f i devform.obj
 0001:00005c20       ??_GSVDeviceTest@@UAEPAXI@Z 00406c20 f i devform.obj
 0001:00005c40       ??1SVDeviceTest@@UAE@XZ    00406c40 f i devform.obj
 0001:00005e00       ??0?$vector@PAVWObject@@V?$allocator@PAVWObject@@@std@@@std@@QAE@ABV01@@Z 00406e00 f i devform.obj
 0001:00005e00       ??0?$vector@PAVWMessageResources@@V?$allocator@PAVWMessageResources@@@std@@@std@@QAE@ABV01@@Z 00406e00 f i devform.obj
 0001:00005ec0       ?erase@?$_Tree@V?$_Tset_traits@PBVWSignalInstance_@@U?$less@PBVWSignalInstance_@@@std@@V?$allocator@PBVWSignalInstance_@@@3@$0A@@std@@@std@@QAE?AViterator@12@V312@0@Z 00406ec0 f i devform.obj
 0001:00005f80       ?erase@?$_Tree@V?$_Tset_traits@PBVWResource@@U?$less@PBVWResource@@@std@@V?$allocator@PBVWResource@@@3@$0A@@std@@@std@@QAE?AViterator@12@V312@0@Z 00406f80 f i devform.obj
 0001:00006040       ?_Copy@?$_Tree@V?$_Tmap_traits@V?$basic_string@DU?$char_traits@D@std@@V?$allocator@D@2@@std@@PAVWCssRule@@U?$less@V?$basic_string@DU?$char_traits@D@std@@V?$allocator@D@2@@std@@@2@V?$allocator@U?$pair@$$CBV?$basic_string@DU?$char_traits@D@std@@V?$allocator@D@2@@std@@PAVWCssRule@@@std@@@2@$0A@@std@@@std@@IAEPAU_Node@?$_Tree_nod@V?$_Tmap_traits@V?$basic_string@DU?$char_traits@D@std@@V?$allocator@D@2@@std@@PAVWCssRule@@U?$less@V?$basic_string@DU?$char_traits@D@std@@V?$allocator@D@2@@std@@@2@V?$allocator@U?$pair@$$CBV?$basic_string@DU?$char_traits@D@std@@V?$allocator@D@2@@std@@PAVWCssRule@@@std@@@2@$0A@@std@@@2@PAU342@0@Z 00407040 f i devform.obj
 0001:000060f0       ??0WMessageResourceBundle@@QAE@ABV0@@Z 004070f0 f i devform.obj
 0001:00006110       ??1WTableRow@@UAE@XZ       00407110 f i devform.obj
 0001:000061b0       ??0WebSession@@QAE@ABV0@@Z 004071b0 f i devform.obj
 0001:000063c0       ??4?$vector@UTableData@WTableRow@@V?$allocator@UTableData@WTableRow@@@std@@@std@@QAEAAV01@ABV01@@Z 004073c0 f i devform.obj
 0001:00006510       ?erase@?$_Tree@V?$_Tmap_traits@V?$basic_string@DU?$char_traits@D@std@@V?$allocator@D@2@@std@@PAVWCssRule@@U?$less@V?$basic_string@DU?$char_traits@D@std@@V?$allocator@D@2@@std@@@2@V?$allocator@U?$pair@$$CBV?$basic_string@DU?$char_traits@D@std@@V?$allocator@D@2@@std@@PAVWCssRule@@@std@@@2@$0A@@std@@@std@@QAE?AViterator@12@V312@0@Z 00407510 f i devform.obj
 0001:000065d0       ?_Copy@?$_Tree@V?$_Tmap_traits@V?$basic_string@DU?$char_traits@D@std@@V?$allocator@D@2@@std@@PAVWCssRule@@U?$less@V?$basic_string@DU?$char_traits@D@std@@V?$allocator@D@2@@std@@@2@V?$allocator@U?$pair@$$CBV?$basic_string@DU?$char_traits@D@std@@V?$allocator@D@2@@std@@PAVWCssRule@@@std@@@2@$0A@@std@@@std@@IAEXABV12@@Z 004075d0 f i devform.obj
 0001:00006660       ??4WTableRow@@QAEAAV0@ABV0@@Z 00407660 f i devform.obj
 0001:000066b0       ??4WApplication@@QAEAAV0@ABV0@@Z 004076b0 f i devform.obj
 0001:00006800       ?good@WSignal_@@QBE_NXZ    00407800 f i devformwt.obj
 0001:00006800       ?good@WSlot_@@QAE_NXZ      00407800 f i devformwt.obj
 0001:00006810       ?staticCodeChanged@WSignalInstance_@@QBE_NXZ 00407810 f i devformwt.obj
 0001:00006820       ?connectivityChanged@WSignalInstance_@@QBE_NXZ 00407820 f i devformwt.obj
 0001:00006830       ?object@WSignalInstance_@@QBEPAVWObject@@XZ 00407830 f i devformwt.obj
 0001:00006830       ?genericFamily@WFont@@QBE?AW4GenericFamily@1@XZ 00407830 f i devform.obj
 0001:00006830       ?red@WColor@@QBEHXZ        00407830 f i devform.obj
 0001:00006830       ?sender@WObject@@ABEPAV1@XZ 00407830 f i devform.obj
 0001:00006830       ?unit@WLength@@QBE?AW4Unit@1@XZ 00407830 f i devform.obj
 0001:00006830       ?cursor@WCssDecorationStyle@@QBE?AW4Cursor@1@XZ 00407830 f i devform.obj
 0001:00006830       ?slot@WConnection_@@QBEPAVWSlotInstance_@@XZ 00407830 f i libwt:WebSession.obj
 0001:00006840       ?canStatic@WSlot_@@QBE_NXZ 00407840 f i devformwt.obj
 0001:00006840       ?exposable@WSignal_@@QBE_NXZ 00407840 f i devformwt.obj
 0001:00006850       ?key@WMessage@@QBE?BV?$basic_string@DU?$char_traits@D@std@@V?$allocator@D@2@@std@@XZ 00407850 f i devform.obj
 0001:00006850       ?name@JSVar@@QAE?BV?$basic_string@DU?$char_traits@D@std@@V?$allocator@D@2@@std@@XZ 00407850 f i libwt:DomElement.obj
 0001:00006850       ?name@WSlot_@@QBE?BV?$basic_string@DU?$char_traits@D@std@@V?$allocator@D@2@@std@@XZ 00407850 f i devformwt.obj
 0001:00006850       ?name@WSignal_@@QBE?BV?$basic_string@DU?$char_traits@D@std@@V?$allocator@D@2@@std@@XZ 00407850 f i devformwt.obj
 0001:00006850       ?path@WMessageResources@@QBE?BV?$basic_string@DU?$char_traits@D@std@@V?$allocator@D@2@@std@@XZ 00407850 f i libwt:WMessageResourceBundle.obj
 0001:00006870       ??0WSignal_@@QAE@ABV0@@Z   00407870 f i devformwt.obj
 0001:00006870       ??0WSlot_@@QAE@ABV0@@Z     00407870 f i devformwt.obj
 0001:00006890       ??4WSlot_@@QAEAAV0@ABV0@@Z 00407890 f i devformwt.obj
 0001:00006890       ??4WSignal_@@QAEAAV0@ABV0@@Z 00407890 f i devformwt.obj
 0001:000068b0       ?staticCodeCollected@WSlotInstance_@@QBE_NXZ 004078b0 f i devformwt.obj
 0001:000068c0       ?statements@JavaScript@@QBE?BV?$basic_string@DU?$char_traits@D@std@@V?$allocator@D@2@@std@@XZ 004078c0 f i libwt:WWebWidget.obj
 0001:000068c0       ?getStaticCode@WSlotInstance_@@QAE?AV?$basic_string@DU?$char_traits@D@std@@V?$allocator@D@2@@std@@XZ 004078c0 f i devformwt.obj
 0001:000068c0       ?id@DomElement@@QBE?AV?$basic_string@DU?$char_traits@D@std@@V?$allocator@D@2@@std@@XZ 004078c0 f i libwt:WWebWidget.obj
 0001:000068c0       ?staticCode@WSlotInstance_@@QBE?BV?$basic_string@DU?$char_traits@D@std@@V?$allocator@D@2@@std@@XZ 004078c0 f i devformwt.obj
 0001:000068f0       ?buildSlotMap@SVDeviceTest@@MAEXAAV?$map@V?$basic_string@DU?$char_traits@D@std@@V?$allocator@D@2@@std@@PAVWSlotInstance_@@U?$less@V?$basic_string@DU?$char_traits@D@std@@V?$allocator@D@2@@std@@@2@V?$allocator@U?$pair@$$CBV?$basic_string@DU?$char_traits@D@std@@V?$allocator@D@2@@std@@PAVWSlotInstance_@@@std@@@2@@std@@@Z 004078f0 f   devformwt.obj
 0001:000069e0       ?triggerSlot@SVDeviceTest@@MAE_NPAVWObject@@PBVWSlot_@@PAPAX@Z 004079e0 f   devformwt.obj
 0001:00006a50       ??1JSVar@@QAE@XZ           00407a50 f i libwt:WebSession.obj
 0001:00006a50       ??1WSlot_@@QAE@XZ          00407a50 f i devformwt.obj
 0001:00006a50       ??1WMessage@@QAE@XZ        00407a50 f i devform.obj
 0001:00006a50       ??1?$pair@$$CBV?$basic_string@DU?$char_traits@D@std@@V?$allocator@D@2@@std@@PAVWSlotInstance_@@@std@@QAE@XZ 00407a50 f i libwt:WWebWidget.obj
 0001:00006a50       ??1?$pair@$$CBV?$basic_string@DU?$char_traits@D@std@@V?$allocator@D@2@@std@@PAVWSignalInstance_@@@std@@QAE@XZ 00407a50 f i devformwt.obj
 0001:00006a50       ??1WSignal_@@QAE@XZ        00407a50 f i devformwt.obj
 0001:00006a50       ??1?$pair@V?$basic_string@DU?$char_traits@D@std@@V?$allocator@D@2@@std@@PAVDomElement@@@std@@QAE@XZ 00407a50 f i libwt:WWebWidget.obj
 0001:00006a60       ??R?$less@V?$basic_string@DU?$char_traits@D@std@@V?$allocator@D@2@@std@@@std@@QBE_NABV?$basic_string@DU?$char_traits@D@std@@V?$allocator@D@2@@1@0@Z 00407a60 f i devformwt.obj
 0001:00006a80       ?_Xlen@?$vector@PAVWConnection_@@V?$allocator@PAVWConnection_@@@std@@@std@@IBEXXZ 00407a80 f i devformwt.obj
 0001:00006b00       ?_Lbound@?$_Tree@V?$_Tmap_traits@V?$basic_string@DU?$char_traits@D@std@@V?$allocator@D@2@@std@@PAVWSignalInstance_@@U?$less@V?$basic_string@DU?$char_traits@D@std@@V?$allocator@D@2@@std@@@2@V?$allocator@U?$pair@$$CBV?$basic_string@DU?$char_traits@D@std@@V?$allocator@D@2@@std@@PAVWSignalInstance_@@@std@@@2@$0A@@std@@@std@@IBEPAU_Node@?$_Tree_nod@V?$_Tmap_traits@V?$basic_string@DU?$char_traits@D@std@@V?$allocator@D@2@@std@@PAVWSignalInstance_@@U?$less@V?$basic_string@DU?$char_traits@D@std@@V?$allocator@D@2@@std@@@2@V?$allocator@U?$pair@$$CBV?$basic_string@DU?$char_traits@D@std@@V?$allocator@D@2@@std@@PAVWSignalInstance_@@@std@@@2@$0A@@std@@@2@ABV?$basic_string@DU?$char_traits@D@std@@V?$allocator@D@2@@2@@Z 00407b00 f i devformwt.obj
 0001:00006b00       ?_Lbound@?$_Tree@V?$_Tmap_traits@V?$basic_string@DU?$char_traits@D@std@@V?$allocator@D@2@@std@@PAVWSlotInstance_@@U?$less@V?$basic_string@DU?$char_traits@D@std@@V?$allocator@D@2@@std@@@2@V?$allocator@U?$pair@$$CBV?$basic_string@DU?$char_traits@D@std@@V?$allocator@D@2@@std@@PAVWSlotInstance_@@@std@@@2@$0A@@std@@@std@@IBEPAU_Node@?$_Tree_nod@V?$_Tmap_traits@V?$basic_string@DU?$char_traits@D@std@@V?$allocator@D@2@@std@@PAVWSlotInstance_@@U?$less@V?$basic_string@DU?$char_traits@D@std@@V?$allocator@D@2@@std@@@2@V?$allocator@U?$pair@$$CBV?$basic_string@DU?$char_traits@D@std@@V?$allocator@D@2@@std@@PAVWSlotInstance_@@@std@@@2@$0A@@std@@@2@ABV?$basic_string@DU?$char_traits@D@std@@V?$allocator@D@2@@2@@Z 00407b00 f i libwt:WWebWidget.obj
 0001:00006b50       ?_Dec@const_iterator@?$_Tree@V?$_Tmap_traits@V?$basic_string@DU?$char_traits@D@std@@V?$allocator@D@2@@std@@PAVWSignalInstance_@@U?$less@V?$basic_string@DU?$char_traits@D@std@@V?$allocator@D@2@@std@@@2@V?$allocator@U?$pair@$$CBV?$basic_string@DU?$char_traits@D@std@@V?$allocator@D@2@@std@@PAVWSignalInstance_@@@std@@@2@$0A@@std@@@std@@QAEXXZ 00407b50 f i devformwt.obj
 0001:00006b50       ?_Dec@const_iterator@?$_Tree@V?$_Tmap_traits@V?$basic_string@DU?$char_traits@D@std@@V?$allocator@D@2@@std@@PAVWSlotInstance_@@U?$less@V?$basic_string@DU?$char_traits@D@std@@V?$allocator@D@2@@std@@@2@V?$allocator@U?$pair@$$CBV?$basic_string@DU?$char_traits@D@std@@V?$allocator@D@2@@std@@PAVWSlotInstance_@@@std@@@2@$0A@@std@@@std@@QAEXXZ 00407b50 f i libwt:WWebWidget.obj
 0001:00006b50       ?_Dec@const_iterator@?$_Tree@V?$_Tmap_traits@W4Property@Wt@@V?$basic_string@DU?$char_traits@D@std@@V?$allocator@D@2@@std@@U?$less@W4Property@Wt@@@4@V?$allocator@U?$pair@$$CBW4Property@Wt@@V?$basic_string@DU?$char_traits@D@std@@V?$allocator@D@2@@std@@@std@@@4@$0A@@std@@@std@@QAEXXZ 00407b50 f i libwt:DomElement.obj
 0001:00006bb0       ?isConnected@WSignalInstance_@@ABE_NXZ 00407bb0 f i devformwt.obj
 0001:00006be0       ?_Buy@?$vector@PAVWConnection_@@V?$allocator@PAVWConnection_@@@std@@@std@@IAE_NI@Z 00407be0 f i devformwt.obj
 0001:00006c30       ?_Buynode@?$_Tree@V?$_Tmap_traits@V?$basic_string@DU?$char_traits@D@std@@V?$allocator@D@2@@std@@PAVWSignalInstance_@@U?$less@V?$basic_string@DU?$char_traits@D@std@@V?$allocator@D@2@@std@@@2@V?$allocator@U?$pair@$$CBV?$basic_string@DU?$char_traits@D@std@@V?$allocator@D@2@@std@@PAVWSignalInstance_@@@std@@@2@$0A@@std@@@std@@IAEPAU_Node@?$_Tree_nod@V?$_Tmap_traits@V?$basic_string@DU?$char_traits@D@std@@V?$allocator@D@2@@std@@PAVWSignalInstance_@@U?$less@V?$basic_string@DU?$char_traits@D@std@@V?$allocator@D@2@@std@@@2@V?$allocator@U?$pair@$$CBV?$basic_string@DU?$char_traits@D@std@@V?$allocator@D@2@@std@@PAVWSignalInstance_@@@std@@@2@$0A@@std@@@2@PAU342@00ABU?$pair@$$CBV?$basic_string@DU?$char_traits@D@std@@V?$allocator@D@2@@std@@PAVWSignalInstance_@@@2@D@Z 00407c30 f i devformwt.obj
 0001:00006cd0       ??$_Uninit_copy@Vconst_iterator@?$vector@PAVWObject@@V?$allocator@PAVWObject@@@std@@@std@@PAPAVWObject@@V?$allocator@PAVWObject@@@3@@std@@YAPAPAVWObject@@Vconst_iterator@?$vector@PAVWObject@@V?$allocator@PAVWObject@@@std@@@0@0PAPAV1@AAV?$allocator@PAVWObject@@@0@U_Nonscalar_ptr_iterator_tag@0@@Z 00407cd0 f i devform.obj
 0001:00006cd0       ??$_Uninit_copy@Vconst_iterator@?$vector@PAVWConnection_@@V?$allocator@PAVWConnection_@@@std@@@std@@PAPAVWConnection_@@V?$allocator@PAVWConnection_@@@3@@std@@YAPAPAVWConnection_@@Vconst_iterator@?$vector@PAVWConnection_@@V?$allocator@PAVWConnection_@@@std@@@0@0PAPAV1@AAV?$allocator@PAVWConnection_@@@0@U_Nonscalar_ptr_iterator_tag@0@@Z 00407cd0 f i devformwt.obj
 0001:00006cd0       ??$_Uninit_copy@Vconst_iterator@?$vector@PAVWMessageResources@@V?$allocator@PAVWMessageResources@@@std@@@std@@PAPAVWMessageResources@@V?$allocator@PAVWMessageResources@@@3@@std@@YAPAPAVWMessageResources@@Vconst_iterator@?$vector@PAVWMessageResources@@V?$allocator@PAVWMessageResources@@@std@@@0@0PAPAV1@AAV?$allocator@PAVWMessageResources@@@0@U_Nonscalar_ptr_iterator_tag@0@@Z 00407cd0 f i devform.obj
 0001:00006d00       ?_Insert@?$_Tree@V?$_Tmap_traits@V?$basic_string@DU?$char_traits@D@std@@V?$allocator@D@2@@std@@PAVWSignalInstance_@@U?$less@V?$basic_string@DU?$char_traits@D@std@@V?$allocator@D@2@@std@@@2@V?$allocator@U?$pair@$$CBV?$basic_string@DU?$char_traits@D@std@@V?$allocator@D@2@@std@@PAVWSignalInstance_@@@std@@@2@$0A@@std@@@std@@IAE?AViterator@12@_NPAU_Node@?$_Tree_nod@V?$_Tmap_traits@V?$basic_string@DU?$char_traits@D@std@@V?$allocator@D@2@@std@@PAVWSignalInstance_@@U?$less@V?$basic_string@DU?$char_traits@D@std@@V?$allocator@D@2@@std@@@2@V?$allocator@U?$pair@$$CBV?$basic_string@DU?$char_traits@D@std@@V?$allocator@D@2@@std@@PAVWSignalInstance_@@@std@@@2@$0A@@std@@@2@ABU?$pair@$$CBV?$basic_string@DU?$char_traits@D@std@@V?$allocator@D@2@@std@@PAVWSignalInstance_@@@2@@Z 00407d00 f i devformwt.obj
 0001:00006ec0       ??4?$vector@PAVWConnection_@@V?$allocator@PAVWConnection_@@@std@@@std@@QAEAAV01@ABV01@@Z 00407ec0 f i devformwt.obj
 0001:00007010       ?insert@?$_Tree@V?$_Tmap_traits@V?$basic_string@DU?$char_traits@D@std@@V?$allocator@D@2@@std@@PAVWSignalInstance_@@U?$less@V?$basic_string@DU?$char_traits@D@std@@V?$allocator@D@2@@std@@@2@V?$allocator@U?$pair@$$CBV?$basic_string@DU?$char_traits@D@std@@V?$allocator@D@2@@std@@PAVWSignalInstance_@@@std@@@2@$0A@@std@@@std@@QAE?AU?$pair@Viterator@?$_Tree@V?$_Tmap_traits@V?$basic_string@DU?$char_traits@D@std@@V?$allocator@D@2@@std@@PAVWSignalInstance_@@U?$less@V?$basic_string@DU?$char_traits@D@std@@V?$allocator@D@2@@std@@@2@V?$allocator@U?$pair@$$CBV?$basic_string@DU?$char_traits@D@std@@V?$allocator@D@2@@std@@PAVWSignalInstance_@@@std@@@2@$0A@@std@@@std@@_N@2@ABU?$pair@$$CBV?$basic_string@DU?$char_traits@D@std@@V?$allocator@D@2@@std@@PAVWSignalInstance_@@@2@@Z 00408010 f i devformwt.obj
 0001:000070f0       ??4WSignalInstance_@@QAEAAV0@ABV0@@Z 004080f0 f i devformwt.obj
 0001:00007140       ??4WSlotInstance_@@QAEAAV0@ABV0@@Z 00408140 f i devformwt.obj
 0001:00007180       ??0?$vector@PAVWConnection_@@V?$allocator@PAVWConnection_@@@std@@@std@@QAE@ABV01@@Z 00408180 f i devformwt.obj
 0001:00007240       ?insert@?$_Tree@V?$_Tmap_traits@V?$basic_string@DU?$char_traits@D@std@@V?$allocator@D@2@@std@@PAVWSignalInstance_@@U?$less@V?$basic_string@DU?$char_traits@D@std@@V?$allocator@D@2@@std@@@2@V?$allocator@U?$pair@$$CBV?$basic_string@DU?$char_traits@D@std@@V?$allocator@D@2@@std@@PAVWSignalInstance_@@@std@@@2@$0A@@std@@@std@@QAE?AViterator@12@V312@ABU?$pair@$$CBV?$basic_string@DU?$char_traits@D@std@@V?$allocator@D@2@@std@@PAVWSignalInstance_@@@2@@Z 00408240 f i devformwt.obj
 0001:00007400       ??0WSignalInstance_@@QAE@ABV0@@Z 00408400 f i devformwt.obj
 0001:00007480       ??0WSlotInstance_@@QAE@ABV0@@Z 00408480 f i devformwt.obj
 0001:000074f0       ??A?$map@V?$basic_string@DU?$char_traits@D@std@@V?$allocator@D@2@@std@@PAVWSignalInstance_@@U?$less@V?$basic_string@DU?$char_traits@D@std@@V?$allocator@D@2@@std@@@2@V?$allocator@U?$pair@$$CBV?$basic_string@DU?$char_traits@D@std@@V?$allocator@D@2@@std@@PAVWSignalInstance_@@@std@@@2@@std@@QAEAAPAVWSignalInstance_@@ABV?$basic_string@DU?$char_traits@D@std@@V?$allocator@D@2@@1@@Z 004084f0 f i devformwt.obj
 0001:00007590       ?buildSignalMap@SVDeviceTest@@MAEXAAV?$map@V?$basic_string@DU?$char_traits@D@std@@V?$allocator@D@2@@std@@PAVWSignalInstance_@@U?$less@V?$basic_string@DU?$char_traits@D@std@@V?$allocator@D@2@@std@@@2@V?$allocator@U?$pair@$$CBV?$basic_string@DU?$char_traits@D@std@@V?$allocator@D@2@@std@@PAVWSignalInstance_@@@std@@@2@@std@@@Z 00408590 f   devformwt.obj
 0001:00007650       ?testdevice@@YAXHQAPAD@Z   00408650 f   testdevice.obj
 0001:00007820       _main                      00408820 f   testdevice.obj
 0001:000079d0       ??1WSPopButton@@UAE@XZ     004089d0 f   WSPopButton.obj
 0001:000079e0       ??0WSPopButton@@QAE@PAVWContainerWidget@@V?$basic_string@DU?$char_traits@D@std@@V?$allocator@D@2@@std@@11_N@Z 004089e0 f   WSPopButton.obj
 0001:00008110       ??_EWSPopButton@@UAEPAXI@Z 00409110 f i WSPopButton.obj
 0001:00008110       ??_GWSPopButton@@UAEPAXI@Z 00409110 f i WSPopButton.obj
 0001:00008130       ?ShowTop@WSPopTable@@AAEXPAVWTable@@@Z 00409130 f   WSPopTable.obj
 0001:00008270       ?ShowBottom@WSPopTable@@AAEXPAVWTable@@@Z 00409270 f   WSPopTable.obj
 0001:000083b0       ?signalConnectionsChanged@WObject@@EAEXXZ 004093b0 f   libwt:WObject.obj
 0001:000083b0       ?BtnProc@WSPopTable@@AAEXXZ 004093b0 f   WSPopTable.obj
 0001:000083b0       ??3@YAXPAX0@Z              004093b0 f   devform.obj
 0001:000083b0       ?refresh@WSPopTable@@UAEXXZ 004093b0 f   WSPopTable.obj
 0001:000083c0       ?_Xlen@?$vector@PAVWTable@@V?$allocator@PAVWTable@@@std@@@std@@IBEXXZ 004093c0 f i WSPopTable.obj
 0001:00008440       ?_Insert_n@?$vector@PAVWTable@@V?$allocator@PAVWTable@@@std@@@std@@IAEXViterator@12@IABQAVWTable@@@Z 00409440 f i WSPopTable.obj
 0001:00008630       ?GeRowContentTable@WSPopTable@@QAEPAVWTable@@H@Z 00409630 f   WSPopTable.obj
 0001:00008660       ?GeRowActionTable@WSPopTable@@QAEPAVWTable@@H@Z 00409660 f   WSPopTable.obj
 0001:00008690       ??0WSPopTable@@QAE@PAVWContainerWidget@@_N@Z 00409690 f   WSPopTable.obj
 0001:00008890       ??_EWSPopTable@@UAEPAXI@Z  00409890 f i WSPopTable.obj
 0001:00008890       ??_GWSPopTable@@UAEPAXI@Z  00409890 f i WSPopTable.obj
 0001:000088b0       ??1WSPopTable@@UAE@XZ      004098b0 f i WSPopTable.obj
 0001:00008910       ?AppendRows@WSPopTable@@QAEXV?$basic_string@DU?$char_traits@D@std@@V?$allocator@D@2@@std@@@Z 00409910 f   WSPopTable.obj
 0001:00009040       ?buildSlotMap@WSPopTable@@MAEXAAV?$map@V?$basic_string@DU?$char_traits@D@std@@V?$allocator@D@2@@std@@PAVWSlotInstance_@@U?$less@V?$basic_string@DU?$char_traits@D@std@@V?$allocator@D@2@@std@@@2@V?$allocator@U?$pair@$$CBV?$basic_string@DU?$char_traits@D@std@@V?$allocator@D@2@@std@@PAVWSlotInstance_@@@std@@@2@@std@@@Z 0040a040 f   WSPopTableWt.obj
 0001:00009130       ?triggerSlot@WSPopTable@@MAE_NPAVWObject@@PBVWSlot_@@PAPAX@Z 0040a130 f   WSPopTableWt.obj
 0001:00009160       ?undoTriggerSlot@WSPopTable@@MAE_NPBVWSlot_@@PAPAX@Z 0040a160 f   WSPopTableWt.obj
 0001:00009160       ?undoTriggerSlot@SVDeviceTest@@MAE_NPBVWSlot_@@PAPAX@Z 0040a160 f   devformwt.obj
 0001:00009160       ?undoTriggerSlot@WTableCell@@MAE_NPBVWSlot_@@PAPAX@Z 0040a160 f   libwt:WTableCell.obj
 0001:00009160       ?undoTriggerSlot@WTableRow@@MAE_NPBVWSlot_@@PAPAX@Z 0040a160 f   libwt:WTable.obj
 0001:00009170       ?buildSignalMap@WSPopTable@@MAEXAAV?$map@V?$basic_string@DU?$char_traits@D@std@@V?$allocator@D@2@@std@@PAVWSignalInstance_@@U?$less@V?$basic_string@DU?$char_traits@D@std@@V?$allocator@D@2@@std@@@2@V?$allocator@U?$pair@$$CBV?$basic_string@DU?$char_traits@D@std@@V?$allocator@D@2@@std@@PAVWSignalInstance_@@@std@@@2@@std@@@Z 0040a170 f   WSPopTableWt.obj
 0001:00009230       ??0WCssRule@@QAE@V?$basic_string@DU?$char_traits@D@std@@V?$allocator@D@2@@std@@@Z 0040a230 f   libwt:WCssStyleSheet.obj
 0001:00009290       ??1WCssRule@@UAE@XZ        0040a290 f   libwt:WCssStyleSheet.obj
 0001:000092a0       ?_Buynode@?$_Tree@V?$_Tmap_traits@W4Property@Wt@@V?$basic_string@DU?$char_traits@D@std@@V?$allocator@D@2@@std@@U?$less@W4Property@Wt@@@4@V?$allocator@U?$pair@$$CBW4Property@Wt@@V?$basic_string@DU?$char_traits@D@std@@V?$allocator@D@2@@std@@@std@@@4@$0A@@std@@@std@@IAEPAU_Node@?$_Tree_nod@V?$_Tmap_traits@W4Property@Wt@@V?$basic_string@DU?$char_traits@D@std@@V?$allocator@D@2@@std@@U?$less@W4Property@Wt@@@4@V?$allocator@U?$pair@$$CBW4Property@Wt@@V?$basic_string@DU?$char_traits@D@std@@V?$allocator@D@2@@std@@@std@@@4@$0A@@std@@@2@XZ 0040a2a0 f i libwt:WWebWidget.obj
 0001:000092a0       ?_Buynode@?$_Tree@V?$_Tmap_traits@V?$basic_string@DU?$char_traits@D@std@@V?$allocator@D@2@@std@@PAVWSignalInstance_@@U?$less@V?$basic_string@DU?$char_traits@D@std@@V?$allocator@D@2@@std@@@2@V?$allocator@U?$pair@$$CBV?$basic_string@DU?$char_traits@D@std@@V?$allocator@D@2@@std@@PAVWSignalInstance_@@@std@@@2@$0A@@std@@@std@@IAEPAU_Node@?$_Tree_nod@V?$_Tmap_traits@V?$basic_string@DU?$char_traits@D@std@@V?$allocator@D@2@@std@@PAVWSignalInstance_@@U?$less@V?$basic_string@DU?$char_traits@D@std@@V?$allocator@D@2@@std@@@2@V?$allocator@U?$pair@$$CBV?$basic_string@DU?$char_traits@D@std@@V?$allocator@D@2@@std@@PAVWSignalInstance_@@@std@@@2@$0A@@std@@@2@XZ 0040a2a0 f i libwt:WObject.obj
 0001:000092a0       ?_Buynode@?$_Tree@V?$_Tmap_traits@V?$basic_string@DU?$char_traits@D@std@@V?$allocator@D@2@@std@@PAVWSlotInstance_@@U?$less@V?$basic_string@DU?$char_traits@D@std@@V?$allocator@D@2@@std@@@2@V?$allocator@U?$pair@$$CBV?$basic_string@DU?$char_traits@D@std@@V?$allocator@D@2@@std@@PAVWSlotInstance_@@@std@@@2@$0A@@std@@@std@@IAEPAU_Node@?$_Tree_nod@V?$_Tmap_traits@V?$basic_string@DU?$char_traits@D@std@@V?$allocator@D@2@@std@@PAVWSlotInstance_@@U?$less@V?$basic_string@DU?$char_traits@D@std@@V?$allocator@D@2@@std@@@2@V?$allocator@U?$pair@$$CBV?$basic_string@DU?$char_traits@D@std@@V?$allocator@D@2@@std@@PAVWSlotInstance_@@@std@@@2@$0A@@std@@@2@XZ 0040a2a0 f i libwt:WObject.obj
 0001:000092a0       ?_Buynode@?$_Tree@V?$_Tmap_traits@V?$basic_string@DU?$char_traits@D@std@@V?$allocator@D@2@@std@@PAVWCssRule@@U?$less@V?$basic_string@DU?$char_traits@D@std@@V?$allocator@D@2@@std@@@2@V?$allocator@U?$pair@$$CBV?$basic_string@DU?$char_traits@D@std@@V?$allocator@D@2@@std@@PAVWCssRule@@@std@@@2@$0A@@std@@@std@@IAEPAU_Node@?$_Tree_nod@V?$_Tmap_traits@V?$basic_string@DU?$char_traits@D@std@@V?$allocator@D@2@@std@@PAVWCssRule@@U?$less@V?$basic_string@DU?$char_traits@D@std@@V?$allocator@D@2@@std@@@2@V?$allocator@U?$pair@$$CBV?$basic_string@DU?$char_traits@D@std@@V?$allocator@D@2@@std@@PAVWCssRule@@@std@@@2@$0A@@std@@@2@XZ 0040a2a0 f i libwt:WCssStyleSheet.obj
 0001:000092e0       ?cssText@WCssStyleSheet@@QBE?AV?$basic_string@DU?$char_traits@D@std@@V?$allocator@D@2@@std@@XZ 0040a2e0 f   libwt:WCssStyleSheet.obj
 0001:00009470       ??1?$map@V?$basic_string@DU?$char_traits@D@std@@V?$allocator@D@2@@std@@PAVWCssRule@@U?$less@V?$basic_string@DU?$char_traits@D@std@@V?$allocator@D@2@@std@@@2@V?$allocator@U?$pair@$$CBV?$basic_string@DU?$char_traits@D@std@@V?$allocator@D@2@@std@@PAVWCssRule@@@std@@@2@@std@@QAE@XZ 0040a470 f i libwt:WCssStyleSheet.obj
 0001:000094a0       ??1WCssStyleSheet@@QAE@XZ  0040a4a0 f   libwt:WCssStyleSheet.obj
 0001:00009560       ??0WCssStyleSheet@@QAE@XZ  0040a560 f   libwt:WCssStyleSheet.obj
 0001:00009590       ?what@bad_lexical_cast@boost@@UBEPBDXZ 0040a590 f i libwt:WWebWidget.obj
 0001:000095a0       ??1bad_lexical_cast@boost@@UAE@XZ 0040a5a0 f i libwt:WWebWidget.obj
 0001:000095b0       ??_Gbad_lexical_cast@boost@@UAEPAXI@Z 0040a5b0 f i libwt:WWebWidget.obj
 0001:000095b0       ??_Ebad_lexical_cast@boost@@UAEPAXI@Z 0040a5b0 f i libwt:WWebWidget.obj
 0001:000095d0       ??4JavaScript@@QAEAAV0@ABV0@@Z 0040a5d0 f i libwt:WWebWidget.obj
 0001:00009600       ?triggerSlot@WWebWidget@@MAE_NPAVWObject@@PBVWSlot_@@PAPAX@Z 0040a600 f   libwt:WWebWidget.obj
 0001:00009610       ?undoTriggerSlot@WWebWidget@@MAE_NPBVWSlot_@@PAPAX@Z 0040a610 f   libwt:WWebWidget.obj
 0001:00009620       ?setFormObject@WWebWidget@@IAEX_N@Z 0040a620 f   libwt:WWebWidget.obj
 0001:00009630       ?renderOk@WWebWidget@@IAEXXZ 0040a630 f   libwt:WWebWidget.obj
 0001:00009640       ?repaint@WWebWidget@@IAEXXZ 0040a640 f   libwt:WWebWidget.obj
 0001:00009640       ?signalConnectionsChanged@WWebWidget@@EAEXXZ 0040a640 f   libwt:WWebWidget.obj
 0001:00009650       ?setParent@WWebWidget@@MAEXPAVWWidget@@@Z 0040a650 f   libwt:WWebWidget.obj
 0001:00009680       ?parent@WWebWidget@@UBEPAVWWidget@@XZ 0040a680 f   libwt:WWebWidget.obj
 0001:00009690       ?setPositionScheme@WWebWidget@@UAEXW4PositionScheme@WWidget@@@Z 0040a690 f   libwt:WWebWidget.obj
 0001:000096c0       ?resize@WWebWidget@@UAEXVWLength@@0@Z 0040a6c0 f   libwt:WWebWidget.obj
 0001:00009710       ?setMinimumSize@WWebWidget@@UAEXVWLength@@0@Z 0040a710 f   libwt:WWebWidget.obj
 0001:00009770       ?setMaximumSize@WWebWidget@@UAEXVWLength@@0@Z 0040a770 f   libwt:WWebWidget.obj
 0001:000097d0       ?setFloatSide@WWebWidget@@UAEXW4Side@WWidget@@@Z 0040a7d0 f   libwt:WWebWidget.obj
 0001:000097f0       ?orientation@WScrollBar@@QBE?AW4Orientation@1@XZ 0040a7f0 f   libwt:WScrollArea.obj
 0001:000097f0       ?floatSide@WWebWidget@@UBE?AW4Side@WWidget@@XZ 0040a7f0 f   libwt:WWebWidget.obj
 0001:000097f0       ?type@DomElement@@QBE?AW4ElementType@1@XZ 0040a7f0 f   libwt:WWebWidget.obj
 0001:00009800       ?setClearSides@WWebWidget@@UAEXH@Z 0040a800 f   libwt:WWebWidget.obj
 0001:00009820       ?clearSides@WWebWidget@@UBEHXZ 0040a820 f   libwt:WWebWidget.obj
 0001:00009830       ?setVerticalAlignment@WWebWidget@@UAEXW4VerticalAlignment@WWidget@@VWLength@@@Z 0040a830 f   libwt:WWebWidget.obj
 0001:00009870       ?setOffset@WWebWidget@@UAEXW4Side@WWidget@@VWLength@@@Z 0040a870 f   libwt:WWebWidget.obj
 0001:000098f0       ?offset@WWebWidget@@UBE?AVWLength@@W4Side@WWidget@@@Z 0040a8f0 f   libwt:WWebWidget.obj
 0001:000099a0       ?zIndex@WWebWidget@@ABEHXZ 0040a9a0 f   libwt:WWebWidget.obj
 0001:000099e0       ?setInline@WWebWidget@@UAEX_N@Z 0040a9e0 f   libwt:WWebWidget.obj
 0001:00009a00       ?setPopup@WWebWidget@@UAEX_N@Z 0040aa00 f   libwt:WWebWidget.obj
 0001:00009a20       ?setMargin@WWebWidget@@UAEXVWLength@@H@Z 0040aa20 f   libwt:WWebWidget.obj
 0001:00009ab0       ?margin@WWebWidget@@UBE?AVWLength@@W4Side@WWidget@@@Z 0040aab0 f   libwt:WWebWidget.obj
 0001:00009b60       ?setStyleClass@WWebWidget@@UAEXV?$basic_string@DU?$char_traits@D@std@@V?$allocator@D@2@@std@@@Z 0040ab60 f   libwt:WWebWidget.obj
 0001:00009bd0       ?setToolTip@WWebWidget@@UAEXV?$basic_string@DU?$char_traits@D@std@@V?$allocator@D@2@@std@@@Z 0040abd0 f   libwt:WWebWidget.obj
 0001:00009c70       ?setToolTipMessage@WWebWidget@@UAEXABVWMessage@@@Z 0040ac70 f   libwt:WWebWidget.obj
 0001:00009cb0       ?setHidden@WWebWidget@@UAEX_N@Z 0040acb0 f   libwt:WWebWidget.obj
 0001:00009cd0       ?hide@WWebWidget@@UAEXXZ   0040acd0 f   libwt:WWebWidget.obj
 0001:00009cf0       ?show@WWebWidget@@UAEXXZ   0040acf0 f   libwt:WWebWidget.obj
 0001:00009d10       ?undoHide@WWebWidget@@EAEXXZ 0040ad10 f   libwt:WWebWidget.obj
 0001:00009d20       ?undoShow@WWebWidget@@EAEXXZ 0040ad20 f   libwt:WWebWidget.obj
 0001:00009d30       ?isLoaded@WWebWidget@@IBE_NXZ 0040ad30 f   libwt:WWebWidget.obj
 0001:00009d70       ?getSFormObjects@WWebWidget@@AAEXAAV?$vector@PAVWObject@@V?$allocator@PAVWObject@@@std@@@std@@@Z 0040ad70 f   libwt:WWebWidget.obj
 0001:00009d90       ?createSDomElement@WWebWidget@@AAEPAVDomElement@@XZ 0040ad90 f   libwt:WWebWidget.obj
 0001:00009e10       ?getEncodeCmd@WWebWidget@@QAE?AV?$basic_string@DU?$char_traits@D@std@@V?$allocator@D@2@@std@@PBD@Z 0040ae10 f   libwt:WWebWidget.obj
 0001:00009e70       ?updateSignalConnection@WWebWidget@@IAEXAAVDomElement@@PBDV?$basic_string@DU?$char_traits@D@std@@V?$allocator@D@2@@std@@1_N1@Z 0040ae70 f   libwt:WWebWidget.obj
 0001:00009f50       ?setNoFormData@WWebWidget@@EAEXXZ 0040af50 f   libwt:WWebWidget.obj
 0001:00009f70       ?_Max@?$_Tree@V?$_Tmap_traits@V?$basic_string@DU?$char_traits@D@std@@V?$allocator@D@2@@std@@V12@U?$less@V?$basic_string@DU?$char_traits@D@std@@V?$allocator@D@2@@std@@@2@V?$allocator@U?$pair@$$CBV?$basic_string@DU?$char_traits@D@std@@V?$allocator@D@2@@std@@V12@@std@@@2@$0A@@std@@@std@@KAPAU_Node@?$_Tree_nod@V?$_Tmap_traits@V?$basic_string@DU?$char_traits@D@std@@V?$allocator@D@2@@std@@V12@U?$less@V?$basic_string@DU?$char_traits@D@std@@V?$allocator@D@2@@std@@@2@V?$allocator@U?$pair@$$CBV?$basic_string@DU?$char_traits@D@std@@V?$allocator@D@2@@std@@V12@@std@@@2@$0A@@std@@@2@PAU342@@Z 0040af70 f i libwt:WWebWidget.obj
 0001:00009f90       ?_Min@?$_Tree@V?$_Tmap_traits@V?$basic_string@DU?$char_traits@D@std@@V?$allocator@D@2@@std@@V12@U?$less@V?$basic_string@DU?$char_traits@D@std@@V?$allocator@D@2@@std@@@2@V?$allocator@U?$pair@$$CBV?$basic_string@DU?$char_traits@D@std@@V?$allocator@D@2@@std@@V12@@std@@@2@$0A@@std@@@std@@KAPAU_Node@?$_Tree_nod@V?$_Tmap_traits@V?$basic_string@DU?$char_traits@D@std@@V?$allocator@D@2@@std@@V12@U?$less@V?$basic_string@DU?$char_traits@D@std@@V?$allocator@D@2@@std@@@2@V?$allocator@U?$pair@$$CBV?$basic_string@DU?$char_traits@D@std@@V?$allocator@D@2@@std@@V12@@std@@@2@$0A@@std@@@2@PAU342@@Z 0040af90 f i libwt:WWebWidget.obj
 0001:00009fb0       ?_Max@?$_Tree@V?$_Tmap_traits@V?$basic_string@DU?$char_traits@D@std@@V?$allocator@D@2@@std@@PAVWCssRule@@U?$less@V?$basic_string@DU?$char_traits@D@std@@V?$allocator@D@2@@std@@@2@V?$allocator@U?$pair@$$CBV?$basic_string@DU?$char_traits@D@std@@V?$allocator@D@2@@std@@PAVWCssRule@@@std@@@2@$0A@@std@@@std@@KAPAU_Node@?$_Tree_nod@V?$_Tmap_traits@V?$basic_string@DU?$char_traits@D@std@@V?$allocator@D@2@@std@@PAVWCssRule@@U?$less@V?$basic_string@DU?$char_traits@D@std@@V?$allocator@D@2@@std@@@2@V?$allocator@U?$pair@$$CBV?$basic_string@DU?$char_traits@D@std@@V?$allocator@D@2@@std@@PAVWCssRule@@@std@@@2@$0A@@std@@@2@PAU342@@Z 0040afb0 f i devform.obj
 0001:00009fb0       ?_Max@?$_Tree@V?$_Tmap_traits@V?$basic_string@DU?$char_traits@D@std@@V?$allocator@D@2@@std@@PAVWSignalInstance_@@U?$less@V?$basic_string@DU?$char_traits@D@std@@V?$allocator@D@2@@std@@@2@V?$allocator@U?$pair@$$CBV?$basic_string@DU?$char_traits@D@std@@V?$allocator@D@2@@std@@PAVWSignalInstance_@@@std@@@2@$0A@@std@@@std@@KAPAU_Node@?$_Tree_nod@V?$_Tmap_traits@V?$basic_string@DU?$char_traits@D@std@@V?$allocator@D@2@@std@@PAVWSignalInstance_@@U?$less@V?$basic_string@DU?$char_traits@D@std@@V?$allocator@D@2@@std@@@2@V?$allocator@U?$pair@$$CBV?$basic_string@DU?$char_traits@D@std@@V?$allocator@D@2@@std@@PAVWSignalInstance_@@@std@@@2@$0A@@std@@@2@PAU342@@Z 0040afb0 f i devformwt.obj
 0001:00009fb0       ?_Max@?$_Tree@V?$_Tmap_traits@V?$basic_string@DU?$char_traits@D@std@@V?$allocator@D@2@@std@@PAVWSlotInstance_@@U?$less@V?$basic_string@DU?$char_traits@D@std@@V?$allocator@D@2@@std@@@2@V?$allocator@U?$pair@$$CBV?$basic_string@DU?$char_traits@D@std@@V?$allocator@D@2@@std@@PAVWSlotInstance_@@@std@@@2@$0A@@std@@@std@@KAPAU_Node@?$_Tree_nod@V?$_Tmap_traits@V?$basic_string@DU?$char_traits@D@std@@V?$allocator@D@2@@std@@PAVWSlotInstance_@@U?$less@V?$basic_string@DU?$char_traits@D@std@@V?$allocator@D@2@@std@@@2@V?$allocator@U?$pair@$$CBV?$basic_string@DU?$char_traits@D@std@@V?$allocator@D@2@@std@@PAVWSlotInstance_@@@std@@@2@$0A@@std@@@2@PAU342@@Z 0040afb0 f i libwt:WWebWidget.obj
 0001:00009fb0       ?_Max@?$_Tree@V?$_Tmap_traits@W4Property@Wt@@V?$basic_string@DU?$char_traits@D@std@@V?$allocator@D@2@@std@@U?$less@W4Property@Wt@@@4@V?$allocator@U?$pair@$$CBW4Property@Wt@@V?$basic_string@DU?$char_traits@D@std@@V?$allocator@D@2@@std@@@std@@@4@$0A@@std@@@std@@KAPAU_Node@?$_Tree_nod@V?$_Tmap_traits@W4Property@Wt@@V?$basic_string@DU?$char_traits@D@std@@V?$allocator@D@2@@std@@U?$less@W4Property@Wt@@@4@V?$allocator@U?$pair@$$CBW4Property@Wt@@V?$basic_string@DU?$char_traits@D@std@@V?$allocator@D@2@@std@@@std@@@4@$0A@@std@@@2@PAU342@@Z 0040afb0 f i libwt:WWebWidget.obj
 0001:00009fd0       ?_Max@?$_Tree@V?$_Tmap_traits@V?$basic_string@DU?$char_traits@D@std@@V?$allocator@D@2@@std@@U?$pair@V?$basic_string@DU?$char_traits@D@std@@V?$allocator@D@2@@std@@V12@@2@U?$less@V?$basic_string@DU?$char_traits@D@std@@V?$allocator@D@2@@std@@@2@V?$allocator@U?$pair@$$CBV?$basic_string@DU?$char_traits@D@std@@V?$allocator@D@2@@std@@U?$pair@V?$basic_string@DU?$char_traits@D@std@@V?$allocator@D@2@@std@@V12@@2@@std@@@2@$0A@@std@@@std@@KAPAU_Node@?$_Tree_nod@V?$_Tmap_traits@V?$basic_string@DU?$char_traits@D@std@@V?$allocator@D@2@@std@@U?$pair@V?$basic_string@DU?$char_traits@D@std@@V?$allocator@D@2@@std@@V12@@2@U?$less@V?$basic_string@DU?$char_traits@D@std@@V?$allocator@D@2@@std@@@2@V?$allocator@U?$pair@$$CBV?$basic_string@DU?$char_traits@D@std@@V?$allocator@D@2@@std@@U?$pair@V?$basic_string@DU?$char_traits@D@std@@V?$allocator@D@2@@std@@V12@@2@@std@@@2@$0A@@std@@@2@PAU342@@Z 0040afd0 f i libwt:WWebWidget.obj
 0001:00009ff0       ?_Min@?$_Tree@V?$_Tmap_traits@V?$basic_string@DU?$char_traits@D@std@@V?$allocator@D@2@@std@@U?$pair@V?$basic_string@DU?$char_traits@D@std@@V?$allocator@D@2@@std@@V12@@2@U?$less@V?$basic_string@DU?$char_traits@D@std@@V?$allocator@D@2@@std@@@2@V?$allocator@U?$pair@$$CBV?$basic_string@DU?$char_traits@D@std@@V?$allocator@D@2@@std@@U?$pair@V?$basic_string@DU?$char_traits@D@std@@V?$allocator@D@2@@std@@V12@@2@@std@@@2@$0A@@std@@@std@@KAPAU_Node@?$_Tree_nod@V?$_Tmap_traits@V?$basic_string@DU?$char_traits@D@std@@V?$allocator@D@2@@std@@U?$pair@V?$basic_string@DU?$char_traits@D@std@@V?$allocator@D@2@@std@@V12@@2@U?$less@V?$basic_string@DU?$char_traits@D@std@@V?$allocator@D@2@@std@@@2@V?$allocator@U?$pair@$$CBV?$basic_string@DU?$char_traits@D@std@@V?$allocator@D@2@@std@@U?$pair@V?$basic_string@DU?$char_traits@D@std@@V?$allocator@D@2@@std@@V12@@2@@std@@@2@$0A@@std@@@2@PAU342@@Z 0040aff0 f i libwt:WWebWidget.obj
 0001:0000a010       ?_Xlen@?$vector@U?$pair@V?$basic_string@DU?$char_traits@D@std@@V?$allocator@D@2@@std@@PAVDomElement@@@std@@V?$allocator@U?$pair@V?$basic_string@DU?$char_traits@D@std@@V?$allocator@D@2@@std@@PAVDomElement@@@std@@@2@@std@@IBEXXZ 0040b010 f i libwt:WWebWidget.obj
 0001:0000a090       ?_Lrotate@?$_Tree@V?$_Tmap_traits@V?$basic_string@DU?$char_traits@D@std@@V?$allocator@D@2@@std@@V12@U?$less@V?$basic_string@DU?$char_traits@D@std@@V?$allocator@D@2@@std@@@2@V?$allocator@U?$pair@$$CBV?$basic_string@DU?$char_traits@D@std@@V?$allocator@D@2@@std@@V12@@std@@@2@$0A@@std@@@std@@IAEXPAU_Node@?$_Tree_nod@V?$_Tmap_traits@V?$basic_string@DU?$char_traits@D@std@@V?$allocator@D@2@@std@@V12@U?$less@V?$basic_string@DU?$char_traits@D@std@@V?$allocator@D@2@@std@@@2@V?$allocator@U?$pair@$$CBV?$basic_string@DU?$char_traits@D@std@@V?$allocator@D@2@@std@@V12@@std@@@2@$0A@@std@@@2@@Z 0040b090 f i libwt:WWebWidget.obj
 0001:0000a0f0       ?_Rrotate@?$_Tree@V?$_Tmap_traits@V?$basic_string@DU?$char_traits@D@std@@V?$allocator@D@2@@std@@V12@U?$less@V?$basic_string@DU?$char_traits@D@std@@V?$allocator@D@2@@std@@@2@V?$allocator@U?$pair@$$CBV?$basic_string@DU?$char_traits@D@std@@V?$allocator@D@2@@std@@V12@@std@@@2@$0A@@std@@@std@@IAEXPAU_Node@?$_Tree_nod@V?$_Tmap_traits@V?$basic_string@DU?$char_traits@D@std@@V?$allocator@D@2@@std@@V12@U?$less@V?$basic_string@DU?$char_traits@D@std@@V?$allocator@D@2@@std@@@2@V?$allocator@U?$pair@$$CBV?$basic_string@DU?$char_traits@D@std@@V?$allocator@D@2@@std@@V12@@std@@@2@$0A@@std@@@2@@Z 0040b0f0 f i libwt:WWebWidget.obj
 0001:0000a150       ?_Lrotate@?$_Tree@V?$_Tmap_traits@V?$basic_string@DU?$char_traits@D@std@@V?$allocator@D@2@@std@@U?$pair@V?$basic_string@DU?$char_traits@D@std@@V?$allocator@D@2@@std@@V12@@2@U?$less@V?$basic_string@DU?$char_traits@D@std@@V?$allocator@D@2@@std@@@2@V?$allocator@U?$pair@$$CBV?$basic_string@DU?$char_traits@D@std@@V?$allocator@D@2@@std@@U?$pair@V?$basic_string@DU?$char_traits@D@std@@V?$allocator@D@2@@std@@V12@@2@@std@@@2@$0A@@std@@@std@@IAEXPAU_Node@?$_Tree_nod@V?$_Tmap_traits@V?$basic_string@DU?$char_traits@D@std@@V?$allocator@D@2@@std@@U?$pair@V?$basic_string@DU?$char_traits@D@std@@V?$allocator@D@2@@std@@V12@@2@U?$less@V?$basic_string@DU?$char_traits@D@std@@V?$allocator@D@2@@std@@@2@V?$allocator@U?$pair@$$CBV?$basic_string@DU?$char_traits@D@std@@V?$allocator@D@2@@std@@U?$pair@V?$basic_string@DU?$char_traits@D@std@@V?$allocator@D@2@@std@@V12@@2@@std@@@2@$0A@@std@@@2@@Z 0040b150 f i libwt:WWebWidget.obj
 0001:0000a1b0       ?_Rrotate@?$_Tree@V?$_Tmap_traits@V?$basic_string@DU?$char_traits@D@std@@V?$allocator@D@2@@std@@U?$pair@V?$basic_string@DU?$char_traits@D@std@@V?$allocator@D@2@@std@@V12@@2@U?$less@V?$basic_string@DU?$char_traits@D@std@@V?$allocator@D@2@@std@@@2@V?$allocator@U?$pair@$$CBV?$basic_string@DU?$char_traits@D@std@@V?$allocator@D@2@@std@@U?$pair@V?$basic_string@DU?$char_traits@D@std@@V?$allocator@D@2@@std@@V12@@2@@std@@@2@$0A@@std@@@std@@IAEXPAU_Node@?$_Tree_nod@V?$_Tmap_traits@V?$basic_string@DU?$char_traits@D@std@@V?$allocator@D@2@@std@@U?$pair@V?$basic_string@DU?$char_traits@D@std@@V?$allocator@D@2@@std@@V12@@2@U?$less@V?$basic_string@DU?$char_traits@D@std@@V?$allocator@D@2@@std@@@2@V?$allocator@U?$pair@$$CBV?$basic_string@DU?$char_traits@D@std@@V?$allocator@D@2@@std@@U?$pair@V?$basic_string@DU?$char_traits@D@std@@V?$allocator@D@2@@std@@V12@@2@@std@@@2@$0A@@std@@@2@@Z 0040b1b0 f i libwt:WWebWidget.obj
 0001:0000a210       ?_Rrotate@?$_Tree@V?$_Tmap_traits@V?$basic_string@DU?$char_traits@D@std@@V?$allocator@D@2@@std@@PAVWSlotInstance_@@U?$less@V?$basic_string@DU?$char_traits@D@std@@V?$allocator@D@2@@std@@@2@V?$allocator@U?$pair@$$CBV?$basic_string@DU?$char_traits@D@std@@V?$allocator@D@2@@std@@PAVWSlotInstance_@@@std@@@2@$0A@@std@@@std@@IAEXPAU_Node@?$_Tree_nod@V?$_Tmap_traits@V?$basic_string@DU?$char_traits@D@std@@V?$allocator@D@2@@std@@PAVWSlotInstance_@@U?$less@V?$basic_string@DU?$char_traits@D@std@@V?$allocator@D@2@@std@@@2@V?$allocator@U?$pair@$$CBV?$basic_string@DU?$char_traits@D@std@@V?$allocator@D@2@@std@@PAVWSlotInstance_@@@std@@@2@$0A@@std@@@2@@Z 0040b210 f i libwt:WWebWidget.obj
 0001:0000a210       ?_Rrotate@?$_Tree@V?$_Tmap_traits@V?$basic_string@DU?$char_traits@D@std@@V?$allocator@D@2@@std@@PAVWCssRule@@U?$less@V?$basic_string@DU?$char_traits@D@std@@V?$allocator@D@2@@std@@@2@V?$allocator@U?$pair@$$CBV?$basic_string@DU?$char_traits@D@std@@V?$allocator@D@2@@std@@PAVWCssRule@@@std@@@2@$0A@@std@@@std@@IAEXPAU_Node@?$_Tree_nod@V?$_Tmap_traits@V?$basic_string@DU?$char_traits@D@std@@V?$allocator@D@2@@std@@PAVWCssRule@@U?$less@V?$basic_string@DU?$char_traits@D@std@@V?$allocator@D@2@@std@@@2@V?$allocator@U?$pair@$$CBV?$basic_string@DU?$char_traits@D@std@@V?$allocator@D@2@@std@@PAVWCssRule@@@std@@@2@$0A@@std@@@2@@Z 0040b210 f i devform.obj
 0001:0000a210       ?_Rrotate@?$_Tree@V?$_Tmap_traits@V?$basic_string@DU?$char_traits@D@std@@V?$allocator@D@2@@std@@PAVWSignalInstance_@@U?$less@V?$basic_string@DU?$char_traits@D@std@@V?$allocator@D@2@@std@@@2@V?$allocator@U?$pair@$$CBV?$basic_string@DU?$char_traits@D@std@@V?$allocator@D@2@@std@@PAVWSignalInstance_@@@std@@@2@$0A@@std@@@std@@IAEXPAU_Node@?$_Tree_nod@V?$_Tmap_traits@V?$basic_string@DU?$char_traits@D@std@@V?$allocator@D@2@@std@@PAVWSignalInstance_@@U?$less@V?$basic_string@DU?$char_traits@D@std@@V?$allocator@D@2@@std@@@2@V?$allocator@U?$pair@$$CBV?$basic_string@DU?$char_traits@D@std@@V?$allocator@D@2@@std@@PAVWSignalInstance_@@@std@@@2@$0A@@std@@@2@@Z 0040b210 f i devformwt.obj
 0001:0000a210       ?_Rrotate@?$_Tree@V?$_Tmap_traits@W4Property@Wt@@V?$basic_string@DU?$char_traits@D@std@@V?$allocator@D@2@@std@@U?$less@W4Property@Wt@@@4@V?$allocator@U?$pair@$$CBW4Property@Wt@@V?$basic_string@DU?$char_traits@D@std@@V?$allocator@D@2@@std@@@std@@@4@$0A@@std@@@std@@IAEXPAU_Node@?$_Tree_nod@V?$_Tmap_traits@W4Property@Wt@@V?$basic_string@DU?$char_traits@D@std@@V?$allocator@D@2@@std@@U?$less@W4Property@Wt@@@4@V?$allocator@U?$pair@$$CBW4Property@Wt@@V?$basic_string@DU?$char_traits@D@std@@V?$allocator@D@2@@std@@@std@@@4@$0A@@std@@@2@@Z 0040b210 f i libwt:WWebWidget.obj
 0001:0000a270       ??0?$pair@V?$basic_string@DU?$char_traits@D@std@@V?$allocator@D@2@@std@@V12@@std@@QAE@ABU01@@Z 0040b270 f i libwt:WWebWidget.obj
 0001:0000a270       ??0?$pair@$$CBV?$basic_string@DU?$char_traits@D@std@@V?$allocator@D@2@@std@@V12@@std@@QAE@ABU01@@Z 0040b270 f i libwt:WWebWidget.obj
 0001:0000a270       ??0JavaScript@@QAE@ABV0@@Z 0040b270 f i libwt:WWebWidget.obj
 0001:0000a2d0       ??1?$pair@V?$basic_string@DU?$char_traits@D@std@@V?$allocator@D@2@@std@@V12@@std@@QAE@XZ 0040b2d0 f i libwt:WWebWidget.obj
 0001:0000a2d0       ??1?$pair@$$CBV?$basic_string@DU?$char_traits@D@std@@V?$allocator@D@2@@std@@V12@@std@@QAE@XZ 0040b2d0 f i libwt:WWebWidget.obj
 0001:0000a2d0       ??1JavaScript@@QAE@XZ      0040b2d0 f i libwt:WWebWidget.obj
 0001:0000a320       ??1?$pair@$$CBW4Property@Wt@@V?$basic_string@DU?$char_traits@D@std@@V?$allocator@D@2@@std@@@std@@QAE@XZ 0040b320 f i libwt:WWebWidget.obj
 0001:0000a330       ?_Min@?$_Tree@V?$_Tmap_traits@W4Property@Wt@@V?$basic_string@DU?$char_traits@D@std@@V?$allocator@D@2@@std@@U?$less@W4Property@Wt@@@4@V?$allocator@U?$pair@$$CBW4Property@Wt@@V?$basic_string@DU?$char_traits@D@std@@V?$allocator@D@2@@std@@@std@@@4@$0A@@std@@@std@@KAPAU_Node@?$_Tree_nod@V?$_Tmap_traits@W4Property@Wt@@V?$basic_string@DU?$char_traits@D@std@@V?$allocator@D@2@@std@@U?$less@W4Property@Wt@@@4@V?$allocator@U?$pair@$$CBW4Property@Wt@@V?$basic_string@DU?$char_traits@D@std@@V?$allocator@D@2@@std@@@std@@@4@$0A@@std@@@2@PAU342@@Z 0040b330 f i libwt:WWebWidget.obj
 0001:0000a330       ?_Min@?$_Tree@V?$_Tmap_traits@V?$basic_string@DU?$char_traits@D@std@@V?$allocator@D@2@@std@@PAVWCssRule@@U?$less@V?$basic_string@DU?$char_traits@D@std@@V?$allocator@D@2@@std@@@2@V?$allocator@U?$pair@$$CBV?$basic_string@DU?$char_traits@D@std@@V?$allocator@D@2@@std@@PAVWCssRule@@@std@@@2@$0A@@std@@@std@@KAPAU_Node@?$_Tree_nod@V?$_Tmap_traits@V?$basic_string@DU?$char_traits@D@std@@V?$allocator@D@2@@std@@PAVWCssRule@@U?$less@V?$basic_string@DU?$char_traits@D@std@@V?$allocator@D@2@@std@@@2@V?$allocator@U?$pair@$$CBV?$basic_string@DU?$char_traits@D@std@@V?$allocator@D@2@@std@@PAVWCssRule@@@std@@@2@$0A@@std@@@2@PAU342@@Z 0040b330 f i devform.obj
 0001:0000a330       ?_Min@?$_Tree@V?$_Tmap_traits@V?$basic_string@DU?$char_traits@D@std@@V?$allocator@D@2@@std@@PAVWSlotInstance_@@U?$less@V?$basic_string@DU?$char_traits@D@std@@V?$allocator@D@2@@std@@@2@V?$allocator@U?$pair@$$CBV?$basic_string@DU?$char_traits@D@std@@V?$allocator@D@2@@std@@PAVWSlotInstance_@@@std@@@2@$0A@@std@@@std@@KAPAU_Node@?$_Tree_nod@V?$_Tmap_traits@V?$basic_string@DU?$char_traits@D@std@@V?$allocator@D@2@@std@@PAVWSlotInstance_@@U?$less@V?$basic_string@DU?$char_traits@D@std@@V?$allocator@D@2@@std@@@2@V?$allocator@U?$pair@$$CBV?$basic_string@DU?$char_traits@D@std@@V?$allocator@D@2@@std@@PAVWSlotInstance_@@@std@@@2@$0A@@std@@@2@PAU342@@Z 0040b330 f i libwt:WWebWidget.obj
 0001:0000a330       ?_Min@?$_Tree@V?$_Tmap_traits@V?$basic_string@DU?$char_traits@D@std@@V?$allocator@D@2@@std@@PAVWSignalInstance_@@U?$less@V?$basic_string@DU?$char_traits@D@std@@V?$allocator@D@2@@std@@@2@V?$allocator@U?$pair@$$CBV?$basic_string@DU?$char_traits@D@std@@V?$allocator@D@2@@std@@PAVWSignalInstance_@@@std@@@2@$0A@@std@@@std@@KAPAU_Node@?$_Tree_nod@V?$_Tmap_traits@V?$basic_string@DU?$char_traits@D@std@@V?$allocator@D@2@@std@@PAVWSignalInstance_@@U?$less@V?$basic_string@DU?$char_traits@D@std@@V?$allocator@D@2@@std@@@2@V?$allocator@U?$pair@$$CBV?$basic_string@DU?$char_traits@D@std@@V?$allocator@D@2@@std@@PAVWSignalInstance_@@@std@@@2@$0A@@std@@@2@PAU342@@Z 0040b330 f i devformwt.obj
 0001:0000a350       ?_Inc@const_iterator@?$_Tree@V?$_Tmap_traits@V?$basic_string@DU?$char_traits@D@std@@V?$allocator@D@2@@std@@V12@U?$less@V?$basic_string@DU?$char_traits@D@std@@V?$allocator@D@2@@std@@@2@V?$allocator@U?$pair@$$CBV?$basic_string@DU?$char_traits@D@std@@V?$allocator@D@2@@std@@V12@@std@@@2@$0A@@std@@@std@@QAEXXZ 0040b350 f i libwt:WWebWidget.obj
 0001:0000a3b0       ?_Inc@const_iterator@?$_Tree@V?$_Tmap_traits@V?$basic_string@DU?$char_traits@D@std@@V?$allocator@D@2@@std@@U?$pair@V?$basic_string@DU?$char_traits@D@std@@V?$allocator@D@2@@std@@V12@@2@U?$less@V?$basic_string@DU?$char_traits@D@std@@V?$allocator@D@2@@std@@@2@V?$allocator@U?$pair@$$CBV?$basic_string@DU?$char_traits@D@std@@V?$allocator@D@2@@std@@U?$pair@V?$basic_string@DU?$char_traits@D@std@@V?$allocator@D@2@@std@@V12@@2@@std@@@2@$0A@@std@@@std@@QAEXXZ 0040b3b0 f i libwt:WWebWidget.obj
[...]
 0001:000282a0       $L23577                    004292a0 f   libwt:WMessageResourceBundle.obj
 0001:000282a9       $L23578                    004292a9 f   libwt:WMessageResourceBundle.obj
 0001:000282b4       __ehhandler$??1WMessageResources@@QAE@XZ 004292b4 f   libwt:WMessageResourceBundle.obj
 0001:000282c0       $L23908                    004292c0 f   libwt:WMessageResourceBundle.obj
 0001:000282c9       $L23909                    004292c9 f   libwt:WMessageResourceBundle.obj
 0001:000282d4       __ehhandler$??0WMessageResources@@QAE@ABV0@@Z 004292d4 f   libwt:WMessageResourceBundle.obj
 0001:000282e0       $L31060                    004292e0 f   libwt:JavaScript.obj
 0001:000282e9       __ehhandler$??0JavaScript@@QAE@XZ 004292e9 f   libwt:JavaScript.obj
 0001:00028300       $L31073                    00429300 f   libwt:JavaScript.obj
 0001:00028309       __ehhandler$?addStatement@JavaScript@@QAEXV?$basic_string@DU?$char_traits@D@std@@V?$allocator@D@2@@std@@@Z 00429309 f   libwt:JavaScript.obj
 0001:00028320       $L32816                    00429320 f   libwt:JavaScript.obj
 0001:00028329       $L32817                    00429329 f   libwt:JavaScript.obj
 0001:00028332       __ehhandler$??0JSVar@@AAE@XZ 00429332 f   libwt:JavaScript.obj
 0001:00028340       $L32832                    00429340 f   libwt:JavaScript.obj
 0001:00028349       $L32833                    00429349 f   libwt:JavaScript.obj
 0001:00028351       $L32834                    00429351 f   libwt:JavaScript.obj
 0001:0002835a       $L32835                    0042935a f   libwt:JavaScript.obj
 0001:00028363       $L32836                    00429363 f   libwt:JavaScript.obj
 0001:0002836c       $L32837                    0042936c f   libwt:JavaScript.obj
 0001:00028378       $L32843                    00429378 f   libwt:JavaScript.obj
 0001:00028384       $L32839                    00429384 f   libwt:JavaScript.obj
 0001:000283a3       __ehhandler$?declareVar@JavaScript@@QAE?AVJSVar@@V?$basic_string@DU?$char_traits@D@std@@V?$allocator@D@2@@std@@@Z 004293a3 f   libwt:JavaScript.obj
 0001:000283b0       $L32866                    004293b0 f   libwt:JavaScript.obj
 0001:000283b9       $L32867                    004293b9 f   libwt:JavaScript.obj
 0001:000283d3       __ehhandler$?getTempFunctionName@JavaScript@@QAE?BV?$basic_string@DU?$char_traits@D@std@@V?$allocator@D@2@@std@@XZ 004293d3 f   libwt:JavaScript.obj
 0001:000283e0       $L38566                    004293e0 f   libwt:WFont.obj
 0001:000283e0       $L38557                    004293e0 f   libwt:WFont.obj
 0001:000283ec       __ehhandler$??0WFont@@AAE@PAVWWebWidget@@@Z 004293ec f   libwt:WFont.obj
 0001:000283ec       __ehhandler$??0WFont@@QAE@XZ 004293ec f   libwt:WFont.obj
 0001:00028400       $L38575                    00429400 f   libwt:WFont.obj
 0001:00028409       __ehhandler$?setFamily@WFont@@QAEXW4GenericFamily@1@V?$basic_string@DU?$char_traits@D@std@@V?$allocator@D@2@@std@@@Z 00429409 f   libwt:WFont.obj
 0001:00028420       $L42563                    00429420 f   libwt:WFont.obj
 0001:00028429       __ehhandler$?updateDomElement@WFont@@AAEXAAVDomElement@@_N1@Z 00429429 f   libwt:WFont.obj
 0001:00028440       $L30397                    00429440 f   libwt:WColor.obj
 0001:00028449       __ehhandler$??0WColor@@QAE@V?$basic_string@DU?$char_traits@D@std@@V?$allocator@D@2@@std@@@Z 00429449 f   libwt:WColor.obj
 0001:00028460       $L32151                    00429460 f   libwt:WColor.obj
 0001:00028480       $L32154                    00429480 f   libwt:WColor.obj
 0001:00028489       $L32155                    00429489 f   libwt:WColor.obj
 0001:00028492       $L32156                    00429492 f   libwt:WColor.obj
 0001:0002849e       $L32157                    0042949e f   libwt:WColor.obj
 0001:000284aa       $L32158                    004294aa f   libwt:WColor.obj
 0001:000284b6       $L32159                    004294b6 f   libwt:WColor.obj
 0001:000284bf       $L32160                    004294bf f   libwt:WColor.obj
 0001:000284cb       $L32161                    004294cb f   libwt:WColor.obj
 0001:000284d4       __ehhandler$?cssText@WColor@@QBE?BV?$basic_string@DU?$char_traits@D@std@@V?$allocator@D@2@@std@@XZ 004294d4 f   libwt:WColor.obj
 0001:000284e0       $L32420                    004294e0 f   libwt:WColor.obj
 0001:000284e0       $L32274                    004294e0 f   libwt:WColor.obj
 0001:000284e0       $L32404                    004294e0 f   libwt:WColor.obj
 0001:000284e0       $L32290                    004294e0 f   libwt:WColor.obj
 0001:000284e0       $L32386                    004294e0 f   libwt:WColor.obj
 0001:000284e0       $L32436                    004294e0 f   libwt:WColor.obj
 0001:000284e0       $L32370                    004294e0 f   libwt:WColor.obj
 0001:000284e0       $L32194                    004294e0 f   libwt:WColor.obj
 0001:000284e0       $L32322                    004294e0 f   libwt:WColor.obj
 0001:000284e0       $L32178                    004294e0 f   libwt:WColor.obj
 0001:000284e0       $L32226                    004294e0 f   libwt:WColor.obj
 0001:000284e0       $L32210                    004294e0 f   libwt:WColor.obj
 0001:000284e0       $L32306                    004294e0 f   libwt:WColor.obj
 0001:000284e0       $L32354                    004294e0 f   libwt:WColor.obj
 0001:000284e0       $L32338                    004294e0 f   libwt:WColor.obj
 0001:000284e0       $L32258                    004294e0 f   libwt:WColor.obj
 0001:000284e0       $L32242                    004294e0 f   libwt:WColor.obj
 0001:000284e9       __ehhandler$_$E1           004294e9 f   libwt:WColor.obj
 0001:000284e9       __ehhandler$_$E7           004294e9 f   libwt:WColor.obj
 0001:000284e9       __ehhandler$_$E13          004294e9 f   libwt:WColor.obj
 0001:000284e9       __ehhandler$_$E10          004294e9 f   libwt:WColor.obj
 0001:000284e9       __ehhandler$_$E52          004294e9 f   libwt:WColor.obj
 0001:000284e9       __ehhandler$_$E49          004294e9 f   libwt:WColor.obj
 0001:000284e9       __ehhandler$_$E46          004294e9 f   libwt:WColor.obj
 0001:000284e9       __ehhandler$_$E40          004294e9 f   libwt:WColor.obj
 0001:000284e9       __ehhandler$_$E37          004294e9 f   libwt:WColor.obj
 0001:000284e9       __ehhandler$_$E34          004294e9 f   libwt:WColor.obj
 0001:000284e9       __ehhandler$_$E31          004294e9 f   libwt:WColor.obj
 0001:000284e9       __ehhandler$_$E28          004294e9 f   libwt:WColor.obj
 0001:000284e9       __ehhandler$_$E16          004294e9 f   libwt:WColor.obj
 0001:000284e9       __ehhandler$_$E19          004294e9 f   libwt:WColor.obj
 0001:000284e9       __ehhandler$_$E22          004294e9 f   libwt:WColor.obj
 0001:000284e9       __ehhandler$_$E25          004294e9 f   libwt:WColor.obj
 0001:000284e9       __ehhandler$_$E4           004294e9 f   libwt:WColor.obj
 0001:00028500       $L14564                    00429500 f   libwt:WBorder.obj
 0001:00028508       __ehhandler$??0WBorder@@QAE@W4Style@0@W4Width@0@VWColor@@@Z 00429508 f   libwt:WBorder.obj
 0001:00028520       $L14589                    00429520 f   libwt:WBorder.obj
 0001:00028528       __ehhandler$?setColor@WBorder@@QAEXVWColor@@@Z 00429528 f   libwt:WBorder.obj
 0001:00028540       $L14955                    00429540 f   libwt:WBorder.obj
 0001:00028549       $L14956                    00429549 f   libwt:WBorder.obj
 0001:00028569       $L14959                    00429569 f   libwt:WBorder.obj
 0001:00028572       $L14960                    00429572 f   libwt:WBorder.obj
 0001:0002857e       $L14961                    0042957e f   libwt:WBorder.obj
 0001:00028587       $L14962                    00429587 f   libwt:WBorder.obj
 0001:00028590       $L14963                    00429590 f   libwt:WBorder.obj
 0001:0002859c       $L14964                    0042959c f   libwt:WBorder.obj
 0001:000285a8       __ehhandler$?cssText@WBorder@@QBE?AV?$basic_string@DU?$char_traits@D@std@@V?$allocator@D@2@@std@@XZ 004295a8 f   libwt:WBorder.obj
 0001:000285c0       $L25672                    004295c0 f   libwt:WMessageResources.obj
 0001:000285c9       $L25673                    004295c9 f   libwt:WMessageResources.obj
 0001:000285d2       $L25674                    004295d2 f   libwt:WMessageResources.obj
 0001:000285db       __ehhandler$?getValue@WMessageResources@@QBE_NABVWMessage@@AAV?$basic_string@DU?$char_traits@D@std@@V?$allocator@D@2@@std@@@Z 004295db f   libwt:WMessageResources.obj
 0001:000285f0       $L31679                    004295f0 f   libwt:WMessageResources.obj
 0001:000285f9       $L31680                    004295f9 f   libwt:WMessageResources.obj
 0001:00028602       $L31681                    00429602 f   libwt:WMessageResources.obj
 0001:0002860d       $L31682                    0042960d f   libwt:WMessageResources.obj
 0001:00028618       __ehhandler$??0WMessageResources@@QAE@V?$basic_string@DU?$char_traits@D@std@@V?$allocator@D@2@@std@@@Z 00429618 f   libwt:WMessageResources.obj
 0001:00028630       _$E7                       00429630 f   devformwt.obj
 0001:000287a0       _$E10                      004297a0 f   devformwt.obj
 0001:000287c0       _$E7                       004297c0 f   WSPopTableWt.obj
 0001:00028850       _$E10                      00429850 f   WSPopTableWt.obj
 0001:00028870       _$E5                       00429870 f   libwt:WWebWidget.obj
 0001:00028890       _$E8                       00429890 f   libwt:WWebWidget.obj
 0001:000288b0       _$E4                       004298b0 f   libwt:WInteractWidget.obj
 0001:00028940       _$E7                       00429940 f   libwt:WInteractWidget.obj
 0001:00028d90       _$E5                       00429d90 f   libwt:WContainerWidget.obj
 0001:00028db0       _$E8                       00429db0 f   libwt:WContainerWidget.obj
 0001:00028dd0       _$E7                       00429dd0 f   libwt:WTable.obj
 0001:00028df0       _$E10                      00429df0 f   libwt:WTable.obj
 0001:00028e10       _$E13                      00429e10 f   libwt:WTable.obj
 0001:00028e30       _$E16                      00429e30 f   libwt:WTable.obj
 0001:00028e50       _$E4                       00429e50 f   libwt:WText.obj
 0001:00028e70       _$E7                       00429e70 f   libwt:WText.obj
 0001:00028e90       _$E4                       00429e90 f   libwt:WImage.obj
 0001:00028f20       _$E7                       00429f20 f   libwt:WImage.obj
 0001:00028f40       _$E4                       00429f40 f   libwt:WFormWidget.obj
 0001:00029060       _$E7                       0042a060 f   libwt:WFormWidget.obj
 0001:00029180       _$E4                       0042a180 f   libwt:WPushButton.obj
 0001:000291a0       _$E7                       0042a1a0 f   libwt:WPushButton.obj
 0001:000291c0       _$E3                       0042a1c0 f   libwt:WScrollArea.obj
 0001:000291e0       _$E6                       0042a1e0 f   libwt:WScrollArea.obj
 0001:00029200       _$E4                       0042a200 f   libwt:WLineEdit.obj
 0001:00029290       _$E7                       0042a290 f   libwt:WLineEdit.obj
 0001:000292b0       _$E7                       0042a2b0 f   libwt:WApplication.obj
 0001:00029390       _$E10                      0042a390 f   libwt:WApplication.obj
 0001:000293b0       _$E7                       0042a3b0 f   libwt:WebSession.obj
 0001:000293d0       _$E7                       0042a3d0 f   libwt:WTableCell.obj
 0001:000293f0       _$E10                      0042a3f0 f   libwt:WTableCell.obj
 0001:00029410       _$E1                       0042a410 f   libwt:WObject.obj
 0001:00029430       _$E4                       0042a430 f   libwt:WObject.obj
 0001:000294c0       _$E3                       0042a4c0 f   libwt:WWidget.obj
 0001:000295a0       _$E6                       0042a5a0 f   libwt:WWidget.obj
 0001:000295c0       _$E3                       0042a5c0 f   libwt:DomElement.obj
 0001:00029850       _$E1                       0042a850 f   libwt:WResource.obj
 0001:00029870       _$E4                       0042a870 f   libwt:WResource.obj
 0001:00029900       _$E4                       0042a900 f   libwt:WLabel.obj
 0001:00029920       _$E7                       0042a920 f   libwt:WLabel.obj
 0001:00029940       _$E3                       0042a940 f   libwt:WScrollBar.obj
 0001:000299d0       _$E6                       0042a9d0 f   libwt:WScrollBar.obj
 0001:000299f0       _$E1                       0042a9f0 f   libwt:WColor.obj
 0001:00029a60       _$E4                       0042aa60 f   libwt:WColor.obj
 0001:00029ad0       _$E7                       0042aad0 f   libwt:WColor.obj
 0001:00029b40       _$E10                      0042ab40 f   libwt:WColor.obj
 0001:00029bb0       _$E13                      0042abb0 f   libwt:WColor.obj
 0001:00029c20       _$E16                      0042ac20 f   libwt:WColor.obj
 0001:00029c90       _$E19                      0042ac90 f   libwt:WColor.obj
 0001:00029d00       _$E22                      0042ad00 f   libwt:WColor.obj
 0001:00029d70       _$E25                      0042ad70 f   libwt:WColor.obj
 0001:00029de0       _$E28                      0042ade0 f   libwt:WColor.obj
 0001:00029e50       _$E31                      0042ae50 f   libwt:WColor.obj
 0001:00029ec0       _$E34                      0042aec0 f   libwt:WColor.obj
 0001:00029f30       _$E37                      0042af30 f   libwt:WColor.obj
 0001:00029fa0       _$E40                      0042afa0 f   libwt:WColor.obj
 0001:0002a010       _$E43                      0042b010 f   libwt:WColor.obj
 0001:0002a040       _$E46                      0042b040 f   libwt:WColor.obj
 0001:0002a0b0       _$E49                      0042b0b0 f   libwt:WColor.obj
 0001:0002a120       _$E52                      0042b120 f   libwt:WColor.obj
 0001:0002a190       _$E11                      0042b190 f   devform.obj
 0001:0002a1a0       _$E10                      0042b1a0 f   devform.obj
 0001:0002a1b0       _$E16                      0042b1b0 f   devform.obj
 0001:0002a1c0       _$E15                      0042b1c0 f   devform.obj
 0001:0002a1d0       _$E14                      0042b1d0 f   devform.obj
 0001:0002a1e0       _$E13                      0042b1e0 f   devform.obj
 0001:0002a1f0       _$E8                       0042b1f0 f   devformwt.obj
 0001:0002a210       _$E11                      0042b210 f   devformwt.obj
 0001:0002a230       _$E8                       0042b230 f   WSPopTableWt.obj
 0001:0002a250       _$E11                      0042b250 f   WSPopTableWt.obj
 0001:0002a270       _$E6                       0042b270 f   libwt:WWebWidget.obj
 0001:0002a290       _$E9                       0042b290 f   libwt:WWebWidget.obj
 0001:0002a2b0       _$E5                       0042b2b0 f   libwt:WInteractWidget.obj
 0001:0002a2d0       _$E8                       0042b2d0 f   libwt:WInteractWidget.obj
 0001:0002a2f0       _$E6                       0042b2f0 f   libwt:WContainerWidget.obj
 0001:0002a310       _$E9                       0042b310 f   libwt:WContainerWidget.obj
 0001:0002a330       _$E8                       0042b330 f   libwt:WTable.obj
 0001:0002a350       _$E11                      0042b350 f   libwt:WTable.obj
 0001:0002a370       _$E14                      0042b370 f   libwt:WTable.obj
 0001:0002a390       _$E17                      0042b390 f   libwt:WTable.obj
 0001:0002a3b0       _$E5                       0042b3b0 f   libwt:WText.obj
 0001:0002a3d0       _$E8                       0042b3d0 f   libwt:WText.obj
 0001:0002a3f0       _$E5                       0042b3f0 f   libwt:WImage.obj
 0001:0002a410       _$E8                       0042b410 f   libwt:WImage.obj
 0001:0002a430       _$E5                       0042b430 f   libwt:WFormWidget.obj
 0001:0002a450       _$E8                       0042b450 f   libwt:WFormWidget.obj
 0001:0002a470       _$E5                       0042b470 f   libwt:WPushButton.obj
 0001:0002a490       _$E8                       0042b490 f   libwt:WPushButton.obj
 0001:0002a4b0       _$E4                       0042b4b0 f   libwt:WScrollArea.obj
 0001:0002a4d0       _$E7                       0042b4d0 f   libwt:WScrollArea.obj
 0001:0002a4f0       _$E5                       0042b4f0 f   libwt:WLineEdit.obj
 0001:0002a510       _$E8                       0042b510 f   libwt:WLineEdit.obj
 0001:0002a530       _$E8                       0042b530 f   libwt:WApplication.obj
 0001:0002a550       _$E11                      0042b550 f   libwt:WApplication.obj
 0001:0002a570       _$E8                       0042b570 f   libwt:WebSession.obj
 0001:0002a580       _$E14                      0042b580 f   libwt:WebSession.obj
 0001:0002a590       _$E13                      0042b590 f   libwt:WebSession.obj
 0001:0002a5a0       _$E12                      0042b5a0 f   libwt:WebSession.obj
 0001:0002a5b0       _$E11                      0042b5b0 f   libwt:WebSession.obj
 0001:0002a5c0       _$E16                      0042b5c0 f   libwt:WebSession.obj
 0001:0002a5d0       _$E8                       0042b5d0 f   libwt:WTableCell.obj
 0001:0002a5f0       _$E11                      0042b5f0 f   libwt:WTableCell.obj
 0001:0002a610       _$E2                       0042b610 f   libwt:WObject.obj
 0001:0002a630       _$E5                       0042b630 f   libwt:WObject.obj
 0001:0002a650       _$E4                       0042b650 f   libwt:WWidget.obj
 0001:0002a670       _$E7                       0042b670 f   libwt:WWidget.obj
 0001:0002a690       _$E4                       0042b690 f   libwt:DomElement.obj
 0001:0002a6b0       _$E7                       0042b6b0 f   libwt:DomElement.obj
 0001:0002a6d0       _$E9                       0042b6d0 f   libwt:DomElement.obj
 0001:0002a6f0       _$E2                       0042b6f0 f   libwt:WResource.obj
 0001:0002a710       _$E5                       0042b710 f   libwt:WResource.obj
 0001:0002a730       _$E5                       0042b730 f   libwt:WLabel.obj
 0001:0002a750       _$E8                       0042b750 f   libwt:WLabel.obj
 0001:0002a770       _$E4                       0042b770 f   libwt:WScrollBar.obj
 0001:0002a790       _$E7                       0042b790 f   libwt:WScrollBar.obj
 0001:0002a7b0       _$E2                       0042b7b0 f   libwt:WColor.obj
 0001:0002a7c0       _$E5                       0042b7c0 f   libwt:WColor.obj
 0001:0002a7d0       _$E8                       0042b7d0 f   libwt:WColor.obj
 0001:0002a7e0       _$E11                      0042b7e0 f   libwt:WColor.obj
 0001:0002a7f0       _$E14                      0042b7f0 f   libwt:WColor.obj
 0001:0002a800       _$E17                      0042b800 f   libwt:WColor.obj
 0001:0002a810       _$E20                      0042b810 f   libwt:WColor.obj
 0001:0002a820       _$E23                      0042b820 f   libwt:WColor.obj
 0001:0002a830       _$E26                      0042b830 f   libwt:WColor.obj
 0001:0002a840       _$E29                      0042b840 f   libwt:WColor.obj
 0001:0002a850       _$E32                      0042b850 f   libwt:WColor.obj
 0001:0002a860       _$E35                      0042b860 f   libwt:WColor.obj
 0001:0002a870       _$E38                      0042b870 f   libwt:WColor.obj
 0001:0002a880       _$E41                      0042b880 f   libwt:WColor.obj
 0001:0002a890       _$E44                      0042b890 f   libwt:WColor.obj
 0001:0002a8a0       _$E47                      0042b8a0 f   libwt:WColor.obj
 0001:0002a8b0       _$E50                      0042b8b0 f   libwt:WColor.obj
 0001:0002a8c0       _$E53                      0042b8c0 f   libwt:WColor.obj
