 wholetree

 Timestamp is 45b5c2a9 (Tue Jan 23 16:09:13 2007)

 Preferred load address is 00400000

 Start         Length     Name                   Class
 0001:00000000 00028c28H .text                   CODE
 0001:00028c30 000049a2H .text$x                 CODE
 0001:0002d5e0 00001956H .text$yc                CODE
 0001:0002ef40 00000694H .text$yd                CODE
 0002:00000000 00000254H .idata$5                DATA
 0002:00000258 000045a0H .rdata                  DATA
 0002:000047f8 00000044H .rdata$r                DATA
 0002:00004840 0000040cH .rdata$sxdata           DATA
 0002:00004c4c 00000004H .rtc$IAA                DATA
 0002:00004c50 00000004H .rtc$IZZ                DATA
 0002:00004c54 00000004H .rtc$TAA                DATA
 0002:00004c58 00000004H .rtc$TZZ                DATA
 0002:00004c5c 00004d30H .xdata$x                DATA
 0002:0000998c 00000064H .idata$2                DATA
 0002:000099f0 00000014H .idata$3                DATA
 0002:00009a04 00000254H .idata$4                DATA
 0002:00009c58 000019b4H .idata$6                DATA
 0002:0000b610 0000c1bcH .edata                  DATA
 0003:00000000 00000004H .CRT$XCA                DATA
 0003:00000004 00000004H .CRT$XCAA               DATA
 0003:00000008 000000e8H .CRT$XCU                DATA
 0003:000000f0 00000004H .CRT$XCZ                DATA
 0003:000000f4 00000004H .CRT$XIA                DATA
 0003:000000f8 00000004H .CRT$XIZ                DATA
 0003:00000100 000001f4H .data                   DATA
 0003:000002f8 0000183cH .bss                    DATA

  Address         Publics by Value              Rva+Base     Lib:Object

 0000:00000000       __except_list              00000000     <absolute>
 0000:00000103       ___safe_se_handler_count   00000103     <absolute>
 0000:00009876       __fltused                  00009876     <absolute>
 0000:00009876       __ldused                   00009876     <absolute>
 0001:00000000       ??3@YAXPAX0@Z              00401000 f i User.obj
 0001:00000000       ?signalConnectionsChanged@WObject@@EAEXXZ 00401000 f i libwt:WObject.obj
 0001:00000010       ??1logic_error@std@@UAE@XZ 00401010 f i User.obj
 0001:00000070       ?what@logic_error@std@@UBEPBDXZ 00401070 f i User.obj
 0001:00000080       ??_Elogic_error@std@@UAEPAXI@Z 00401080 f i User.obj
 0001:00000080       ??_Glogic_error@std@@UAEPAXI@Z 00401080 f i User.obj
 0001:000000a0       ??_Elength_error@std@@UAEPAXI@Z 004010a0 f i User.obj
 0001:000000a0       ??_Glength_error@std@@UAEPAXI@Z 004010a0 f i User.obj
 0001:000000c0       ??1length_error@std@@UAE@XZ 004010c0 f i User.obj
 0001:000000d0       ??_Gout_of_range@std@@UAEPAXI@Z 004010d0 f i User.obj
 0001:000000d0       ??_Eout_of_range@std@@UAEPAXI@Z 004010d0 f i User.obj
 0001:000000f0       ??1out_of_range@std@@UAE@XZ 004010f0 f i User.obj
 0001:00000100       ?size@?$vector@V?$basic_string@DU?$char_traits@D@std@@V?$allocator@D@2@@std@@V?$allocator@V?$basic_string@DU?$char_traits@D@std@@V?$allocator@D@2@@std@@@2@@std@@QBEIXZ 00401100 f i User.obj
 0001:00000130       ??R?$less@V?$basic_string@DU?$char_traits@D@std@@V?$allocator@D@2@@std@@@std@@QBE_NABV?$basic_string@DU?$char_traits@D@std@@V?$allocator@D@2@@1@0@Z 00401130 f i User.obj
 0001:00000150       ?_Xlen@?$vector@V?$basic_string@DU?$char_traits@D@std@@V?$allocator@D@2@@std@@V?$allocator@V?$basic_string@DU?$char_traits@D@std@@V?$allocator@D@2@@std@@@2@@std@@IBEXXZ 00401150 f i User.obj
 0001:000001d0       ??0logic_error@std@@QAE@ABV01@@Z 004011d0 f i User.obj
 0001:00000230       ??1_Sentry_base@?$basic_ostream@DU?$char_traits@D@std@@@std@@QAE@XZ 00401230 f i User.obj
 0001:00000250       ??0length_error@std@@QAE@ABV01@@Z 00401250 f i User.obj
 0001:00000270       ?_Max@?$_Tree@V?$_Tmap_traits@V?$basic_string@DU?$char_traits@D@std@@V?$allocator@D@2@@std@@PAUScopeFunc@@U?$less@V?$basic_string@DU?$char_traits@D@std@@V?$allocator@D@2@@std@@@2@V?$allocator@U?$pair@$$CBV?$basic_string@DU?$char_traits@D@std@@V?$allocator@D@2@@std@@PAUScopeFunc@@@std@@@2@$0A@@std@@@std@@KAPAU_Node@?$_Tree_nod@V?$_Tmap_traits@V?$basic_string@DU?$char_traits@D@std@@V?$allocator@D@2@@std@@PAUScopeFunc@@U?$less@V?$basic_string@DU?$char_traits@D@std@@V?$allocator@D@2@@std@@@2@V?$allocator@U?$pair@$$CBV?$basic_string@DU?$char_traits@D@std@@V?$allocator@D@2@@std@@PAUScopeFunc@@@std@@@2@$0A@@std@@@2@PAU342@@Z 00401270 f i User.obj
 0001:00000270       ?_Max@?$_Tree@V?$_Tmap_traits@V?$basic_string@DU?$char_traits@D@std@@V?$allocator@D@2@@std@@PAVWSlotInstance_@@U?$less@V?$basic_string@DU?$char_traits@D@std@@V?$allocator@D@2@@std@@@2@V?$allocator@U?$pair@$$CBV?$basic_string@DU?$char_traits@D@std@@V?$allocator@D@2@@std@@PAVWSlotInstance_@@@std@@@2@$0A@@std@@@std@@KAPAU_Node@?$_Tree_nod@V?$_Tmap_traits@V?$basic_string@DU?$char_traits@D@std@@V?$allocator@D@2@@std@@PAVWSlotInstance_@@U?$less@V?$basic_string@DU?$char_traits@D@std@@V?$allocator@D@2@@std@@@2@V?$allocator@U?$pair@$$CBV?$basic_string@DU?$char_traits@D@std@@V?$allocator@D@2@@std@@PAVWSlotInstance_@@@std@@@2@$0A@@std@@@2@PAU342@@Z 00401270 f i libwt:WWebWidget.obj
 0001:00000270       ?_Max@?$_Tree@V?$_Tmap_traits@V?$basic_string@DU?$char_traits@D@std@@V?$allocator@D@2@@std@@PAVWCssRule@@U?$less@V?$basic_string@DU?$char_traits@D@std@@V?$allocator@D@2@@std@@@2@V?$allocator@U?$pair@$$CBV?$basic_string@DU?$char_traits@D@std@@V?$allocator@D@2@@std@@PAVWCssRule@@@std@@@2@$0A@@std@@@std@@KAPAU_Node@?$_Tree_nod@V?$_Tmap_traits@V?$basic_string@DU?$char_traits@D@std@@V?$allocator@D@2@@std@@PAVWCssRule@@U?$less@V?$basic_string@DU?$char_traits@D@std@@V?$allocator@D@2@@std@@@2@V?$allocator@U?$pair@$$CBV?$basic_string@DU?$char_traits@D@std@@V?$allocator@D@2@@std@@PAVWCssRule@@@std@@@2@$0A@@std@@@2@PAU342@@Z 00401270 f i wholemain.obj
 0001:00000270       ?_Max@?$_Tree@V?$_Tmap_traits@V?$basic_string@DU?$char_traits@D@std@@V?$allocator@D@2@@std@@_NU?$less@V?$basic_string@DU?$char_traits@D@std@@V?$allocator@D@2@@std@@@2@V?$allocator@U?$pair@$$CBV?$basic_string@DU?$char_traits@D@std@@V?$allocator@D@2@@std@@_N@std@@@2@$0A@@std@@@std@@KAPAU_Node@?$_Tree_nod@V?$_Tmap_traits@V?$basic_string@DU?$char_traits@D@std@@V?$allocator@D@2@@std@@_NU?$less@V?$basic_string@DU?$char_traits@D@std@@V?$allocator@D@2@@std@@@2@V?$allocator@U?$pair@$$CBV?$basic_string@DU?$char_traits@D@std@@V?$allocator@D@2@@std@@_N@std@@@2@$0A@@std@@@2@PAU342@@Z 00401270 f i User.obj
 0001:00000270       ?_Max@?$_Tree@V?$_Tmap_traits@V?$basic_string@DU?$char_traits@D@std@@V?$allocator@D@2@@std@@PAVWSignalInstance_@@U?$less@V?$basic_string@DU?$char_traits@D@std@@V?$allocator@D@2@@std@@@2@V?$allocator@U?$pair@$$CBV?$basic_string@DU?$char_traits@D@std@@V?$allocator@D@2@@std@@PAVWSignalInstance_@@@std@@@2@$0A@@std@@@std@@KAPAU_Node@?$_Tree_nod@V?$_Tmap_traits@V?$basic_string@DU?$char_traits@D@std@@V?$allocator@D@2@@std@@PAVWSignalInstance_@@U?$less@V?$basic_string@DU?$char_traits@D@std@@V?$allocator@D@2@@std@@@2@V?$allocator@U?$pair@$$CBV?$basic_string@DU?$char_traits@D@std@@V?$allocator@D@2@@std@@PAVWSignalInstance_@@@std@@@2@$0A@@std@@@2@PAU342@@Z 00401270 f i wholeviewwt.obj
 0001:00000270       ?_Max@?$_Tree@V?$_Tmap_traits@W4Property@Wt@@V?$basic_string@DU?$char_traits@D@std@@V?$allocator@D@2@@std@@U?$less@W4Property@Wt@@@4@V?$allocator@U?$pair@$$CBW4Property@Wt@@V?$basic_string@DU?$char_traits@D@std@@V?$allocator@D@2@@std@@@std@@@4@$0A@@std@@@std@@KAPAU_Node@?$_Tree_nod@V?$_Tmap_traits@W4Property@Wt@@V?$basic_string@DU?$char_traits@D@std@@V?$allocator@D@2@@std@@U?$less@W4Property@Wt@@@4@V?$allocator@U?$pair@$$CBW4Property@Wt@@V?$basic_string@DU?$char_traits@D@std@@V?$allocator@D@2@@std@@@std@@@4@$0A@@std@@@2@PAU342@@Z 00401270 f i libwt:WWebWidget.obj
 0001:00000290       ?_Dec@const_iterator@?$_Tree@V?$_Tmap_traits@V?$basic_string@DU?$char_traits@D@std@@V?$allocator@D@2@@std@@PAVWSlotInstance_@@U?$less@V?$basic_string@DU?$char_traits@D@std@@V?$allocator@D@2@@std@@@2@V?$allocator@U?$pair@$$CBV?$basic_string@DU?$char_traits@D@std@@V?$allocator@D@2@@std@@PAVWSlotInstance_@@@std@@@2@$0A@@std@@@std@@QAEXXZ 00401290 f i libwt:WWebWidget.obj
 0001:00000290       ?_Dec@const_iterator@?$_Tree@V?$_Tmap_traits@V?$basic_string@DU?$char_traits@D@std@@V?$allocator@D@2@@std@@PAUScopeFunc@@U?$less@V?$basic_string@DU?$char_traits@D@std@@V?$allocator@D@2@@std@@@2@V?$allocator@U?$pair@$$CBV?$basic_string@DU?$char_traits@D@std@@V?$allocator@D@2@@std@@PAUScopeFunc@@@std@@@2@$0A@@std@@@std@@QAEXXZ 00401290 f i User.obj
 0001:00000290       ?_Dec@const_iterator@?$_Tree@V?$_Tmap_traits@V?$basic_string@DU?$char_traits@D@std@@V?$allocator@D@2@@std@@PAVWSignalInstance_@@U?$less@V?$basic_string@DU?$char_traits@D@std@@V?$allocator@D@2@@std@@@2@V?$allocator@U?$pair@$$CBV?$basic_string@DU?$char_traits@D@std@@V?$allocator@D@2@@std@@PAVWSignalInstance_@@@std@@@2@$0A@@std@@@std@@QAEXXZ 00401290 f i wholeviewwt.obj
 0001:00000290       ?_Dec@const_iterator@?$_Tree@V?$_Tmap_traits@W4Property@Wt@@V?$basic_string@DU?$char_traits@D@std@@V?$allocator@D@2@@std@@U?$less@W4Property@Wt@@@4@V?$allocator@U?$pair@$$CBW4Property@Wt@@V?$basic_string@DU?$char_traits@D@std@@V?$allocator@D@2@@std@@@std@@@4@$0A@@std@@@std@@QAEXXZ 00401290 f i libwt:DomElement.obj
 0001:00000290       ?_Dec@const_iterator@?$_Tree@V?$_Tmap_traits@V?$basic_string@DU?$char_traits@D@std@@V?$allocator@D@2@@std@@_NU?$less@V?$basic_string@DU?$char_traits@D@std@@V?$allocator@D@2@@std@@@2@V?$allocator@U?$pair@$$CBV?$basic_string@DU?$char_traits@D@std@@V?$allocator@D@2@@std@@_N@std@@@2@$0A@@std@@@std@@QAEXXZ 00401290 f i User.obj
 0001:000002f0       ??$?HDU?$char_traits@D@std@@V?$allocator@D@1@@std@@YA?AV?$basic_string@DU?$char_traits@D@std@@V?$allocator@D@2@@0@ABV10@0@Z 004012f0 f i User.obj
 0001:00000370       ??$?HDU?$char_traits@D@std@@V?$allocator@D@1@@std@@YA?AV?$basic_string@DU?$char_traits@D@std@@V?$allocator@D@2@@0@PBDABV10@@Z 00401370 f i User.obj
 0001:000003f0       ??$?HDU?$char_traits@D@std@@V?$allocator@D@1@@std@@YA?AV?$basic_string@DU?$char_traits@D@std@@V?$allocator@D@2@@0@DABV10@@Z 004013f0 f i User.obj
 0001:00000470       ??$?HDU?$char_traits@D@std@@V?$allocator@D@1@@std@@YA?AV?$basic_string@DU?$char_traits@D@std@@V?$allocator@D@2@@0@ABV10@PBD@Z 00401470 f i User.obj
 0001:000004f0       ??$?HDU?$char_traits@D@std@@V?$allocator@D@1@@std@@YA?AV?$basic_string@DU?$char_traits@D@std@@V?$allocator@D@2@@0@ABV10@D@Z 004014f0 f i User.obj
 0001:00000570       ??$fill@PAV?$basic_string@DU?$char_traits@D@std@@V?$allocator@D@2@@std@@V12@@std@@YAXPAV?$basic_string@DU?$char_traits@D@std@@V?$allocator@D@2@@0@0ABV10@@Z 00401570 f i User.obj
 0001:000005a0       ??1_Node@?$_List_nod@V?$basic_string@DU?$char_traits@D@std@@V?$allocator@D@2@@std@@V?$allocator@V?$basic_string@DU?$char_traits@D@std@@V?$allocator@D@2@@std@@@2@@std@@QAE@XZ 004015a0 f i User.obj
 0001:000005a0       ??1WFont@@QAE@XZ           004015a0 f i wholemain.obj
 0001:000005b0       ??$_Copy_backward_opt@PAV?$basic_string@DU?$char_traits@D@std@@V?$allocator@D@2@@std@@PAV12@@std@@YAPAV?$basic_string@DU?$char_traits@D@std@@V?$allocator@D@2@@0@PAV10@00U_Nonscalar_ptr_iterator_tag@0@@Z 004015b0 f i User.obj
 0001:000005f0       ?haveGroupRight@CUser@@QAE_NV?$basic_string@DU?$char_traits@D@std@@V?$allocator@D@2@@std@@H@Z 004015f0 f   User.obj
 0001:000007a0       ??0sentry@?$basic_ostream@DU?$char_traits@D@std@@@std@@QAE@AAV12@@Z 004017a0 f i User.obj
 0001:00000830       ??1sentry@?$basic_ostream@DU?$char_traits@D@std@@@std@@QAE@XZ 00401830 f i User.obj
 0001:000008a0       ?_Lbound@?$_Tree@V?$_Tmap_traits@V?$basic_string@DU?$char_traits@D@std@@V?$allocator@D@2@@std@@PAVWSignalInstance_@@U?$less@V?$basic_string@DU?$char_traits@D@std@@V?$allocator@D@2@@std@@@2@V?$allocator@U?$pair@$$CBV?$basic_string@DU?$char_traits@D@std@@V?$allocator@D@2@@std@@PAVWSignalInstance_@@@std@@@2@$0A@@std@@@std@@IBEPAU_Node@?$_Tree_nod@V?$_Tmap_traits@V?$basic_string@DU?$char_traits@D@std@@V?$allocator@D@2@@std@@PAVWSignalInstance_@@U?$less@V?$basic_string@DU?$char_traits@D@std@@V?$allocator@D@2@@std@@@2@V?$allocator@U?$pair@$$CBV?$basic_string@DU?$char_traits@D@std@@V?$allocator@D@2@@std@@PAVWSignalInstance_@@@std@@@2@$0A@@std@@@2@ABV?$basic_string@DU?$char_traits@D@std@@V?$allocator@D@2@@2@@Z 004018a0 f i wholeviewwt.obj
 0001:000008a0       ?_Lbound@?$_Tree@V?$_Tmap_traits@V?$basic_string@DU?$char_traits@D@std@@V?$allocator@D@2@@std@@_NU?$less@V?$basic_string@DU?$char_traits@D@std@@V?$allocator@D@2@@std@@@2@V?$allocator@U?$pair@$$CBV?$basic_string@DU?$char_traits@D@std@@V?$allocator@D@2@@std@@_N@std@@@2@$0A@@std@@@std@@IBEPAU_Node@?$_Tree_nod@V?$_Tmap_traits@V?$basic_string@DU?$char_traits@D@std@@V?$allocator@D@2@@std@@_NU?$less@V?$basic_string@DU?$char_traits@D@std@@V?$allocator@D@2@@std@@@2@V?$allocator@U?$pair@$$CBV?$basic_string@DU?$char_traits@D@std@@V?$allocator@D@2@@std@@_N@std@@@2@$0A@@std@@@2@ABV?$basic_string@DU?$char_traits@D@std@@V?$allocator@D@2@@2@@Z 004018a0 f i User.obj
 0001:000008a0       ?_Lbound@?$_Tree@V?$_Tmap_traits@V?$basic_string@DU?$char_traits@D@std@@V?$allocator@D@2@@std@@PAVWSlotInstance_@@U?$less@V?$basic_string@DU?$char_traits@D@std@@V?$allocator@D@2@@std@@@2@V?$allocator@U?$pair@$$CBV?$basic_string@DU?$char_traits@D@std@@V?$allocator@D@2@@std@@PAVWSlotInstance_@@@std@@@2@$0A@@std@@@std@@IBEPAU_Node@?$_Tree_nod@V?$_Tmap_traits@V?$basic_string@DU?$char_traits@D@std@@V?$allocator@D@2@@std@@PAVWSlotInstance_@@U?$less@V?$basic_string@DU?$char_traits@D@std@@V?$allocator@D@2@@std@@@2@V?$allocator@U?$pair@$$CBV?$basic_string@DU?$char_traits@D@std@@V?$allocator@D@2@@std@@PAVWSlotInstance_@@@std@@@2@$0A@@std@@@2@ABV?$basic_string@DU?$char_traits@D@std@@V?$allocator@D@2@@2@@Z 004018a0 f i libwt:WWebWidget.obj
 0001:000008a0       ?_Lbound@?$_Tree@V?$_Tmap_traits@V?$basic_string@DU?$char_traits@D@std@@V?$allocator@D@2@@std@@PAUScopeFunc@@U?$less@V?$basic_string@DU?$char_traits@D@std@@V?$allocator@D@2@@std@@@2@V?$allocator@U?$pair@$$CBV?$basic_string@DU?$char_traits@D@std@@V?$allocator@D@2@@std@@PAUScopeFunc@@@std@@@2@$0A@@std@@@std@@IBEPAU_Node@?$_Tree_nod@V?$_Tmap_traits@V?$basic_string@DU?$char_traits@D@std@@V?$allocator@D@2@@std@@PAUScopeFunc@@U?$less@V?$basic_string@DU?$char_traits@D@std@@V?$allocator@D@2@@std@@@2@V?$allocator@U?$pair@$$CBV?$basic_string@DU?$char_traits@D@std@@V?$allocator@D@2@@std@@PAUScopeFunc@@@std@@@2@$0A@@std@@@2@ABV?$basic_string@DU?$char_traits@D@std@@V?$allocator@D@2@@2@@Z 004018a0 f i User.obj
 0001:000008f0       ?_Lrotate@?$_Tree@V?$_Tmap_traits@V?$basic_string@DU?$char_traits@D@std@@V?$allocator@D@2@@std@@PAUScopeFunc@@U?$less@V?$basic_string@DU?$char_traits@D@std@@V?$allocator@D@2@@std@@@2@V?$allocator@U?$pair@$$CBV?$basic_string@DU?$char_traits@D@std@@V?$allocator@D@2@@std@@PAUScopeFunc@@@std@@@2@$0A@@std@@@std@@IAEXPAU_Node@?$_Tree_nod@V?$_Tmap_traits@V?$basic_string@DU?$char_traits@D@std@@V?$allocator@D@2@@std@@PAUScopeFunc@@U?$less@V?$basic_string@DU?$char_traits@D@std@@V?$allocator@D@2@@std@@@2@V?$allocator@U?$pair@$$CBV?$basic_string@DU?$char_traits@D@std@@V?$allocator@D@2@@std@@PAUScopeFunc@@@std@@@2@$0A@@std@@@2@@Z 004018f0 f i User.obj
 0001:000008f0       ?_Lrotate@?$_Tree@V?$_Tmap_traits@W4Property@Wt@@V?$basic_string@DU?$char_traits@D@std@@V?$allocator@D@2@@std@@U?$less@W4Property@Wt@@@4@V?$allocator@U?$pair@$$CBW4Property@Wt@@V?$basic_string@DU?$char_traits@D@std@@V?$allocator@D@2@@std@@@std@@@4@$0A@@std@@@std@@IAEXPAU_Node@?$_Tree_nod@V?$_Tmap_traits@W4Property@Wt@@V?$basic_string@DU?$char_traits@D@std@@V?$allocator@D@2@@std@@U?$less@W4Property@Wt@@@4@V?$allocator@U?$pair@$$CBW4Property@Wt@@V?$basic_string@DU?$char_traits@D@std@@V?$allocator@D@2@@std@@@std@@@4@$0A@@std@@@2@@Z 004018f0 f i libwt:WWebWidget.obj
 0001:000008f0       ?_Lrotate@?$_Tree@V?$_Tmap_traits@V?$basic_string@DU?$char_traits@D@std@@V?$allocator@D@2@@std@@PAVWSignalInstance_@@U?$less@V?$basic_string@DU?$char_traits@D@std@@V?$allocator@D@2@@std@@@2@V?$allocator@U?$pair@$$CBV?$basic_string@DU?$char_traits@D@std@@V?$allocator@D@2@@std@@PAVWSignalInstance_@@@std@@@2@$0A@@std@@@std@@IAEXPAU_Node@?$_Tree_nod@V?$_Tmap_traits@V?$basic_string@DU?$char_traits@D@std@@V?$allocator@D@2@@std@@PAVWSignalInstance_@@U?$less@V?$basic_string@DU?$char_traits@D@std@@V?$allocator@D@2@@std@@@2@V?$allocator@U?$pair@$$CBV?$basic_string@DU?$char_traits@D@std@@V?$allocator@D@2@@std@@PAVWSignalInstance_@@@std@@@2@$0A@@std@@@2@@Z 004018f0 f i wholeviewwt.obj
 0001:000008f0       ?_Lrotate@?$_Tree@V?$_Tmap_traits@V?$basic_string@DU?$char_traits@D@std@@V?$allocator@D@2@@std@@PAVWCssRule@@U?$less@V?$basic_string@DU?$char_traits@D@std@@V?$allocator@D@2@@std@@@2@V?$allocator@U?$pair@$$CBV?$basic_string@DU?$char_traits@D@std@@V?$allocator@D@2@@std@@PAVWCssRule@@@std@@@2@$0A@@std@@@std@@IAEXPAU_Node@?$_Tree_nod@V?$_Tmap_traits@V?$basic_string@DU?$char_traits@D@std@@V?$allocator@D@2@@std@@PAVWCssRule@@U?$less@V?$basic_string@DU?$char_traits@D@std@@V?$allocator@D@2@@std@@@2@V?$allocator@U?$pair@$$CBV?$basic_string@DU?$char_traits@D@std@@V?$allocator@D@2@@std@@PAVWCssRule@@@std@@@2@$0A@@std@@@2@@Z 004018f0 f i wholemain.obj
 0001:000008f0       ?_Lrotate@?$_Tree@V?$_Tmap_traits@V?$basic_string@DU?$char_traits@D@std@@V?$allocator@D@2@@std@@PAVWSlotInstance_@@U?$less@V?$basic_string@DU?$char_traits@D@std@@V?$allocator@D@2@@std@@@2@V?$allocator@U?$pair@$$CBV?$basic_string@DU?$char_traits@D@std@@V?$allocator@D@2@@std@@PAVWSlotInstance_@@@std@@@2@$0A@@std@@@std@@IAEXPAU_Node@?$_Tree_nod@V?$_Tmap_traits@V?$basic_string@DU?$char_traits@D@std@@V?$allocator@D@2@@std@@PAVWSlotInstance_@@U?$less@V?$basic_string@DU?$char_traits@D@std@@V?$allocator@D@2@@std@@@2@V?$allocator@U?$pair@$$CBV?$basic_string@DU?$char_traits@D@std@@V?$allocator@D@2@@std@@PAVWSlotInstance_@@@std@@@2@$0A@@std@@@2@@Z 004018f0 f i libwt:WWebWidget.obj
 0001:000008f0       ?_Lrotate@?$_Tree@V?$_Tmap_traits@V?$basic_string@DU?$char_traits@D@std@@V?$allocator@D@2@@std@@_NU?$less@V?$basic_string@DU?$char_traits@D@std@@V?$allocator@D@2@@std@@@2@V?$allocator@U?$pair@$$CBV?$basic_string@DU?$char_traits@D@std@@V?$allocator@D@2@@std@@_N@std@@@2@$0A@@std@@@std@@IAEXPAU_Node@?$_Tree_nod@V?$_Tmap_traits@V?$basic_string@DU?$char_traits@D@std@@V?$allocator@D@2@@std@@_NU?$less@V?$basic_string@DU?$char_traits@D@std@@V?$allocator@D@2@@std@@@2@V?$allocator@U?$pair@$$CBV?$basic_string@DU?$char_traits@D@std@@V?$allocator@D@2@@std@@_N@std@@@2@$0A@@std@@@2@@Z 004018f0 f i User.obj
 0001:00000950       ??$?6DU?$char_traits@D@std@@V?$allocator@D@1@@std@@YAAAV?$basic_ostream@DU?$char_traits@D@std@@@0@AAV10@ABV?$basic_string@DU?$char_traits@D@std@@V?$allocator@D@2@@0@@Z 00401950 f i User.obj
 0001:00000b50       ?_Buynode@?$list@V?$basic_string@DU?$char_traits@D@std@@V?$allocator@D@2@@std@@V?$allocator@V?$basic_string@DU?$char_traits@D@std@@V?$allocator@D@2@@std@@@2@@std@@IAEPAU_Node@?$_List_nod@V?$basic_string@DU?$char_traits@D@std@@V?$allocator@D@2@@std@@V?$allocator@V?$basic_string@DU?$char_traits@D@std@@V?$allocator@D@2@@std@@@2@@2@XZ 00401b50 f i User.obj
 0001:00000b70       ?_Buynode@?$_Tree@V?$_Tmap_traits@V?$basic_string@DU?$char_traits@D@std@@V?$allocator@D@2@@std@@_NU?$less@V?$basic_string@DU?$char_traits@D@std@@V?$allocator@D@2@@std@@@2@V?$allocator@U?$pair@$$CBV?$basic_string@DU?$char_traits@D@std@@V?$allocator@D@2@@std@@_N@std@@@2@$0A@@std@@@std@@IAEPAU_Node@?$_Tree_nod@V?$_Tmap_traits@V?$basic_string@DU?$char_traits@D@std@@V?$allocator@D@2@@std@@_NU?$less@V?$basic_string@DU?$char_traits@D@std@@V?$allocator@D@2@@std@@@2@V?$allocator@U?$pair@$$CBV?$basic_string@DU?$char_traits@D@std@@V?$allocator@D@2@@std@@_N@std@@@2@$0A@@std@@@2@PAU342@00ABU?$pair@$$CBV?$basic_string@DU?$char_traits@D@std@@V?$allocator@D@2@@std@@_N@2@D@Z 00401b70 f i User.obj
 0001:00000c10       ?_Buynode@?$_Tree@V?$_Tmap_traits@V?$basic_string@DU?$char_traits@D@std@@V?$allocator@D@2@@std@@PAVWSignalInstance_@@U?$less@V?$basic_string@DU?$char_traits@D@std@@V?$allocator@D@2@@std@@@2@V?$allocator@U?$pair@$$CBV?$basic_string@DU?$char_traits@D@std@@V?$allocator@D@2@@std@@PAVWSignalInstance_@@@std@@@2@$0A@@std@@@std@@IAEPAU_Node@?$_Tree_nod@V?$_Tmap_traits@V?$basic_string@DU?$char_traits@D@std@@V?$allocator@D@2@@std@@PAVWSignalInstance_@@U?$less@V?$basic_string@DU?$char_traits@D@std@@V?$allocator@D@2@@std@@@2@V?$allocator@U?$pair@$$CBV?$basic_string@DU?$char_traits@D@std@@V?$allocator@D@2@@std@@PAVWSignalInstance_@@@std@@@2@$0A@@std@@@2@XZ 00401c10 f i libwt:WObject.obj
 0001:00000c10       ?_Buynode@?$_Tree@V?$_Tmap_traits@V?$basic_string@DU?$char_traits@D@std@@V?$allocator@D@2@@std@@PAUScopeFunc@@U?$less@V?$basic_string@DU?$char_traits@D@std@@V?$allocator@D@2@@std@@@2@V?$allocator@U?$pair@$$CBV?$basic_string@DU?$char_traits@D@std@@V?$allocator@D@2@@std@@PAUScopeFunc@@@std@@@2@$0A@@std@@@std@@IAEPAU_Node@?$_Tree_nod@V?$_Tmap_traits@V?$basic_string@DU?$char_traits@D@std@@V?$allocator@D@2@@std@@PAUScopeFunc@@U?$less@V?$basic_string@DU?$char_traits@D@std@@V?$allocator@D@2@@std@@@2@V?$allocator@U?$pair@$$CBV?$basic_string@DU?$char_traits@D@std@@V?$allocator@D@2@@std@@PAUScopeFunc@@@std@@@2@$0A@@std@@@2@XZ 00401c10 f i User.obj
 0001:00000c10       ?_Buynode@?$_Tree@V?$_Tmap_traits@V?$basic_string@DU?$char_traits@D@std@@V?$allocator@D@2@@std@@PAVWCssRule@@U?$less@V?$basic_string@DU?$char_traits@D@std@@V?$allocator@D@2@@std@@@2@V?$allocator@U?$pair@$$CBV?$basic_string@DU?$char_traits@D@std@@V?$allocator@D@2@@std@@PAVWCssRule@@@std@@@2@$0A@@std@@@std@@IAEPAU_Node@?$_Tree_nod@V?$_Tmap_traits@V?$basic_string@DU?$char_traits@D@std@@V?$allocator@D@2@@std@@PAVWCssRule@@U?$less@V?$basic_string@DU?$char_traits@D@std@@V?$allocator@D@2@@std@@@2@V?$allocator@U?$pair@$$CBV?$basic_string@DU?$char_traits@D@std@@V?$allocator@D@2@@std@@PAVWCssRule@@@std@@@2@$0A@@std@@@2@XZ 00401c10 f i libwt:WCssStyleSheet.obj
 0001:00000c10       ?_Buynode@?$_Tree@V?$_Tmap_traits@V?$basic_string@DU?$char_traits@D@std@@V?$allocator@D@2@@std@@PAVWSlotInstance_@@U?$less@V?$basic_string@DU?$char_traits@D@std@@V?$allocator@D@2@@std@@@2@V?$allocator@U?$pair@$$CBV?$basic_string@DU?$char_traits@D@std@@V?$allocator@D@2@@std@@PAVWSlotInstance_@@@std@@@2@$0A@@std@@@std@@IAEPAU_Node@?$_Tree_nod@V?$_Tmap_traits@V?$basic_string@DU?$char_traits@D@std@@V?$allocator@D@2@@std@@PAVWSlotInstance_@@U?$less@V?$basic_string@DU?$char_traits@D@std@@V?$allocator@D@2@@std@@@2@V?$allocator@U?$pair@$$CBV?$basic_string@DU?$char_traits@D@std@@V?$allocator@D@2@@std@@PAVWSlotInstance_@@@std@@@2@$0A@@std@@@2@XZ 00401c10 f i libwt:WObject.obj
 0001:00000c10       ?_Buynode@?$_Tree@V?$_Tmap_traits@W4Property@Wt@@V?$basic_string@DU?$char_traits@D@std@@V?$allocator@D@2@@std@@U?$less@W4Property@Wt@@@4@V?$allocator@U?$pair@$$CBW4Property@Wt@@V?$basic_string@DU?$char_traits@D@std@@V?$allocator@D@2@@std@@@std@@@4@$0A@@std@@@std@@IAEPAU_Node@?$_Tree_nod@V?$_Tmap_traits@W4Property@Wt@@V?$basic_string@DU?$char_traits@D@std@@V?$allocator@D@2@@std@@U?$less@W4Property@Wt@@@4@V?$allocator@U?$pair@$$CBW4Property@Wt@@V?$basic_string@DU?$char_traits@D@std@@V?$allocator@D@2@@std@@@std@@@4@$0A@@std@@@2@XZ 00401c10 f i libwt:WWebWidget.obj
 0001:00000c10       ?_Buynode@?$_Tree@V?$_Tmap_traits@V?$basic_string@DU?$char_traits@D@std@@V?$allocator@D@2@@std@@_NU?$less@V?$basic_string@DU?$char_traits@D@std@@V?$allocator@D@2@@std@@@2@V?$allocator@U?$pair@$$CBV?$basic_string@DU?$char_traits@D@std@@V?$allocator@D@2@@std@@_N@std@@@2@$0A@@std@@@std@@IAEPAU_Node@?$_Tree_nod@V?$_Tmap_traits@V?$basic_string@DU?$char_traits@D@std@@V?$allocator@D@2@@std@@_NU?$less@V?$basic_string@DU?$char_traits@D@std@@V?$allocator@D@2@@std@@@2@V?$allocator@U?$pair@$$CBV?$basic_string@DU?$char_traits@D@std@@V?$allocator@D@2@@std@@_N@std@@@2@$0A@@std@@@2@XZ 00401c10 f i User.obj
 0001:00000c50       ?_Buynode@?$_Tree@V?$_Tmap_traits@V?$basic_string@DU?$char_traits@D@std@@V?$allocator@D@2@@std@@PAUScopeFunc@@U?$less@V?$basic_string@DU?$char_traits@D@std@@V?$allocator@D@2@@std@@@2@V?$allocator@U?$pair@$$CBV?$basic_string@DU?$char_traits@D@std@@V?$allocator@D@2@@std@@PAUScopeFunc@@@std@@@2@$0A@@std@@@std@@IAEPAU_Node@?$_Tree_nod@V?$_Tmap_traits@V?$basic_string@DU?$char_traits@D@std@@V?$allocator@D@2@@std@@PAUScopeFunc@@U?$less@V?$basic_string@DU?$char_traits@D@std@@V?$allocator@D@2@@std@@@2@V?$allocator@U?$pair@$$CBV?$basic_string@DU?$char_traits@D@std@@V?$allocator@D@2@@std@@PAUScopeFunc@@@std@@@2@$0A@@std@@@2@PAU342@00ABU?$pair@$$CBV?$basic_string@DU?$char_traits@D@std@@V?$allocator@D@2@@std@@PAUScopeFunc@@@2@D@Z 00401c50 f i User.obj
 0001:00000cf0       ??$_Uninit_copy@PAV?$basic_string@DU?$char_traits@D@std@@V?$allocator@D@2@@std@@PAV12@V?$allocator@V?$basic_string@DU?$char_traits@D@std@@V?$allocator@D@2@@std@@@2@@std@@YAPAV?$basic_string@DU?$char_traits@D@std@@V?$allocator@D@2@@0@PAV10@00AAV?$allocator@V?$basic_string@DU?$char_traits@D@std@@V?$allocator@D@2@@std@@@0@U_Nonscalar_ptr_iterator_tag@0@@Z 00401cf0 f i User.obj
 0001:00000d80       ?_Insert@?$_Tree@V?$_Tmap_traits@V?$basic_string@DU?$char_traits@D@std@@V?$allocator@D@2@@std@@_NU?$less@V?$basic_string@DU?$char_traits@D@std@@V?$allocator@D@2@@std@@@2@V?$allocator@U?$pair@$$CBV?$basic_string@DU?$char_traits@D@std@@V?$allocator@D@2@@std@@_N@std@@@2@$0A@@std@@@std@@IAE?AViterator@12@_NPAU_Node@?$_Tree_nod@V?$_Tmap_traits@V?$basic_string@DU?$char_traits@D@std@@V?$allocator@D@2@@std@@_NU?$less@V?$basic_string@DU?$char_traits@D@std@@V?$allocator@D@2@@std@@@2@V?$allocator@U?$pair@$$CBV?$basic_string@DU?$char_traits@D@std@@V?$allocator@D@2@@std@@_N@std@@@2@$0A@@std@@@2@ABU?$pair@$$CBV?$basic_string@DU?$char_traits@D@std@@V?$allocator@D@2@@std@@_N@2@@Z 00401d80 f i User.obj
 0001:00000f40       ?_Insert@?$_Tree@V?$_Tmap_traits@V?$basic_string@DU?$char_traits@D@std@@V?$allocator@D@2@@std@@PAUScopeFunc@@U?$less@V?$basic_string@DU?$char_traits@D@std@@V?$allocator@D@2@@std@@@2@V?$allocator@U?$pair@$$CBV?$basic_string@DU?$char_traits@D@std@@V?$allocator@D@2@@std@@PAUScopeFunc@@@std@@@2@$0A@@std@@@std@@IAE?AViterator@12@_NPAU_Node@?$_Tree_nod@V?$_Tmap_traits@V?$basic_string@DU?$char_traits@D@std@@V?$allocator@D@2@@std@@PAUScopeFunc@@U?$less@V?$basic_string@DU?$char_traits@D@std@@V?$allocator@D@2@@std@@@2@V?$allocator@U?$pair@$$CBV?$basic_string@DU?$char_traits@D@std@@V?$allocator@D@2@@std@@PAUScopeFunc@@@std@@@2@$0A@@std@@@2@ABU?$pair@$$CBV?$basic_string@DU?$char_traits@D@std@@V?$allocator@D@2@@std@@PAUScopeFunc@@@2@@Z 00401f40 f i User.obj
 0001:00001100       ??$_Uninit_fill_n@PAV?$basic_string@DU?$char_traits@D@std@@V?$allocator@D@2@@std@@IV12@V?$allocator@V?$basic_string@DU?$char_traits@D@std@@V?$allocator@D@2@@std@@@2@@std@@YAXPAV?$basic_string@DU?$char_traits@D@std@@V?$allocator@D@2@@0@IABV10@AAV?$allocator@V?$basic_string@DU?$char_traits@D@std@@V?$allocator@D@2@@std@@@0@U_Nonscalar_ptr_iterator_tag@0@@Z 00402100 f i User.obj
 0001:00001190       ?erase@?$_Tree@V?$_Tmap_traits@V?$basic_string@DU?$char_traits@D@std@@V?$allocator@D@2@@std@@PAUScopeFunc@@U?$less@V?$basic_string@DU?$char_traits@D@std@@V?$allocator@D@2@@std@@@2@V?$allocator@U?$pair@$$CBV?$basic_string@DU?$char_traits@D@std@@V?$allocator@D@2@@std@@PAUScopeFunc@@@std@@@2@$0A@@std@@@std@@QAE?AViterator@12@V312@@Z 00402190 f i User.obj
 0001:00001190       ?erase@?$_Tree@V?$_Tmap_traits@V?$basic_string@DU?$char_traits@D@std@@V?$allocator@D@2@@std@@_NU?$less@V?$basic_string@DU?$char_traits@D@std@@V?$allocator@D@2@@std@@@2@V?$allocator@U?$pair@$$CBV?$basic_string@DU?$char_traits@D@std@@V?$allocator@D@2@@std@@_N@std@@@2@$0A@@std@@@std@@QAE?AViterator@12@V312@@Z 00402190 f i User.obj
 0001:00001470       ??0out_of_range@std@@QAE@ABV01@@Z 00402470 f i User.obj
 0001:00001490       ?insert@?$_Tree@V?$_Tmap_traits@V?$basic_string@DU?$char_traits@D@std@@V?$allocator@D@2@@std@@_NU?$less@V?$basic_string@DU?$char_traits@D@std@@V?$allocator@D@2@@std@@@2@V?$allocator@U?$pair@$$CBV?$basic_string@DU?$char_traits@D@std@@V?$allocator@D@2@@std@@_N@std@@@2@$0A@@std@@@std@@QAE?AU?$pair@Viterator@?$_Tree@V?$_Tmap_traits@V?$basic_string@DU?$char_traits@D@std@@V?$allocator@D@2@@std@@_NU?$less@V?$basic_string@DU?$char_traits@D@std@@V?$allocator@D@2@@std@@@2@V?$allocator@U?$pair@$$CBV?$basic_string@DU?$char_traits@D@std@@V?$allocator@D@2@@std@@_N@std@@@2@$0A@@std@@@std@@_N@2@ABU?$pair@$$CBV?$basic_string@DU?$char_traits@D@std@@V?$allocator@D@2@@std@@_N@2@@Z 00402490 f i User.obj
 0001:00001570       ?insert@?$_Tree@V?$_Tmap_traits@V?$basic_string@DU?$char_traits@D@std@@V?$allocator@D@2@@std@@PAUScopeFunc@@U?$less@V?$basic_string@DU?$char_traits@D@std@@V?$allocator@D@2@@std@@@2@V?$allocator@U?$pair@$$CBV?$basic_string@DU?$char_traits@D@std@@V?$allocator@D@2@@std@@PAUScopeFunc@@@std@@@2@$0A@@std@@@std@@QAE?AU?$pair@Viterator@?$_Tree@V?$_Tmap_traits@V?$basic_string@DU?$char_traits@D@std@@V?$allocator@D@2@@std@@PAUScopeFunc@@U?$less@V?$basic_string@DU?$char_traits@D@std@@V?$allocator@D@2@@std@@@2@V?$allocator@U?$pair@$$CBV?$basic_string@DU?$char_traits@D@std@@V?$allocator@D@2@@std@@PAUScopeFunc@@@std@@@2@$0A@@std@@@std@@_N@2@ABU?$pair@$$CBV?$basic_string@DU?$char_traits@D@std@@V?$allocator@D@2@@std@@PAUScopeFunc@@@2@@Z 00402570 f i User.obj
 0001:00001650       ?_Erase@?$_Tree@V?$_Tmap_traits@V?$basic_string@DU?$char_traits@D@std@@V?$allocator@D@2@@std@@PAUScopeFunc@@U?$less@V?$basic_string@DU?$char_traits@D@std@@V?$allocator@D@2@@std@@@2@V?$allocator@U?$pair@$$CBV?$basic_string@DU?$char_traits@D@std@@V?$allocator@D@2@@std@@PAUScopeFunc@@@std@@@2@$0A@@std@@@std@@IAEXPAU_Node@?$_Tree_nod@V?$_Tmap_traits@V?$basic_string@DU?$char_traits@D@std@@V?$allocator@D@2@@std@@PAUScopeFunc@@U?$less@V?$basic_string@DU?$char_traits@D@std@@V?$allocator@D@2@@std@@@2@V?$allocator@U?$pair@$$CBV?$basic_string@DU?$char_traits@D@std@@V?$allocator@D@2@@std@@PAUScopeFunc@@@std@@@2@$0A@@std@@@2@@Z 00402650 f i User.obj
 0001:00001690       ?clear@?$list@V?$basic_string@DU?$char_traits@D@std@@V?$allocator@D@2@@std@@V?$allocator@V?$basic_string@DU?$char_traits@D@std@@V?$allocator@D@2@@std@@@2@@std@@QAEXXZ 00402690 f i User.obj
 0001:000016d0       ?_Erase@?$_Tree@V?$_Tmap_traits@V?$basic_string@DU?$char_traits@D@std@@V?$allocator@D@2@@std@@_NU?$less@V?$basic_string@DU?$char_traits@D@std@@V?$allocator@D@2@@std@@@2@V?$allocator@U?$pair@$$CBV?$basic_string@DU?$char_traits@D@std@@V?$allocator@D@2@@std@@_N@std@@@2@$0A@@std@@@std@@IAEXPAU_Node@?$_Tree_nod@V?$_Tmap_traits@V?$basic_string@DU?$char_traits@D@std@@V?$allocator@D@2@@std@@_NU?$less@V?$basic_string@DU?$char_traits@D@std@@V?$allocator@D@2@@std@@@2@V?$allocator@U?$pair@$$CBV?$basic_string@DU?$char_traits@D@std@@V?$allocator@D@2@@std@@_N@std@@@2@$0A@@std@@@2@@Z 004026d0 f i User.obj
 0001:00001710       ?insert@?$_Tree@V?$_Tmap_traits@V?$basic_string@DU?$char_traits@D@std@@V?$allocator@D@2@@std@@_NU?$less@V?$basic_string@DU?$char_traits@D@std@@V?$allocator@D@2@@std@@@2@V?$allocator@U?$pair@$$CBV?$basic_string@DU?$char_traits@D@std@@V?$allocator@D@2@@std@@_N@std@@@2@$0A@@std@@@std@@QAE?AViterator@12@V312@ABU?$pair@$$CBV?$basic_string@DU?$char_traits@D@std@@V?$allocator@D@2@@std@@_N@2@@Z 00402710 f i User.obj
 0001:000018d0       ?insert@?$_Tree@V?$_Tmap_traits@V?$basic_string@DU?$char_traits@D@std@@V?$allocator@D@2@@std@@PAUScopeFunc@@U?$less@V?$basic_string@DU?$char_traits@D@std@@V?$allocator@D@2@@std@@@2@V?$allocator@U?$pair@$$CBV?$basic_string@DU?$char_traits@D@std@@V?$allocator@D@2@@std@@PAUScopeFunc@@@std@@@2@$0A@@std@@@std@@QAE?AViterator@12@V312@ABU?$pair@$$CBV?$basic_string@DU?$char_traits@D@std@@V?$allocator@D@2@@std@@PAUScopeFunc@@@2@@Z 004028d0 f i User.obj
 0001:00001a90       ?_Ufill@?$vector@V?$basic_string@DU?$char_traits@D@std@@V?$allocator@D@2@@std@@V?$allocator@V?$basic_string@DU?$char_traits@D@std@@V?$allocator@D@2@@std@@@2@@std@@IAEPAV?$basic_string@DU?$char_traits@D@std@@V?$allocator@D@2@@2@PAV32@IABV32@@Z 00402a90 f i User.obj
 0001:00001ac0       ?_Destroy@?$vector@V?$basic_string@DU?$char_traits@D@std@@V?$allocator@D@2@@std@@V?$allocator@V?$basic_string@DU?$char_traits@D@std@@V?$allocator@D@2@@std@@@2@@std@@IAEXPAV?$basic_string@DU?$char_traits@D@std@@V?$allocator@D@2@@2@0@Z 00402ac0 f i User.obj
 0001:00001af0       ?_Insert_n@?$vector@V?$basic_string@DU?$char_traits@D@std@@V?$allocator@D@2@@std@@V?$allocator@V?$basic_string@DU?$char_traits@D@std@@V?$allocator@D@2@@std@@@2@@std@@IAEXViterator@12@IABV?$basic_string@DU?$char_traits@D@std@@V?$allocator@D@2@@2@@Z 00402af0 f i User.obj
 0001:00001e20       ??A?$map@V?$basic_string@DU?$char_traits@D@std@@V?$allocator@D@2@@std@@_NU?$less@V?$basic_string@DU?$char_traits@D@std@@V?$allocator@D@2@@std@@@2@V?$allocator@U?$pair@$$CBV?$basic_string@DU?$char_traits@D@std@@V?$allocator@D@2@@std@@_N@std@@@2@@std@@QAEAA_NABV?$basic_string@DU?$char_traits@D@std@@V?$allocator@D@2@@1@@Z 00402e20 f i User.obj
 0001:00001ec0       ??A?$map@V?$basic_string@DU?$char_traits@D@std@@V?$allocator@D@2@@std@@PAUScopeFunc@@U?$less@V?$basic_string@DU?$char_traits@D@std@@V?$allocator@D@2@@std@@@2@V?$allocator@U?$pair@$$CBV?$basic_string@DU?$char_traits@D@std@@V?$allocator@D@2@@std@@PAUScopeFunc@@@std@@@2@@std@@QAEAAPAUScopeFunc@@ABV?$basic_string@DU?$char_traits@D@std@@V?$allocator@D@2@@1@@Z 00402ec0 f i User.obj
 0001:00001f60       ?erase@?$_Tree@V?$_Tmap_traits@V?$basic_string@DU?$char_traits@D@std@@V?$allocator@D@2@@std@@PAUScopeFunc@@U?$less@V?$basic_string@DU?$char_traits@D@std@@V?$allocator@D@2@@std@@@2@V?$allocator@U?$pair@$$CBV?$basic_string@DU?$char_traits@D@std@@V?$allocator@D@2@@std@@PAUScopeFunc@@@std@@@2@$0A@@std@@@std@@QAE?AViterator@12@V312@0@Z 00402f60 f i User.obj
 0001:00002020       ??1?$list@V?$basic_string@DU?$char_traits@D@std@@V?$allocator@D@2@@std@@V?$allocator@V?$basic_string@DU?$char_traits@D@std@@V?$allocator@D@2@@std@@@2@@std@@QAE@XZ 00403020 f i User.obj
 0001:00002040       ?insert@?$vector@V?$basic_string@DU?$char_traits@D@std@@V?$allocator@D@2@@std@@V?$allocator@V?$basic_string@DU?$char_traits@D@std@@V?$allocator@D@2@@std@@@2@@std@@QAE?AViterator@12@V312@ABV?$basic_string@DU?$char_traits@D@std@@V?$allocator@D@2@@2@@Z 00403040 f i User.obj
 0001:000020b0       ?_Tidy@?$vector@V?$basic_string@DU?$char_traits@D@std@@V?$allocator@D@2@@std@@V?$allocator@V?$basic_string@DU?$char_traits@D@std@@V?$allocator@D@2@@std@@@2@@std@@IAEXXZ 004030b0 f i User.obj
 0001:00002100       ?erase@?$_Tree@V?$_Tmap_traits@V?$basic_string@DU?$char_traits@D@std@@V?$allocator@D@2@@std@@_NU?$less@V?$basic_string@DU?$char_traits@D@std@@V?$allocator@D@2@@std@@@2@V?$allocator@U?$pair@$$CBV?$basic_string@DU?$char_traits@D@std@@V?$allocator@D@2@@std@@_N@std@@@2@$0A@@std@@@std@@QAE?AViterator@12@V312@0@Z 00403100 f i User.obj
 0001:000021c0       ??1?$vector@V?$basic_string@DU?$char_traits@D@std@@V?$allocator@D@2@@std@@V?$allocator@V?$basic_string@DU?$char_traits@D@std@@V?$allocator@D@2@@std@@@2@@std@@QAE@XZ 004031c0 f i User.obj
 0001:000021d0       ?push_back@?$vector@V?$basic_string@DU?$char_traits@D@std@@V?$allocator@D@2@@std@@V?$allocator@V?$basic_string@DU?$char_traits@D@std@@V?$allocator@D@2@@std@@@2@@std@@QAEXABV?$basic_string@DU?$char_traits@D@std@@V?$allocator@D@2@@2@@Z 004031d0 f i User.obj
 0001:00002260       ??1?$map@V?$basic_string@DU?$char_traits@D@std@@V?$allocator@D@2@@std@@PAUScopeFunc@@U?$less@V?$basic_string@DU?$char_traits@D@std@@V?$allocator@D@2@@std@@@2@V?$allocator@U?$pair@$$CBV?$basic_string@DU?$char_traits@D@std@@V?$allocator@D@2@@std@@PAUScopeFunc@@@std@@@2@@std@@QAE@XZ 00403260 f i User.obj
 0001:00002290       ?ParserToken@CUser@@AAE_NAAV?$vector@V?$basic_string@DU?$char_traits@D@std@@V?$allocator@D@2@@std@@V?$allocator@V?$basic_string@DU?$char_traits@D@std@@V?$allocator@D@2@@std@@@2@@std@@PBDPAD@Z 00403290 f   User.obj
 0001:00002360       ??1ScopeFunc@@QAE@XZ       00403360 f i User.obj
 0001:000023e0       ??0ScopeFunc@@QAE@XZ       004033e0 f i User.obj
 0001:00002450       ?MakeGroupFunc@CUser@@AAEXXZ 00403450 f   User.obj
 0001:000028e0       ?ClearScopeFuncList@CUser@@AAEXXZ 004038e0 f   User.obj
 0001:00002940       ??0CUser@@QAE@V?$basic_string@DU?$char_traits@D@std@@V?$allocator@D@2@@std@@@Z 00403940 f   User.obj
 0001:00002c20       ?setUserID@CUser@@QAEXV?$basic_string@DU?$char_traits@D@std@@V?$allocator@D@2@@std@@@Z 00403c20 f   User.obj
 0001:00002e90       ?haveJavaScript@WebSession@@QBE_NXZ 00403e90 f i wholemain.obj
 0001:00002ea0       ?havaAjax@WebSession@@QBE_NXZ 00403ea0 f i wholemain.obj
 0001:00002eb0       ??4WWidget@@QAEAAV0@ABV0@@Z 00403eb0 f i wholemain.obj
 0001:00002eb0       ??4WResource@@QAEAAV0@ABV0@@Z 00403eb0 f i wholemain.obj
 0001:00002eb0       ??4WObject@@QAEAAV0@ABV0@@Z 00403eb0 f i wholemain.obj
 0001:00002ee0       ?value@WLength@@QBENXZ     00403ee0 f i wholemain.obj
 0001:00002ef0       ??4WLength@@QAEAAV0@ABV0@@Z 00403ef0 f i wholemain.obj
 0001:00002f20       ?isDefault@WColor@@QBE_NXZ 00403f20 f i wholemain.obj
 0001:00002f20       ?isAuto@WLength@@QBE_NXZ   00403f20 f i wholemain.obj
 0001:00002f30       ?type@WConnection_@@QBE?AW4ConnectionType@WObject@@XZ 00403f30 f i libwt:WebSession.obj
 0001:00002f30       ?green@WColor@@QBEHXZ      00403f30 f i wholemain.obj
 0001:00002f40       ?blue@WColor@@QBEHXZ       00403f40 f i wholemain.obj
 0001:00002f50       ?name@WColor@@QBE?AV?$basic_string@DU?$char_traits@D@std@@V?$allocator@D@2@@std@@XZ 00403f50 f i wholemain.obj
 0001:00002f80       ??1WColor@@QAE@XZ          00403f80 f i wholemain.obj
 0001:00002f80       ??1_Node@?$_Tree_nod@V?$_Tmap_traits@W4Property@Wt@@V?$basic_string@DU?$char_traits@D@std@@V?$allocator@D@2@@std@@U?$less@W4Property@Wt@@@4@V?$allocator@U?$pair@$$CBW4Property@Wt@@V?$basic_string@DU?$char_traits@D@std@@V?$allocator@D@2@@std@@@std@@@4@$0A@@std@@@std@@QAE@XZ 00403f80 f i libwt:WWebWidget.obj
 0001:00002f90       ??0WColor@@QAE@ABV0@@Z     00403f90 f i wholemain.obj
 0001:00002fc0       ??4WColor@@QAEAAV0@ABV0@@Z 00403fc0 f i wholemain.obj
 0001:00002ff0       ?explicitWidth@WBorder@@QBE?AVWLength@@XZ 00403ff0 f i wholemain.obj
 0001:00003020       ?color@WBorder@@QBE?AVWColor@@XZ 00404020 f i wholemain.obj
 0001:00003060       ?style@WBorder@@QBE?AW4Style@1@XZ 00404060 f i wholemain.obj
 0001:00003070       ??1WBorder@@QAE@XZ         00404070 f i wholemain.obj
 0001:00003080       ??0WBorder@@QAE@ABV0@@Z    00404080 f i wholemain.obj
 0001:000030e0       ??4WBorder@@QAEAAV0@ABV0@@Z 004040e0 f i wholemain.obj
 0001:00003140       ?specificFamilies@WFont@@QBE?BV?$basic_string@DU?$char_traits@D@std@@V?$allocator@D@2@@std@@XZ 00404140 f i wholemain.obj
 0001:00003170       ?style@WFont@@QBE?AW4Style@1@XZ 00404170 f i wholemain.obj
 0001:00003180       ?variant@WFont@@QBE?AW4Variant@1@XZ 00404180 f i wholemain.obj
 0001:00003190       ?weight@WFont@@QBE?AW4Weight@1@XZ 00404190 f i wholemain.obj
 0001:000031a0       ?weightValue@WFont@@QBEHXZ 004041a0 f i wholemain.obj
 0001:000031b0       ?size@WFont@@QBE?AW4Size@1@XZ 004041b0 f i wholemain.obj
 0001:000031b0       ?getRefreshTime@WApplication@@QAEHXZ 004041b0 f i wholemain.obj
 0001:000031c0       ?fixedSize@WFont@@QBE?AVWLength@@XZ 004041c0 f i wholemain.obj
 0001:000031f0       ??0WFont@@QAE@ABV0@@Z      004041f0 f i wholemain.obj
 0001:00003270       ??4WFont@@QAEAAV0@ABV0@@Z  00404270 f i wholemain.obj
 0001:000032f0       ?cursor@WCssDecorationStyle@@QBE?AW4Cursor@1@XZ 004042f0 f i wholemain.obj
 0001:000032f0       ?genericFamily@WFont@@QBE?AW4GenericFamily@1@XZ 004042f0 f i wholemain.obj
 0001:000032f0       ?red@WColor@@QBEHXZ        004042f0 f i wholemain.obj
 0001:000032f0       ?object@WSignalInstance_@@QBEPAVWObject@@XZ 004042f0 f i wholeviewwt.obj
 0001:000032f0       ?slot@WConnection_@@QBEPAVWSlotInstance_@@XZ 004042f0 f i libwt:WebSession.obj
 0001:000032f0       ?sender@WObject@@ABEPAV1@XZ 004042f0 f i wholemain.obj
 0001:000032f0       ?unit@WLength@@QBE?AW4Unit@1@XZ 004042f0 f i wholemain.obj
 0001:00003300       ?backgroundColor@WCssDecorationStyle@@QBE?AVWColor@@XZ 00404300 f i wholemain.obj
 0001:00003340       ?backgroundImage@WCssDecorationStyle@@QBE?BV?$basic_string@DU?$char_traits@D@std@@V?$allocator@D@2@@std@@XZ 00404340 f i wholemain.obj
 0001:00003370       ?backgroundImageRepeat@WCssDecorationStyle@@QBE?AW4Repeat@1@XZ 00404370 f i wholemain.obj
 0001:00003380       ?foregroundColor@WCssDecorationStyle@@QBE?AVWColor@@XZ 00404380 f i wholemain.obj
 0001:000033d0       ?border@WCssDecorationStyle@@QBE?AVWBorder@@XZ 004043d0 f i wholemain.obj
 0001:000033f0       ?decorationStyle@WWebWidget@@UAEAAVWCssDecorationStyle@@XZ 004043f0 f i wholemain.obj
 0001:000033f0       ?font@WCssDecorationStyle@@QAEAAVWFont@@XZ 004043f0 f i wholemain.obj
 0001:00003400       ??1WCssDecorationStyle@@QAE@XZ 00404400 f i wholemain.obj
 0001:00003490       ??0WCssDecorationStyle@@QAE@ABV0@@Z 00404490 f i wholemain.obj
 0001:000035d0       ??4WCssDecorationStyle@@QAEAAV0@ABV0@@Z 004045d0 f i wholemain.obj
 0001:000036d0       ?selector@WCssRule@@QBE?BV?$basic_string@DU?$char_traits@D@std@@V?$allocator@D@2@@std@@XZ 004046d0 f i wholemain.obj
 0001:00003700       ??0WCssRule@@QAE@ABV0@@Z   00404700 f i wholemain.obj
 0001:00003720       ??4WCssRule@@QAEAAV0@ABV0@@Z 00404720 f i wholemain.obj
 0001:00003740       ??_EWCssRule@@UAEPAXI@Z    00404740 f i wholemain.obj
 0001:000037a0       ?styleSheet@WApplication@@QAEAAVWCssStyleSheet@@XZ 004047a0 f i wholemain.obj
 0001:000037b0       ?root@WApplication@@QBEPAVWContainerWidget@@XZ 004047b0 f i wholemain.obj
 0001:000037c0       ?title@WApplication@@QBE?AV?$basic_string@DU?$char_traits@D@std@@V?$allocator@D@2@@std@@XZ 004047c0 f i wholemain.obj
 0001:000037f0       ?loading@WApplication@@QBE_NXZ 004047f0 f i wholemain.obj
 0001:00003800       ?setLoading@WApplication@@QAEX_N@Z 00404800 f i wholemain.obj
 0001:00003810       ?messageResourceBundle@WApplication@@QAEAAVWMessageResourceBundle@@XZ 00404810 f i wholemain.obj
 0001:00003820       ?locale@WApplication@@QBE?AV?$basic_string@DU?$char_traits@D@std@@V?$allocator@D@2@@std@@XZ 00404820 f i wholemain.obj
 0001:00003850       ?getBodyAttribute@WApplication@@QAE?BV?$basic_string@DU?$char_traits@D@std@@V?$allocator@D@2@@std@@XZ 00404850 f i wholemain.obj
 0001:00003880       ?setBeforBodyStr@WApplication@@QAEXV?$basic_string@DU?$char_traits@D@std@@V?$allocator@D@2@@std@@@Z 00404880 f i wholemain.obj
 0001:000038d0       ?getBeforBodyStr@WApplication@@QAE?BV?$basic_string@DU?$char_traits@D@std@@V?$allocator@D@2@@std@@XZ 004048d0 f i wholemain.obj
 0001:00003900       ?getRefreshFunc@WApplication@@QAE?AV?$basic_string@DU?$char_traits@D@std@@V?$allocator@D@2@@std@@XZ 00404900 f i wholemain.obj
 0001:00003930       ?isQuited@WApplication@@ABE_NXZ 00404930 f i wholemain.obj
 0001:00003940       ?empty@WMessage@@QBE_NXZ   00404940 f i wholemain.obj
 0001:00003950       ??0WMessage@@QAE@ABV0@@Z   00404950 f i wholemain.obj
 0001:00003950       ??0JSVar@@QAE@ABV0@@Z      00404950 f i libwt:JavaScript.obj
 0001:00003970       ??4WMessage@@QAEAAV0@ABV0@@Z 00404970 f i wholemain.obj
 0001:00003990       ?positionScheme@WWebWidget@@UBE?AW4PositionScheme@WWidget@@XZ 00404990 f i wholemain.obj
 0001:000039a0       ?width@WWebWidget@@UBE?AVWLength@@XZ 004049a0 f i wholemain.obj
 0001:000039d0       ?height@WWebWidget@@UBE?AVWLength@@XZ 004049d0 f i wholemain.obj
 0001:00003a00       ?isHidden@WWebWidget@@UBE_NXZ 00404a00 f i wholemain.obj
 0001:00003a10       ?isPopup@WWebWidget@@UBE_NXZ 00404a10 f i wholemain.obj
 0001:00003a20       ?isInline@WWebWidget@@UBE_NXZ 00404a20 f i wholemain.obj
 0001:00003a30       ?styleClass@WWebWidget@@UBE?BV?$basic_string@DU?$char_traits@D@std@@V?$allocator@D@2@@std@@XZ 00404a30 f i wholemain.obj
 0001:00003a60       ?verticalAlignment@WWebWidget@@UBE?AW4VerticalAlignment@WWidget@@XZ 00404a60 f i wholemain.obj
 0001:00003a70       ?verticalAlignmentLength@WWebWidget@@UBE?AVWLength@@XZ 00404a70 f i wholemain.obj
 0001:00003aa0       ?toolTip@WWebWidget@@UBE?AV?$basic_string@DU?$char_traits@D@std@@V?$allocator@D@2@@std@@XZ 00404aa0 f i wholemain.obj
 0001:00003ad0       ?toolTipMessage@WWebWidget@@UBEABVWMessage@@XZ 00404ad0 f i wholemain.obj
 0001:00003ae0       ?renderState@WWebWidget@@IBE?AW4RenderState@1@XZ 00404ae0 f i wholemain.obj
 0001:00003af0       ?webWidget@WWebWidget@@MAEPAV1@XZ 00404af0 f i wholemain.obj
 0001:00003b00       ?children@WWebWidget@@MBEABV?$vector@PAVWWidget@@V?$allocator@PAVWWidget@@@std@@@std@@XZ 00404b00 f i wholemain.obj
 0001:00003b10       ??_FWWebWidget@@QAEXXZ     00404b10 f i wholemain.obj
 0001:00003b20       ??1WInteractWidget@@UAE@XZ 00404b20 f i wholemain.obj
 0001:00003b30       ??_FWInteractWidget@@QAEXXZ 00404b30 f i wholemain.obj
 0001:00003b40       ??_FWContainerWidget@@QAEXXZ 00404b40 f i wholemain.obj
 0001:00003b50       ?table@WTableRow@@QBEPAVWTable@@XZ 00404b50 f i wholemain.obj
 0001:00003b60       ??_FWTable@@QAEXXZ         00404b60 f i wholemain.obj
 0001:00003b70       ?rowSpan@WTableCell@@QBEHXZ 00404b70 f i wholemain.obj
 0001:00003b80       ?columnSpan@WTableCell@@QBEHXZ 00404b80 f i wholemain.obj
 0001:00003b90       ?column@WTableCell@@QBEHXZ 00404b90 f i wholemain.obj
 0001:00003ba0       ?isEnabled@WFormWidget@@QBE_NXZ 00404ba0 f i wholemain.obj
 0001:00003bb0       ??_FWFormWidget@@QAEXXZ    00404bb0 f i wholemain.obj
 0001:00003bc0       ?text@WPushButton@@QBE?AV?$basic_string@DU?$char_traits@D@std@@V?$allocator@D@2@@std@@XZ 00404bc0 f i wholemain.obj
 0001:00003bf0       ?message@WPushButton@@QBEABVWMessage@@XZ 00404bf0 f i wholemain.obj
 0001:00003c00       ??1WPushButton@@UAE@XZ     00404c00 f i wholemain.obj
 0001:00003c70       ??_FWPushButton@@QAEXXZ    00404c70 f i wholemain.obj
 0001:00003c80       ?alternateText@WImage@@QBE?BV?$basic_string@DU?$char_traits@D@std@@V?$allocator@D@2@@std@@XZ 00404c80 f i wholemain.obj
 0001:00003cb0       ??1WImage@@UAE@XZ          00404cb0 f i wholemain.obj
 0001:00003d20       ??_FWImage@@QAEXXZ         00404d20 f i wholemain.obj
 0001:00003d30       ?text@WText@@QBE?BV?$basic_string@DU?$char_traits@D@std@@V?$allocator@D@2@@std@@XZ 00404d30 f i wholemain.obj
 0001:00003d30       ?imageRef@WImage@@QBE?BV?$basic_string@DU?$char_traits@D@std@@V?$allocator@D@2@@std@@XZ 00404d30 f i libwt:WImage.obj
 0001:00003d60       ?message@WText@@QBEABVWMessage@@XZ 00404d60 f i wholemain.obj
 0001:00003d70       ??1WText@@UAE@XZ           00404d70 f i wholemain.obj
 0001:00003de0       ??_FWText@@QAEXXZ          00404de0 f i wholemain.obj
 0001:00003df0       ?AddJsParam@@YAXV?$basic_string@DU?$char_traits@D@std@@V?$allocator@D@2@@std@@0PAVWContainerWidget@@@Z 00404df0 f   wholemain.obj
 0001:00003f00       ??1CSVWholeview@@UAE@XZ    00404f00 f i wholemain.obj
 0001:00003fc0       ?_Xlen@?$vector@PAVWWidget@@V?$allocator@PAVWWidget@@@std@@@std@@IBEXXZ 00404fc0 f i wholemain.obj
 0001:00003fc0       ?_Xlen@?$vector@PAVWTableRow@@V?$allocator@PAVWTableRow@@@std@@@std@@IBEXXZ 00404fc0 f i wholemain.obj
 0001:00003fc0       ?_Xlen@?$vector@PAVDomElement@@V?$allocator@PAVDomElement@@@std@@@std@@IBEXXZ 00404fc0 f i wholemain.obj
 0001:00003fc0       ?_Xlen@?$vector@PAVWMessageResources@@V?$allocator@PAVWMessageResources@@@std@@@std@@IBEXXZ 00404fc0 f i wholemain.obj
 0001:00003fc0       ?_Xlen@?$vector@UTableData@WTableRow@@V?$allocator@UTableData@WTableRow@@@std@@@std@@IBEXXZ 00404fc0 f i wholemain.obj
 0001:00003fc0       ?_Xlen@?$vector@PAVWObject@@V?$allocator@PAVWObject@@@std@@@std@@IBEXXZ 00404fc0 f i wholemain.obj
 0001:00004040       ?showWholeview@@YAXHQAPAD@Z 00405040 f   wholemain.obj
 0001:00004310       ?_Max@?$_Tree@V?$_Tset_traits@PBVWSignalInstance_@@U?$less@PBVWSignalInstance_@@@std@@V?$allocator@PBVWSignalInstance_@@@3@$0A@@std@@@std@@KAPAU_Node@?$_Tree_nod@V?$_Tset_traits@PBVWSignalInstance_@@U?$less@PBVWSignalInstance_@@@std@@V?$allocator@PBVWSignalInstance_@@@3@$0A@@std@@@2@PAU342@@Z 00405310 f i wholemain.obj
 0001:00004310       ?_Max@?$_Tree@V?$_Tset_traits@PBVWResource@@U?$less@PBVWResource@@@std@@V?$allocator@PBVWResource@@@3@$0A@@std@@@std@@KAPAU_Node@?$_Tree_nod@V?$_Tset_traits@PBVWResource@@U?$less@PBVWResource@@@std@@V?$allocator@PBVWResource@@@3@$0A@@std@@@2@PAU342@@Z 00405310 f i wholemain.obj
 0001:00004330       ?_Min@?$_Tree@V?$_Tset_traits@PBVWResource@@U?$less@PBVWResource@@@std@@V?$allocator@PBVWResource@@@3@$0A@@std@@@std@@KAPAU_Node@?$_Tree_nod@V?$_Tset_traits@PBVWResource@@U?$less@PBVWResource@@@std@@V?$allocator@PBVWResource@@@3@$0A@@std@@@2@PAU342@@Z 00405330 f i wholemain.obj
 0001:00004330       ?_Min@?$_Tree@V?$_Tset_traits@PBVWSignalInstance_@@U?$less@PBVWSignalInstance_@@@std@@V?$allocator@PBVWSignalInstance_@@@3@$0A@@std@@@std@@KAPAU_Node@?$_Tree_nod@V?$_Tset_traits@PBVWSignalInstance_@@U?$less@PBVWSignalInstance_@@@std@@V?$allocator@PBVWSignalInstance_@@@3@$0A@@std@@@2@PAU342@@Z 00405330 f i wholemain.obj
 0001:00004350       ?_Lrotate@?$_Tree@V?$_Tset_traits@PBVWSignalInstance_@@U?$less@PBVWSignalInstance_@@@std@@V?$allocator@PBVWSignalInstance_@@@3@$0A@@std@@@std@@IAEXPAU_Node@?$_Tree_nod@V?$_Tset_traits@PBVWSignalInstance_@@U?$less@PBVWSignalInstance_@@@std@@V?$allocator@PBVWSignalInstance_@@@3@$0A@@std@@@2@@Z 00405350 f i wholemain.obj
 0001:00004350       ?_Lrotate@?$_Tree@V?$_Tset_traits@PBVWResource@@U?$less@PBVWResource@@@std@@V?$allocator@PBVWResource@@@3@$0A@@std@@@std@@IAEXPAU_Node@?$_Tree_nod@V?$_Tset_traits@PBVWResource@@U?$less@PBVWResource@@@std@@V?$allocator@PBVWResource@@@3@$0A@@std@@@2@@Z 00405350 f i wholemain.obj
 0001:000043b0       ?_Rrotate@?$_Tree@V?$_Tset_traits@PBVWSignalInstance_@@U?$less@PBVWSignalInstance_@@@std@@V?$allocator@PBVWSignalInstance_@@@3@$0A@@std@@@std@@IAEXPAU_Node@?$_Tree_nod@V?$_Tset_traits@PBVWSignalInstance_@@U?$less@PBVWSignalInstance_@@@std@@V?$allocator@PBVWSignalInstance_@@@3@$0A@@std@@@2@@Z 004053b0 f i wholemain.obj
 0001:000043b0       ?_Rrotate@?$_Tree@V?$_Tset_traits@PBVWResource@@U?$less@PBVWResource@@@std@@V?$allocator@PBVWResource@@@3@$0A@@std@@@std@@IAEXPAU_Node@?$_Tree_nod@V?$_Tset_traits@PBVWResource@@U?$less@PBVWResource@@@std@@V?$allocator@PBVWResource@@@3@$0A@@std@@@2@@Z 004053b0 f i wholemain.obj
 0001:00004410       ?_Inc@const_iterator@?$_Tree@V?$_Tset_traits@PBVWResource@@U?$less@PBVWResource@@@std@@V?$allocator@PBVWResource@@@3@$0A@@std@@@std@@QAEXXZ 00405410 f i wholemain.obj
 0001:00004410       ?_Inc@const_iterator@?$_Tree@V?$_Tset_traits@PBVWSignalInstance_@@U?$less@PBVWSignalInstance_@@@std@@V?$allocator@PBVWSignalInstance_@@@3@$0A@@std@@@std@@QAEXXZ 00405410 f i wholemain.obj
 0001:00004470       ??$copy@PAPAVWMessageResources@@PAPAV1@@std@@YAPAPAVWMessageResources@@PAPAV1@00@Z 00405470 f i wholemain.obj
 0001:00004470       ??$copy@PAPAVWConnection_@@PAPAV1@@std@@YAPAPAVWConnection_@@PAPAV1@00@Z 00405470 f i wholeviewwt.obj
 0001:00004470       ??$copy@PAPAVWObject@@PAPAV1@@std@@YAPAPAVWObject@@PAPAV1@00@Z 00405470 f i wholemain.obj
 0001:00004470       ??$copy@PAPAVWWidget@@PAPAV1@@std@@YAPAPAVWWidget@@PAPAV1@00@Z 00405470 f i wholemain.obj
 0001:00004470       ??$copy@PAPAVWScrollBar@@PAPAV1@@std@@YAPAPAVWScrollBar@@PAPAV1@00@Z 00405470 f i libwt:WScrollArea.obj
 0001:00004470       ??$copy@PAPAVWTableRow@@PAPAV1@@std@@YAPAPAVWTableRow@@PAPAV1@00@Z 00405470 f i wholemain.obj
 0001:00004470       ??$copy@PAPAVDomElement@@PAPAV1@@std@@YAPAPAVDomElement@@PAPAV1@00@Z 00405470 f i wholemain.obj
 0001:000044a0       ??$copy@PAUTableData@WTableRow@@PAU12@@std@@YAPAUTableData@WTableRow@@PAU12@00@Z 004054a0 f i wholemain.obj
 0001:000044d0       ?_Buy@?$vector@UTableData@WTableRow@@V?$allocator@UTableData@WTableRow@@@std@@@std@@IAE_NI@Z 004054d0 f i wholemain.obj
 0001:00004520       ?_Buy@?$vector@PAVWObject@@V?$allocator@PAVWObject@@@std@@@std@@IAE_NI@Z 00405520 f i wholemain.obj
 0001:00004520       ?_Buy@?$vector@PAVWWidget@@V?$allocator@PAVWWidget@@@std@@@std@@IAE_NI@Z 00405520 f i wholemain.obj
 0001:00004520       ?_Buy@?$vector@PAVWTableRow@@V?$allocator@PAVWTableRow@@@std@@@std@@IAE_NI@Z 00405520 f i wholemain.obj
 0001:00004520       ?_Buy@?$vector@PAVDomElement@@V?$allocator@PAVDomElement@@@std@@@std@@IAE_NI@Z 00405520 f i wholemain.obj
 0001:00004520       ?_Buy@?$vector@PAVWMessageResources@@V?$allocator@PAVWMessageResources@@@std@@@std@@IAE_NI@Z 00405520 f i wholemain.obj
 0001:00004570       ?_Buynode@?$_Tree@V?$_Tmap_traits@V?$basic_string@DU?$char_traits@D@std@@V?$allocator@D@2@@std@@PAVWCssRule@@U?$less@V?$basic_string@DU?$char_traits@D@std@@V?$allocator@D@2@@std@@@2@V?$allocator@U?$pair@$$CBV?$basic_string@DU?$char_traits@D@std@@V?$allocator@D@2@@std@@PAVWCssRule@@@std@@@2@$0A@@std@@@std@@IAEPAU_Node@?$_Tree_nod@V?$_Tmap_traits@V?$basic_string@DU?$char_traits@D@std@@V?$allocator@D@2@@std@@PAVWCssRule@@U?$less@V?$basic_string@DU?$char_traits@D@std@@V?$allocator@D@2@@std@@@2@V?$allocator@U?$pair@$$CBV?$basic_string@DU?$char_traits@D@std@@V?$allocator@D@2@@std@@PAVWCssRule@@@std@@@2@$0A@@std@@@2@PAU342@00ABU?$pair@$$CBV?$basic_string@DU?$char_traits@D@std@@V?$allocator@D@2@@std@@PAVWCssRule@@@2@D@Z 00405570 f i wholemain.obj
 0001:00004610       ?_Erase@?$_Tree@V?$_Tset_traits@PBVWSignalInstance_@@U?$less@PBVWSignalInstance_@@@std@@V?$allocator@PBVWSignalInstance_@@@3@$0A@@std@@@std@@IAEXPAU_Node@?$_Tree_nod@V?$_Tset_traits@PBVWSignalInstance_@@U?$less@PBVWSignalInstance_@@@std@@V?$allocator@PBVWSignalInstance_@@@3@$0A@@std@@@2@@Z 00405610 f i wholemain.obj
 0001:00004650       ?_Buynode@?$_Tree@V?$_Tset_traits@PBVWResource@@U?$less@PBVWResource@@@std@@V?$allocator@PBVWResource@@@3@$0A@@std@@@std@@IAEPAU_Node@?$_Tree_nod@V?$_Tset_traits@PBVWResource@@U?$less@PBVWResource@@@std@@V?$allocator@PBVWResource@@@3@$0A@@std@@@2@PAU342@00ABQBVWResource@@D@Z 00405650 f i wholemain.obj
 0001:00004650       ?_Buynode@?$_Tree@V?$_Tset_traits@PBVWSignalInstance_@@U?$less@PBVWSignalInstance_@@@std@@V?$allocator@PBVWSignalInstance_@@@3@$0A@@std@@@std@@IAEPAU_Node@?$_Tree_nod@V?$_Tset_traits@PBVWSignalInstance_@@U?$less@PBVWSignalInstance_@@@std@@V?$allocator@PBVWSignalInstance_@@@3@$0A@@std@@@2@PAU342@00ABQBVWSignalInstance_@@D@Z 00405650 f i wholemain.obj
 0001:00004690       ?_Erase@?$_Tree@V?$_Tset_traits@PBVWResource@@U?$less@PBVWResource@@@std@@V?$allocator@PBVWResource@@@3@$0A@@std@@@std@@IAEXPAU_Node@?$_Tree_nod@V?$_Tset_traits@PBVWResource@@U?$less@PBVWResource@@@std@@V?$allocator@PBVWResource@@@3@$0A@@std@@@2@@Z 00405690 f i wholemain.obj
 0001:000046d0       ??$_Ucopy@PAPAVWMessageResources@@@?$vector@PAVWMessageResources@@V?$allocator@PAVWMessageResources@@@std@@@std@@IAEPAPAVWMessageResources@@PAPAV2@00@Z 004056d0 f i wholemain.obj
 0001:000046d0       ??$_Ucopy@PAPAVDomElement@@@?$vector@PAVDomElement@@V?$allocator@PAVDomElement@@@std@@@std@@IAEPAPAVDomElement@@PAPAV2@00@Z 004056d0 f i wholemain.obj
 0001:000046d0       ??$_Ucopy@PAPAVWScrollBar@@@?$vector@PAVWScrollBar@@V?$allocator@PAVWScrollBar@@@std@@@std@@IAEPAPAVWScrollBar@@PAPAV2@00@Z 004056d0 f i libwt:WScrollArea.obj
 0001:000046d0       ??$_Ucopy@PAPAVWConnection_@@@?$vector@PAVWConnection_@@V?$allocator@PAVWConnection_@@@std@@@std@@IAEPAPAVWConnection_@@PAPAV2@00@Z 004056d0 f i wholeviewwt.obj
 0001:000046d0       ??$_Ucopy@PAPAVWTableRow@@@?$vector@PAVWTableRow@@V?$allocator@PAVWTableRow@@@std@@@std@@IAEPAPAVWTableRow@@PAPAV2@00@Z 004056d0 f i wholemain.obj
 0001:000046d0       ??$_Ucopy@PAPAVWObject@@@?$vector@PAVWObject@@V?$allocator@PAVWObject@@@std@@@std@@IAEPAPAVWObject@@PAPAV2@00@Z 004056d0 f i wholemain.obj
 0001:000046d0       ??$_Ucopy@PAPAVWWidget@@@?$vector@PAVWWidget@@V?$allocator@PAVWWidget@@@std@@@std@@IAEPAPAVWWidget@@PAPAV2@00@Z 004056d0 f i wholemain.obj
 0001:00004700       ??$_Uninit_copy@Vconst_iterator@?$vector@PAVWConnection_@@V?$allocator@PAVWConnection_@@@std@@@std@@PAPAVWConnection_@@V?$allocator@PAVWConnection_@@@3@@std@@YAPAPAVWConnection_@@Vconst_iterator@?$vector@PAVWConnection_@@V?$allocator@PAVWConnection_@@@std@@@0@0PAPAV1@AAV?$allocator@PAVWConnection_@@@0@U_Nonscalar_ptr_iterator_tag@0@@Z 00405700 f i wholeviewwt.obj
 0001:00004700       ??$_Uninit_copy@Vconst_iterator@?$vector@PAVWObject@@V?$allocator@PAVWObject@@@std@@@std@@PAPAVWObject@@V?$allocator@PAVWObject@@@3@@std@@YAPAPAVWObject@@Vconst_iterator@?$vector@PAVWObject@@V?$allocator@PAVWObject@@@std@@@0@0PAPAV1@AAV?$allocator@PAVWObject@@@0@U_Nonscalar_ptr_iterator_tag@0@@Z 00405700 f i wholemain.obj
 0001:00004700       ??$_Uninit_copy@Vconst_iterator@?$vector@PAVWMessageResources@@V?$allocator@PAVWMessageResources@@@std@@@std@@PAPAVWMessageResources@@V?$allocator@PAVWMessageResources@@@3@@std@@YAPAPAVWMessageResources@@Vconst_iterator@?$vector@PAVWMessageResources@@V?$allocator@PAVWMessageResources@@@std@@@0@0PAPAV1@AAV?$allocator@PAVWMessageResources@@@0@U_Nonscalar_ptr_iterator_tag@0@@Z 00405700 f i wholemain.obj
 0001:00004730       ??$_Uninit_copy@PAUTableData@WTableRow@@PAU12@V?$allocator@UTableData@WTableRow@@@std@@@std@@YAPAUTableData@WTableRow@@PAU12@00AAV?$allocator@UTableData@WTableRow@@@0@U_Nonscalar_ptr_iterator_tag@0@@Z 00405730 f i wholemain.obj
 0001:00004760       ?_Copy@?$_Tree@V?$_Tset_traits@PBVWSignalInstance_@@U?$less@PBVWSignalInstance_@@@std@@V?$allocator@PBVWSignalInstance_@@@3@$0A@@std@@@std@@IAEPAU_Node@?$_Tree_nod@V?$_Tset_traits@PBVWSignalInstance_@@U?$less@PBVWSignalInstance_@@@std@@V?$allocator@PBVWSignalInstance_@@@3@$0A@@std@@@2@PAU342@0@Z 00405760 f i wholemain.obj
 0001:00004810       ?_Copy@?$_Tree@V?$_Tset_traits@PBVWResource@@U?$less@PBVWResource@@@std@@V?$allocator@PBVWResource@@@3@$0A@@std@@@std@@IAEPAU_Node@?$_Tree_nod@V?$_Tset_traits@PBVWResource@@U?$less@PBVWResource@@@std@@V?$allocator@PBVWResource@@@3@$0A@@std@@@2@PAU342@0@Z 00405810 f i wholemain.obj
 0001:000048c0       ??1WebSession@@QAE@XZ      004058c0 f i wholemain.obj
 0001:000049a0       ??1WTableCell@@UAE@XZ      004059a0 f i wholemain.obj
 0001:000049a0       ??1WContainerWidget@@UAE@XZ 004059a0 f i wholemain.obj
 0001:000049e0       _main                      004059e0 f   wholemain.obj
 0001:00004bb0       ??4?$vector@PAVWTableRow@@V?$allocator@PAVWTableRow@@@std@@@std@@QAEAAV01@ABV01@@Z 00405bb0 f i wholemain.obj
 0001:00004bb0       ??4?$vector@PAVWObject@@V?$allocator@PAVWObject@@@std@@@std@@QAEAAV01@ABV01@@Z 00405bb0 f i wholemain.obj
 0001:00004bb0       ??4?$vector@PAVWWidget@@V?$allocator@PAVWWidget@@@std@@@std@@QAEAAV01@ABV01@@Z 00405bb0 f i wholemain.obj
 0001:00004bb0       ??4?$vector@PAVDomElement@@V?$allocator@PAVDomElement@@@std@@@std@@QAEAAV01@ABV01@@Z 00405bb0 f i wholemain.obj
 0001:00004bb0       ??4?$vector@PAVWMessageResources@@V?$allocator@PAVWMessageResources@@@std@@@std@@QAEAAV01@ABV01@@Z 00405bb0 f i wholemain.obj
 0001:00004d00       ?_Copy@?$_Tree@V?$_Tset_traits@PBVWSignalInstance_@@U?$less@PBVWSignalInstance_@@@std@@V?$allocator@PBVWSignalInstance_@@@3@$0A@@std@@@std@@IAEXABV12@@Z 00405d00 f i wholemain.obj
 0001:00004d90       ?_Copy@?$_Tree@V?$_Tset_traits@PBVWResource@@U?$less@PBVWResource@@@std@@V?$allocator@PBVWResource@@@3@$0A@@std@@@std@@IAEXABV12@@Z 00405d90 f i wholemain.obj
 0001:00004e20       ?erase@?$_Tree@V?$_Tmap_traits@V?$basic_string@DU?$char_traits@D@std@@V?$allocator@D@2@@std@@PAVWCssRule@@U?$less@V?$basic_string@DU?$char_traits@D@std@@V?$allocator@D@2@@std@@@2@V?$allocator@U?$pair@$$CBV?$basic_string@DU?$char_traits@D@std@@V?$allocator@D@2@@std@@PAVWCssRule@@@std@@@2@$0A@@std@@@std@@QAE?AViterator@12@V312@@Z 00405e20 f i wholemain.obj
 0001:00005100       ?erase@?$_Tree@V?$_Tset_traits@PBVWSignalInstance_@@U?$less@PBVWSignalInstance_@@@std@@V?$allocator@PBVWSignalInstance_@@@3@$0A@@std@@@std@@QAE?AViterator@12@V312@@Z 00406100 f i wholemain.obj
 0001:00005100       ?erase@?$_Tree@V?$_Tset_traits@PBVWResource@@U?$less@PBVWResource@@@std@@V?$allocator@PBVWResource@@@3@$0A@@std@@@std@@QAE?AViterator@12@V312@@Z 00406100 f i wholemain.obj
 0001:000053d0       ?_Erase@?$_Tree@V?$_Tmap_traits@V?$basic_string@DU?$char_traits@D@std@@V?$allocator@D@2@@std@@PAVWCssRule@@U?$less@V?$basic_string@DU?$char_traits@D@std@@V?$allocator@D@2@@std@@@2@V?$allocator@U?$pair@$$CBV?$basic_string@DU?$char_traits@D@std@@V?$allocator@D@2@@std@@PAVWCssRule@@@std@@@2@$0A@@std@@@std@@IAEXPAU_Node@?$_Tree_nod@V?$_Tmap_traits@V?$basic_string@DU?$char_traits@D@std@@V?$allocator@D@2@@std@@PAVWCssRule@@U?$less@V?$basic_string@DU?$char_traits@D@std@@V?$allocator@D@2@@std@@@2@V?$allocator@U?$pair@$$CBV?$basic_string@DU?$char_traits@D@std@@V?$allocator@D@2@@std@@PAVWCssRule@@@std@@@2@$0A@@std@@@2@@Z 004063d0 f i wholemain.obj
 0001:00005410       ??$_Ucopy@PAUTableData@WTableRow@@@?$vector@UTableData@WTableRow@@V?$allocator@UTableData@WTableRow@@@std@@@std@@IAEPAUTableData@WTableRow@@PAU23@00@Z 00406410 f i wholemain.obj
 0001:00005430       ??4WebSession@@QAEAAV0@ABV0@@Z 00406430 f i wholemain.obj
 0001:000055f0       ??4WMessageResourceBundle@@QAEAAV0@ABV0@@Z 004065f0 f i wholemain.obj
 0001:00005610       ??4WWebWidget@@QAEAAV0@ABV0@@Z 00406610 f i wholemain.obj
 0001:00005950       ??4WInteractWidget@@QAEAAV0@ABV0@@Z 00406950 f i wholemain.obj
 0001:00005990       ??4WContainerWidget@@QAEAAV0@ABV0@@Z 00406990 f i wholemain.obj
 0001:00005a70       ??4WTable@@QAEAAV0@ABV0@@Z 00406a70 f i wholemain.obj
 0001:00005bd0       ??4WTableCell@@QAEAAV0@ABV0@@Z 00406bd0 f i wholemain.obj
 0001:00005c30       ??4WFormWidget@@QAEAAV0@ABV0@@Z 00406c30 f i wholemain.obj
 0001:00005c80       ??4WPushButton@@QAEAAV0@ABV0@@Z 00406c80 f i wholemain.obj
 0001:00005d10       ??4WImage@@QAEAAV0@ABV0@@Z 00406d10 f i wholemain.obj
 0001:00005d70       ??4WText@@QAEAAV0@ABV0@@Z  00406d70 f i wholemain.obj
 0001:00005dd0       ??0?$vector@PAVWMessageResources@@V?$allocator@PAVWMessageResources@@@std@@@std@@QAE@ABV01@@Z 00406dd0 f i wholemain.obj
 0001:00005dd0       ??0?$vector@PAVWObject@@V?$allocator@PAVWObject@@@std@@@std@@QAE@ABV01@@Z 00406dd0 f i wholemain.obj
 0001:00005e90       ?erase@?$_Tree@V?$_Tset_traits@PBVWSignalInstance_@@U?$less@PBVWSignalInstance_@@@std@@V?$allocator@PBVWSignalInstance_@@@3@$0A@@std@@@std@@QAE?AViterator@12@V312@0@Z 00406e90 f i wholemain.obj
 0001:00005f50       ?erase@?$_Tree@V?$_Tset_traits@PBVWResource@@U?$less@PBVWResource@@@std@@V?$allocator@PBVWResource@@@3@$0A@@std@@@std@@QAE?AViterator@12@V312@0@Z 00406f50 f i wholemain.obj
 0001:00006010       ?_Copy@?$_Tree@V?$_Tmap_traits@V?$basic_string@DU?$char_traits@D@std@@V?$allocator@D@2@@std@@PAVWCssRule@@U?$less@V?$basic_string@DU?$char_traits@D@std@@V?$allocator@D@2@@std@@@2@V?$allocator@U?$pair@$$CBV?$basic_string@DU?$char_traits@D@std@@V?$allocator@D@2@@std@@PAVWCssRule@@@std@@@2@$0A@@std@@@std@@IAEPAU_Node@?$_Tree_nod@V?$_Tmap_traits@V?$basic_string@DU?$char_traits@D@std@@V?$allocator@D@2@@std@@PAVWCssRule@@U?$less@V?$basic_string@DU?$char_traits@D@std@@V?$allocator@D@2@@std@@@2@V?$allocator@U?$pair@$$CBV?$basic_string@DU?$char_traits@D@std@@V?$allocator@D@2@@std@@PAVWCssRule@@@std@@@2@$0A@@std@@@2@PAU342@0@Z 00407010 f i wholemain.obj
 0001:000060c0       ??0WebSession@@QAE@ABV0@@Z 004070c0 f i wholemain.obj
 0001:000062d0       ??0WMessageResourceBundle@@QAE@ABV0@@Z 004072d0 f i wholemain.obj
 0001:000062f0       ??1WTableRow@@UAE@XZ       004072f0 f i wholemain.obj
 0001:00006390       ??4?$vector@UTableData@WTableRow@@V?$allocator@UTableData@WTableRow@@@std@@@std@@QAEAAV01@ABV01@@Z 00407390 f i wholemain.obj
 0001:000064e0       ?erase@?$_Tree@V?$_Tmap_traits@V?$basic_string@DU?$char_traits@D@std@@V?$allocator@D@2@@std@@PAVWCssRule@@U?$less@V?$basic_string@DU?$char_traits@D@std@@V?$allocator@D@2@@std@@@2@V?$allocator@U?$pair@$$CBV?$basic_string@DU?$char_traits@D@std@@V?$allocator@D@2@@std@@PAVWCssRule@@@std@@@2@$0A@@std@@@std@@QAE?AViterator@12@V312@0@Z 004074e0 f i wholemain.obj
 0001:000065a0       ?_Copy@?$_Tree@V?$_Tmap_traits@V?$basic_string@DU?$char_traits@D@std@@V?$allocator@D@2@@std@@PAVWCssRule@@U?$less@V?$basic_string@DU?$char_traits@D@std@@V?$allocator@D@2@@std@@@2@V?$allocator@U?$pair@$$CBV?$basic_string@DU?$char_traits@D@std@@V?$allocator@D@2@@std@@PAVWCssRule@@@std@@@2@$0A@@std@@@std@@IAEXABV12@@Z 004075a0 f i wholemain.obj
 0001:00006630       ??4WTableRow@@QAEAAV0@ABV0@@Z 00407630 f i wholemain.obj
 0001:00006680       ??4WApplication@@QAEAAV0@ABV0@@Z 00407680 f i wholemain.obj
 0001:000067d0       ??0sv_pair@@QAE@XZ         004077d0 f i wholeview.obj
 0001:00006820       ??0sv_pair@@QAE@ABU0@@Z    00407820 f i wholeview.obj
 0001:00006890       ??1sv_pair@@QAE@XZ         00407890 f i wholeview.obj
 0001:00006890       ??1base_param@CSVWholeview@@QAE@XZ 00407890 f i wholeview.obj
 0001:000068e0       ?GetCurrentTimeEx@TTime@chen@@SA?AV12@XZ 004078e0 f i wholeview.obj
 0001:00006910       ?Format@TTime@chen@@QBE?AV?$basic_string@DU?$char_traits@D@std@@V?$allocator@D@2@@std@@XZ 00407910 f i wholeview.obj
 0001:000069a0       ??1sv_dyn@@QAE@XZ          004079a0 f i wholeview.obj
 0001:000069b0       ??0base_param@CSVWholeview@@QAE@XZ 004079b0 f i wholeview.obj
 0001:00006a20       ?loadStrings@CSVWholeview@@AAEXXZ 00407a20 f   wholeview.obj
 0001:00006b30       ??4base_param@CSVWholeview@@QAEAAU01@ABU01@@Z 00407b30 f i wholeview.obj
 0001:00006b30       ??4JavaScript@@QAEAAV0@ABV0@@Z 00407b30 f i libwt:WWebWidget.obj
 0001:00006b60       ?getMonitorState@CSVWholeview@@AAEHABV?$basic_string@DU?$char_traits@D@std@@V?$allocator@D@2@@std@@AAV23@@Z 00407b60 f   wholeview.obj
 0001:00006c40       ??1?$pair@$$CBHUbase_param@CSVWholeview@@@std@@QAE@XZ 00407c40 f i wholeview.obj
 0001:00006c50       ??0base_param@CSVWholeview@@QAE@ABU01@@Z 00407c50 f i wholeview.obj
 0001:00006cb0       ?_Rrotate@?$_Tree@V?$_Tmap_traits@HUbase_param@CSVWholeview@@U?$less@H@std@@V?$allocator@U?$pair@$$CBHUbase_param@CSVWholeview@@@std@@@4@$0A@@std@@@std@@IAEXPAU_Node@?$_Tree_nod@V?$_Tmap_traits@HUbase_param@CSVWholeview@@U?$less@H@std@@V?$allocator@U?$pair@$$CBHUbase_param@CSVWholeview@@@std@@@4@$0A@@std@@@2@@Z 00407cb0 f i wholeview.obj
 0001:00006d10       ?_Max@?$_Tree@V?$_Tmap_traits@HUbase_param@CSVWholeview@@U?$less@H@std@@V?$allocator@U?$pair@$$CBHUbase_param@CSVWholeview@@@std@@@4@$0A@@std@@@std@@KAPAU_Node@?$_Tree_nod@V?$_Tmap_traits@HUbase_param@CSVWholeview@@U?$less@H@std@@V?$allocator@U?$pair@$$CBHUbase_param@CSVWholeview@@@std@@@4@$0A@@std@@@2@PAU342@@Z 00407d10 f i wholeview.obj
 0001:00006d30       ?_Min@?$_Tree@V?$_Tmap_traits@HUbase_param@CSVWholeview@@U?$less@H@std@@V?$allocator@U?$pair@$$CBHUbase_param@CSVWholeview@@@std@@@4@$0A@@std@@@std@@KAPAU_Node@?$_Tree_nod@V?$_Tmap_traits@HUbase_param@CSVWholeview@@U?$less@H@std@@V?$allocator@U?$pair@$$CBHUbase_param@CSVWholeview@@@std@@@4@$0A@@std@@@2@PAU342@@Z 00407d30 f i wholeview.obj
 0001:00006d50       ?_Dec@const_iterator@?$_Tree@V?$_Tmap_traits@HUbase_param@CSVWholeview@@U?$less@H@std@@V?$allocator@U?$pair@$$CBHUbase_param@CSVWholeview@@@std@@@4@$0A@@std@@@std@@QAEXXZ 00407d50 f i wholeview.obj
 0001:00006db0       ??1_Node@?$_List_nod@Usv_pair@@V?$allocator@Usv_pair@@@std@@@std@@QAE@XZ 00407db0 f i wholeview.obj
 0001:00006dc0       ??1_Node@?$_Tree_nod@V?$_Tmap_traits@HUbase_param@CSVWholeview@@U?$less@H@std@@V?$allocator@U?$pair@$$CBHUbase_param@CSVWholeview@@@std@@@4@$0A@@std@@@std@@QAE@XZ 00407dc0 f i wholeview.obj
 0001:00006dd0       ?NewInitForm@CSVWholeview@@QAEXXZ 00407dd0 f   wholeview.obj
 0001:00007180       ?_Lrotate@?$_Tree@V?$_Tmap_traits@HUbase_param@CSVWholeview@@U?$less@H@std@@V?$allocator@U?$pair@$$CBHUbase_param@CSVWholeview@@@std@@@4@$0A@@std@@@std@@IAEXPAU_Node@?$_Tree_nod@V?$_Tmap_traits@HUbase_param@CSVWholeview@@U?$less@H@std@@V?$allocator@U?$pair@$$CBHUbase_param@CSVWholeview@@@std@@@4@$0A@@std@@@2@@Z 00408180 f i wholeview.obj
 0001:000071e0       ?_Inc@const_iterator@?$_Tree@V?$_Tmap_traits@HUbase_param@CSVWholeview@@U?$less@H@std@@V?$allocator@U?$pair@$$CBHUbase_param@CSVWholeview@@@std@@@4@$0A@@std@@@std@@QAEXXZ 004081e0 f i wholeview.obj
 0001:00007240       ??0CSVWholeview@@QAE@PAVWContainerWidget@@V?$basic_string@DU?$char_traits@D@std@@V?$allocator@D@2@@std@@1@Z 00408240 f   wholeview.obj
 0001:000073d0       ??_GCSVWholeview@@UAEPAXI@Z 004083d0 f i wholeview.obj
 0001:000073d0       ??_ECSVWholeview@@UAEPAXI@Z 004083d0 f i wholeview.obj
 0001:000073f0       ?_Buynode@?$list@Usv_pair@@V?$allocator@Usv_pair@@@std@@@std@@IAEPAU_Node@?$_List_nod@Usv_pair@@V?$allocator@Usv_pair@@@std@@@2@XZ 004083f0 f i wholeview.obj
 0001:00007410       ?_Buynode@?$list@Usv_pair@@V?$allocator@Usv_pair@@@std@@@std@@IAEPAU_Node@?$_List_nod@Usv_pair@@V?$allocator@Usv_pair@@@std@@@2@PAU342@0ABUsv_pair@@@Z 00408410 f i wholeview.obj
 0001:000074a0       ?_Incsize@?$list@Usv_pair@@V?$allocator@Usv_pair@@@std@@@std@@IAEXI@Z 004084a0 f i wholeview.obj
 0001:00007540       ?_Buynode@?$_Tree@V?$_Tmap_traits@HUbase_param@CSVWholeview@@U?$less@H@std@@V?$allocator@U?$pair@$$CBHUbase_param@CSVWholeview@@@std@@@4@$0A@@std@@@std@@IAEPAU_Node@?$_Tree_nod@V?$_Tmap_traits@HUbase_param@CSVWholeview@@U?$less@H@std@@V?$allocator@U?$pair@$$CBHUbase_param@CSVWholeview@@@std@@@4@$0A@@std@@@2@XZ 00408540 f i wholeview.obj
 0001:00007580       ?_Buynode@?$_Tree@V?$_Tmap_traits@HUbase_param@CSVWholeview@@U?$less@H@std@@V?$allocator@U?$pair@$$CBHUbase_param@CSVWholeview@@@std@@@4@$0A@@std@@@std@@IAEPAU_Node@?$_Tree_nod@V?$_Tmap_traits@HUbase_param@CSVWholeview@@U?$less@H@std@@V?$allocator@U?$pair@$$CBHUbase_param@CSVWholeview@@@std@@@4@$0A@@std@@@2@PAU342@00ABU?$pair@$$CBHUbase_param@CSVWholeview@@@2@D@Z 00408580 f i wholeview.obj
 0001:00007620       ?find@?$_Tree@V?$_Tmap_traits@HUbase_param@CSVWholeview@@U?$less@H@std@@V?$allocator@U?$pair@$$CBHUbase_param@CSVWholeview@@@std@@@4@$0A@@std@@@std@@QAE?AViterator@12@ABH@Z 00408620 f i wholeview.obj
 0001:00007690       ?_Insert@?$_Tree@V?$_Tmap_traits@HUbase_param@CSVWholeview@@U?$less@H@std@@V?$allocator@U?$pair@$$CBHUbase_param@CSVWholeview@@@std@@@4@$0A@@std@@@std@@IAE?AViterator@12@_NPAU_Node@?$_Tree_nod@V?$_Tmap_traits@HUbase_param@CSVWholeview@@U?$less@H@std@@V?$allocator@U?$pair@$$CBHUbase_param@CSVWholeview@@@std@@@4@$0A@@std@@@2@ABU?$pair@$$CBHUbase_param@CSVWholeview@@@2@@Z 00408690 f i wholeview.obj
 0001:00007850       ?clear@?$list@Usv_pair@@V?$allocator@Usv_pair@@@std@@@std@@QAEXXZ 00408850 f i wholeview.obj
 0001:00007890       ?insert@?$_Tree@V?$_Tmap_traits@HUbase_param@CSVWholeview@@U?$less@H@std@@V?$allocator@U?$pair@$$CBHUbase_param@CSVWholeview@@@std@@@4@$0A@@std@@@std@@QAE?AU?$pair@Viterator@?$_Tree@V?$_Tmap_traits@HUbase_param@CSVWholeview@@U?$less@H@std@@V?$allocator@U?$pair@$$CBHUbase_param@CSVWholeview@@@std@@@4@$0A@@std@@@std@@_N@2@ABU?$pair@$$CBHUbase_param@CSVWholeview@@@2@@Z 00408890 f i wholeview.obj
 0001:00007950       ?erase@?$_Tree@V?$_Tmap_traits@HUbase_param@CSVWholeview@@U?$less@H@std@@V?$allocator@U?$pair@$$CBHUbase_param@CSVWholeview@@@std@@@4@$0A@@std@@@std@@QAE?AViterator@12@V312@@Z 00408950 f i wholeview.obj
 0001:00007c50       ?_Erase@?$_Tree@V?$_Tmap_traits@HUbase_param@CSVWholeview@@U?$less@H@std@@V?$allocator@U?$pair@$$CBHUbase_param@CSVWholeview@@@std@@@4@$0A@@std@@@std@@IAEXPAU_Node@?$_Tree_nod@V?$_Tmap_traits@HUbase_param@CSVWholeview@@U?$less@H@std@@V?$allocator@U?$pair@$$CBHUbase_param@CSVWholeview@@@std@@@4@$0A@@std@@@2@@Z 00408c50 f i wholeview.obj
 0001:00007c90       ?insert@?$_Tree@V?$_Tmap_traits@HUbase_param@CSVWholeview@@U?$less@H@std@@V?$allocator@U?$pair@$$CBHUbase_param@CSVWholeview@@@std@@@4@$0A@@std@@@std@@QAE?AViterator@12@V312@ABU?$pair@$$CBHUbase_param@CSVWholeview@@@2@@Z 00408c90 f i wholeview.obj
 0001:00007e00       ??1?$list@Usv_pair@@V?$allocator@Usv_pair@@@std@@@std@@QAE@XZ 00408e00 f i wholeview.obj
 0001:00007e20       ??A?$map@HUbase_param@CSVWholeview@@U?$less@H@std@@V?$allocator@U?$pair@$$CBHUbase_param@CSVWholeview@@@std@@@4@@std@@QAEAAUbase_param@CSVWholeview@@ABH@Z 00408e20 f i wholeview.obj
 0001:00007f00       ?erase@?$_Tree@V?$_Tmap_traits@HUbase_param@CSVWholeview@@U?$less@H@std@@V?$allocator@U?$pair@$$CBHUbase_param@CSVWholeview@@@std@@@4@$0A@@std@@@std@@QAE?AViterator@12@V312@0@Z 00408f00 f i wholeview.obj
 0001:00007fc0       ??1?$map@HUbase_param@CSVWholeview@@U?$less@H@std@@V?$allocator@U?$pair@$$CBHUbase_param@CSVWholeview@@@std@@@4@@std@@QAE@XZ 00408fc0 f i wholeview.obj
 0001:00007ff0       ??0?$map@HUbase_param@CSVWholeview@@U?$less@H@std@@V?$allocator@U?$pair@$$CBHUbase_param@CSVWholeview@@@std@@@4@@std@@QAE@XZ 00408ff0 f i wholeview.obj
 0001:00008020       ?enumMonitors@CSVWholeview@@AAE_NABV?$basic_string@DU?$char_traits@D@std@@V?$allocator@D@2@@std@@0PAVWTableCell@@@Z 00409020 f   wholeview.obj
 0001:00008790       ?enumGroups@CSVWholeview@@AAE_NABV?$basic_string@DU?$char_traits@D@std@@V?$allocator@D@2@@std@@PAVWTable@@@Z 00409790 f   wholeview.obj
 0001:00009b30       ?enumSVSE@CSVWholeview@@AAEXXZ 0040ab30 f   wholeview.obj
 0001:0000c170       ?refresh@CSVWholeview@@UAEXXZ 0040d170 f   wholeview.obj
 0001:0000c360       ?good@WSignal_@@QBE_NXZ    0040d360 f i wholeviewwt.obj
 0001:0000c360       ?good@WSlot_@@QAE_NXZ      0040d360 f i wholeviewwt.obj
 0001:0000c370       ?exposable@WSignal_@@QBE_NXZ 0040d370 f i wholeviewwt.obj
 0001:0000c370       ?canStatic@WSlot_@@QBE_NXZ 0040d370 f i wholeviewwt.obj
 0001:0000c380       ??0WSignal_@@QAE@ABV0@@Z   0040d380 f i wholeviewwt.obj
 0001:0000c380       ??0WSlot_@@QAE@ABV0@@Z     0040d380 f i wholeviewwt.obj
 0001:0000c3a0       ?staticCodeChanged@WSignalInstance_@@QBE_NXZ 0040d3a0 f i wholeviewwt.obj
 0001:0000c3b0       ?connectivityChanged@WSignalInstance_@@QBE_NXZ 0040d3b0 f i wholeviewwt.obj
 0001:0000c3c0       ?name@WSlot_@@QBE?BV?$basic_string@DU?$char_traits@D@std@@V?$allocator@D@2@@std@@XZ 0040d3c0 f i wholeviewwt.obj
 0001:0000c3c0       ?name@JSVar@@QAE?BV?$basic_string@DU?$char_traits@D@std@@V?$allocator@D@2@@std@@XZ 0040d3c0 f i libwt:DomElement.obj
 0001:0000c3c0       ?key@WMessage@@QBE?BV?$basic_string@DU?$char_traits@D@std@@V?$allocator@D@2@@std@@XZ 0040d3c0 f i wholemain.obj
 0001:0000c3c0       ?path@WMessageResources@@QBE?BV?$basic_string@DU?$char_traits@D@std@@V?$allocator@D@2@@std@@XZ 0040d3c0 f i libwt:WMessageResourceBundle.obj
 0001:0000c3c0       ?name@WSignal_@@QBE?BV?$basic_string@DU?$char_traits@D@std@@V?$allocator@D@2@@std@@XZ 0040d3c0 f i wholeviewwt.obj
 0001:0000c3e0       ??4WSlot_@@QAEAAV0@ABV0@@Z 0040d3e0 f i wholeviewwt.obj
 0001:0000c3e0       ??4WSignal_@@QAEAAV0@ABV0@@Z 0040d3e0 f i wholeviewwt.obj
 0001:0000c400       ?staticCodeCollected@WSlotInstance_@@QBE_NXZ 0040d400 f i wholeviewwt.obj
 0001:0000c410       ?buildSlotMap@CSVWholeview@@MAEXAAV?$map@V?$basic_string@DU?$char_traits@D@std@@V?$allocator@D@2@@std@@PAVWSlotInstance_@@U?$less@V?$basic_string@DU?$char_traits@D@std@@V?$allocator@D@2@@std@@@2@V?$allocator@U?$pair@$$CBV?$basic_string@DU?$char_traits@D@std@@V?$allocator@D@2@@std@@PAVWSlotInstance_@@@std@@@2@@std@@@Z 0040d410 f   wholeviewwt.obj
 0001:0000c500       ??1?$pair@V?$basic_string@DU?$char_traits@D@std@@V?$allocator@D@2@@std@@PAVDomElement@@@std@@QAE@XZ 0040d500 f i libwt:WWebWidget.obj
 0001:0000c500       ??1?$pair@$$CBV?$basic_string@DU?$char_traits@D@std@@V?$allocator@D@2@@std@@_N@std@@QAE@XZ 0040d500 f i User.obj
 0001:0000c500       ??1?$pair@$$CBV?$basic_string@DU?$char_traits@D@std@@V?$allocator@D@2@@std@@PAUScopeFunc@@@std@@QAE@XZ 0040d500 f i User.obj
 0001:0000c500       ??1WSlot_@@QAE@XZ          0040d500 f i wholeviewwt.obj
 0001:0000c500       ??1WMessage@@QAE@XZ        0040d500 f i wholemain.obj
 0001:0000c500       ??1?$pair@$$CBV?$basic_string@DU?$char_traits@D@std@@V?$allocator@D@2@@std@@PAVWSlotInstance_@@@std@@QAE@XZ 0040d500 f i libwt:WWebWidget.obj
 0001:0000c500       ??1JSVar@@QAE@XZ           0040d500 f i libwt:WebSession.obj
 0001:0000c500       ??1WSignal_@@QAE@XZ        0040d500 f i wholeviewwt.obj
 0001:0000c500       ??1?$pair@$$CBV?$basic_string@DU?$char_traits@D@std@@V?$allocator@D@2@@std@@PAVWSignalInstance_@@@std@@QAE@XZ 0040d500 f i wholeviewwt.obj
 0001:0000c510       ?_Xlen@?$vector@PAVWConnection_@@V?$allocator@PAVWConnection_@@@std@@@std@@IBEXXZ 0040d510 f i wholeviewwt.obj
 0001:0000c590       ?isConnected@WSignalInstance_@@ABE_NXZ 0040d590 f i wholeviewwt.obj
 0001:0000c5c0       ?_Buy@?$vector@PAVWConnection_@@V?$allocator@PAVWConnection_@@@std@@@std@@IAE_NI@Z 0040d5c0 f i wholeviewwt.obj
 0001:0000c610       ?_Buynode@?$_Tree@V?$_Tmap_traits@V?$basic_string@DU?$char_traits@D@std@@V?$allocator@D@2@@std@@PAVWSignalInstance_@@U?$less@V?$basic_string@DU?$char_traits@D@std@@V?$allocator@D@2@@std@@@2@V?$allocator@U?$pair@$$CBV?$basic_string@DU?$char_traits@D@std@@V?$allocator@D@2@@std@@PAVWSignalInstance_@@@std@@@2@$0A@@std@@@std@@IAEPAU_Node@?$_Tree_nod@V?$_Tmap_traits@V?$basic_string@DU?$char_traits@D@std@@V?$allocator@D@2@@std@@PAVWSignalInstance_@@U?$less@V?$basic_string@DU?$char_traits@D@std@@V?$allocator@D@2@@std@@@2@V?$allocator@U?$pair@$$CBV?$basic_string@DU?$char_traits@D@std@@V?$allocator@D@2@@std@@PAVWSignalInstance_@@@std@@@2@$0A@@std@@@2@PAU342@00ABU?$pair@$$CBV?$basic_string@DU?$char_traits@D@std@@V?$allocator@D@2@@std@@PAVWSignalInstance_@@@2@D@Z 0040d610 f i wholeviewwt.obj
 0001:0000c6b0       ?_Insert@?$_Tree@V?$_Tmap_traits@V?$basic_string@DU?$char_traits@D@std@@V?$allocator@D@2@@std@@PAVWSignalInstance_@@U?$less@V?$basic_string@DU?$char_traits@D@std@@V?$allocator@D@2@@std@@@2@V?$allocator@U?$pair@$$CBV?$basic_string@DU?$char_traits@D@std@@V?$allocator@D@2@@std@@PAVWSignalInstance_@@@std@@@2@$0A@@std@@@std@@IAE?AViterator@12@_NPAU_Node@?$_Tree_nod@V?$_Tmap_traits@V?$basic_string@DU?$char_traits@D@std@@V?$allocator@D@2@@std@@PAVWSignalInstance_@@U?$less@V?$basic_string@DU?$char_traits@D@std@@V?$allocator@D@2@@std@@@2@V?$allocator@U?$pair@$$CBV?$basic_string@DU?$char_traits@D@std@@V?$allocator@D@2@@std@@PAVWSignalInstance_@@@std@@@2@$0A@@std@@@2@ABU?$pair@$$CBV?$basic_string@DU?$char_traits@D@std@@V?$allocator@D@2@@std@@PAVWSignalInstance_@@@2@@Z 0040d6b0 f i wholeviewwt.obj
 0001:0000c870       ??4?$vector@PAVWConnection_@@V?$allocator@PAVWConnection_@@@std@@@std@@QAEAAV01@ABV01@@Z 0040d870 f i wholeviewwt.obj
 0001:0000c9c0       ?insert@?$_Tree@V?$_Tmap_traits@V?$basic_string@DU?$char_traits@D@std@@V?$allocator@D@2@@std@@PAVWSignalInstance_@@U?$less@V?$basic_string@DU?$char_traits@D@std@@V?$allocator@D@2@@std@@@2@V?$allocator@U?$pair@$$CBV?$basic_string@DU?$char_traits@D@std@@V?$allocator@D@2@@std@@PAVWSignalInstance_@@@std@@@2@$0A@@std@@@std@@QAE?AU?$pair@Viterator@?$_Tree@V?$_Tmap_traits@V?$basic_string@DU?$char_traits@D@std@@V?$allocator@D@2@@std@@PAVWSignalInstance_@@U?$less@V?$basic_string@DU?$char_traits@D@std@@V?$allocator@D@2@@std@@@2@V?$allocator@U?$pair@$$CBV?$basic_string@DU?$char_traits@D@std@@V?$allocator@D@2@@std@@PAVWSignalInstance_@@@std@@@2@$0A@@std@@@std@@_N@2@ABU?$pair@$$CBV?$basic_string@DU?$char_traits@D@std@@V?$allocator@D@2@@std@@PAVWSignalInstance_@@@2@@Z 0040d9c0 f i wholeviewwt.obj
 0001:0000caa0       ??4WSignalInstance_@@QAEAAV0@ABV0@@Z 0040daa0 f i wholeviewwt.obj
 0001:0000caf0       ??4WSlotInstance_@@QAEAAV0@ABV0@@Z 0040daf0 f i wholeviewwt.obj
 0001:0000cb30       ??0?$vector@PAVWConnection_@@V?$allocator@PAVWConnection_@@@std@@@std@@QAE@ABV01@@Z 0040db30 f i wholeviewwt.obj
 0001:0000cbf0       ?insert@?$_Tree@V?$_Tmap_traits@V?$basic_string@DU?$char_traits@D@std@@V?$allocator@D@2@@std@@PAVWSignalInstance_@@U?$less@V?$basic_string@DU?$char_traits@D@std@@V?$allocator@D@2@@std@@@2@V?$allocator@U?$pair@$$CBV?$basic_string@DU?$char_traits@D@std@@V?$allocator@D@2@@std@@PAVWSignalInstance_@@@std@@@2@$0A@@std@@@std@@QAE?AViterator@12@V312@ABU?$pair@$$CBV?$basic_string@DU?$char_traits@D@std@@V?$allocator@D@2@@std@@PAVWSignalInstance_@@@2@@Z 0040dbf0 f i wholeviewwt.obj
 0001:0000cdb0       ??0WSignalInstance_@@QAE@ABV0@@Z 0040ddb0 f i wholeviewwt.obj
 0001:0000ce30       ??0WSlotInstance_@@QAE@ABV0@@Z 0040de30 f i wholeviewwt.obj
[...]
 0001:0002d164       __ehhandler$?buildSignalMap@WResource@@MAEXAAV?$map@V?$basic_string@DU?$char_traits@D@std@@V?$allocator@D@2@@std@@PAVWSignalInstance_@@U?$less@V?$basic_string@DU?$char_traits@D@std@@V?$allocator@D@2@@std@@@2@V?$allocator@U?$pair@$$CBV?$basic_string@DU?$char_traits@D@std@@V?$allocator@D@2@@std@@PAVWSignalInstance_@@@std@@@2@@std@@@Z 0042e164 f   libwt:WResource.obj
 0001:0002d170       $L50781                    0042e170 f   libwt:WResource.obj
 0001:0002d178       $L50782                    0042e178 f   libwt:WResource.obj
 0001:0002d182       __ehhandler$_$E4           0042e182 f   libwt:WResource.obj
 0001:0002d190       $L20654                    0042e190 f   libwt:WMessageResourceBundle.obj
 0001:0002d199       $L20655                    0042e199 f   libwt:WMessageResourceBundle.obj
 0001:0002d1b3       $L20658                    0042e1b3 f   libwt:WMessageResourceBundle.obj
 0001:0002d1bc       $L20659                    0042e1bc f   libwt:WMessageResourceBundle.obj
 0001:0002d1c5       __ehhandler$?getValue@WMessageResourceBundle@@QBE?AV?$basic_string@DU?$char_traits@D@std@@V?$allocator@D@2@@std@@ABVWMessage@@@Z 0042e1c5 f   libwt:WMessageResourceBundle.obj
 0001:0002d1d0       $L22352                    0042e1d0 f   libwt:WMessageResourceBundle.obj
 0001:0002d1d9       $L22353                    0042e1d9 f   libwt:WMessageResourceBundle.obj
 0001:0002d1e2       $L22354                    0042e1e2 f   libwt:WMessageResourceBundle.obj
 0001:0002d1ed       __ehhandler$?use@WMessageResourceBundle@@QAEXV?$basic_string@DU?$char_traits@D@std@@V?$allocator@D@2@@std@@@Z 0042e1ed f   libwt:WMessageResourceBundle.obj
 0001:0002d200       $L23577                    0042e200 f   libwt:WMessageResourceBundle.obj
 0001:0002d209       $L23578                    0042e209 f   libwt:WMessageResourceBundle.obj
 0001:0002d214       __ehhandler$??1WMessageResources@@QAE@XZ 0042e214 f   libwt:WMessageResourceBundle.obj
 0001:0002d220       $L23908                    0042e220 f   libwt:WMessageResourceBundle.obj
 0001:0002d229       $L23909                    0042e229 f   libwt:WMessageResourceBundle.obj
 0001:0002d234       __ehhandler$??0WMessageResources@@QAE@ABV0@@Z 0042e234 f   libwt:WMessageResourceBundle.obj
 0001:0002d240       $L31060                    0042e240 f   libwt:JavaScript.obj
 0001:0002d249       __ehhandler$??0JavaScript@@QAE@XZ 0042e249 f   libwt:JavaScript.obj
 0001:0002d260       $L31073                    0042e260 f   libwt:JavaScript.obj
 0001:0002d269       __ehhandler$?addStatement@JavaScript@@QAEXV?$basic_string@DU?$char_traits@D@std@@V?$allocator@D@2@@std@@@Z 0042e269 f   libwt:JavaScript.obj
 0001:0002d280       $L32816                    0042e280 f   libwt:JavaScript.obj
 0001:0002d289       $L32817                    0042e289 f   libwt:JavaScript.obj
 0001:0002d292       __ehhandler$??0JSVar@@AAE@XZ 0042e292 f   libwt:JavaScript.obj
 0001:0002d2a0       $L32832                    0042e2a0 f   libwt:JavaScript.obj
 0001:0002d2a9       $L32833                    0042e2a9 f   libwt:JavaScript.obj
 0001:0002d2b1       $L32834                    0042e2b1 f   libwt:JavaScript.obj
 0001:0002d2ba       $L32835                    0042e2ba f   libwt:JavaScript.obj
 0001:0002d2c3       $L32836                    0042e2c3 f   libwt:JavaScript.obj
 0001:0002d2cc       $L32837                    0042e2cc f   libwt:JavaScript.obj
 0001:0002d2d8       $L32843                    0042e2d8 f   libwt:JavaScript.obj
 0001:0002d2e4       $L32839                    0042e2e4 f   libwt:JavaScript.obj
 0001:0002d303       __ehhandler$?declareVar@JavaScript@@QAE?AVJSVar@@V?$basic_string@DU?$char_traits@D@std@@V?$allocator@D@2@@std@@@Z 0042e303 f   libwt:JavaScript.obj
 0001:0002d310       $L32866                    0042e310 f   libwt:JavaScript.obj
 0001:0002d319       $L32867                    0042e319 f   libwt:JavaScript.obj
 0001:0002d333       __ehhandler$?getTempFunctionName@JavaScript@@QAE?BV?$basic_string@DU?$char_traits@D@std@@V?$allocator@D@2@@std@@XZ 0042e333 f   libwt:JavaScript.obj
 0001:0002d340       $L33064                    0042e340 f   libwt:WScrollBar.obj
 0001:0002d349       $L33065                    0042e349 f   libwt:WScrollBar.obj
 0001:0002d355       $L33066                    0042e355 f   libwt:WScrollBar.obj
 0001:0002d35e       $L33067                    0042e35e f   libwt:WScrollBar.obj
 0001:0002d367       $L33068                    0042e367 f   libwt:WScrollBar.obj
 0001:0002d373       $L33069                    0042e373 f   libwt:WScrollBar.obj
 0001:0002d37f       $L33070                    0042e37f f   libwt:WScrollBar.obj
 0001:0002d38b       $L33071                    0042e38b f   libwt:WScrollBar.obj
 0001:0002d397       $L33072                    0042e397 f   libwt:WScrollBar.obj
 0001:0002d3a3       $L33073                    0042e3a3 f   libwt:WScrollBar.obj
 0001:0002d3ac       $L33074                    0042e3ac f   libwt:WScrollBar.obj
 0001:0002d3b8       __ehhandler$?updateDom@WScrollBar@@AAEXAAVDomElement@@_N@Z 0042e3b8 f   libwt:WScrollBar.obj
 0001:0002d3d0       $L34616                    0042e3d0 f   libwt:WScrollBar.obj
 0001:0002d3d8       __ehhandler$??0WScrollBar@@AAE@PAVWScrollArea@@W4Orientation@0@@Z 0042e3d8 f   libwt:WScrollBar.obj
 0001:0002d3f0       $L36771                    0042e3f0 f   libwt:WScrollBar.obj
 0001:0002d3f8       $L36772                    0042e3f8 f   libwt:WScrollBar.obj
 0001:0002d403       __ehhandler$??1WScrollBar@@EAE@XZ 0042e403 f   libwt:WScrollBar.obj
 0001:0002d410       $L41000                    0042e410 f   libwt:WScrollBar.obj
 0001:0002d410       $L41027                    0042e410 f   libwt:WScrollBar.obj
 0001:0002d41b       $L41028                    0042e41b f   libwt:WScrollBar.obj
 0001:0002d41b       $L41001                    0042e41b f   libwt:WScrollBar.obj
 0001:0002d424       __ehhandler$?buildSignalMap@WScrollBar@@MAEXAAV?$map@V?$basic_string@DU?$char_traits@D@std@@V?$allocator@D@2@@std@@PAVWSignalInstance_@@U?$less@V?$basic_string@DU?$char_traits@D@std@@V?$allocator@D@2@@std@@@2@V?$allocator@U?$pair@$$CBV?$basic_string@DU?$char_traits@D@std@@V?$allocator@D@2@@std@@PAVWSignalInstance_@@@std@@@2@@std@@@Z 0042e424 f   libwt:WScrollBar.obj
 0001:0002d424       __ehhandler$?buildSlotMap@WScrollBar@@MAEXAAV?$map@V?$basic_string@DU?$char_traits@D@std@@V?$allocator@D@2@@std@@PAVWSlotInstance_@@U?$less@V?$basic_string@DU?$char_traits@D@std@@V?$allocator@D@2@@std@@@2@V?$allocator@U?$pair@$$CBV?$basic_string@DU?$char_traits@D@std@@V?$allocator@D@2@@std@@PAVWSlotInstance_@@@std@@@2@@std@@@Z 0042e424 f   libwt:WScrollBar.obj
 0001:0002d430       $L43619                    0042e430 f   libwt:WScrollBar.obj
 0001:0002d438       $L43620                    0042e438 f   libwt:WScrollBar.obj
 0001:0002d442       __ehhandler$_$E3           0042e442 f   libwt:WScrollBar.obj
 0001:0002d450       $L38566                    0042e450 f   libwt:WFont.obj
 0001:0002d450       $L38557                    0042e450 f   libwt:WFont.obj
 0001:0002d45c       __ehhandler$??0WFont@@AAE@PAVWWebWidget@@@Z 0042e45c f   libwt:WFont.obj
 0001:0002d45c       __ehhandler$??0WFont@@QAE@XZ 0042e45c f   libwt:WFont.obj
 0001:0002d470       $L38575                    0042e470 f   libwt:WFont.obj
 0001:0002d479       __ehhandler$?setFamily@WFont@@QAEXW4GenericFamily@1@V?$basic_string@DU?$char_traits@D@std@@V?$allocator@D@2@@std@@@Z 0042e479 f   libwt:WFont.obj
 0001:0002d490       $L42563                    0042e490 f   libwt:WFont.obj
 0001:0002d499       __ehhandler$?updateDomElement@WFont@@AAEXAAVDomElement@@_N1@Z 0042e499 f   libwt:WFont.obj
 0001:0002d4b0       $L14564                    0042e4b0 f   libwt:WBorder.obj
 0001:0002d4b8       __ehhandler$??0WBorder@@QAE@W4Style@0@W4Width@0@VWColor@@@Z 0042e4b8 f   libwt:WBorder.obj
 0001:0002d4d0       $L14589                    0042e4d0 f   libwt:WBorder.obj
 0001:0002d4d8       __ehhandler$?setColor@WBorder@@QAEXVWColor@@@Z 0042e4d8 f   libwt:WBorder.obj
 0001:0002d4f0       $L14955                    0042e4f0 f   libwt:WBorder.obj
 0001:0002d4f9       $L14956                    0042e4f9 f   libwt:WBorder.obj
 0001:0002d519       $L14959                    0042e519 f   libwt:WBorder.obj
 0001:0002d522       $L14960                    0042e522 f   libwt:WBorder.obj
 0001:0002d52e       $L14961                    0042e52e f   libwt:WBorder.obj
 0001:0002d537       $L14962                    0042e537 f   libwt:WBorder.obj
 0001:0002d540       $L14963                    0042e540 f   libwt:WBorder.obj
 0001:0002d54c       $L14964                    0042e54c f   libwt:WBorder.obj
 0001:0002d558       __ehhandler$?cssText@WBorder@@QBE?AV?$basic_string@DU?$char_traits@D@std@@V?$allocator@D@2@@std@@XZ 0042e558 f   libwt:WBorder.obj
 0001:0002d570       $L25672                    0042e570 f   libwt:WMessageResources.obj
 0001:0002d579       $L25673                    0042e579 f   libwt:WMessageResources.obj
 0001:0002d582       $L25674                    0042e582 f   libwt:WMessageResources.obj
 0001:0002d58b       __ehhandler$?getValue@WMessageResources@@QBE_NABVWMessage@@AAV?$basic_string@DU?$char_traits@D@std@@V?$allocator@D@2@@std@@@Z 0042e58b f   libwt:WMessageResources.obj
 0001:0002d5a0       $L31679                    0042e5a0 f   libwt:WMessageResources.obj
 0001:0002d5a9       $L31680                    0042e5a9 f   libwt:WMessageResources.obj
 0001:0002d5b2       $L31681                    0042e5b2 f   libwt:WMessageResources.obj
 0001:0002d5bd       $L31682                    0042e5bd f   libwt:WMessageResources.obj
 0001:0002d5c8       __ehhandler$??0WMessageResources@@QAE@V?$basic_string@DU?$char_traits@D@std@@V?$allocator@D@2@@std@@@Z 0042e5c8 f   libwt:WMessageResources.obj
 0001:0002d5e0       _$E7                       0042e5e0 f   wholeviewwt.obj
 0001:0002d600       _$E10                      0042e600 f   wholeviewwt.obj
 0001:0002d620       _$E7                       0042e620 f   WSVFlexTableWT.obj
 0001:0002d6b0       _$E10                      0042e6b0 f   WSVFlexTableWT.obj
 0001:0002d6d0       _$E5                       0042e6d0 f   libwt:WWebWidget.obj
 0001:0002d6f0       _$E8                       0042e6f0 f   libwt:WWebWidget.obj
 0001:0002d710       _$E4                       0042e710 f   libwt:WInteractWidget.obj
 0001:0002d7a0       _$E7                       0042e7a0 f   libwt:WInteractWidget.obj
 0001:0002dbf0       _$E5                       0042ebf0 f   libwt:WContainerWidget.obj
 0001:0002dc10       _$E8                       0042ec10 f   libwt:WContainerWidget.obj
 0001:0002dc30       _$E7                       0042ec30 f   libwt:WTable.obj
 0001:0002dc50       _$E10                      0042ec50 f   libwt:WTable.obj
 0001:0002dc70       _$E13                      0042ec70 f   libwt:WTable.obj
 0001:0002dc90       _$E16                      0042ec90 f   libwt:WTable.obj
 0001:0002dcb0       _$E4                       0042ecb0 f   libwt:WFormWidget.obj
 0001:0002ddd0       _$E7                       0042edd0 f   libwt:WFormWidget.obj
 0001:0002def0       _$E4                       0042eef0 f   libwt:WPushButton.obj
 0001:0002df10       _$E7                       0042ef10 f   libwt:WPushButton.obj
 0001:0002df30       _$E4                       0042ef30 f   libwt:WImage.obj
 0001:0002dfc0       _$E7                       0042efc0 f   libwt:WImage.obj
 0001:0002dfe0       _$E4                       0042efe0 f   libwt:WText.obj
 0001:0002e000       _$E7                       0042f000 f   libwt:WText.obj
 0001:0002e020       _$E7                       0042f020 f   libwt:WApplication.obj
 0001:0002e100       _$E10                      0042f100 f   libwt:WApplication.obj
 0001:0002e120       _$E7                       0042f120 f   libwt:WebSession.obj
 0001:0002e140       _$E7                       0042f140 f   libwt:WTableCell.obj
 0001:0002e160       _$E10                      0042f160 f   libwt:WTableCell.obj
 0001:0002e180       _$E3                       0042f180 f   libwt:WWidget.obj
 0001:0002e260       _$E6                       0042f260 f   libwt:WWidget.obj
 0001:0002e280       _$E1                       0042f280 f   libwt:WObject.obj
 0001:0002e2a0       _$E4                       0042f2a0 f   libwt:WObject.obj
 0001:0002e330       _$E3                       0042f330 f   libwt:WScrollArea.obj
 0001:0002e350       _$E6                       0042f350 f   libwt:WScrollArea.obj
 0001:0002e370       _$E1                       0042f370 f   libwt:WColor.obj
 0001:0002e3e0       _$E4                       0042f3e0 f   libwt:WColor.obj
 0001:0002e450       _$E7                       0042f450 f   libwt:WColor.obj
 0001:0002e4c0       _$E10                      0042f4c0 f   libwt:WColor.obj
 0001:0002e530       _$E13                      0042f530 f   libwt:WColor.obj
 0001:0002e5a0       _$E16                      0042f5a0 f   libwt:WColor.obj
 0001:0002e610       _$E19                      0042f610 f   libwt:WColor.obj
 0001:0002e680       _$E22                      0042f680 f   libwt:WColor.obj
 0001:0002e6f0       _$E25                      0042f6f0 f   libwt:WColor.obj
 0001:0002e760       _$E28                      0042f760 f   libwt:WColor.obj
 0001:0002e7d0       _$E31                      0042f7d0 f   libwt:WColor.obj
 0001:0002e840       _$E34                      0042f840 f   libwt:WColor.obj
 0001:0002e8b0       _$E37                      0042f8b0 f   libwt:WColor.obj
 0001:0002e920       _$E40                      0042f920 f   libwt:WColor.obj
 0001:0002e990       _$E43                      0042f990 f   libwt:WColor.obj
 0001:0002e9c0       _$E46                      0042f9c0 f   libwt:WColor.obj
 0001:0002ea30       _$E49                      0042fa30 f   libwt:WColor.obj
 0001:0002eaa0       _$E52                      0042faa0 f   libwt:WColor.obj
 0001:0002eb10       _$E3                       0042fb10 f   libwt:DomElement.obj
 0001:0002eda0       _$E4                       0042fda0 f   libwt:WLabel.obj
 0001:0002edc0       _$E7                       0042fdc0 f   libwt:WLabel.obj
 0001:0002ede0       _$E1                       0042fde0 f   libwt:WResource.obj
 0001:0002ee00       _$E4                       0042fe00 f   libwt:WResource.obj
 0001:0002ee90       _$E3                       0042fe90 f   libwt:WScrollBar.obj
 0001:0002ef20       _$E6                       0042ff20 f   libwt:WScrollBar.obj
 0001:0002ef40       _$E8                       0042ff40 f   wholeviewwt.obj
 0001:0002ef60       _$E11                      0042ff60 f   wholeviewwt.obj
 0001:0002ef80       _$E8                       0042ff80 f   WSVFlexTableWT.obj
 0001:0002efa0       _$E11                      0042ffa0 f   WSVFlexTableWT.obj
 0001:0002efc0       _$E6                       0042ffc0 f   libwt:WWebWidget.obj
 0001:0002efe0       _$E9                       0042ffe0 f   libwt:WWebWidget.obj
 0001:0002f000       _$E5                       00430000 f   libwt:WInteractWidget.obj
 0001:0002f020       _$E8                       00430020 f   libwt:WInteractWidget.obj
 0001:0002f040       _$E6                       00430040 f   libwt:WContainerWidget.obj
 0001:0002f060       _$E9                       00430060 f   libwt:WContainerWidget.obj
 0001:0002f080       _$E8                       00430080 f   libwt:WTable.obj
 0001:0002f0a0       _$E11                      004300a0 f   libwt:WTable.obj
 0001:0002f0c0       _$E14                      004300c0 f   libwt:WTable.obj
 0001:0002f0e0       _$E17                      004300e0 f   libwt:WTable.obj
 0001:0002f100       _$E5                       00430100 f   libwt:WFormWidget.obj
 0001:0002f120       _$E8                       00430120 f   libwt:WFormWidget.obj
 0001:0002f140       _$E5                       00430140 f   libwt:WPushButton.obj
 0001:0002f160       _$E8                       00430160 f   libwt:WPushButton.obj
 0001:0002f180       _$E5                       00430180 f   libwt:WImage.obj
 0001:0002f1a0       _$E8                       004301a0 f   libwt:WImage.obj
 0001:0002f1c0       _$E5                       004301c0 f   libwt:WText.obj
 0001:0002f1e0       _$E8                       004301e0 f   libwt:WText.obj
 0001:0002f200       _$E8                       00430200 f   libwt:WApplication.obj
 0001:0002f220       _$E11                      00430220 f   libwt:WApplication.obj
 0001:0002f240       _$E8                       00430240 f   libwt:WebSession.obj
 0001:0002f250       _$E14                      00430250 f   libwt:WebSession.obj
 0001:0002f260       _$E13                      00430260 f   libwt:WebSession.obj
 0001:0002f270       _$E12                      00430270 f   libwt:WebSession.obj
 0001:0002f280       _$E11                      00430280 f   libwt:WebSession.obj
 0001:0002f290       _$E16                      00430290 f   libwt:WebSession.obj
 0001:0002f2a0       _$E8                       004302a0 f   libwt:WTableCell.obj
 0001:0002f2c0       _$E11                      004302c0 f   libwt:WTableCell.obj
 0001:0002f2e0       _$E4                       004302e0 f   libwt:WWidget.obj
 0001:0002f300       _$E7                       00430300 f   libwt:WWidget.obj
 0001:0002f320       _$E2                       00430320 f   libwt:WObject.obj
 0001:0002f340       _$E5                       00430340 f   libwt:WObject.obj
 0001:0002f360       _$E4                       00430360 f   libwt:WScrollArea.obj
 0001:0002f380       _$E7                       00430380 f   libwt:WScrollArea.obj
 0001:0002f3a0       _$E2                       004303a0 f   libwt:WColor.obj
 0001:0002f3b0       _$E5                       004303b0 f   libwt:WColor.obj
 0001:0002f3c0       _$E8                       004303c0 f   libwt:WColor.obj
 0001:0002f3d0       _$E11                      004303d0 f   libwt:WColor.obj
 0001:0002f3e0       _$E14                      004303e0 f   libwt:WColor.obj
 0001:0002f3f0       _$E17                      004303f0 f   libwt:WColor.obj
 0001:0002f400       _$E20                      00430400 f   libwt:WColor.obj
 0001:0002f410       _$E23                      00430410 f   libwt:WColor.obj
 0001:0002f420       _$E26                      00430420 f   libwt:WColor.obj
 0001:0002f430       _$E29                      00430430 f   libwt:WColor.obj
 0001:0002f440       _$E32                      00430440 f   libwt:WColor.obj
 0001:0002f450       _$E35                      00430450 f   libwt:WColor.obj
 0001:0002f460       _$E38                      00430460 f   libwt:WColor.obj
 0001:0002f470       _$E41                      00430470 f   libwt:WColor.obj
 0001:0002f480       _$E44                      00430480 f   libwt:WColor.obj
 0001:0002f490       _$E47                      00430490 f   libwt:WColor.obj
 0001:0002f4a0       _$E50                      004304a0 f   libwt:WColor.obj
 0001:0002f4b0       _$E53                      004304b0 f   libwt:WColor.obj
 0001:0002f4c0       _$E4                       004304c0 f   libwt:DomElement.obj
 0001:0002f4e0       _$E7                       004304e0 f   libwt:DomElement.obj
 0001:0002f500       _$E9                       00430500 f   libwt:DomElement.obj
 0001:0002f520       _$E5                       00430520 f   libwt:WLabel.obj
 0001:0002f540       _$E8                       00430540 f   libwt:WLabel.obj
 0001:0002f560       _$E2                       00430560 f   libwt:WResource.obj
 0001:0002f580       _$E5                       00430580 f   libwt:WResource.obj
 0001:0002f5a0       _$E4                       004305a0 f   libwt:WScrollBar.obj
 0001:0002f5c0       _$E7                       004305c0 f   libwt:WScrollBar.obj
