 depend

 Timestamp is 45b72e6a (Wed Jan 24 18:01:14 2007)

 Preferred load address is 00400000

 Start         Length     Name                   Class
 0001:00000000 0002d608H .text                   CODE
 0001:0002d610 0000514eH .text$x                 CODE
 0001:00032760 00002556H .text$yc                CODE
 0001:00034cc0 00000934H .text$yd                CODE
 0002:00000000 0000025cH .idata$5                DATA
 0002:00000260 00005180H .rdata                  DATA
 0002:000053e0 00000044H .rdata$r                DATA
 0002:00005430 000004fcH .rdata$sxdata           DATA
 0002:0000592c 00000004H .rtc$IAA                DATA
 0002:00005930 00000004H .rtc$IZZ                DATA
 0002:00005934 00000004H .rtc$TAA                DATA
 0002:00005938 00000004H .rtc$TZZ                DATA
 0002:0000593c 00005730H .xdata$x                DATA
 0002:0000b06c 00000064H .idata$2                DATA
 0002:0000b0d0 00000014H .idata$3                DATA
 0002:0000b0e4 0000025cH .idata$4                DATA
 0002:0000b340 00001b3cH .idata$6                DATA
 0002:0000ce80 0000fb1cH .edata                  DATA
 0003:00000000 00000004H .CRT$XCA                DATA
 0003:00000004 00000004H .CRT$XCAA               DATA
 0003:00000008 0000013cH .CRT$XCU                DATA
 0003:00000144 00000004H .CRT$XCZ                DATA
 0003:00000148 00000004H .CRT$XIA                DATA
 0003:0000014c 00000004H .CRT$XIZ                DATA
 0003:00000150 00000204H .data                   DATA
 0003:00000358 00001e34H .bss                    DATA

  Address         Publics by Value              Rva+Base     Lib:Object

 0000:00000000       __except_list              00000000     <absolute>
 0000:0000013f       ___safe_se_handler_count   0000013f     <absolute>
 0000:00009876       __ldused                   00009876     <absolute>
 0000:00009876       __fltused                  00009876     <absolute>
 0001:00000000       ?DoApp1@CCheckBoxTreeView@@AAEXXZ 00401000 f i dependtree:CheckBoxTreeView.obj
 0001:00000000       ?refresh@WSPopTable@@UAEXXZ 00401000 f i WSPopTable.obj
 0001:00000000       ?signalConnectionsChanged@WObject@@EAEXXZ 00401000 f i dependtree:WObject.obj
 0001:00000000       ?BtnProc@WSPopTable@@AAEXXZ 00401000 f i WSPopTable.obj
 0001:00000000       ?DoSetAppEnable@CCheckBoxTreeView@@AAEXXZ 00401000 f i dependtree:CheckBoxTreeView.obj
 0001:00000000       ??3@YAXPAX0@Z              00401000 f i depend.obj
 0001:00000000       ?DoAppDec@CCheckBoxTreeView@@AAEXXZ 00401000 f i dependtree:CheckBoxTreeView.obj
 0001:00000010       ??1logic_error@std@@UAE@XZ 00401010 f i depend.obj
 0001:00000070       ?what@logic_error@std@@UBEPBDXZ 00401070 f i depend.obj
 0001:00000080       ??_Elogic_error@std@@UAEPAXI@Z 00401080 f i depend.obj
 0001:00000080       ??_Glogic_error@std@@UAEPAXI@Z 00401080 f i depend.obj
 0001:000000a0       ??_Elength_error@std@@UAEPAXI@Z 004010a0 f i depend.obj
 0001:000000a0       ??_Glength_error@std@@UAEPAXI@Z 004010a0 f i depend.obj
 0001:000000c0       ??1length_error@std@@UAE@XZ 004010c0 f i depend.obj
 0001:000000d0       ??_Eout_of_range@std@@UAEPAXI@Z 004010d0 f i depend.obj
 0001:000000d0       ??_Gout_of_range@std@@UAEPAXI@Z 004010d0 f i depend.obj
 0001:000000f0       ??1out_of_range@std@@UAE@XZ 004010f0 f i depend.obj
 0001:00000100       ?haveJavaScript@WebSession@@QBE_NXZ 00401100 f i depend.obj
 0001:00000110       ?havaAjax@WebSession@@QBE_NXZ 00401110 f i depend.obj
 0001:00000120       ?genericFamily@WFont@@QBE?AW4GenericFamily@1@XZ 00401120 f i depend.obj
 0001:00000120       ?sender@WObject@@ABEPAV1@XZ 00401120 f i depend.obj
 0001:00000120       ?object@WSignalInstance_@@QBEPAVWObject@@XZ 00401120 f i dependformwt.obj
 0001:00000120       ?cursor@WCssDecorationStyle@@QBE?AW4Cursor@1@XZ 00401120 f i depend.obj
 0001:00000120       ?slot@WConnection_@@QBEPAVWSlotInstance_@@XZ 00401120 f i dependtree:WebSession.obj
 0001:00000120       ?unit@WLength@@QBE?AW4Unit@1@XZ 00401120 f i depend.obj
 0001:00000120       ?red@WColor@@QBEHXZ        00401120 f i depend.obj
 0001:00000130       ??4WWidget@@QAEAAV0@ABV0@@Z 00401130 f i depend.obj
 0001:00000130       ??4WObject@@QAEAAV0@ABV0@@Z 00401130 f i depend.obj
 0001:00000130       ??4WResource@@QAEAAV0@ABV0@@Z 00401130 f i depend.obj
 0001:00000160       ?value@WLength@@QBENXZ     00401160 f i depend.obj
 0001:00000170       ??4WLength@@QAEAAV0@ABV0@@Z 00401170 f i depend.obj
 0001:000001a0       ?isAuto@WLength@@QBE_NXZ   004011a0 f i depend.obj
 0001:000001a0       ?isDefault@WColor@@QBE_NXZ 004011a0 f i depend.obj
 0001:000001b0       ?blue@WColor@@QBEHXZ       004011b0 f i depend.obj
 0001:000001c0       ?name@WColor@@QBE?AV?$basic_string@DU?$char_traits@D@std@@V?$allocator@D@2@@std@@XZ 004011c0 f i depend.obj
 0001:000001f0       ??0WColor@@QAE@ABV0@@Z     004011f0 f i depend.obj
 0001:00000220       ??4WColor@@QAEAAV0@ABV0@@Z 00401220 f i depend.obj
 0001:00000250       ?width@WBorder@@QBE?AW4Width@1@XZ 00401250 f i depend.obj
 0001:00000250       ?signal@WConnection_@@QBEPAVWSignalInstance_@@XZ 00401250 f i dependtree:WebSession.obj
 0001:00000260       ?explicitWidth@WBorder@@QBE?AVWLength@@XZ 00401260 f i depend.obj
 0001:00000290       ?color@WBorder@@QBE?AVWColor@@XZ 00401290 f i depend.obj
 0001:000002d0       ?style@WBorder@@QBE?AW4Style@1@XZ 004012d0 f i depend.obj
 0001:000002e0       ??1WBorder@@QAE@XZ         004012e0 f i depend.obj
 0001:000002f0       ??0WBorder@@QAE@ABV0@@Z    004012f0 f i depend.obj
 0001:00000350       ??4WBorder@@QAEAAV0@ABV0@@Z 00401350 f i depend.obj
 0001:000003b0       ?specificFamilies@WFont@@QBE?BV?$basic_string@DU?$char_traits@D@std@@V?$allocator@D@2@@std@@XZ 004013b0 f i depend.obj
 0001:000003e0       ?style@WFont@@QBE?AW4Style@1@XZ 004013e0 f i depend.obj
 0001:000003f0       ?variant@WFont@@QBE?AW4Variant@1@XZ 004013f0 f i depend.obj
 0001:00000400       ?weight@WFont@@QBE?AW4Weight@1@XZ 00401400 f i depend.obj
 0001:00000410       ?weightValue@WFont@@QBEHXZ 00401410 f i depend.obj
 0001:00000420       ?size@WFont@@QBE?AW4Size@1@XZ 00401420 f i depend.obj
 0001:00000420       ?getRefreshTime@WApplication@@QAEHXZ 00401420 f i depend.obj
 0001:00000430       ?fixedSize@WFont@@QBE?AVWLength@@XZ 00401430 f i depend.obj
 0001:00000460       ??0WFont@@QAE@ABV0@@Z      00401460 f i depend.obj
 0001:000004e0       ??4WFont@@QAEAAV0@ABV0@@Z  004014e0 f i depend.obj
 0001:00000560       ?backgroundColor@WCssDecorationStyle@@QBE?AVWColor@@XZ 00401560 f i depend.obj
 0001:000005a0       ?backgroundImage@WCssDecorationStyle@@QBE?BV?$basic_string@DU?$char_traits@D@std@@V?$allocator@D@2@@std@@XZ 004015a0 f i depend.obj
 0001:000005d0       ?backgroundImageRepeat@WCssDecorationStyle@@QBE?AW4Repeat@1@XZ 004015d0 f i depend.obj
 0001:000005e0       ?foregroundColor@WCssDecorationStyle@@QBE?AVWColor@@XZ 004015e0 f i depend.obj
 0001:00000630       ?border@WCssDecorationStyle@@QBE?AVWBorder@@XZ 00401630 f i depend.obj
 0001:00000650       ??1WCssDecorationStyle@@QAE@XZ 00401650 f i depend.obj
 0001:000006e0       ??0WCssDecorationStyle@@QAE@ABV0@@Z 004016e0 f i depend.obj
 0001:00000820       ??4WCssDecorationStyle@@QAEAAV0@ABV0@@Z 00401820 f i depend.obj
 0001:00000920       ?selector@WCssRule@@QBE?BV?$basic_string@DU?$char_traits@D@std@@V?$allocator@D@2@@std@@XZ 00401920 f i depend.obj
 0001:00000950       ??0WCssRule@@QAE@ABV0@@Z   00401950 f i depend.obj
 0001:00000970       ??4WCssRule@@QAEAAV0@ABV0@@Z 00401970 f i depend.obj
 0001:00000990       ??_EWCssRule@@UAEPAXI@Z    00401990 f i depend.obj
 0001:000009f0       ?styleSheet@WApplication@@QAEAAVWCssStyleSheet@@XZ 004019f0 f i depend.obj
 0001:00000a00       ?root@WApplication@@QBEPAVWContainerWidget@@XZ 00401a00 f i depend.obj
 0001:00000a10       ?title@WApplication@@QBE?AV?$basic_string@DU?$char_traits@D@std@@V?$allocator@D@2@@std@@XZ 00401a10 f i depend.obj
 0001:00000a40       ?loading@WApplication@@QBE_NXZ 00401a40 f i depend.obj
 0001:00000a50       ?setLoading@WApplication@@QAEX_N@Z 00401a50 f i depend.obj
 0001:00000a60       ?messageResourceBundle@WApplication@@QAEAAVWMessageResourceBundle@@XZ 00401a60 f i depend.obj
 0001:00000a70       ?locale@WApplication@@QBE?AV?$basic_string@DU?$char_traits@D@std@@V?$allocator@D@2@@std@@XZ 00401a70 f i depend.obj
 0001:00000aa0       ?getBodyAttribute@WApplication@@QAE?BV?$basic_string@DU?$char_traits@D@std@@V?$allocator@D@2@@std@@XZ 00401aa0 f i depend.obj
 0001:00000ad0       ?setBeforBodyStr@WApplication@@QAEXV?$basic_string@DU?$char_traits@D@std@@V?$allocator@D@2@@std@@@Z 00401ad0 f i depend.obj
 0001:00000b20       ?getBeforBodyStr@WApplication@@QAE?BV?$basic_string@DU?$char_traits@D@std@@V?$allocator@D@2@@std@@XZ 00401b20 f i depend.obj
 0001:00000b50       ?getRefreshFunc@WApplication@@QAE?AV?$basic_string@DU?$char_traits@D@std@@V?$allocator@D@2@@std@@XZ 00401b50 f i depend.obj
 0001:00000b80       ?isQuited@WApplication@@ABE_NXZ 00401b80 f i depend.obj
 0001:00000b90       ?empty@WMessage@@QBE_NXZ   00401b90 f i depend.obj
 0001:00000ba0       ??4WMessage@@QAEAAV0@ABV0@@Z 00401ba0 f i depend.obj
 0001:00000bc0       ?positionScheme@WWebWidget@@UBE?AW4PositionScheme@WWidget@@XZ 00401bc0 f i depend.obj
 0001:00000bd0       ?width@WWebWidget@@UBE?AVWLength@@XZ 00401bd0 f i depend.obj
 0001:00000c00       ?height@WWebWidget@@UBE?AVWLength@@XZ 00401c00 f i depend.obj
 0001:00000c30       ?isHidden@WWebWidget@@UBE_NXZ 00401c30 f i depend.obj
 0001:00000c40       ?isPopup@WWebWidget@@UBE_NXZ 00401c40 f i depend.obj
 0001:00000c50       ?isInline@WWebWidget@@UBE_NXZ 00401c50 f i depend.obj
 0001:00000c60       ?decorationStyle@WWebWidget@@UAEAAVWCssDecorationStyle@@XZ 00401c60 f i depend.obj
 0001:00000c60       ?font@WCssDecorationStyle@@QAEAAVWFont@@XZ 00401c60 f i depend.obj
 0001:00000c70       ?styleClass@WWebWidget@@UBE?BV?$basic_string@DU?$char_traits@D@std@@V?$allocator@D@2@@std@@XZ 00401c70 f i depend.obj
 0001:00000ca0       ?verticalAlignment@WWebWidget@@UBE?AW4VerticalAlignment@WWidget@@XZ 00401ca0 f i depend.obj
 0001:00000cb0       ?verticalAlignmentLength@WWebWidget@@UBE?AVWLength@@XZ 00401cb0 f i depend.obj
 0001:00000ce0       ?toolTip@WWebWidget@@UBE?AV?$basic_string@DU?$char_traits@D@std@@V?$allocator@D@2@@std@@XZ 00401ce0 f i depend.obj
 0001:00000d10       ?toolTipMessage@WWebWidget@@UBEABVWMessage@@XZ 00401d10 f i depend.obj
 0001:00000d20       ?renderState@WWebWidget@@IBE?AW4RenderState@1@XZ 00401d20 f i depend.obj
 0001:00000d30       ?webWidget@WWebWidget@@MAEPAV1@XZ 00401d30 f i depend.obj
 0001:00000d40       ?children@WWebWidget@@MBEABV?$vector@PAVWWidget@@V?$allocator@PAVWWidget@@@std@@@std@@XZ 00401d40 f i depend.obj
 0001:00000d50       ??_FWWebWidget@@QAEXXZ     00401d50 f i depend.obj
 0001:00000d60       ?widget@WScrollArea@@QBEPAVWWidget@@XZ 00401d60 f i depend.obj
 0001:00000d60       ?data@WInteractWidget@@QAEPAXXZ 00401d60 f i depend.obj
 0001:00000d70       ??1WBreak@@UAE@XZ          00401d70 f i dependtree:CheckBoxTreeView.obj
 0001:00000d70       ??1WInteractWidget@@UAE@XZ 00401d70 f i depend.obj
 0001:00000d80       ??_FWInteractWidget@@QAEXXZ 00401d80 f i depend.obj
 0001:00000d90       ??_FWContainerWidget@@QAEXXZ 00401d90 f i depend.obj
 0001:00000da0       ?table@WTableRow@@QBEPAVWTable@@XZ 00401da0 f i depend.obj
 0001:00000db0       ??_FWTable@@QAEXXZ         00401db0 f i depend.obj
 0001:00000dc0       ?rowSpan@WTableCell@@QBEHXZ 00401dc0 f i depend.obj
 0001:00000dd0       ?columnSpan@WTableCell@@QBEHXZ 00401dd0 f i depend.obj
 0001:00000de0       ?column@WTableCell@@QBEHXZ 00401de0 f i depend.obj
 0001:00000df0       ?text@WText@@QBE?BV?$basic_string@DU?$char_traits@D@std@@V?$allocator@D@2@@std@@XZ 00401df0 f i depend.obj
 0001:00000df0       ?imageRef@WImage@@QBE?BV?$basic_string@DU?$char_traits@D@std@@V?$allocator@D@2@@std@@XZ 00401df0 f i dependtree:WImage.obj
 0001:00000e20       ?message@WText@@QBEABVWMessage@@XZ 00401e20 f i depend.obj
 0001:00000e30       ??1WText@@UAE@XZ           00401e30 f i depend.obj
 0001:00000ea0       ??_FWText@@QAEXXZ          00401ea0 f i depend.obj
 0001:00000eb0       ?alternateText@WImage@@QBE?BV?$basic_string@DU?$char_traits@D@std@@V?$allocator@D@2@@std@@XZ 00401eb0 f i depend.obj
 0001:00000ee0       ?formatting@WText@@QBE?AW4Formatting@1@XZ 00401ee0 f i depend.obj
 0001:00000ee0       ?resource@WImage@@QBEPAVWResource@@XZ 00401ee0 f i depend.obj
 0001:00000ef0       ??1WImage@@UAE@XZ          00401ef0 f i depend.obj
 0001:00000f60       ??_FWImage@@QAEXXZ         00401f60 f i depend.obj
 0001:00000f70       ?label@WFormWidget@@QBEPAVWLabel@@XZ 00401f70 f i depend.obj
 0001:00000f70       ?contentAlignment@WContainerWidget@@QBE?AW4HorizontalAlignment@WWidget@@XZ 00401f70 f i depend.obj
 0001:00000f70       ?buddy@WLabel@@QBEPAVWFormWidget@@XZ 00401f70 f i dependtree:WFormWidget.obj
 0001:00000f80       ?isEnabled@WFormWidget@@QBE_NXZ 00401f80 f i depend.obj
 0001:00000f90       ??_FWFormWidget@@QAEXXZ    00401f90 f i depend.obj
 0001:00000fa0       ?text@WPushButton@@QBE?AV?$basic_string@DU?$char_traits@D@std@@V?$allocator@D@2@@std@@XZ 00401fa0 f i depend.obj
 0001:00000fd0       ?message@WPushButton@@QBEABVWMessage@@XZ 00401fd0 f i depend.obj
 0001:00000fe0       ??1WPushButton@@UAE@XZ     00401fe0 f i depend.obj
 0001:00001050       ??_FWPushButton@@QAEXXZ    00402050 f i depend.obj
 0001:00001060       ?horizontalScrollBar@WScrollArea@@QBEPAVWScrollBar@@XZ 00402060 f i depend.obj
 0001:00001070       ?verticalScrollBar@WScrollArea@@QBEPAVWScrollBar@@XZ 00402070 f i depend.obj
 0001:00001080       ??_FWScrollArea@@QAEXXZ    00402080 f i depend.obj
 0001:00001090       ?PrintDebugString@@YAXPBD@Z 00402090 f   depend.obj
 0001:000010b0       ?_Xlen@?$vector@PAVWTableRow@@V?$allocator@PAVWTableRow@@@std@@@std@@IBEXXZ 004020b0 f i depend.obj
 0001:000010b0       ?_Xlen@?$vector@UTableData@WTableRow@@V?$allocator@UTableData@WTableRow@@@std@@@std@@IBEXXZ 004020b0 f i depend.obj
 0001:000010b0       ?_Xlen@?$vector@PAVWWidget@@V?$allocator@PAVWWidget@@@std@@@std@@IBEXXZ 004020b0 f i depend.obj
 0001:000010b0       ?_Xlen@?$vector@PAVDomElement@@V?$allocator@PAVDomElement@@@std@@@std@@IBEXXZ 004020b0 f i depend.obj
 0001:000010b0       ?_Xlen@?$vector@PAVWMessageResources@@V?$allocator@PAVWMessageResources@@@std@@@std@@IBEXXZ 004020b0 f i depend.obj
 0001:000010b0       ?_Xlen@?$vector@PAVWObject@@V?$allocator@PAVWObject@@@std@@@std@@IBEXXZ 004020b0 f i depend.obj
 0001:00001130       ??1_Sentry_base@?$basic_ostream@DU?$char_traits@D@std@@@std@@QAE@XZ 00402130 f i depend.obj
 0001:00001150       ??0logic_error@std@@QAE@ABV01@@Z 00402150 f i depend.obj
 0001:000011b0       ??$?HDU?$char_traits@D@std@@V?$allocator@D@1@@std@@YA?AV?$basic_string@DU?$char_traits@D@std@@V?$allocator@D@2@@0@ABV10@0@Z 004021b0 f i depend.obj
 0001:00001230       ??$?HDU?$char_traits@D@std@@V?$allocator@D@1@@std@@YA?AV?$basic_string@DU?$char_traits@D@std@@V?$allocator@D@2@@0@PBDABV10@@Z 00402230 f i depend.obj
 0001:000012b0       ??$?HDU?$char_traits@D@std@@V?$allocator@D@1@@std@@YA?AV?$basic_string@DU?$char_traits@D@std@@V?$allocator@D@2@@0@DABV10@@Z 004022b0 f i depend.obj
 0001:00001330       ??$?HDU?$char_traits@D@std@@V?$allocator@D@1@@std@@YA?AV?$basic_string@DU?$char_traits@D@std@@V?$allocator@D@2@@0@ABV10@PBD@Z 00402330 f i depend.obj
 0001:000013b0       ??$?HDU?$char_traits@D@std@@V?$allocator@D@1@@std@@YA?AV?$basic_string@DU?$char_traits@D@std@@V?$allocator@D@2@@0@ABV10@D@Z 004023b0 f i depend.obj
 0001:00001430       ??1_Node@?$_Tree_nod@V?$_Tmap_traits@V?$basic_string@DU?$char_traits@D@std@@V?$allocator@D@2@@std@@PAVWCssRule@@U?$less@V?$basic_string@DU?$char_traits@D@std@@V?$allocator@D@2@@std@@@2@V?$allocator@U?$pair@$$CBV?$basic_string@DU?$char_traits@D@std@@V?$allocator@D@2@@std@@PAVWCssRule@@@std@@@2@$0A@@std@@@std@@QAE@XZ 00402430 f i depend.obj
 0001:00001430       ??1_Node@?$_Tree_nod@V?$_Tmap_traits@V?$basic_string@DU?$char_traits@D@std@@V?$allocator@D@2@@std@@PAVWSignalInstance_@@U?$less@V?$basic_string@DU?$char_traits@D@std@@V?$allocator@D@2@@std@@@2@V?$allocator@U?$pair@$$CBV?$basic_string@DU?$char_traits@D@std@@V?$allocator@D@2@@std@@PAVWSignalInstance_@@@std@@@2@$0A@@std@@@std@@QAE@XZ 00402430 f i dependtree:WObject.obj
 0001:00001430       ??1_Node@?$_Tree_nod@V?$_Tmap_traits@V?$basic_string@DU?$char_traits@D@std@@V?$allocator@D@2@@std@@PAVWCheckBox@@U?$less@V?$basic_string@DU?$char_traits@D@std@@V?$allocator@D@2@@std@@@2@V?$allocator@U?$pair@$$CBV?$basic_string@DU?$char_traits@D@std@@V?$allocator@D@2@@std@@PAVWCheckBox@@@std@@@2@$0A@@std@@@std@@QAE@XZ 00402430 f i dependtree:CheckBoxTreeView.obj
 0001:00001430       ??1_Node@?$_Tree_nod@V?$_Tmap_traits@V?$basic_string@DU?$char_traits@D@std@@V?$allocator@D@2@@std@@_NU?$less@V?$basic_string@DU?$char_traits@D@std@@V?$allocator@D@2@@std@@@2@V?$allocator@U?$pair@$$CBV?$basic_string@DU?$char_traits@D@std@@V?$allocator@D@2@@std@@_N@std@@@2@$0A@@std@@@std@@QAE@XZ 00402430 f i dependtree:WTreeNode.obj
 0001:00001430       ??1_Node@?$_Tree_nod@V?$_Tmap_traits@V?$basic_string@DU?$char_traits@D@std@@V?$allocator@D@2@@std@@PAVWSlotInstance_@@U?$less@V?$basic_string@DU?$char_traits@D@std@@V?$allocator@D@2@@std@@@2@V?$allocator@U?$pair@$$CBV?$basic_string@DU?$char_traits@D@std@@V?$allocator@D@2@@std@@PAVWSlotInstance_@@@std@@@2@$0A@@std@@@std@@QAE@XZ 00402430 f i dependtree:WObject.obj
 0001:00001440       ??0sentry@?$basic_ostream@DU?$char_traits@D@std@@@std@@QAE@AAV12@@Z 00402440 f i depend.obj
 0001:000014d0       ??1sentry@?$basic_ostream@DU?$char_traits@D@std@@@std@@QAE@XZ 004024d0 f i depend.obj
 0001:00001540       ?_Max@?$_Tree@V?$_Tset_traits@PBVWResource@@U?$less@PBVWResource@@@std@@V?$allocator@PBVWResource@@@3@$0A@@std@@@std@@KAPAU_Node@?$_Tree_nod@V?$_Tset_traits@PBVWResource@@U?$less@PBVWResource@@@std@@V?$allocator@PBVWResource@@@3@$0A@@std@@@2@PAU342@@Z 00402540 f i depend.obj
 0001:00001540       ?_Max@?$_Tree@V?$_Tset_traits@PBVWSignalInstance_@@U?$less@PBVWSignalInstance_@@@std@@V?$allocator@PBVWSignalInstance_@@@3@$0A@@std@@@std@@KAPAU_Node@?$_Tree_nod@V?$_Tset_traits@PBVWSignalInstance_@@U?$less@PBVWSignalInstance_@@@std@@V?$allocator@PBVWSignalInstance_@@@3@$0A@@std@@@2@PAU342@@Z 00402540 f i depend.obj
 0001:00001560       ?_Min@?$_Tree@V?$_Tset_traits@PBVWSignalInstance_@@U?$less@PBVWSignalInstance_@@@std@@V?$allocator@PBVWSignalInstance_@@@3@$0A@@std@@@std@@KAPAU_Node@?$_Tree_nod@V?$_Tset_traits@PBVWSignalInstance_@@U?$less@PBVWSignalInstance_@@@std@@V?$allocator@PBVWSignalInstance_@@@3@$0A@@std@@@2@PAU342@@Z 00402560 f i depend.obj
 0001:00001560       ?_Min@?$_Tree@V?$_Tset_traits@PBVWResource@@U?$less@PBVWResource@@@std@@V?$allocator@PBVWResource@@@3@$0A@@std@@@std@@KAPAU_Node@?$_Tree_nod@V?$_Tset_traits@PBVWResource@@U?$less@PBVWResource@@@std@@V?$allocator@PBVWResource@@@3@$0A@@std@@@2@PAU342@@Z 00402560 f i depend.obj
 0001:00001580       ??0length_error@std@@QAE@ABV01@@Z 00402580 f i depend.obj
 0001:000015a0       ?_Lrotate@?$_Tree@V?$_Tset_traits@PBVWResource@@U?$less@PBVWResource@@@std@@V?$allocator@PBVWResource@@@3@$0A@@std@@@std@@IAEXPAU_Node@?$_Tree_nod@V?$_Tset_traits@PBVWResource@@U?$less@PBVWResource@@@std@@V?$allocator@PBVWResource@@@3@$0A@@std@@@2@@Z 004025a0 f i depend.obj
 0001:000015a0       ?_Lrotate@?$_Tree@V?$_Tset_traits@PBVWSignalInstance_@@U?$less@PBVWSignalInstance_@@@std@@V?$allocator@PBVWSignalInstance_@@@3@$0A@@std@@@std@@IAEXPAU_Node@?$_Tree_nod@V?$_Tset_traits@PBVWSignalInstance_@@U?$less@PBVWSignalInstance_@@@std@@V?$allocator@PBVWSignalInstance_@@@3@$0A@@std@@@2@@Z 004025a0 f i depend.obj
 0001:00001600       ?_Rrotate@?$_Tree@V?$_Tset_traits@PBVWSignalInstance_@@U?$less@PBVWSignalInstance_@@@std@@V?$allocator@PBVWSignalInstance_@@@3@$0A@@std@@@std@@IAEXPAU_Node@?$_Tree_nod@V?$_Tset_traits@PBVWSignalInstance_@@U?$less@PBVWSignalInstance_@@@std@@V?$allocator@PBVWSignalInstance_@@@3@$0A@@std@@@2@@Z 00402600 f i depend.obj
 0001:00001600       ?_Rrotate@?$_Tree@V?$_Tset_traits@PBVWResource@@U?$less@PBVWResource@@@std@@V?$allocator@PBVWResource@@@3@$0A@@std@@@std@@IAEXPAU_Node@?$_Tree_nod@V?$_Tset_traits@PBVWResource@@U?$less@PBVWResource@@@std@@V?$allocator@PBVWResource@@@3@$0A@@std@@@2@@Z 00402600 f i depend.obj
 0001:00001660       ?_Inc@const_iterator@?$_Tree@V?$_Tset_traits@PBVWResource@@U?$less@PBVWResource@@@std@@V?$allocator@PBVWResource@@@3@$0A@@std@@@std@@QAEXXZ 00402660 f i depend.obj
 0001:00001660       ?_Inc@const_iterator@?$_Tree@V?$_Tset_traits@PBVWSignalInstance_@@U?$less@PBVWSignalInstance_@@@std@@V?$allocator@PBVWSignalInstance_@@@3@$0A@@std@@@std@@QAEXXZ 00402660 f i depend.obj
 0001:000016c0       ??$?6DU?$char_traits@D@std@@V?$allocator@D@1@@std@@YAAAV?$basic_ostream@DU?$char_traits@D@std@@@0@AAV10@ABV?$basic_string@DU?$char_traits@D@std@@V?$allocator@D@2@@0@@Z 004026c0 f i depend.obj
 0001:000018c0       ??$copy@PAPAVWConnection_@@PAPAV1@@std@@YAPAPAVWConnection_@@PAPAV1@00@Z 004028c0 f i dependformwt.obj
 0001:000018c0       ??$copy@PAPAVWWidget@@PAPAV1@@std@@YAPAPAVWWidget@@PAPAV1@00@Z 004028c0 f i depend.obj
 0001:000018c0       ??$copy@PAPAVWObject@@PAPAV1@@std@@YAPAPAVWObject@@PAPAV1@00@Z 004028c0 f i depend.obj
 0001:000018c0       ??$copy@PAPAVWScrollBar@@PAPAV1@@std@@YAPAPAVWScrollBar@@PAPAV1@00@Z 004028c0 f i dependtree:WScrollArea.obj
 0001:000018c0       ??$copy@PAPAVWTableRow@@PAPAV1@@std@@YAPAPAVWTableRow@@PAPAV1@00@Z 004028c0 f i depend.obj
 0001:000018c0       ??$copy@PAPAVDomElement@@PAPAV1@@std@@YAPAPAVDomElement@@PAPAV1@00@Z 004028c0 f i depend.obj
 0001:000018c0       ??$copy@PAPAVWMessageResources@@PAPAV1@@std@@YAPAPAVWMessageResources@@PAPAV1@00@Z 004028c0 f i depend.obj
 0001:000018f0       ??$copy@PAUTableData@WTableRow@@PAU12@@std@@YAPAUTableData@WTableRow@@PAU12@00@Z 004028f0 f i depend.obj
 0001:00001920       ?_Buy@?$vector@PAVWObject@@V?$allocator@PAVWObject@@@std@@@std@@IAE_NI@Z 00402920 f i depend.obj
 0001:00001920       ?_Buy@?$vector@PAVWWidget@@V?$allocator@PAVWWidget@@@std@@@std@@IAE_NI@Z 00402920 f i depend.obj
 0001:00001920       ?_Buy@?$vector@PAVWTableRow@@V?$allocator@PAVWTableRow@@@std@@@std@@IAE_NI@Z 00402920 f i depend.obj
 0001:00001920       ?_Buy@?$vector@PAVWMessageResources@@V?$allocator@PAVWMessageResources@@@std@@@std@@IAE_NI@Z 00402920 f i depend.obj
 0001:00001920       ?_Buy@?$vector@PAVDomElement@@V?$allocator@PAVDomElement@@@std@@@std@@IAE_NI@Z 00402920 f i depend.obj
 0001:00001970       ?_Buy@?$vector@UTableData@WTableRow@@V?$allocator@UTableData@WTableRow@@@std@@@std@@IAE_NI@Z 00402970 f i depend.obj
 0001:000019c0       ?_Buynode@?$_Tree@V?$_Tmap_traits@V?$basic_string@DU?$char_traits@D@std@@V?$allocator@D@2@@std@@PAVWCssRule@@U?$less@V?$basic_string@DU?$char_traits@D@std@@V?$allocator@D@2@@std@@@2@V?$allocator@U?$pair@$$CBV?$basic_string@DU?$char_traits@D@std@@V?$allocator@D@2@@std@@PAVWCssRule@@@std@@@2@$0A@@std@@@std@@IAEPAU_Node@?$_Tree_nod@V?$_Tmap_traits@V?$basic_string@DU?$char_traits@D@std@@V?$allocator@D@2@@std@@PAVWCssRule@@U?$less@V?$basic_string@DU?$char_traits@D@std@@V?$allocator@D@2@@std@@@2@V?$allocator@U?$pair@$$CBV?$basic_string@DU?$char_traits@D@std@@V?$allocator@D@2@@std@@PAVWCssRule@@@std@@@2@$0A@@std@@@2@PAU342@00ABU?$pair@$$CBV?$basic_string@DU?$char_traits@D@std@@V?$allocator@D@2@@std@@PAVWCssRule@@@2@D@Z 004029c0 f i depend.obj
 0001:00001a60       ?_Erase@?$_Tree@V?$_Tset_traits@PBVWSignalInstance_@@U?$less@PBVWSignalInstance_@@@std@@V?$allocator@PBVWSignalInstance_@@@3@$0A@@std@@@std@@IAEXPAU_Node@?$_Tree_nod@V?$_Tset_traits@PBVWSignalInstance_@@U?$less@PBVWSignalInstance_@@@std@@V?$allocator@PBVWSignalInstance_@@@3@$0A@@std@@@2@@Z 00402a60 f i depend.obj
 0001:00001aa0       ?_Erase@?$_Tree@V?$_Tset_traits@PBVWResource@@U?$less@PBVWResource@@@std@@V?$allocator@PBVWResource@@@3@$0A@@std@@@std@@IAEXPAU_Node@?$_Tree_nod@V?$_Tset_traits@PBVWResource@@U?$less@PBVWResource@@@std@@V?$allocator@PBVWResource@@@3@$0A@@std@@@2@@Z 00402aa0 f i depend.obj
 0001:00001ae0       ?_Buynode@?$_Tree@V?$_Tset_traits@PBVWSignalInstance_@@U?$less@PBVWSignalInstance_@@@std@@V?$allocator@PBVWSignalInstance_@@@3@$0A@@std@@@std@@IAEPAU_Node@?$_Tree_nod@V?$_Tset_traits@PBVWSignalInstance_@@U?$less@PBVWSignalInstance_@@@std@@V?$allocator@PBVWSignalInstance_@@@3@$0A@@std@@@2@PAU342@00ABQBVWSignalInstance_@@D@Z 00402ae0 f i depend.obj
 0001:00001ae0       ?_Buynode@?$_Tree@V?$_Tset_traits@PBVWResource@@U?$less@PBVWResource@@@std@@V?$allocator@PBVWResource@@@3@$0A@@std@@@std@@IAEPAU_Node@?$_Tree_nod@V?$_Tset_traits@PBVWResource@@U?$less@PBVWResource@@@std@@V?$allocator@PBVWResource@@@3@$0A@@std@@@2@PAU342@00ABQBVWResource@@D@Z 00402ae0 f i depend.obj
 0001:00001b20       ??$_Uninit_copy@PAUTableData@WTableRow@@PAU12@V?$allocator@UTableData@WTableRow@@@std@@@std@@YAPAUTableData@WTableRow@@PAU12@00AAV?$allocator@UTableData@WTableRow@@@0@U_Nonscalar_ptr_iterator_tag@0@@Z 00402b20 f i depend.obj
 0001:00001b50       ?_Copy@?$_Tree@V?$_Tset_traits@PBVWSignalInstance_@@U?$less@PBVWSignalInstance_@@@std@@V?$allocator@PBVWSignalInstance_@@@3@$0A@@std@@@std@@IAEPAU_Node@?$_Tree_nod@V?$_Tset_traits@PBVWSignalInstance_@@U?$less@PBVWSignalInstance_@@@std@@V?$allocator@PBVWSignalInstance_@@@3@$0A@@std@@@2@PAU342@0@Z 00402b50 f i depend.obj
 0001:00001c00       ?_Copy@?$_Tree@V?$_Tset_traits@PBVWResource@@U?$less@PBVWResource@@@std@@V?$allocator@PBVWResource@@@3@$0A@@std@@@std@@IAEPAU_Node@?$_Tree_nod@V?$_Tset_traits@PBVWResource@@U?$less@PBVWResource@@@std@@V?$allocator@PBVWResource@@@3@$0A@@std@@@2@PAU342@0@Z 00402c00 f i depend.obj
 0001:00001cb0       ??1WebSession@@QAE@XZ      00402cb0 f i depend.obj
 0001:00001d90       ??1SVDepend@@UAE@XZ        00402d90 f i depend.obj
 0001:00001ee0       ??4?$vector@PAVWTableRow@@V?$allocator@PAVWTableRow@@@std@@@std@@QAEAAV01@ABV01@@Z 00402ee0 f i depend.obj
 0001:00001ee0       ??4?$vector@PAVWWidget@@V?$allocator@PAVWWidget@@@std@@@std@@QAEAAV01@ABV01@@Z 00402ee0 f i depend.obj
 0001:00001ee0       ??4?$vector@PAVWObject@@V?$allocator@PAVWObject@@@std@@@std@@QAEAAV01@ABV01@@Z 00402ee0 f i depend.obj
 0001:00001ee0       ??4?$vector@PAVDomElement@@V?$allocator@PAVDomElement@@@std@@@std@@QAEAAV01@ABV01@@Z 00402ee0 f i depend.obj
 0001:00001ee0       ??4?$vector@PAVWMessageResources@@V?$allocator@PAVWMessageResources@@@std@@@std@@QAEAAV01@ABV01@@Z 00402ee0 f i depend.obj
 0001:00002030       ?_Copy@?$_Tree@V?$_Tset_traits@PBVWSignalInstance_@@U?$less@PBVWSignalInstance_@@@std@@V?$allocator@PBVWSignalInstance_@@@3@$0A@@std@@@std@@IAEXABV12@@Z 00403030 f i depend.obj
 0001:000020c0       ?_Copy@?$_Tree@V?$_Tset_traits@PBVWResource@@U?$less@PBVWResource@@@std@@V?$allocator@PBVWResource@@@3@$0A@@std@@@std@@IAEXABV12@@Z 004030c0 f i depend.obj
 0001:00002150       ?erase@?$_Tree@V?$_Tmap_traits@V?$basic_string@DU?$char_traits@D@std@@V?$allocator@D@2@@std@@PAVWCssRule@@U?$less@V?$basic_string@DU?$char_traits@D@std@@V?$allocator@D@2@@std@@@2@V?$allocator@U?$pair@$$CBV?$basic_string@DU?$char_traits@D@std@@V?$allocator@D@2@@std@@PAVWCssRule@@@std@@@2@$0A@@std@@@std@@QAE?AViterator@12@V312@@Z 00403150 f i depend.obj
 0001:00002430       ??0out_of_range@std@@QAE@ABV01@@Z 00403430 f i depend.obj
 0001:00002450       ?erase@?$_Tree@V?$_Tset_traits@PBVWResource@@U?$less@PBVWResource@@@std@@V?$allocator@PBVWResource@@@3@$0A@@std@@@std@@QAE?AViterator@12@V312@@Z 00403450 f i depend.obj
 0001:00002450       ?erase@?$_Tree@V?$_Tset_traits@PBVWSignalInstance_@@U?$less@PBVWSignalInstance_@@@std@@V?$allocator@PBVWSignalInstance_@@@3@$0A@@std@@@std@@QAE?AViterator@12@V312@@Z 00403450 f i depend.obj
 0001:00002720       ?_Erase@?$_Tree@V?$_Tmap_traits@V?$basic_string@DU?$char_traits@D@std@@V?$allocator@D@2@@std@@PAVWCssRule@@U?$less@V?$basic_string@DU?$char_traits@D@std@@V?$allocator@D@2@@std@@@2@V?$allocator@U?$pair@$$CBV?$basic_string@DU?$char_traits@D@std@@V?$allocator@D@2@@std@@PAVWCssRule@@@std@@@2@$0A@@std@@@std@@IAEXPAU_Node@?$_Tree_nod@V?$_Tmap_traits@V?$basic_string@DU?$char_traits@D@std@@V?$allocator@D@2@@std@@PAVWCssRule@@U?$less@V?$basic_string@DU?$char_traits@D@std@@V?$allocator@D@2@@std@@@2@V?$allocator@U?$pair@$$CBV?$basic_string@DU?$char_traits@D@std@@V?$allocator@D@2@@std@@PAVWCssRule@@@std@@@2@$0A@@std@@@2@@Z 00403720 f i depend.obj
 0001:00002760       ??$_Ucopy@PAUTableData@WTableRow@@@?$vector@UTableData@WTableRow@@V?$allocator@UTableData@WTableRow@@@std@@@std@@IAEPAUTableData@WTableRow@@PAU23@00@Z 00403760 f i depend.obj
 0001:00002780       ??4WebSession@@QAEAAV0@ABV0@@Z 00403780 f i depend.obj
 0001:00002940       ??4WMessageResourceBundle@@QAEAAV0@ABV0@@Z 00403940 f i depend.obj
 0001:00002960       ??4WWebWidget@@QAEAAV0@ABV0@@Z 00403960 f i depend.obj
 0001:00002ca0       ??4WInteractWidget@@QAEAAV0@ABV0@@Z 00403ca0 f i depend.obj
 0001:00002ce0       ??4WContainerWidget@@QAEAAV0@ABV0@@Z 00403ce0 f i depend.obj
 0001:00002dc0       ??4WTable@@QAEAAV0@ABV0@@Z 00403dc0 f i depend.obj
 0001:00002f20       ??4WTableCell@@QAEAAV0@ABV0@@Z 00403f20 f i depend.obj
 0001:00002f80       ??4WText@@QAEAAV0@ABV0@@Z  00403f80 f i depend.obj
 0001:00002fe0       ??4WImage@@QAEAAV0@ABV0@@Z 00403fe0 f i depend.obj
 0001:00003040       ??4WFormWidget@@QAEAAV0@ABV0@@Z 00404040 f i depend.obj
 0001:00003090       ??4WPushButton@@QAEAAV0@ABV0@@Z 00404090 f i depend.obj
 0001:00003120       ??4WScrollArea@@QAEAAV0@ABV0@@Z 00404120 f i depend.obj
 0001:00003190       ?testdevice@@YAXHQAPAD@Z   00404190 f   depend.obj
 0001:00003330       _main                      00404330 f   depend.obj
 0001:000034e0       ??0?$vector@PAVWMessageResources@@V?$allocator@PAVWMessageResources@@@std@@@std@@QAE@ABV01@@Z 004044e0 f i depend.obj
 0001:000034e0       ??0?$vector@PAVWObject@@V?$allocator@PAVWObject@@@std@@@std@@QAE@ABV01@@Z 004044e0 f i depend.obj
 0001:000035a0       ?erase@?$_Tree@V?$_Tset_traits@PBVWSignalInstance_@@U?$less@PBVWSignalInstance_@@@std@@V?$allocator@PBVWSignalInstance_@@@3@$0A@@std@@@std@@QAE?AViterator@12@V312@0@Z 004045a0 f i depend.obj
 0001:00003660       ?erase@?$_Tree@V?$_Tset_traits@PBVWResource@@U?$less@PBVWResource@@@std@@V?$allocator@PBVWResource@@@3@$0A@@std@@@std@@QAE?AViterator@12@V312@0@Z 00404660 f i depend.obj
 0001:00003720       ?_Copy@?$_Tree@V?$_Tmap_traits@V?$basic_string@DU?$char_traits@D@std@@V?$allocator@D@2@@std@@PAVWCssRule@@U?$less@V?$basic_string@DU?$char_traits@D@std@@V?$allocator@D@2@@std@@@2@V?$allocator@U?$pair@$$CBV?$basic_string@DU?$char_traits@D@std@@V?$allocator@D@2@@std@@PAVWCssRule@@@std@@@2@$0A@@std@@@std@@IAEPAU_Node@?$_Tree_nod@V?$_Tmap_traits@V?$basic_string@DU?$char_traits@D@std@@V?$allocator@D@2@@std@@PAVWCssRule@@U?$less@V?$basic_string@DU?$char_traits@D@std@@V?$allocator@D@2@@std@@@2@V?$allocator@U?$pair@$$CBV?$basic_string@DU?$char_traits@D@std@@V?$allocator@D@2@@std@@PAVWCssRule@@@std@@@2@$0A@@std@@@2@PAU342@0@Z 00404720 f i depend.obj
 0001:000037d0       ??0WebSession@@QAE@ABV0@@Z 004047d0 f i depend.obj
 0001:000039e0       ??0WMessageResourceBundle@@QAE@ABV0@@Z 004049e0 f i depend.obj
 0001:00003a00       ??1WTableRow@@UAE@XZ       00404a00 f i depend.obj
 0001:00003aa0       ??4?$vector@UTableData@WTableRow@@V?$allocator@UTableData@WTableRow@@@std@@@std@@QAEAAV01@ABV01@@Z 00404aa0 f i depend.obj
 0001:00003bf0       ?erase@?$_Tree@V?$_Tmap_traits@V?$basic_string@DU?$char_traits@D@std@@V?$allocator@D@2@@std@@PAVWCssRule@@U?$less@V?$basic_string@DU?$char_traits@D@std@@V?$allocator@D@2@@std@@@2@V?$allocator@U?$pair@$$CBV?$basic_string@DU?$char_traits@D@std@@V?$allocator@D@2@@std@@PAVWCssRule@@@std@@@2@$0A@@std@@@std@@QAE?AViterator@12@V312@0@Z 00404bf0 f i depend.obj
 0001:00003cb0       ?_Copy@?$_Tree@V?$_Tmap_traits@V?$basic_string@DU?$char_traits@D@std@@V?$allocator@D@2@@std@@PAVWCssRule@@U?$less@V?$basic_string@DU?$char_traits@D@std@@V?$allocator@D@2@@std@@@2@V?$allocator@U?$pair@$$CBV?$basic_string@DU?$char_traits@D@std@@V?$allocator@D@2@@std@@PAVWCssRule@@@std@@@2@$0A@@std@@@std@@IAEXABV12@@Z 00404cb0 f i depend.obj
 0001:00003d40       ??4WTableRow@@QAEAAV0@ABV0@@Z 00404d40 f i depend.obj
 0001:00003d90       ??4WApplication@@QAEAAV0@ABV0@@Z 00404d90 f i depend.obj
 0001:00003ee0       ?getSelMonitorID@CCheckBoxTreeView@@QAE?AV?$basic_string@DU?$char_traits@D@std@@V?$allocator@D@2@@std@@XZ 00404ee0 f i dependform.obj
 0001:00003f10       ?loadString@SVDepend@@AAEXXZ 00404f10 f   dependform.obj
 0001:000040e0       ?getSEID@SVDepend@@AAE?AV?$basic_string@DU?$char_traits@D@std@@V?$allocator@D@2@@std@@PBD@Z 004050e0 f   dependform.obj
 0001:000041d0       ?AddJsParam@SVDepend@@AAEXV?$basic_string@DU?$char_traits@D@std@@V?$allocator@D@2@@std@@0@Z 004051d0 f   dependform.obj
 0001:000042e0       ?ExChange@SVDepend@@AAEXXZ 004052e0 f   dependform.obj
 0001:00004390       ?Translate@SVDepend@@AAEXXZ 00405390 f   dependform.obj
 0001:000043d0       ?createOperate@SVDepend@@AAEXXZ 004053d0 f   dependform.obj
 0001:00004620       ?cancel@SVDepend@@AAEXXZ   00405620 f   dependform.obj
 0001:00004640       ?showTranslate@SVDepend@@AAEXXZ 00405640 f   dependform.obj
 0001:00004880       ?initForm@SVDepend@@AAEXXZ 00405880 f   dependform.obj
 0001:00004e10       ?refresh@SVDepend@@UAEXXZ  00405e10 f   dependform.obj
 0001:000050d0       ?closeWnd@SVDepend@@AAEXXZ 004060d0 f   dependform.obj
 0001:000051d0       ??0SVDepend@@QAE@PAVWContainerWidget@@@Z 004061d0 f   dependform.obj
 0001:00005320       ??_GSVDepend@@UAEPAXI@Z    00406320 f i dependform.obj
 0001:00005320       ??_ESVDepend@@UAEPAXI@Z    00406320 f i dependform.obj
 0001:00005340       ?good@WSlot_@@QAE_NXZ      00406340 f i dependformwt.obj
 0001:00005340       ?good@WSignal_@@QBE_NXZ    00406340 f i dependformwt.obj
 0001:00005350       ?canStatic@WSlot_@@QBE_NXZ 00406350 f i dependformwt.obj
 0001:00005350       ?exposable@WSignal_@@QBE_NXZ 00406350 f i dependformwt.obj
 0001:00005360       ??4WSignal_@@QAEAAV0@ABV0@@Z 00406360 f i dependformwt.obj
 0001:00005360       ??4WSlot_@@QAEAAV0@ABV0@@Z 00406360 f i dependformwt.obj
 0001:00005380       ?staticCodeChanged@WSignalInstance_@@QBE_NXZ 00406380 f i dependformwt.obj
 0001:00005390       ?connectivityChanged@WSignalInstance_@@QBE_NXZ 00406390 f i dependformwt.obj
 0001:000053a0       ??0WSlot_@@QAE@ABV0@@Z     004063a0 f i dependformwt.obj
 0001:000053a0       ??0WSignal_@@QAE@ABV0@@Z   004063a0 f i dependformwt.obj
 0001:000053c0       ?staticCodeCollected@WSlotInstance_@@QBE_NXZ 004063c0 f i dependformwt.obj
 0001:000053d0       ?buildSlotMap@SVDepend@@MAEXAAV?$map@V?$basic_string@DU?$char_traits@D@std@@V?$allocator@D@2@@std@@PAVWSlotInstance_@@U?$less@V?$basic_string@DU?$char_traits@D@std@@V?$allocator@D@2@@std@@@2@V?$allocator@U?$pair@$$CBV?$basic_string@DU?$char_traits@D@std@@V?$allocator@D@2@@std@@PAVWSlotInstance_@@@std@@@2@@std@@@Z 004063d0 f   dependformwt.obj
 0001:000054c0       ?triggerSlot@SVDepend@@MAE_NPAVWObject@@PBVWSlot_@@PAPAX@Z 004064c0 f   dependformwt.obj
 0001:00005530       ??R?$less@V?$basic_string@DU?$char_traits@D@std@@V?$allocator@D@2@@std@@@std@@QBE_NABV?$basic_string@DU?$char_traits@D@std@@V?$allocator@D@2@@1@0@Z 00406530 f i dependformwt.obj
 0001:00005550       ?_Xlen@?$vector@PAVWConnection_@@V?$allocator@PAVWConnection_@@@std@@@std@@IBEXXZ 00406550 f i dependformwt.obj
 0001:000055d0       ?_Dec@const_iterator@?$_Tree@V?$_Tmap_traits@V?$basic_string@DU?$char_traits@D@std@@V?$allocator@D@2@@std@@PAVWCheckBox@@U?$less@V?$basic_string@DU?$char_traits@D@std@@V?$allocator@D@2@@std@@@2@V?$allocator@U?$pair@$$CBV?$basic_string@DU?$char_traits@D@std@@V?$allocator@D@2@@std@@PAVWCheckBox@@@std@@@2@$0A@@std@@@std@@QAEXXZ 004065d0 f i dependtree:CheckBoxTreeView.obj
 0001:000055d0       ?_Dec@const_iterator@?$_Tree@V?$_Tmap_traits@V?$basic_string@DU?$char_traits@D@std@@V?$allocator@D@2@@std@@PAVWSignalInstance_@@U?$less@V?$basic_string@DU?$char_traits@D@std@@V?$allocator@D@2@@std@@@2@V?$allocator@U?$pair@$$CBV?$basic_string@DU?$char_traits@D@std@@V?$allocator@D@2@@std@@PAVWSignalInstance_@@@std@@@2@$0A@@std@@@std@@QAEXXZ 004065d0 f i dependformwt.obj
 0001:000055d0       ?_Dec@const_iterator@?$_Tree@V?$_Tmap_traits@V?$basic_string@DU?$char_traits@D@std@@V?$allocator@D@2@@std@@PAVWSlotInstance_@@U?$less@V?$basic_string@DU?$char_traits@D@std@@V?$allocator@D@2@@std@@@2@V?$allocator@U?$pair@$$CBV?$basic_string@DU?$char_traits@D@std@@V?$allocator@D@2@@std@@PAVWSlotInstance_@@@std@@@2@$0A@@std@@@std@@QAEXXZ 004065d0 f i dependtree:WWebWidget.obj
 0001:000055d0       ?_Dec@const_iterator@?$_Tree@V?$_Tmap_traits@W4Property@Wt@@V?$basic_string@DU?$char_traits@D@std@@V?$allocator@D@2@@std@@U?$less@W4Property@Wt@@@4@V?$allocator@U?$pair@$$CBW4Property@Wt@@V?$basic_string@DU?$char_traits@D@std@@V?$allocator@D@2@@std@@@std@@@4@$0A@@std@@@std@@QAEXXZ 004065d0 f i dependtree:DomElement.obj
 0001:00005630       ?isConnected@WSignalInstance_@@ABE_NXZ 00406630 f i dependformwt.obj
 0001:00005660       ?_Buy@?$vector@PAVWConnection_@@V?$allocator@PAVWConnection_@@@std@@@std@@IAE_NI@Z 00406660 f i dependformwt.obj
 0001:000056b0       ??1?$vector@PAVWTable@@V?$allocator@PAVWTable@@@std@@@std@@QAE@XZ 004066b0 f i WSPopTable.obj
 0001:000056b0       ??1?$vector@PAVWScrollBar@@V?$allocator@PAVWScrollBar@@@std@@@std@@QAE@XZ 004066b0 f i dependtree:WScrollBar.obj
 0001:000056b0       ?_Tidy@?$vector@PAVWObject@@V?$allocator@PAVWObject@@@std@@@std@@IAEXXZ 004066b0 f i depend.obj
 0001:000056b0       ??1?$vector@PAVWWidget@@V?$allocator@PAVWWidget@@@std@@@std@@QAE@XZ 004066b0 f i depend.obj
 0001:000056b0       ??1?$vector@PAVDomElement@@V?$allocator@PAVDomElement@@@std@@@std@@QAE@XZ 004066b0 f i dependtree:WWebWidget.obj
 0001:000056b0       ?_Tidy@?$vector@PAVWConnection_@@V?$allocator@PAVWConnection_@@@std@@@std@@IAEXXZ 004066b0 f i dependformwt.obj
 0001:000056b0       ??1?$vector@UTableData@WTableRow@@V?$allocator@UTableData@WTableRow@@@std@@@std@@QAE@XZ 004066b0 f i depend.obj
 0001:000056b0       ??1?$vector@PAVWTreeNode@@V?$allocator@PAVWTreeNode@@@std@@@std@@QAE@XZ 004066b0 f i dependtree:CheckBoxTreeView.obj
 0001:000056b0       ??1?$vector@PAVWConnection_@@V?$allocator@PAVWConnection_@@@std@@@std@@QAE@XZ 004066b0 f i dependformwt.obj
 0001:000056b0       ??1WMessageResourceBundle@@QAE@XZ 004066b0 f i depend.obj
 0001:000056b0       ?_Tidy@?$vector@PAVWMessageResources@@V?$allocator@PAVWMessageResources@@@std@@@std@@IAEXXZ 004066b0 f i depend.obj
 0001:000056b0       ??1?$vector@PAVWObject@@V?$allocator@PAVWObject@@@std@@@std@@QAE@XZ 004066b0 f i depend.obj
 0001:000056b0       ??1?$vector@PAVWTableRow@@V?$allocator@PAVWTableRow@@@std@@@std@@QAE@XZ 004066b0 f i dependtree:WTable.obj
 0001:000056e0       ?_Buynode@?$_Tree@V?$_Tmap_traits@V?$basic_string@DU?$char_traits@D@std@@V?$allocator@D@2@@std@@PAVWSignalInstance_@@U?$less@V?$basic_string@DU?$char_traits@D@std@@V?$allocator@D@2@@std@@@2@V?$allocator@U?$pair@$$CBV?$basic_string@DU?$char_traits@D@std@@V?$allocator@D@2@@std@@PAVWSignalInstance_@@@std@@@2@$0A@@std@@@std@@IAEPAU_Node@?$_Tree_nod@V?$_Tmap_traits@V?$basic_string@DU?$char_traits@D@std@@V?$allocator@D@2@@std@@PAVWSignalInstance_@@U?$less@V?$basic_string@DU?$char_traits@D@std@@V?$allocator@D@2@@std@@@2@V?$allocator@U?$pair@$$CBV?$basic_string@DU?$char_traits@D@std@@V?$allocator@D@2@@std@@PAVWSignalInstance_@@@std@@@2@$0A@@std@@@2@PAU342@00ABU?$pair@$$CBV?$basic_string@DU?$char_traits@D@std@@V?$allocator@D@2@@std@@PAVWSignalInstance_@@@2@D@Z 004066e0 f i dependformwt.obj
 0001:00005780       ??$_Uninit_copy@Vconst_iterator@?$vector@PAVWConnection_@@V?$allocator@PAVWConnection_@@@std@@@std@@PAPAVWConnection_@@V?$allocator@PAVWConnection_@@@3@@std@@YAPAPAVWConnection_@@Vconst_iterator@?$vector@PAVWConnection_@@V?$allocator@PAVWConnection_@@@std@@@0@0PAPAV1@AAV?$allocator@PAVWConnection_@@@0@U_Nonscalar_ptr_iterator_tag@0@@Z 00406780 f i dependformwt.obj
 0001:00005780       ??$_Uninit_copy@Vconst_iterator@?$vector@PAVWObject@@V?$allocator@PAVWObject@@@std@@@std@@PAPAVWObject@@V?$allocator@PAVWObject@@@3@@std@@YAPAPAVWObject@@Vconst_iterator@?$vector@PAVWObject@@V?$allocator@PAVWObject@@@std@@@0@0PAPAV1@AAV?$allocator@PAVWObject@@@0@U_Nonscalar_ptr_iterator_tag@0@@Z 00406780 f i depend.obj
 0001:00005780       ??$_Uninit_copy@Vconst_iterator@?$vector@PAVWMessageResources@@V?$allocator@PAVWMessageResources@@@std@@@std@@PAPAVWMessageResources@@V?$allocator@PAVWMessageResources@@@3@@std@@YAPAPAVWMessageResources@@Vconst_iterator@?$vector@PAVWMessageResources@@V?$allocator@PAVWMessageResources@@@std@@@0@0PAPAV1@AAV?$allocator@PAVWMessageResources@@@0@U_Nonscalar_ptr_iterator_tag@0@@Z 00406780 f i depend.obj
 0001:000057b0       ?_Insert@?$_Tree@V?$_Tmap_traits@V?$basic_string@DU?$char_traits@D@std@@V?$allocator@D@2@@std@@PAVWSignalInstance_@@U?$less@V?$basic_string@DU?$char_traits@D@std@@V?$allocator@D@2@@std@@@2@V?$allocator@U?$pair@$$CBV?$basic_string@DU?$char_traits@D@std@@V?$allocator@D@2@@std@@PAVWSignalInstance_@@@std@@@2@$0A@@std@@@std@@IAE?AViterator@12@_NPAU_Node@?$_Tree_nod@V?$_Tmap_traits@V?$basic_string@DU?$char_traits@D@std@@V?$allocator@D@2@@std@@PAVWSignalInstance_@@U?$less@V?$basic_string@DU?$char_traits@D@std@@V?$allocator@D@2@@std@@@2@V?$allocator@U?$pair@$$CBV?$basic_string@DU?$char_traits@D@std@@V?$allocator@D@2@@std@@PAVWSignalInstance_@@@std@@@2@$0A@@std@@@2@ABU?$pair@$$CBV?$basic_string@DU?$char_traits@D@std@@V?$allocator@D@2@@std@@PAVWSignalInstance_@@@2@@Z 004067b0 f i dependformwt.obj
 0001:00005970       ??4?$vector@PAVWConnection_@@V?$allocator@PAVWConnection_@@@std@@@std@@QAEAAV01@ABV01@@Z 00406970 f i dependformwt.obj
 0001:00005ac0       ?insert@?$_Tree@V?$_Tmap_traits@V?$basic_string@DU?$char_traits@D@std@@V?$allocator@D@2@@std@@PAVWSignalInstance_@@U?$less@V?$basic_string@DU?$char_traits@D@std@@V?$allocator@D@2@@std@@@2@V?$allocator@U?$pair@$$CBV?$basic_string@DU?$char_traits@D@std@@V?$allocator@D@2@@std@@PAVWSignalInstance_@@@std@@@2@$0A@@std@@@std@@QAE?AU?$pair@Viterator@?$_Tree@V?$_Tmap_traits@V?$basic_string@DU?$char_traits@D@std@@V?$allocator@D@2@@std@@PAVWSignalInstance_@@U?$less@V?$basic_string@DU?$char_traits@D@std@@V?$allocator@D@2@@std@@@2@V?$allocator@U?$pair@$$CBV?$basic_string@DU?$char_traits@D@std@@V?$allocator@D@2@@std@@PAVWSignalInstance_@@@std@@@2@$0A@@std@@@std@@_N@2@ABU?$pair@$$CBV?$basic_string@DU?$char_traits@D@std@@V?$allocator@D@2@@std@@PAVWSignalInstance_@@@2@@Z 00406ac0 f i dependformwt.obj
 0001:00005ba0       ??4WSignalInstance_@@QAEAAV0@ABV0@@Z 00406ba0 f i dependformwt.obj
 0001:00005bf0       ??4WSlotInstance_@@QAEAAV0@ABV0@@Z 00406bf0 f i dependformwt.obj
 0001:00005c30       ??0?$vector@PAVWConnection_@@V?$allocator@PAVWConnection_@@@std@@@std@@QAE@ABV01@@Z 00406c30 f i dependformwt.obj
 0001:00005cf0       ?insert@?$_Tree@V?$_Tmap_traits@V?$basic_string@DU?$char_traits@D@std@@V?$allocator@D@2@@std@@PAVWSignalInstance_@@U?$less@V?$basic_string@DU?$char_traits@D@std@@V?$allocator@D@2@@std@@@2@V?$allocator@U?$pair@$$CBV?$basic_string@DU?$char_traits@D@std@@V?$allocator@D@2@@std@@PAVWSignalInstance_@@@std@@@2@$0A@@std@@@std@@QAE?AViterator@12@V312@ABU?$pair@$$CBV?$basic_string@DU?$char_traits@D@std@@V?$allocator@D@2@@std@@PAVWSignalInstance_@@@2@@Z 00406cf0 f i dependformwt.obj
 0001:00005eb0       ??0WSignalInstance_@@QAE@ABV0@@Z 00406eb0 f i dependformwt.obj
 0001:00005f30       ??0WSlotInstance_@@QAE@ABV0@@Z 00406f30 f i dependformwt.obj
 0001:00005fa0       ??A?$map@V?$basic_string@DU?$char_traits@D@std@@V?$allocator@D@2@@std@@PAVWSignalInstance_@@U?$less@V?$basic_string@DU?$char_traits@D@std@@V?$allocator@D@2@@std@@@2@V?$allocator@U?$pair@$$CBV?$basic_string@DU?$char_traits@D@std@@V?$allocator@D@2@@std@@PAVWSignalInstance_@@@std@@@2@@std@@QAEAAPAVWSignalInstance_@@ABV?$basic_string@DU?$char_traits@D@std@@V?$allocator@D@2@@1@@Z 00406fa0 f i dependformwt.obj
 0001:00006040       ?buildSignalMap@SVDepend@@MAEXAAV?$map@V?$basic_string@DU?$char_traits@D@std@@V?$allocator@D@2@@std@@PAVWSignalInstance_@@U?$less@V?$basic_string@DU?$char_traits@D@std@@V?$allocator@D@2@@std@@@2@V?$allocator@U?$pair@$$CBV?$basic_string@DU?$char_traits@D@std@@V?$allocator@D@2@@std@@PAVWSignalInstance_@@@std@@@2@@std@@@Z 00407040 f   dependformwt.obj
 0001:00006100       ??1WSPopButton@@UAE@XZ     00407100 f   WSPopButton.obj
 0001:00006110       ??0WSPopButton@@QAE@PAVWContainerWidget@@V?$basic_string@DU?$char_traits@D@std@@V?$allocator@D@2@@std@@11_N@Z 00407110 f   WSPopButton.obj
 0001:00006840       ??_GWSPopButton@@UAEPAXI@Z 00407840 f i WSPopButton.obj
 0001:00006840       ??_EWSPopButton@@UAEPAXI@Z 00407840 f i WSPopButton.obj
 0001:00006860       ?ShowTop@WSPopTable@@AAEXPAVWTable@@@Z 00407860 f   WSPopTable.obj
 0001:000069a0       ?ShowBottom@WSPopTable@@AAEXPAVWTable@@@Z 004079a0 f   WSPopTable.obj
 0001:00006ae0       ?_Xlen@?$vector@PAVWTable@@V?$allocator@PAVWTable@@@std@@@std@@IBEXXZ 00407ae0 f i WSPopTable.obj
 0001:00006b60       ?_Ufill@?$vector@PAVWObject@@V?$allocator@PAVWObject@@@std@@@std@@IAEPAPAVWObject@@PAPAV3@IABQAV3@@Z 00407b60 f i dependtree:WWebWidget.obj
 0001:00006b60       ?_Ufill@?$vector@PAVWTable@@V?$allocator@PAVWTable@@@std@@@std@@IAEPAPAVWTable@@PAPAV3@IABQAV3@@Z 00407b60 f i WSPopTable.obj
 0001:00006b60       ?_Ufill@?$vector@PAVWTreeNode@@V?$allocator@PAVWTreeNode@@@std@@@std@@IAEPAPAVWTreeNode@@PAPAV3@IABQAV3@@Z 00407b60 f i dependtree:CheckBoxTreeView.obj
 0001:00006b60       ?_Ufill@?$vector@PAVWConnection_@@V?$allocator@PAVWConnection_@@@std@@@std@@IAEPAPAVWConnection_@@PAPAV3@IABQAV3@@Z 00407b60 f i dependtree:WSlotInstance_.obj
 0001:00006b60       ?_Ufill@?$vector@PAVWScrollBar@@V?$allocator@PAVWScrollBar@@@std@@@std@@IAEPAPAVWScrollBar@@PAPAV3@IABQAV3@@Z 00407b60 f i dependtree:WScrollBar.obj
 0001:00006b60       ?_Ufill@?$vector@PAVWMessageResources@@V?$allocator@PAVWMessageResources@@@std@@@std@@IAEPAPAVWMessageResources@@PAPAV3@IABQAV3@@Z 00407b60 f i dependtree:WMessageResourceBundle.obj
 0001:00006b60       ?_Ufill@?$vector@PAVWTableRow@@V?$allocator@PAVWTableRow@@@std@@@std@@IAEPAPAVWTableRow@@PAPAV3@IABQAV3@@Z 00407b60 f i dependtree:WTable.obj
 0001:00006b60       ?_Ufill@?$vector@PAVWWidget@@V?$allocator@PAVWWidget@@@std@@@std@@IAEPAPAVWWidget@@PAPAV3@IABQAV3@@Z 00407b60 f i dependtree:WWebWidget.obj
 0001:00006b60       ?_Ufill@?$vector@PAVDomElement@@V?$allocator@PAVDomElement@@@std@@@std@@IAEPAPAVDomElement@@PAPAV3@IABQAV3@@Z 00407b60 f i dependtree:WWebWidget.obj
 0001:00006b90       ?_Insert_n@?$vector@PAVWTable@@V?$allocator@PAVWTable@@@std@@@std@@IAEXViterator@12@IABQAVWTable@@@Z 00407b90 f i WSPopTable.obj
 0001:00006d80       ?GeRowContentTable@WSPopTable@@QAEPAVWTable@@H@Z 00407d80 f   WSPopTable.obj
 0001:00006db0       ?GeRowActionTable@WSPopTable@@QAEPAVWTable@@H@Z 00407db0 f   WSPopTable.obj
 0001:00006de0       ??0WSPopTable@@QAE@PAVWContainerWidget@@_N@Z 00407de0 f   WSPopTable.obj
 0001:00006fe0       ??_GWSPopTable@@UAEPAXI@Z  00407fe0 f i WSPopTable.obj
 0001:00006fe0       ??_EWSPopTable@@UAEPAXI@Z  00407fe0 f i WSPopTable.obj
 0001:00007000       ??1WSPopTable@@UAE@XZ      00408000 f i WSPopTable.obj
 0001:00007060       ?AppendRows@WSPopTable@@QAEXV?$basic_string@DU?$char_traits@D@std@@V?$allocator@D@2@@std@@@Z 00408060 f   WSPopTable.obj
 0001:00007790       ?buildSlotMap@WSPopTable@@MAEXAAV?$map@V?$basic_string@DU?$char_traits@D@std@@V?$allocator@D@2@@std@@PAVWSlotInstance_@@U?$less@V?$basic_string@DU?$char_traits@D@std@@V?$allocator@D@2@@std@@@2@V?$allocator@U?$pair@$$CBV?$basic_string@DU?$char_traits@D@std@@V?$allocator@D@2@@std@@PAVWSlotInstance_@@@std@@@2@@std@@@Z 00408790 f   WSPopTableWt.obj
 0001:00007880       ?triggerSlot@WSPopTable@@MAE_NPAVWObject@@PBVWSlot_@@PAPAX@Z 00408880 f   WSPopTableWt.obj
 0001:000078b0       ?buildSignalMap@WSPopTable@@MAEXAAV?$map@V?$basic_string@DU?$char_traits@D@std@@V?$allocator@D@2@@std@@PAVWSignalInstance_@@U?$less@V?$basic_string@DU?$char_traits@D@std@@V?$allocator@D@2@@std@@@2@V?$allocator@U?$pair@$$CBV?$basic_string@DU?$char_traits@D@std@@V?$allocator@D@2@@std@@PAVWSignalInstance_@@@std@@@2@@std@@@Z 004088b0 f   WSPopTableWt.obj
 0001:00007970       ??0WCssRule@@QAE@V?$basic_string@DU?$char_traits@D@std@@V?$allocator@D@2@@std@@@Z 00408970 f   dependtree:WCssStyleSheet.obj
 0001:000079d0       ??1WCssRule@@UAE@XZ        004089d0 f   dependtree:WCssStyleSheet.obj
 0001:000079e0       ?cssText@WCssStyleSheet@@QBE?AV?$basic_string@DU?$char_traits@D@std@@V?$allocator@D@2@@std@@XZ 004089e0 f   dependtree:WCssStyleSheet.obj
 0001:00007b70       ??1?$map@V?$basic_string@DU?$char_traits@D@std@@V?$allocator@D@2@@std@@PAVWCssRule@@U?$less@V?$basic_string@DU?$char_traits@D@std@@V?$allocator@D@2@@std@@@2@V?$allocator@U?$pair@$$CBV?$basic_string@DU?$char_traits@D@std@@V?$allocator@D@2@@std@@PAVWCssRule@@@std@@@2@@std@@QAE@XZ 00408b70 f i dependtree:WCssStyleSheet.obj
 0001:00007ba0       ??1WCssStyleSheet@@QAE@XZ  00408ba0 f   dependtree:WCssStyleSheet.obj
 0001:00007c60       ??0WCssStyleSheet@@QAE@XZ  00408c60 f   dependtree:WCssStyleSheet.obj
 0001:00007c90       ?what@bad_lexical_cast@boost@@UBEPBDXZ 00408c90 f i dependtree:WWebWidget.obj
 0001:00007ca0       ??1bad_lexical_cast@boost@@UAE@XZ 00408ca0 f i dependtree:WWebWidget.obj
 0001:00007cb0       ??_Gbad_lexical_cast@boost@@UAEPAXI@Z 00408cb0 f i dependtree:WWebWidget.obj
 0001:00007cb0       ??_Ebad_lexical_cast@boost@@UAEPAXI@Z 00408cb0 f i dependtree:WWebWidget.obj
 0001:00007cd0       ?type@DomElement@@QBE?AW4ElementType@1@XZ 00408cd0 f i dependtree:WWebWidget.obj
 0001:00007cd0       ?floatSide@WWebWidget@@UBE?AW4Side@WWidget@@XZ 00408cd0 f i dependtree:WWebWidget.obj
 0001:00007cd0       ?orientation@WScrollBar@@QBE?AW4Orientation@1@XZ 00408cd0 f i dependtree:WScrollArea.obj
 0001:00007ce0       ?getStaticCode@WSlotInstance_@@QAE?AV?$basic_string@DU?$char_traits@D@std@@V?$allocator@D@2@@std@@XZ 00408ce0 f i dependformwt.obj
 0001:00007ce0       ?staticCode@WSlotInstance_@@QBE?BV?$basic_string@DU?$char_traits@D@std@@V?$allocator@D@2@@std@@XZ 00408ce0 f i dependformwt.obj
 0001:00007ce0       ?id@DomElement@@QBE?AV?$basic_string@DU?$char_traits@D@std@@V?$allocator@D@2@@std@@XZ 00408ce0 f i dependtree:WWebWidget.obj
 0001:00007ce0       ?statements@JavaScript@@QBE?BV?$basic_string@DU?$char_traits@D@std@@V?$allocator@D@2@@std@@XZ 00408ce0 f i dependtree:WWebWidget.obj
 0001:00007d10       ??1JavaScript@@QAE@XZ      00408d10 f i dependtree:WWebWidget.obj
 0001:00007d10       ??1?$pair@$$CBV?$basic_string@DU?$char_traits@D@std@@V?$allocator@D@2@@std@@V12@@std@@QAE@XZ 00408d10 f i dependtree:WWebWidget.obj
 0001:00007d10       ??1?$pair@V?$basic_string@DU?$char_traits@D@std@@V?$allocator@D@2@@std@@V12@@std@@QAE@XZ 00408d10 f i dependtree:WWebWidget.obj
 0001:00007d60       ??4JavaScript@@QAEAAV0@ABV0@@Z 00408d60 f i dependtree:WWebWidget.obj
 0001:00007d90       ?triggerSlot@WCompositeWidget@@MAE_NPAVWObject@@PBVWSlot_@@PAPAX@Z 00408d90 f   dependtree:WCompositeWidget.obj
 0001:00007d90       ?triggerSlot@WWebWidget@@MAE_NPAVWObject@@PBVWSlot_@@PAPAX@Z 00408d90 f   dependtree:WWebWidget.obj
 0001:00007da0       ?setFormObject@WWebWidget@@IAEX_N@Z 00408da0 f   dependtree:WWebWidget.obj
 0001:00007db0       ?renderOk@WWebWidget@@IAEXXZ 00408db0 f   dependtree:WWebWidget.obj
 0001:00007dc0       ?repaint@WWebWidget@@IAEXXZ 00408dc0 f   dependtree:WWebWidget.obj
 0001:00007dc0       ?signalConnectionsChanged@WWebWidget@@EAEXXZ 00408dc0 f   dependtree:WWebWidget.obj
 0001:00007dd0       ?setParent@WWebWidget@@MAEXPAVWWidget@@@Z 00408dd0 f   dependtree:WWebWidget.obj
 0001:00007e00       ?parent@WWebWidget@@UBEPAVWWidget@@XZ 00408e00 f   dependtree:WWebWidget.obj
 0001:00007e10       ?setPositionScheme@WWebWidget@@UAEXW4PositionScheme@WWidget@@@Z 00408e10 f   dependtree:WWebWidget.obj
 0001:00007e40       ?resize@WWebWidget@@UAEXVWLength@@0@Z 00408e40 f   dependtree:WWebWidget.obj
 0001:00007e90       ?setMinimumSize@WWebWidget@@UAEXVWLength@@0@Z 00408e90 f   dependtree:WWebWidget.obj
 0001:00007ef0       ?setMaximumSize@WWebWidget@@UAEXVWLength@@0@Z 00408ef0 f   dependtree:WWebWidget.obj
 0001:00007f50       ?setFloatSide@WWebWidget@@UAEXW4Side@WWidget@@@Z 00408f50 f   dependtree:WWebWidget.obj
 0001:00007f70       ?setClearSides@WWebWidget@@UAEXH@Z 00408f70 f   dependtree:WWebWidget.obj
 0001:00007f90       ?clearSides@WWebWidget@@UBEHXZ 00408f90 f   dependtree:WWebWidget.obj
 0001:00007fa0       ?setVerticalAlignment@WWebWidget@@UAEXW4VerticalAlignment@WWidget@@VWLength@@@Z 00408fa0 f   dependtree:WWebWidget.obj
 0001:00007fe0       ?setOffset@WWebWidget@@UAEXW4Side@WWidget@@VWLength@@@Z 00408fe0 f   dependtree:WWebWidget.obj
 0001:00008060       ?offset@WWebWidget@@UBE?AVWLength@@W4Side@WWidget@@@Z 00409060 f   dependtree:WWebWidget.obj
 0001:00008110       ?zIndex@WWebWidget@@ABEHXZ 00409110 f   dependtree:WWebWidget.obj
 0001:00008150       ?setInline@WWebWidget@@UAEX_N@Z 00409150 f   dependtree:WWebWidget.obj
 0001:00008170       ?setPopup@WWebWidget@@UAEX_N@Z 00409170 f   dependtree:WWebWidget.obj
 0001:00008190       ?setMargin@WWebWidget@@UAEXVWLength@@H@Z 00409190 f   dependtree:WWebWidget.obj
 0001:00008220       ?margin@WWebWidget@@UBE?AVWLength@@W4Side@WWidget@@@Z 00409220 f   dependtree:WWebWidget.obj
 0001:000082d0       ?setStyleClass@WWebWidget@@UAEXV?$basic_string@DU?$char_traits@D@std@@V?$allocator@D@2@@std@@@Z 004092d0 f   dependtree:WWebWidget.obj
 0001:00008340       ?setToolTip@WWebWidget@@UAEXV?$basic_string@DU?$char_traits@D@std@@V?$allocator@D@2@@std@@@Z 00409340 f   dependtree:WWebWidget.obj
 0001:000083e0       ?setToolTipMessage@WWebWidget@@UAEXABVWMessage@@@Z 004093e0 f   dependtree:WWebWidget.obj
 0001:00008420       ?setHidden@WWebWidget@@UAEX_N@Z 00409420 f   dependtree:WWebWidget.obj
 0001:00008440       ?hide@WWebWidget@@UAEXXZ   00409440 f   dependtree:WWebWidget.obj
 0001:00008460       ?show@WWebWidget@@UAEXXZ   00409460 f   dependtree:WWebWidget.obj
 0001:00008480       ?undoHide@WWebWidget@@EAEXXZ 00409480 f   dependtree:WWebWidget.obj
 0001:00008490       ?undoShow@WWebWidget@@EAEXXZ 00409490 f   dependtree:WWebWidget.obj
 0001:000084a0       ?isLoaded@WWebWidget@@IBE_NXZ 004094a0 f   dependtree:WWebWidget.obj
 0001:000084e0       ?getSFormObjects@WWebWidget@@AAEXAAV?$vector@PAVWObject@@V?$allocator@PAVWObject@@@std@@@std@@@Z 004094e0 f   dependtree:WWebWidget.obj
 0001:00008500       ?createSDomElement@WWebWidget@@AAEPAVDomElement@@XZ 00409500 f   dependtree:WWebWidget.obj
 0001:00008580       ?getEncodeCmd@WWebWidget@@QAE?AV?$basic_string@DU?$char_traits@D@std@@V?$allocator@D@2@@std@@PBD@Z 00409580 f   dependtree:WWebWidget.obj
 0001:000085e0       ?updateSignalConnection@WWebWidget@@IAEXAAVDomElement@@PBDV?$basic_string@DU?$char_traits@D@std@@V?$allocator@D@2@@std@@1_N1@Z 004095e0 f   dependtree:WWebWidget.obj
 0001:000086c0       ?setNoFormData@WWebWidget@@EAEXXZ 004096c0 f   dependtree:WWebWidget.obj
 0001:000086e0       ?_Max@?$_Tree@V?$_Tmap_traits@V?$basic_string@DU?$char_traits@D@std@@V?$allocator@D@2@@std@@V12@U?$less@V?$basic_string@DU?$char_traits@D@std@@V?$allocator@D@2@@std@@@2@V?$allocator@U?$pair@$$CBV?$basic_string@DU?$char_traits@D@std@@V?$allocator@D@2@@std@@V12@@std@@@2@$0A@@std@@@std@@KAPAU_Node@?$_Tree_nod@V?$_Tmap_traits@V?$basic_string@DU?$char_traits@D@std@@V?$allocator@D@2@@std@@V12@U?$less@V?$basic_string@DU?$char_traits@D@std@@V?$allocator@D@2@@std@@@2@V?$allocator@U?$pair@$$CBV?$basic_string@DU?$char_traits@D@std@@V?$allocator@D@2@@std@@V12@@std@@@2@$0A@@std@@@2@PAU342@@Z 004096e0 f i dependtree:WWebWidget.obj
 0001:00008700       ?_Min@?$_Tree@V?$_Tmap_traits@V?$basic_string@DU?$char_traits@D@std@@V?$allocator@D@2@@std@@V12@U?$less@V?$basic_string@DU?$char_traits@D@std@@V?$allocator@D@2@@std@@@2@V?$allocator@U?$pair@$$CBV?$basic_string@DU?$char_traits@D@std@@V?$allocator@D@2@@std@@V12@@std@@@2@$0A@@std@@@std@@KAPAU_Node@?$_Tree_nod@V?$_Tmap_traits@V?$basic_string@DU?$char_traits@D@std@@V?$allocator@D@2@@std@@V12@U?$less@V?$basic_string@DU?$char_traits@D@std@@V?$allocator@D@2@@std@@@2@V?$allocator@U?$pair@$$CBV?$basic_string@DU?$char_traits@D@std@@V?$allocator@D@2@@std@@V12@@std@@@2@$0A@@std@@@2@PAU342@@Z 00409700 f i dependtree:WWebWidget.obj
 0001:00008720       ?_Min@?$_Tree@V?$_Tmap_traits@V?$basic_string@DU?$char_traits@D@std@@V?$allocator@D@2@@std@@PAVWCheckBox@@U?$less@V?$basic_string@DU?$char_traits@D@std@@V?$allocator@D@2@@std@@@2@V?$allocator@U?$pair@$$CBV?$basic_string@DU?$char_traits@D@std@@V?$allocator@D@2@@std@@PAVWCheckBox@@@std@@@2@$0A@@std@@@std@@KAPAU_Node@?$_Tree_nod@V?$_Tmap_traits@V?$basic_string@DU?$char_traits@D@std@@V?$allocator@D@2@@std@@PAVWCheckBox@@U?$less@V?$basic_string@DU?$char_traits@D@std@@V?$allocator@D@2@@std@@@2@V?$allocator@U?$pair@$$CBV?$basic_string@DU?$char_traits@D@std@@V?$allocator@D@2@@std@@PAVWCheckBox@@@std@@@2@$0A@@std@@@2@PAU342@@Z 00409720 f i dependtree:CheckBoxTreeView.obj
 0001:00008720       ?_Min@?$_Tree@V?$_Tmap_traits@V?$basic_string@DU?$char_traits@D@std@@V?$allocator@D@2@@std@@PAVWSlotInstance_@@U?$less@V?$basic_string@DU?$char_traits@D@std@@V?$allocator@D@2@@std@@@2@V?$allocator@U?$pair@$$CBV?$basic_string@DU?$char_traits@D@std@@V?$allocator@D@2@@std@@PAVWSlotInstance_@@@std@@@2@$0A@@std@@@std@@KAPAU_Node@?$_Tree_nod@V?$_Tmap_traits@V?$basic_string@DU?$char_traits@D@std@@V?$allocator@D@2@@std@@PAVWSlotInstance_@@U?$less@V?$basic_string@DU?$char_traits@D@std@@V?$allocator@D@2@@std@@@2@V?$allocator@U?$pair@$$CBV?$basic_string@DU?$char_traits@D@std@@V?$allocator@D@2@@std@@PAVWSlotInstance_@@@std@@@2@$0A@@std@@@2@PAU342@@Z 00409720 f i dependtree:WWebWidget.obj
 0001:00008720       ?_Min@?$_Tree@V?$_Tmap_traits@V?$basic_string@DU?$char_traits@D@std@@V?$allocator@D@2@@std@@PAVWSignalInstance_@@U?$less@V?$basic_string@DU?$char_traits@D@std@@V?$allocator@D@2@@std@@@2@V?$allocator@U?$pair@$$CBV?$basic_string@DU?$char_traits@D@std@@V?$allocator@D@2@@std@@PAVWSignalInstance_@@@std@@@2@$0A@@std@@@std@@KAPAU_Node@?$_Tree_nod@V?$_Tmap_traits@V?$basic_string@DU?$char_traits@D@std@@V?$allocator@D@2@@std@@PAVWSignalInstance_@@U?$less@V?$basic_string@DU?$char_traits@D@std@@V?$allocator@D@2@@std@@@2@V?$allocator@U?$pair@$$CBV?$basic_string@DU?$char_traits@D@std@@V?$allocator@D@2@@std@@PAVWSignalInstance_@@@std@@@2@$0A@@std@@@2@PAU342@@Z 00409720 f i dependformwt.obj
 0001:00008720       ?_Min@?$_Tree@V?$_Tmap_traits@V?$basic_string@DU?$char_traits@D@std@@V?$allocator@D@2@@std@@PAVWCssRule@@U?$less@V?$basic_string@DU?$char_traits@D@std@@V?$allocator@D@2@@std@@@2@V?$allocator@U?$pair@$$CBV?$basic_string@DU?$char_traits@D@std@@V?$allocator@D@2@@std@@PAVWCssRule@@@std@@@2@$0A@@std@@@std@@KAPAU_Node@?$_Tree_nod@V?$_Tmap_traits@V?$basic_string@DU?$char_traits@D@std@@V?$allocator@D@2@@std@@PAVWCssRule@@U?$less@V?$basic_string@DU?$char_traits@D@std@@V?$allocator@D@2@@std@@@2@V?$allocator@U?$pair@$$CBV?$basic_string@DU?$char_traits@D@std@@V?$allocator@D@2@@std@@PAVWCssRule@@@std@@@2@$0A@@std@@@2@PAU342@@Z 00409720 f i depend.obj
 0001:00008720       ?_Min@?$_Tree@V?$_Tmap_traits@W4Property@Wt@@V?$basic_string@DU?$char_traits@D@std@@V?$allocator@D@2@@std@@U?$less@W4Property@Wt@@@4@V?$allocator@U?$pair@$$CBW4Property@Wt@@V?$basic_string@DU?$char_traits@D@std@@V?$allocator@D@2@@std@@@std@@@4@$0A@@std@@@std@@KAPAU_Node@?$_Tree_nod@V?$_Tmap_traits@W4Property@Wt@@V?$basic_string@DU?$char_traits@D@std@@V?$allocator@D@2@@std@@U?$less@W4Property@Wt@@@4@V?$allocator@U?$pair@$$CBW4Property@Wt@@V?$basic_string@DU?$char_traits@D@std@@V?$allocator@D@2@@std@@@std@@@4@$0A@@std@@@2@PAU342@@Z 00409720 f i dependtree:WWebWidget.obj
 0001:00008720       ?_Min@?$_Tree@V?$_Tmap_traits@V?$basic_string@DU?$char_traits@D@std@@V?$allocator@D@2@@std@@_NU?$less@V?$basic_string@DU?$char_traits@D@std@@V?$allocator@D@2@@std@@@2@V?$allocator@U?$pair@$$CBV?$basic_string@DU?$char_traits@D@std@@V?$allocator@D@2@@std@@_N@std@@@2@$0A@@std@@@std@@KAPAU_Node@?$_Tree_nod@V?$_Tmap_traits@V?$basic_string@DU?$char_traits@D@std@@V?$allocator@D@2@@std@@_NU?$less@V?$basic_string@DU?$char_traits@D@std@@V?$allocator@D@2@@std@@@2@V?$allocator@U?$pair@$$CBV?$basic_string@DU?$char_traits@D@std@@V?$allocator@D@2@@std@@_N@std@@@2@$0A@@std@@@2@PAU342@@Z 00409720 f i dependtree:WTreeNode.obj
 0001:00008740       ?_Max@?$_Tree@V?$_Tmap_traits@V?$basic_string@DU?$char_traits@D@std@@V?$allocator@D@2@@std@@U?$pair@V?$basic_string@DU?$char_traits@D@std@@V?$allocator@D@2@@std@@V12@@2@U?$less@V?$basic_string@DU?$char_traits@D@std@@V?$allocator@D@2@@std@@@2@V?$allocator@U?$pair@$$CBV?$basic_string@DU?$char_traits@D@std@@V?$allocator@D@2@@std@@U?$pair@V?$basic_string@DU?$char_traits@D@std@@V?$allocator@D@2@@std@@V12@@2@@std@@@2@$0A@@std@@@std@@KAPAU_Node@?$_Tree_nod@V?$_Tmap_traits@V?$basic_string@DU?$char_traits@D@std@@V?$allocator@D@2@@std@@U?$pair@V?$basic_string@DU?$char_traits@D@std@@V?$allocator@D@2@@std@@V12@@2@U?$less@V?$basic_string@DU?$char_traits@D@std@@V?$allocator@D@2@@std@@@2@V?$allocator@U?$pair@$$CBV?$basic_string@DU?$char_traits@D@std@@V?$allocator@D@2@@std@@U?$pair@V?$basic_string@DU?$char_traits@D@std@@V?$allocator@D@2@@std@@V12@@2@@std@@@2@$0A@@std@@@2@PAU342@@Z 00409740 f i dependtree:WWebWidget.obj
 0001:00008760       ?_Min@?$_Tree@V?$_Tmap_traits@V?$basic_string@DU?$char_traits@D@std@@V?$allocator@D@2@@std@@U?$pair@V?$basic_string@DU?$char_traits@D@std@@V?$allocator@D@2@@std@@V12@@2@U?$less@V?$basic_string@DU?$char_traits@D@std@@V?$allocator@D@2@@std@@@2@V?$allocator@U?$pair@$$CBV?$basic_string@DU?$char_traits@D@std@@V?$allocator@D@2@@std@@U?$pair@V?$basic_string@DU?$char_traits@D@std@@V?$allocator@D@2@@std@@V12@@2@@std@@@2@$0A@@std@@@std@@KAPAU_Node@?$_Tree_nod@V?$_Tmap_traits@V?$basic_string@DU?$char_traits@D@std@@V?$allocator@D@2@@std@@U?$pair@V?$basic_string@DU?$char_traits@D@std@@V?$allocator@D@2@@std@@V12@@2@U?$less@V?$basic_string@DU?$char_traits@D@std@@V?$allocator@D@2@@std@@@2@V?$allocator@U?$pair@$$CBV?$basic_string@DU?$char_traits@D@std@@V?$allocator@D@2@@std@@U?$pair@V?$basic_string@DU?$char_traits@D@std@@V?$allocator@D@2@@std@@V12@@2@@std@@@2@$0A@@std@@@2@PAU342@@Z 00409760 f i dependtree:WWebWidget.obj
 0001:00008780       ?_Xlen@?$vector@U?$pair@V?$basic_string@DU?$char_traits@D@std@@V?$allocator@D@2@@std@@PAVDomElement@@@std@@V?$allocator@U?$pair@V?$basic_string@DU?$char_traits@D@std@@V?$allocator@D@2@@std@@PAVDomElement@@@std@@@2@@std@@IBEXXZ 00409780 f i dependtree:WWebWidget.obj
 0001:00008800       ?_Lrotate@?$_Tree@V?$_Tmap_traits@V?$basic_string@DU?$char_traits@D@std@@V?$allocator@D@2@@std@@V12@U?$less@V?$basic_string@DU?$char_traits@D@std@@V?$allocator@D@2@@std@@@2@V?$allocator@U?$pair@$$CBV?$basic_string@DU?$char_traits@D@std@@V?$allocator@D@2@@std@@V12@@std@@@2@$0A@@std@@@std@@IAEXPAU_Node@?$_Tree_nod@V?$_Tmap_traits@V?$basic_string@DU?$char_traits@D@std@@V?$allocator@D@2@@std@@V12@U?$less@V?$basic_string@DU?$char_traits@D@std@@V?$allocator@D@2@@std@@@2@V?$allocator@U?$pair@$$CBV?$basic_string@DU?$char_traits@D@std@@V?$allocator@D@2@@std@@V12@@std@@@2@$0A@@std@@@2@@Z 00409800 f i dependtree:WWebWidget.obj
 0001:00008860       ?_Rrotate@?$_Tree@V?$_Tmap_traits@V?$basic_string@DU?$char_traits@D@std@@V?$allocator@D@2@@std@@V12@U?$less@V?$basic_string@DU?$char_traits@D@std@@V?$allocator@D@2@@std@@@2@V?$allocator@U?$pair@$$CBV?$basic_string@DU?$char_traits@D@std@@V?$allocator@D@2@@std@@V12@@std@@@2@$0A@@std@@@std@@IAEXPAU_Node@?$_Tree_nod@V?$_Tmap_traits@V?$basic_string@DU?$char_traits@D@std@@V?$allocator@D@2@@std@@V12@U?$less@V?$basic_string@DU?$char_traits@D@std@@V?$allocator@D@2@@std@@@2@V?$allocator@U?$pair@$$CBV?$basic_string@DU?$char_traits@D@std@@V?$allocator@D@2@@std@@V12@@std@@@2@$0A@@std@@@2@@Z 00409860 f i dependtree:WWebWidget.obj
 0001:000088c0       ?_Rrotate@?$_Tree@V?$_Tmap_traits@V?$basic_string@DU?$char_traits@D@std@@V?$allocator@D@2@@std@@PAVWCssRule@@U?$less@V?$basic_string@DU?$char_traits@D@std@@V?$allocator@D@2@@std@@@2@V?$allocator@U?$pair@$$CBV?$basic_string@DU?$char_traits@D@std@@V?$allocator@D@2@@std@@PAVWCssRule@@@std@@@2@$0A@@std@@@std@@IAEXPAU_Node@?$_Tree_nod@V?$_Tmap_traits@V?$basic_string@DU?$char_traits@D@std@@V?$allocator@D@2@@std@@PAVWCssRule@@U?$less@V?$basic_string@DU?$char_traits@D@std@@V?$allocator@D@2@@std@@@2@V?$allocator@U?$pair@$$CBV?$basic_string@DU?$char_traits@D@std@@V?$allocator@D@2@@std@@PAVWCssRule@@@std@@@2@$0A@@std@@@2@@Z 004098c0 f i depend.obj
 0001:000088c0       ?_Rrotate@?$_Tree@V?$_Tmap_traits@W4Property@Wt@@V?$basic_string@DU?$char_traits@D@std@@V?$allocator@D@2@@std@@U?$less@W4Property@Wt@@@4@V?$allocator@U?$pair@$$CBW4Property@Wt@@V?$basic_string@DU?$char_traits@D@std@@V?$allocator@D@2@@std@@@std@@@4@$0A@@std@@@std@@IAEXPAU_Node@?$_Tree_nod@V?$_Tmap_traits@W4Property@Wt@@V?$basic_string@DU?$char_traits@D@std@@V?$allocator@D@2@@std@@U?$less@W4Property@Wt@@@4@V?$allocator@U?$pair@$$CBW4Property@Wt@@V?$basic_string@DU?$char_traits@D@std@@V?$allocator@D@2@@std@@@std@@@4@$0A@@std@@@2@@Z 004098c0 f i dependtree:WWebWidget.obj
 0001:000088c0       ?_Rrotate@?$_Tree@V?$_Tmap_traits@V?$basic_string@DU?$char_traits@D@std@@V?$allocator@D@2@@std@@PAVWCheckBox@@U?$less@V?$basic_string@DU?$char_traits@D@std@@V?$allocator@D@2@@std@@@2@V?$allocator@U?$pair@$$CBV?$basic_string@DU?$char_traits@D@std@@V?$allocator@D@2@@std@@PAVWCheckBox@@@std@@@2@$0A@@std@@@std@@IAEXPAU_Node@?$_Tree_nod@V?$_Tmap_traits@V?$basic_string@DU?$char_traits@D@std@@V?$allocator@D@2@@std@@PAVWCheckBox@@U?$less@V?$basic_string@DU?$char_traits@D@std@@V?$allocator@D@2@@std@@@2@V?$allocator@U?$pair@$$CBV?$basic_string@DU?$char_traits@D@std@@V?$allocator@D@2@@std@@PAVWCheckBox@@@std@@@2@$0A@@std@@@2@@Z 004098c0 f i dependtree:CheckBoxTreeView.obj
 0001:000088c0       ?_Rrotate@?$_Tree@V?$_Tmap_traits@V?$basic_string@DU?$char_traits@D@std@@V?$allocator@D@2@@std@@_NU?$less@V?$basic_string@DU?$char_traits@D@std@@V?$allocator@D@2@@std@@@2@V?$allocator@U?$pair@$$CBV?$basic_string@DU?$char_traits@D@std@@V?$allocator@D@2@@std@@_N@std@@@2@$0A@@std@@@std@@IAEXPAU_Node@?$_Tree_nod@V?$_Tmap_traits@V?$basic_string@DU?$char_traits@D@std@@V?$allocator@D@2@@std@@_NU?$less@V?$basic_string@DU?$char_traits@D@std@@V?$allocator@D@2@@std@@@2@V?$allocator@U?$pair@$$CBV?$basic_string@DU?$char_traits@D@std@@V?$allocator@D@2@@std@@_N@std@@@2@$0A@@std@@@2@@Z 004098c0 f i dependtree:WTreeNode.obj
 0001:000088c0       ?_Rrotate@?$_Tree@V?$_Tmap_traits@V?$basic_string@DU?$char_traits@D@std@@V?$allocator@D@2@@std@@PAVWSignalInstance_@@U?$less@V?$basic_string@DU?$char_traits@D@std@@V?$allocator@D@2@@std@@@2@V?$allocator@U?$pair@$$CBV?$basic_string@DU?$char_traits@D@std@@V?$allocator@D@2@@std@@PAVWSignalInstance_@@@std@@@2@$0A@@std@@@std@@IAEXPAU_Node@?$_Tree_nod@V?$_Tmap_traits@V?$basic_string@DU?$char_traits@D@std@@V?$allocator@D@2@@std@@PAVWSignalInstance_@@U?$less@V?$basic_string@DU?$char_traits@D@std@@V?$allocator@D@2@@std@@@2@V?$allocator@U?$pair@$$CBV?$basic_string@DU?$char_traits@D@std@@V?$allocator@D@2@@std@@PAVWSignalInstance_@@@std@@@2@$0A@@std@@@2@@Z 004098c0 f i dependformwt.obj
 0001:000088c0       ?_Rrotate@?$_Tree@V?$_Tmap_traits@V?$basic_string@DU?$char_traits@D@std@@V?$allocator@D@2@@std@@PAVWSlotInstance_@@U?$less@V?$basic_string@DU?$char_traits@D@std@@V?$allocator@D@2@@std@@@2@V?$allocator@U?$pair@$$CBV?$basic_string@DU?$char_traits@D@std@@V?$allocator@D@2@@std@@PAVWSlotInstance_@@@std@@@2@$0A@@std@@@std@@IAEXPAU_Node@?$_Tree_nod@V?$_Tmap_traits@V?$basic_string@DU?$char_traits@D@std@@V?$allocator@D@2@@std@@PAVWSlotInstance_@@U?$less@V?$basic_string@DU?$char_traits@D@std@@V?$allocator@D@2@@std@@@2@V?$allocator@U?$pair@$$CBV?$basic_string@DU?$char_traits@D@std@@V?$allocator@D@2@@std@@PAVWSlotInstance_@@@std@@@2@$0A@@std@@@2@@Z 004098c0 f i dependtree:WWebWidget.obj
 0001:00008920       ?_Lrotate@?$_Tree@V?$_Tmap_traits@V?$basic_string@DU?$char_traits@D@std@@V?$allocator@D@2@@std@@U?$pair@V?$basic_string@DU?$char_traits@D@std@@V?$allocator@D@2@@std@@V12@@2@U?$less@V?$basic_string@DU?$char_traits@D@std@@V?$allocator@D@2@@std@@@2@V?$allocator@U?$pair@$$CBV?$basic_string@DU?$char_traits@D@std@@V?$allocator@D@2@@std@@U?$pair@V?$basic_string@DU?$char_traits@D@std@@V?$allocator@D@2@@std@@V12@@2@@std@@@2@$0A@@std@@@std@@IAEXPAU_Node@?$_Tree_nod@V?$_Tmap_traits@V?$basic_string@DU?$char_traits@D@std@@V?$allocator@D@2@@std@@U?$pair@V?$basic_string@DU?$char_traits@D@std@@V?$allocator@D@2@@std@@V12@@2@U?$less@V?$basic_string@DU?$char_traits@D@std@@V?$allocator@D@2@@std@@@2@V?$allocator@U?$pair@$$CBV?$basic_string@DU?$char_traits@D@std@@V?$allocator@D@2@@std@@U?$pair@V?$basic_string@DU?$char_traits@D@std@@V?$allocator@D@2@@std@@V12@@2@@std@@@2@$0A@@std@@@2@@Z 00409920 f i dependtree:WWebWidget.obj
 0001:00008980       ?_Rrotate@?$_Tree@V?$_Tmap_traits@V?$basic_string@DU?$char_traits@D@std@@V?$allocator@D@2@@std@@U?$pair@V?$basic_string@DU?$char_traits@D@std@@V?$allocator@D@2@@std@@V12@@2@U?$less@V?$basic_string@DU?$char_traits@D@std@@V?$allocator@D@2@@std@@@2@V?$allocator@U?$pair@$$CBV?$basic_string@DU?$char_traits@D@std@@V?$allocator@D@2@@std@@U?$pair@V?$basic_string@DU?$char_traits@D@std@@V?$allocator@D@2@@std@@V12@@2@@std@@@2@$0A@@std@@@std@@IAEXPAU_Node@?$_Tree_nod@V?$_Tmap_traits@V?$basic_string@DU?$char_traits@D@std@@V?$allocator@D@2@@std@@U?$pair@V?$basic_string@DU?$char_traits@D@std@@V?$allocator@D@2@@std@@V12@@2@U?$less@V?$basic_string@DU?$char_traits@D@std@@V?$allocator@D@2@@std@@@2@V?$allocator@U?$pair@$$CBV?$basic_string@DU?$char_traits@D@std@@V?$allocator@D@2@@std@@U?$pair@V?$basic_string@DU?$char_traits@D@std@@V?$allocator@D@2@@std@@V12@@2@@std@@@2@$0A@@std@@@2@@Z 00409980 f i dependtree:WWebWidget.obj
 0001:000089e0       ??0JavaScript@@QAE@ABV0@@Z 004099e0 f i dependtree:WWebWidget.obj
 0001:000089e0       ??0?$pair@V?$basic_string@DU?$char_traits@D@std@@V?$allocator@D@2@@std@@V12@@std@@QAE@ABU01@@Z 004099e0 f i dependtree:WWebWidget.obj
 0001:000089e0       ??0?$pair@$$CBV?$basic_string@DU?$char_traits@D@std@@V?$allocator@D@2@@std@@V12@@std@@QAE@ABU01@@Z 004099e0 f i dependtree:WWebWidget.obj
 0001:00008a40       ??1?$pair@$$CBW4Property@Wt@@V?$basic_string@DU?$char_traits@D@std@@V?$allocator@D@2@@std@@@std@@QAE@XZ 00409a40 f i dependtree:WWebWidget.obj
 0001:00008a50       ?_Inc@const_iterator@?$_Tree@V?$_Tmap_traits@V?$basic_string@DU?$char_traits@D@std@@V?$allocator@D@2@@std@@V12@U?$less@V?$basic_string@DU?$char_traits@D@std@@V?$allocator@D@2@@std@@@2@V?$allocator@U?$pair@$$CBV?$basic_string@DU?$char_traits@D@std@@V?$allocator@D@2@@std@@V12@@std@@@2@$0A@@std@@@std@@QAEXXZ 00409a50 f i dependtree:WWebWidget.obj
 0001:00008ab0       ?_Inc@const_iterator@?$_Tree@V?$_Tmap_traits@V?$basic_string@DU?$char_traits@D@std@@V?$allocator@D@2@@std@@U?$pair@V?$basic_string@DU?$char_traits@D@std@@V?$allocator@D@2@@std@@V12@@2@U?$less@V?$basic_string@DU?$char_traits@D@std@@V?$allocator@D@2@@std@@@2@V?$allocator@U?$pair@$$CBV?$basic_string@DU?$char_traits@D@std@@V?$allocator@D@2@@std@@U?$pair@V?$basic_string@DU?$char_traits@D@std@@V?$allocator@D@2@@std@@V12@@2@@std@@@2@$0A@@std@@@std@@QAEXXZ 00409ab0 f i dependtree:WWebWidget.obj
 0001:00008b10       ??1_Node@?$_Tree_nod@V?$_Tmap_traits@V?$basic_string@DU?$char_traits@D@std@@V?$allocator@D@2@@std@@V12@U?$less@V?$basic_string@DU?$char_traits@D@std@@V?$allocator@D@2@@std@@@2@V?$allocator@U?$pair@$$CBV?$basic_string@DU?$char_traits@D@std@@V?$allocator@D@2@@std@@V12@@std@@@2@$0A@@std@@@std@@QAE@XZ 00409b10 f i dependtree:WWebWidget.obj
 0001:00008b20       ??1_Node@?$_Tree_nod@V?$_Tmap_traits@W4Property@Wt@@V?$basic_string@DU?$char_traits@D@std@@V?$allocator@D@2@@std@@U?$less@W4Property@Wt@@@4@V?$allocator@U?$pair@$$CBW4Property@Wt@@V?$basic_string@DU?$char_traits@D@std@@V?$allocator@D@2@@std@@@std@@@4@$0A@@std@@@std@@QAE@XZ 00409b20 f i dependtree:WWebWidget.obj
 0001:00008b20       ??1WColor@@QAE@XZ          00409b20 f i depend.obj
 0001:00008b30       ??5?$lexical_stream@V?$basic_string@DU?$char_traits@D@std@@V?$allocator@D@2@@std@@H@detail@boost@@QAE_NAAV?$basic_string@DU?$char_traits@D@std@@V?$allocator@D@2@@std@@@Z 00409b30 f i dependtree:WWebWidget.obj
 0001:00008b90       ??0bad_lexical_cast@boost@@QAE@ABV01@@Z 00409b90 f i dependtree:WWebWidget.obj
 0001:00008bc0       ?updateSignalConnection@WWebWidget@@IAEXAAVDomElement@@PBDV?$basic_string@DU?$char_traits@D@std@@V?$allocator@D@2@@std@@_N1@Z 00409bc0 f   dependtree:WWebWidget.obj
 0001:00008c40       ?_Lbound@?$_Tree@V?$_Tmap_traits@V?$basic_string@DU?$char_traits@D@std@@V?$allocator@D@2@@std@@PAVWSignalInstance_@@U?$less@V?$basic_string@DU?$char_traits@D@std@@V?$allocator@D@2@@std@@@2@V?$allocator@U?$pair@$$CBV?$basic_string@DU?$char_traits@D@std@@V?$allocator@D@2@@std@@PAVWSignalInstance_@@@std@@@2@$0A@@std@@@std@@IBEPAU_Node@?$_Tree_nod@V?$_Tmap_traits@V?$basic_string@DU?$char_traits@D@std@@V?$allocator@D@2@@std@@PAVWSignalInstance_@@U?$less@V?$basic_string@DU?$char_traits@D@std@@V?$allocator@D@2@@std@@@2@V?$allocator@U?$pair@$$CBV?$basic_string@DU?$char_traits@D@std@@V?$allocator@D@2@@std@@PAVWSignalInstance_@@@std@@@2@$0A@@std@@@2@ABV?$basic_string@DU?$char_traits@D@std@@V?$allocator@D@2@@2@@Z 00409c40 f i dependformwt.obj
 0001:00008c40       ?_Lbound@?$_Tree@V?$_Tmap_traits@V?$basic_string@DU?$char_traits@D@std@@V?$allocator@D@2@@std@@PAVWSlotInstance_@@U?$less@V?$basic_string@DU?$char_traits@D@std@@V?$allocator@D@2@@std@@@2@V?$allocator@U?$pair@$$CBV?$basic_string@DU?$char_traits@D@std@@V?$allocator@D@2@@std@@PAVWSlotInstance_@@@std@@@2@$0A@@std@@@std@@IBEPAU_Node@?$_Tree_nod@V?$_Tmap_traits@V?$basic_string@DU?$char_traits@D@std@@V?$allocator@D@2@@std@@PAVWSlotInstance_@@U?$less@V?$basic_string@DU?$char_traits@D@std@@V?$allocator@D@2@@std@@@2@V?$allocator@U?$pair@$$CBV?$basic_string@DU?$char_traits@D@std@@V?$allocator@D@2@@std@@PAVWSlotInstance_@@@std@@@2@$0A@@std@@@2@ABV?$basic_string@DU?$char_traits@D@std@@V?$allocator@D@2@@2@@Z 00409c40 f i dependtree:WWebWidget.obj
 0001:00008c40       ?_Lbound@?$_Tree@V?$_Tmap_traits@V?$basic_string@DU?$char_traits@D@std@@V?$allocator@D@2@@std@@PAVWCheckBox@@U?$less@V?$basic_string@DU?$char_traits@D@std@@V?$allocator@D@2@@std@@@2@V?$allocator@U?$pair@$$CBV?$basic_string@DU?$char_traits@D@std@@V?$allocator@D@2@@std@@PAVWCheckBox@@@std@@@2@$0A@@std@@@std@@IBEPAU_Node@?$_Tree_nod@V?$_Tmap_traits@V?$basic_string@DU?$char_traits@D@std@@V?$allocator@D@2@@std@@PAVWCheckBox@@U?$less@V?$basic_string@DU?$char_traits@D@std@@V?$allocator@D@2@@std@@@2@V?$allocator@U?$pair@$$CBV?$basic_string@DU?$char_traits@D@std@@V?$allocator@D@2@@std@@PAVWCheckBox@@@std@@@2@$0A@@std@@@2@ABV?$basic_string@DU?$char_traits@D@std@@V?$allocator@D@2@@2@@Z 00409c40 f i dependtree:CheckBoxTreeView.obj
 0001:00008c90       ?_Lrotate@?$_Tree@V?$_Tmap_traits@V?$basic_string@DU?$char_traits@D@std@@V?$allocator@D@2@@std@@PAVWSlotInstance_@@U?$less@V?$basic_string@DU?$char_traits@D@std@@V?$allocator@D@2@@std@@@2@V?$allocator@U?$pair@$$CBV?$basic_string@DU?$char_traits@D@std@@V?$allocator@D@2@@std@@PAVWSlotInstance_@@@std@@@2@$0A@@std@@@std@@IAEXPAU_Node@?$_Tree_nod@V?$_Tmap_traits@V?$basic_string@DU?$char_traits@D@std@@V?$allocator@D@2@@std@@PAVWSlotInstance_@@U?$less@V?$basic_string@DU?$char_traits@D@std@@V?$allocator@D@2@@std@@@2@V?$allocator@U?$pair@$$CBV?$basic_string@DU?$char_traits@D@std@@V?$allocator@D@2@@std@@PAVWSlotInstance_@@@std@@@2@$0A@@std@@@2@@Z 00409c90 f i dependtree:WWebWidget.obj
 0001:00008c90       ?_Lrotate@?$_Tree@V?$_Tmap_traits@V?$basic_string@DU?$char_traits@D@std@@V?$allocator@D@2@@std@@PAVWSignalInstance_@@U?$less@V?$basic_string@DU?$char_traits@D@std@@V?$allocator@D@2@@std@@@2@V?$allocator@U?$pair@$$CBV?$basic_string@DU?$char_traits@D@std@@V?$allocator@D@2@@std@@PAVWSignalInstance_@@@std@@@2@$0A@@std@@@std@@IAEXPAU_Node@?$_Tree_nod@V?$_Tmap_traits@V?$basic_string@DU?$char_traits@D@std@@V?$allocator@D@2@@std@@PAVWSignalInstance_@@U?$less@V?$basic_string@DU?$char_traits@D@std@@V?$allocator@D@2@@std@@@2@V?$allocator@U?$pair@$$CBV?$basic_string@DU?$char_traits@D@std@@V?$allocator@D@2@@std@@PAVWSignalInstance_@@@std@@@2@$0A@@std@@@2@@Z 00409c90 f i dependformwt.obj
 0001:00008c90       ?_Lrotate@?$_Tree@V?$_Tmap_traits@W4Property@Wt@@V?$basic_string@DU?$char_traits@D@std@@V?$allocator@D@2@@std@@U?$less@W4Property@Wt@@@4@V?$allocator@U?$pair@$$CBW4Property@Wt@@V?$basic_string@DU?$char_traits@D@std@@V?$allocator@D@2@@std@@@std@@@4@$0A@@std@@@std@@IAEXPAU_Node@?$_Tree_nod@V?$_Tmap_traits@W4Property@Wt@@V?$basic_string@DU?$char_traits@D@std@@V?$allocator@D@2@@std@@U?$less@W4Property@Wt@@@4@V?$allocator@U?$pair@$$CBW4Property@Wt@@V?$basic_string@DU?$char_traits@D@std@@V?$allocator@D@2@@std@@@std@@@4@$0A@@std@@@2@@Z 00409c90 f i dependtree:WWebWidget.obj
 0001:00008c90       ?_Lrotate@?$_Tree@V?$_Tmap_traits@V?$basic_string@DU?$char_traits@D@std@@V?$allocator@D@2@@std@@_NU?$less@V?$basic_string@DU?$char_traits@D@std@@V?$allocator@D@2@@std@@@2@V?$allocator@U?$pair@$$CBV?$basic_string@DU?$char_traits@D@std@@V?$allocator@D@2@@std@@_N@std@@@2@$0A@@std@@@std@@IAEXPAU_Node@?$_Tree_nod@V?$_Tmap_traits@V?$basic_string@DU?$char_traits@D@std@@V?$allocator@D@2@@std@@_NU?$less@V?$basic_string@DU?$char_traits@D@std@@V?$allocator@D@2@@std@@@2@V?$allocator@U?$pair@$$CBV?$basic_string@DU?$char_traits@D@std@@V?$allocator@D@2@@std@@_N@std@@@2@$0A@@std@@@2@@Z 00409c90 f i dependtree:WTreeNode.obj
 0001:00008c90       ?_Lrotate@?$_Tree@V?$_Tmap_traits@V?$basic_string@DU?$char_traits@D@std@@V?$allocator@D@2@@std@@PAVWCssRule@@U?$less@V?$basic_string@DU?$char_traits@D@std@@V?$allocator@D@2@@std@@@2@V?$allocator@U?$pair@$$CBV?$basic_string@DU?$char_traits@D@std@@V?$allocator@D@2@@std@@PAVWCssRule@@@std@@@2@$0A@@std@@@std@@IAEXPAU_Node@?$_Tree_nod@V?$_Tmap_traits@V?$basic_string@DU?$char_traits@D@std@@V?$allocator@D@2@@std@@PAVWCssRule@@U?$less@V?$basic_string@DU?$char_traits@D@std@@V?$allocator@D@2@@std@@@2@V?$allocator@U?$pair@$$CBV?$basic_string@DU?$char_traits@D@std@@V?$allocator@D@2@@std@@PAVWCssRule@@@std@@@2@$0A@@std@@@2@@Z 00409c90 f i depend.obj
 0001:00008c90       ?_Lrotate@?$_Tree@V?$_Tmap_traits@V?$basic_string@DU?$char_traits@D@std@@V?$allocator@D@2@@std@@PAVWCheckBox@@U?$less@V?$basic_string@DU?$char_traits@D@std@@V?$allocator@D@2@@std@@@2@V?$allocator@U?$pair@$$CBV?$basic_string@DU?$char_traits@D@std@@V?$allocator@D@2@@std@@PAVWCheckBox@@@std@@@2@$0A@@std@@@std@@IAEXPAU_Node@?$_Tree_nod@V?$_Tmap_traits@V?$basic_string@DU?$char_traits@D@std@@V?$allocator@D@2@@std@@PAVWCheckBox@@U?$less@V?$basic_string@DU?$char_traits@D@std@@V?$allocator@D@2@@std@@@2@V?$allocator@U?$pair@$$CBV?$basic_string@DU?$char_traits@D@std@@V?$allocator@D@2@@std@@PAVWCheckBox@@@std@@@2@$0A@@std@@@2@@Z 00409c90 f i dependtree:CheckBoxTreeView.obj
 0001:00008cf0       ?_Inc@const_iterator@?$_Tree@V?$_Tmap_traits@V?$basic_string@DU?$char_traits@D@std@@V?$allocator@D@2@@std@@_NU?$less@V?$basic_string@DU?$char_traits@D@std@@V?$allocator@D@2@@std@@@2@V?$allocator@U?$pair@$$CBV?$basic_string@DU?$char_traits@D@std@@V?$allocator@D@2@@std@@_N@std@@@2@$0A@@std@@@std@@QAEXXZ 00409cf0 f i dependtree:WTreeNode.obj
 0001:00008cf0       ?_Inc@const_iterator@?$_Tree@V?$_Tmap_traits@V?$basic_string@DU?$char_traits@D@std@@V?$allocator@D@2@@std@@PAVWSignalInstance_@@U?$less@V?$basic_string@DU?$char_traits@D@std@@V?$allocator@D@2@@std@@@2@V?$allocator@U?$pair@$$CBV?$basic_string@DU?$char_traits@D@std@@V?$allocator@D@2@@std@@PAVWSignalInstance_@@@std@@@2@$0A@@std@@@std@@QAEXXZ 00409cf0 f i dependformwt.obj
 0001:00008cf0       ?_Inc@const_iterator@?$_Tree@V?$_Tmap_traits@W4Property@Wt@@V?$basic_string@DU?$char_traits@D@std@@V?$allocator@D@2@@std@@U?$less@W4Property@Wt@@@4@V?$allocator@U?$pair@$$CBW4Property@Wt@@V?$basic_string@DU?$char_traits@D@std@@V?$allocator@D@2@@std@@@std@@@4@$0A@@std@@@std@@QAEXXZ 00409cf0 f i dependtree:WWebWidget.obj
[...]
 0001:00032600       $L20565                    00433600 f   dependtree:WCompositeWidget.obj
 0001:00032609       __ehhandler$?setStyleClass@WCompositeWidget@@UAEXV?$basic_string@DU?$char_traits@D@std@@V?$allocator@D@2@@std@@@Z 00433609 f   dependtree:WCompositeWidget.obj
 0001:00032609       __ehhandler$?setToolTip@WCompositeWidget@@UAEXV?$basic_string@DU?$char_traits@D@std@@V?$allocator@D@2@@std@@@Z 00433609 f   dependtree:WCompositeWidget.obj
 0001:00032620       $L26033                    00433620 f   dependtree:WCompositeWidget.obj
 0001:00032620       $L26060                    00433620 f   dependtree:WCompositeWidget.obj
 0001:0003262b       $L26034                    0043362b f   dependtree:WCompositeWidget.obj
 0001:0003262b       $L26061                    0043362b f   dependtree:WCompositeWidget.obj
 0001:00032634       __ehhandler$?buildSignalMap@WCompositeWidget@@MAEXAAV?$map@V?$basic_string@DU?$char_traits@D@std@@V?$allocator@D@2@@std@@PAVWSignalInstance_@@U?$less@V?$basic_string@DU?$char_traits@D@std@@V?$allocator@D@2@@std@@@2@V?$allocator@U?$pair@$$CBV?$basic_string@DU?$char_traits@D@std@@V?$allocator@D@2@@std@@PAVWSignalInstance_@@@std@@@2@@std@@@Z 00433634 f   dependtree:WCompositeWidget.obj
 0001:00032634       __ehhandler$?buildSlotMap@WCompositeWidget@@MAEXAAV?$map@V?$basic_string@DU?$char_traits@D@std@@V?$allocator@D@2@@std@@PAVWSlotInstance_@@U?$less@V?$basic_string@DU?$char_traits@D@std@@V?$allocator@D@2@@std@@@2@V?$allocator@U?$pair@$$CBV?$basic_string@DU?$char_traits@D@std@@V?$allocator@D@2@@std@@PAVWSlotInstance_@@@std@@@2@@std@@@Z 00433634 f   dependtree:WCompositeWidget.obj
 0001:00032640       $L22021                    00433640 f   dependtree:WTreeNodeWt.obj
 0001:0003264b       $L22022                    0043364b f   dependtree:WTreeNodeWt.obj
 0001:00032654       __ehhandler$?buildSlotMap@WTreeNode@@MAEXAAV?$map@V?$basic_string@DU?$char_traits@D@std@@V?$allocator@D@2@@std@@PAVWSlotInstance_@@U?$less@V?$basic_string@DU?$char_traits@D@std@@V?$allocator@D@2@@std@@@2@V?$allocator@U?$pair@$$CBV?$basic_string@DU?$char_traits@D@std@@V?$allocator@D@2@@std@@PAVWSlotInstance_@@@std@@@2@@std@@@Z 00433654 f   dependtree:WTreeNodeWt.obj
 0001:00032660       $L26466                    00433660 f   dependtree:WTreeNodeWt.obj
 0001:0003266b       $L26467                    0043366b f   dependtree:WTreeNodeWt.obj
 0001:00032674       __ehhandler$?buildSignalMap@WTreeNode@@MAEXAAV?$map@V?$basic_string@DU?$char_traits@D@std@@V?$allocator@D@2@@std@@PAVWSignalInstance_@@U?$less@V?$basic_string@DU?$char_traits@D@std@@V?$allocator@D@2@@std@@@2@V?$allocator@U?$pair@$$CBV?$basic_string@DU?$char_traits@D@std@@V?$allocator@D@2@@std@@PAVWSignalInstance_@@@std@@@2@@std@@@Z 00433674 f   dependtree:WTreeNodeWt.obj
 0001:00032680       $L26499                    00433680 f   dependtree:WTreeNodeWt.obj
 0001:00032688       $L26500                    00433688 f   dependtree:WTreeNodeWt.obj
 0001:00032692       $L26502                    00433692 f   dependtree:WTreeNodeWt.obj
 0001:0003269a       $L26503                    0043369a f   dependtree:WTreeNodeWt.obj
 0001:000326a4       $L26505                    004336a4 f   dependtree:WTreeNodeWt.obj
 0001:000326ac       $L26506                    004336ac f   dependtree:WTreeNodeWt.obj
 0001:000326b6       $L26508                    004336b6 f   dependtree:WTreeNodeWt.obj
 0001:000326be       $L26509                    004336be f   dependtree:WTreeNodeWt.obj
 0001:000326c8       $L26511                    004336c8 f   dependtree:WTreeNodeWt.obj
 0001:000326d0       $L26512                    004336d0 f   dependtree:WTreeNodeWt.obj
 0001:000326da       __ehhandler$_$E6           004336da f   dependtree:WTreeNodeWt.obj
 0001:000326f0       $L26570                    004336f0 f   dependtree:WTreeNodeWt.obj
 0001:000326f8       $L26571                    004336f8 f   dependtree:WTreeNodeWt.obj
 0001:00032702       __ehhandler$_$E9           00433702 f   dependtree:WTreeNodeWt.obj
 0001:00032710       $L27803                    00433710 f   dependtree:WStateIconWt.obj
 0001:00032710       $L27776                    00433710 f   dependtree:WStateIconWt.obj
 0001:0003271b       $L27804                    0043371b f   dependtree:WStateIconWt.obj
 0001:0003271b       $L27777                    0043371b f   dependtree:WStateIconWt.obj
 0001:00032724       __ehhandler$?buildSlotMap@WStateIcon@@MAEXAAV?$map@V?$basic_string@DU?$char_traits@D@std@@V?$allocator@D@2@@std@@PAVWSlotInstance_@@U?$less@V?$basic_string@DU?$char_traits@D@std@@V?$allocator@D@2@@std@@@2@V?$allocator@U?$pair@$$CBV?$basic_string@DU?$char_traits@D@std@@V?$allocator@D@2@@std@@PAVWSlotInstance_@@@std@@@2@@std@@@Z 00433724 f   dependtree:WStateIconWt.obj
 0001:00032724       __ehhandler$?buildSignalMap@WStateIcon@@MAEXAAV?$map@V?$basic_string@DU?$char_traits@D@std@@V?$allocator@D@2@@std@@PAVWSignalInstance_@@U?$less@V?$basic_string@DU?$char_traits@D@std@@V?$allocator@D@2@@std@@@2@V?$allocator@U?$pair@$$CBV?$basic_string@DU?$char_traits@D@std@@V?$allocator@D@2@@std@@PAVWSignalInstance_@@@std@@@2@@std@@@Z 00433724 f   dependtree:WStateIconWt.obj
 0001:00032730       $L27830                    00433730 f   dependtree:WStateIconWt.obj
 0001:00032738       $L27831                    00433738 f   dependtree:WStateIconWt.obj
 0001:00032742       $L27833                    00433742 f   dependtree:WStateIconWt.obj
 0001:0003274a       $L27834                    0043374a f   dependtree:WStateIconWt.obj
 0001:00032754       __ehhandler$_$E5           00433754 f   dependtree:WStateIconWt.obj
 0001:00032760       _$E7                       00433760 f   dependformwt.obj
 0001:000328d0       _$E10                      004338d0 f   dependformwt.obj
 0001:000328f0       _$E7                       004338f0 f   WSPopTableWt.obj
 0001:00032980       _$E10                      00433980 f   WSPopTableWt.obj
 0001:000329a0       _$E5                       004339a0 f   dependtree:WWebWidget.obj
 0001:000329c0       _$E8                       004339c0 f   dependtree:WWebWidget.obj
 0001:000329e0       _$E4                       004339e0 f   dependtree:WInteractWidget.obj
 0001:00032a70       _$E7                       00433a70 f   dependtree:WInteractWidget.obj
 0001:00032ec0       _$E5                       00433ec0 f   dependtree:WContainerWidget.obj
 0001:00032ee0       _$E8                       00433ee0 f   dependtree:WContainerWidget.obj
 0001:00032f00       _$E7                       00433f00 f   dependtree:WTable.obj
 0001:00032f20       _$E10                      00433f20 f   dependtree:WTable.obj
 0001:00032f40       _$E13                      00433f40 f   dependtree:WTable.obj
 0001:00032f60       _$E16                      00433f60 f   dependtree:WTable.obj
 0001:00032f80       _$E4                       00433f80 f   dependtree:WText.obj
 0001:00032fa0       _$E7                       00433fa0 f   dependtree:WText.obj
 0001:00032fc0       _$E4                       00433fc0 f   dependtree:WImage.obj
 0001:00033050       _$E7                       00434050 f   dependtree:WImage.obj
 0001:00033070       _$E4                       00434070 f   dependtree:WFormWidget.obj
 0001:00033190       _$E7                       00434190 f   dependtree:WFormWidget.obj
 0001:000332b0       _$E4                       004342b0 f   dependtree:WPushButton.obj
 0001:000332d0       _$E7                       004342d0 f   dependtree:WPushButton.obj
 0001:000332f0       _$E3                       004342f0 f   dependtree:WScrollArea.obj
 0001:00033310       _$E6                       00434310 f   dependtree:WScrollArea.obj
 0001:00033330       _$E7                       00434330 f   dependtree:WApplication.obj
 0001:00033410       _$E10                      00434410 f   dependtree:WApplication.obj
 0001:00033430       _$E7                       00434430 f   dependtree:WebSession.obj
 0001:00033450       _$E1                       00434450 f   dependtree:WObject.obj
 0001:00033470       _$E4                       00434470 f   dependtree:WObject.obj
 0001:00033500       _$E3                       00434500 f   dependtree:WWidget.obj
 0001:000335e0       _$E6                       004345e0 f   dependtree:WWidget.obj
 0001:00033600       _$E7                       00434600 f   dependtree:WTableCell.obj
 0001:00033620       _$E10                      00434620 f   dependtree:WTableCell.obj
 0001:00033640       _$E3                       00434640 f   dependtree:DomElement.obj
 0001:000338d0       _$E1                       004348d0 f   dependtree:WResource.obj
 0001:000338f0       _$E4                       004348f0 f   dependtree:WResource.obj
 0001:00033980       _$E4                       00434980 f   dependtree:WLabel.obj
 0001:000339a0       _$E7                       004349a0 f   dependtree:WLabel.obj
 0001:000339c0       _$E3                       004349c0 f   dependtree:WScrollBar.obj
 0001:00033a50       _$E6                       00434a50 f   dependtree:WScrollBar.obj
 0001:00033a70       _$E4                       00434a70 f   dependtree:WLineEdit.obj
 0001:00033b00       _$E7                       00434b00 f   dependtree:WLineEdit.obj
 0001:00033b20       _$E4                       00434b20 f   dependtree:WAbstractToggleButton.obj
 0001:00033c40       _$E7                       00434c40 f   dependtree:WAbstractToggleButton.obj
 0001:00033d20       _$E6                       00434d20 f   dependtree:WCheckBox.obj
 0001:00033d40       _$E9                       00434d40 f   dependtree:WCheckBox.obj
 0001:00033d60       _$E4                       00434d60 f   dependtree:WComboBox.obj
 0001:00033e40       _$E7                       00434e40 f   dependtree:WComboBox.obj
 0001:00033f20       _$E3                       00434f20 f   dependtree:WBreak.obj
 0001:00033f40       _$E6                       00434f40 f   dependtree:WBreak.obj
 0001:00033f60       _$E4                       00434f60 f   dependtree:WSVLinkText.obj
 0001:00033f80       _$E7                       00434f80 f   dependtree:WSVLinkText.obj
 0001:00033fa0       _$E11                      00434fa0 f   dependtree:WTreeNode.obj
 0001:00034000       _$E7                       00435000 f   dependtree:CheckBoxTreeViewWt.obj
 0001:00034170       _$E10                      00435170 f   dependtree:CheckBoxTreeViewWt.obj
 0001:00034190       _$E1                       00435190 f   dependtree:WColor.obj
 0001:00034200       _$E4                       00435200 f   dependtree:WColor.obj
 0001:00034270       _$E7                       00435270 f   dependtree:WColor.obj
 0001:000342e0       _$E10                      004352e0 f   dependtree:WColor.obj
 0001:00034350       _$E13                      00435350 f   dependtree:WColor.obj
 0001:000343c0       _$E16                      004353c0 f   dependtree:WColor.obj
 0001:00034430       _$E19                      00435430 f   dependtree:WColor.obj
 0001:000344a0       _$E22                      004354a0 f   dependtree:WColor.obj
 0001:00034510       _$E25                      00435510 f   dependtree:WColor.obj
 0001:00034580       _$E28                      00435580 f   dependtree:WColor.obj
 0001:000345f0       _$E31                      004355f0 f   dependtree:WColor.obj
 0001:00034660       _$E34                      00435660 f   dependtree:WColor.obj
 0001:000346d0       _$E37                      004356d0 f   dependtree:WColor.obj
 0001:00034740       _$E40                      00435740 f   dependtree:WColor.obj
 0001:000347b0       _$E43                      004357b0 f   dependtree:WColor.obj
 0001:000347e0       _$E46                      004357e0 f   dependtree:WColor.obj
 0001:00034850       _$E49                      00435850 f   dependtree:WColor.obj
 0001:000348c0       _$E52                      004358c0 f   dependtree:WColor.obj
 0001:00034930       _$E1                       00435930 f   dependtree:WCompositeWidget.obj
 0001:00034950       _$E4                       00435950 f   dependtree:WCompositeWidget.obj
 0001:00034970       _$E6                       00435970 f   dependtree:WTreeNodeWt.obj
 0001:00034b30       _$E9                       00435b30 f   dependtree:WTreeNodeWt.obj
 0001:00034bc0       _$E5                       00435bc0 f   dependtree:WStateIconWt.obj
 0001:00034ca0       _$E8                       00435ca0 f   dependtree:WStateIconWt.obj
 0001:00034cc0       _$E8                       00435cc0 f   dependformwt.obj
 0001:00034ce0       _$E11                      00435ce0 f   dependformwt.obj
 0001:00034d00       _$E8                       00435d00 f   WSPopTableWt.obj
 0001:00034d20       _$E11                      00435d20 f   WSPopTableWt.obj
 0001:00034d40       _$E6                       00435d40 f   dependtree:WWebWidget.obj
 0001:00034d60       _$E9                       00435d60 f   dependtree:WWebWidget.obj
 0001:00034d80       _$E5                       00435d80 f   dependtree:WInteractWidget.obj
 0001:00034da0       _$E8                       00435da0 f   dependtree:WInteractWidget.obj
 0001:00034dc0       _$E6                       00435dc0 f   dependtree:WContainerWidget.obj
 0001:00034de0       _$E9                       00435de0 f   dependtree:WContainerWidget.obj
 0001:00034e00       _$E8                       00435e00 f   dependtree:WTable.obj
 0001:00034e20       _$E11                      00435e20 f   dependtree:WTable.obj
 0001:00034e40       _$E14                      00435e40 f   dependtree:WTable.obj
 0001:00034e60       _$E17                      00435e60 f   dependtree:WTable.obj
 0001:00034e80       _$E5                       00435e80 f   dependtree:WText.obj
 0001:00034ea0       _$E8                       00435ea0 f   dependtree:WText.obj
 0001:00034ec0       _$E5                       00435ec0 f   dependtree:WImage.obj
 0001:00034ee0       _$E8                       00435ee0 f   dependtree:WImage.obj
 0001:00034f00       _$E5                       00435f00 f   dependtree:WFormWidget.obj
 0001:00034f20       _$E8                       00435f20 f   dependtree:WFormWidget.obj
 0001:00034f40       _$E5                       00435f40 f   dependtree:WPushButton.obj
 0001:00034f60       _$E8                       00435f60 f   dependtree:WPushButton.obj
 0001:00034f80       _$E4                       00435f80 f   dependtree:WScrollArea.obj
 0001:00034fa0       _$E7                       00435fa0 f   dependtree:WScrollArea.obj
 0001:00034fc0       _$E8                       00435fc0 f   dependtree:WApplication.obj
 0001:00034fe0       _$E11                      00435fe0 f   dependtree:WApplication.obj
 0001:00035000       _$E8                       00436000 f   dependtree:WebSession.obj
 0001:00035010       _$E14                      00436010 f   dependtree:WebSession.obj
 0001:00035020       _$E13                      00436020 f   dependtree:WebSession.obj
 0001:00035030       _$E12                      00436030 f   dependtree:WebSession.obj
 0001:00035040       _$E11                      00436040 f   dependtree:WebSession.obj
 0001:00035050       _$E16                      00436050 f   dependtree:WebSession.obj
 0001:00035060       _$E2                       00436060 f   dependtree:WObject.obj
 0001:00035080       _$E5                       00436080 f   dependtree:WObject.obj
 0001:000350a0       _$E4                       004360a0 f   dependtree:WWidget.obj
 0001:000350c0       _$E7                       004360c0 f   dependtree:WWidget.obj
 0001:000350e0       _$E8                       004360e0 f   dependtree:WTableCell.obj
 0001:00035100       _$E11                      00436100 f   dependtree:WTableCell.obj
 0001:00035120       _$E4                       00436120 f   dependtree:DomElement.obj
 0001:00035140       _$E7                       00436140 f   dependtree:DomElement.obj
 0001:00035160       _$E9                       00436160 f   dependtree:DomElement.obj
 0001:00035180       _$E2                       00436180 f   dependtree:WResource.obj
 0001:000351a0       _$E5                       004361a0 f   dependtree:WResource.obj
 0001:000351c0       _$E5                       004361c0 f   dependtree:WLabel.obj
 0001:000351e0       _$E8                       004361e0 f   dependtree:WLabel.obj
 0001:00035200       _$E4                       00436200 f   dependtree:WScrollBar.obj
 0001:00035220       _$E7                       00436220 f   dependtree:WScrollBar.obj
 0001:00035240       _$E5                       00436240 f   dependtree:WLineEdit.obj
 0001:00035260       _$E8                       00436260 f   dependtree:WLineEdit.obj
 0001:00035280       _$E5                       00436280 f   dependtree:WAbstractToggleButton.obj
 0001:000352a0       _$E8                       004362a0 f   dependtree:WAbstractToggleButton.obj
 0001:000352c0       _$E7                       004362c0 f   dependtree:WCheckBox.obj
 0001:000352e0       _$E10                      004362e0 f   dependtree:WCheckBox.obj
 0001:00035300       _$E5                       00436300 f   dependtree:WComboBox.obj
 0001:00035320       _$E8                       00436320 f   dependtree:WComboBox.obj
 0001:00035340       _$E4                       00436340 f   dependtree:WBreak.obj
 0001:00035360       _$E7                       00436360 f   dependtree:WBreak.obj
 0001:00035380       _$E5                       00436380 f   dependtree:WSVLinkText.obj
 0001:000353a0       _$E8                       004363a0 f   dependtree:WSVLinkText.obj
 0001:000353c0       _$E12                      004363c0 f   dependtree:WTreeNode.obj
 0001:000353e0       _$E8                       004363e0 f   dependtree:CheckBoxTreeViewWt.obj
 0001:00035400       _$E11                      00436400 f   dependtree:CheckBoxTreeViewWt.obj
 0001:00035420       _$E2                       00436420 f   dependtree:WColor.obj
 0001:00035430       _$E5                       00436430 f   dependtree:WColor.obj
 0001:00035440       _$E8                       00436440 f   dependtree:WColor.obj
 0001:00035450       _$E11                      00436450 f   dependtree:WColor.obj
 0001:00035460       _$E14                      00436460 f   dependtree:WColor.obj
 0001:00035470       _$E17                      00436470 f   dependtree:WColor.obj
 0001:00035480       _$E20                      00436480 f   dependtree:WColor.obj
 0001:00035490       _$E23                      00436490 f   dependtree:WColor.obj
 0001:000354a0       _$E26                      004364a0 f   dependtree:WColor.obj
 0001:000354b0       _$E29                      004364b0 f   dependtree:WColor.obj
 0001:000354c0       _$E32                      004364c0 f   dependtree:WColor.obj
 0001:000354d0       _$E35                      004364d0 f   dependtree:WColor.obj
 0001:000354e0       _$E38                      004364e0 f   dependtree:WColor.obj
 0001:000354f0       _$E41                      004364f0 f   dependtree:WColor.obj
 0001:00035500       _$E44                      00436500 f   dependtree:WColor.obj
 0001:00035510       _$E47                      00436510 f   dependtree:WColor.obj
 0001:00035520       _$E50                      00436520 f   dependtree:WColor.obj
 0001:00035530       _$E53                      00436530 f   dependtree:WColor.obj
 0001:00035540       _$E2                       00436540 f   dependtree:WCompositeWidget.obj
 0001:00035560       _$E5                       00436560 f   dependtree:WCompositeWidget.obj
 0001:00035580       _$E7                       00436580 f   dependtree:WTreeNodeWt.obj
 0001:000355a0       _$E10                      004365a0 f   dependtree:WTreeNodeWt.obj
 0001:000355c0       _$E6                       004365c0 f   dependtree:WStateIconWt.obj
 0001:000355e0       _$E9                       004365e0 f   dependtree:WStateIconWt.obj
