 refresh

 Timestamp is 45b72e7c (Wed Jan 24 18:01:32 2007)

 Preferred load address is 00400000

 Start         Length     Name                   Class
 0001:00000000 00024268H .text                   CODE
 0001:00024270 000042e2H .text$x                 CODE
 0001:00028560 00001afbH .text$yc                CODE
 0001:0002a060 000006daH .text$yd                CODE
 0002:00000000 00000248H .idata$5                DATA
 0002:00000248 000045e8H .rdata                  DATA
 0002:00004830 00000044H .rdata$r                DATA
 0002:00004880 000003d8H .rdata$sxdata           DATA
 0002:00004c58 00000004H .rtc$IAA                DATA
 0002:00004c5c 00000004H .rtc$IZZ                DATA
 0002:00004c60 00000004H .rtc$TAA                DATA
 0002:00004c64 00000004H .rtc$TZZ                DATA
 0002:00004c68 0000458cH .xdata$x                DATA
 0002:000091f4 00000064H .idata$2                DATA
 0002:00009258 00000014H .idata$3                DATA
 0002:0000926c 00000248H .idata$4                DATA
 0002:000094b4 00001608H .idata$6                DATA
 0002:0000aac0 0000c1baH .edata                  DATA
 0003:00000000 00000004H .CRT$XCA                DATA
 0003:00000004 00000004H .CRT$XCAA               DATA
 0003:00000008 000000e8H .CRT$XCU                DATA
 0003:000000f0 00000004H .CRT$XCZ                DATA
 0003:000000f4 00000004H .CRT$XIA                DATA
 0003:000000f8 00000004H .CRT$XIZ                DATA
 0003:00000100 000001f4H .data                   DATA
 0003:000002f8 00001958H .bss                    DATA

  Address         Publics by Value              Rva+Base     Lib:Object

 0000:00000000       __except_list              00000000     <absolute>
 0000:000000f6       ___safe_se_handler_count   000000f6     <absolute>
 0000:00009876       __fltused                  00009876     <absolute>
 0000:00009876       __ldused                   00009876     <absolute>
 0001:00000000       ?refresh@WSPopTable@@UAEXXZ 00401000 f i WSPopTable.obj
 0001:00000000       ??3@YAXPAX0@Z              00401000 f i refresh.obj
 0001:00000000       ?signalConnectionsChanged@WObject@@EAEXXZ 00401000 f i libwt:WObject.obj
 0001:00000000       ?BtnProc@WSPopTable@@AAEXXZ 00401000 f i WSPopTable.obj
 0001:00000010       ??1logic_error@std@@UAE@XZ 00401010 f i refresh.obj
 0001:00000070       ?what@logic_error@std@@UBEPBDXZ 00401070 f i refresh.obj
 0001:00000080       ??_Elogic_error@std@@UAEPAXI@Z 00401080 f i refresh.obj
 0001:00000080       ??_Glogic_error@std@@UAEPAXI@Z 00401080 f i refresh.obj
 0001:000000a0       ??_Elength_error@std@@UAEPAXI@Z 004010a0 f i refresh.obj
 0001:000000a0       ??_Glength_error@std@@UAEPAXI@Z 004010a0 f i refresh.obj
 0001:000000c0       ??1length_error@std@@UAE@XZ 004010c0 f i refresh.obj
 0001:000000d0       ??_Eout_of_range@std@@UAEPAXI@Z 004010d0 f i refresh.obj
 0001:000000d0       ??_Gout_of_range@std@@UAEPAXI@Z 004010d0 f i refresh.obj
 0001:000000f0       ??1out_of_range@std@@UAE@XZ 004010f0 f i refresh.obj
 0001:00000100       ?haveJavaScript@WebSession@@QBE_NXZ 00401100 f i refresh.obj
 0001:00000110       ?havaAjax@WebSession@@QBE_NXZ 00401110 f i refresh.obj
 0001:00000120       ?genericFamily@WFont@@QBE?AW4GenericFamily@1@XZ 00401120 f i refresh.obj
 0001:00000120       ?cursor@WCssDecorationStyle@@QBE?AW4Cursor@1@XZ 00401120 f i refresh.obj
 0001:00000120       ?sender@WObject@@ABEPAV1@XZ 00401120 f i refresh.obj
 0001:00000120       ?object@WSignalInstance_@@QBEPAVWObject@@XZ 00401120 f i refreshformwt.obj
 0001:00000120       ?slot@WConnection_@@QBEPAVWSlotInstance_@@XZ 00401120 f i libwt:WebSession.obj
 0001:00000120       ?red@WColor@@QBEHXZ        00401120 f i refresh.obj
 0001:00000120       ?unit@WLength@@QBE?AW4Unit@1@XZ 00401120 f i refresh.obj
 0001:00000130       ?value@WLength@@QBENXZ     00401130 f i refresh.obj
 0001:00000140       ??4WLength@@QAEAAV0@ABV0@@Z 00401140 f i refresh.obj
 0001:00000170       ?isAuto@WLength@@QBE_NXZ   00401170 f i refresh.obj
 0001:00000170       ?isDefault@WColor@@QBE_NXZ 00401170 f i refresh.obj
 0001:00000180       ?type@WConnection_@@QBE?AW4ConnectionType@WObject@@XZ 00401180 f i libwt:WebSession.obj
 0001:00000180       ?green@WColor@@QBEHXZ      00401180 f i refresh.obj
 0001:00000190       ?blue@WColor@@QBEHXZ       00401190 f i refresh.obj
 0001:000001a0       ?name@WColor@@QBE?AV?$basic_string@DU?$char_traits@D@std@@V?$allocator@D@2@@std@@XZ 004011a0 f i refresh.obj
 0001:000001d0       ??1WColor@@QAE@XZ          004011d0 f i refresh.obj
 0001:000001d0       ??1_Node@?$_Tree_nod@V?$_Tmap_traits@W4Property@Wt@@V?$basic_string@DU?$char_traits@D@std@@V?$allocator@D@2@@std@@U?$less@W4Property@Wt@@@4@V?$allocator@U?$pair@$$CBW4Property@Wt@@V?$basic_string@DU?$char_traits@D@std@@V?$allocator@D@2@@std@@@std@@@4@$0A@@std@@@std@@QAE@XZ 004011d0 f i libwt:WWebWidget.obj
 0001:000001e0       ??0WColor@@QAE@ABV0@@Z     004011e0 f i refresh.obj
 0001:00000210       ??4WColor@@QAEAAV0@ABV0@@Z 00401210 f i refresh.obj
 0001:00000240       ?width@WBorder@@QBE?AW4Width@1@XZ 00401240 f i refresh.obj
 0001:00000240       ?signal@WConnection_@@QBEPAVWSignalInstance_@@XZ 00401240 f i libwt:WebSession.obj
 0001:00000250       ?explicitWidth@WBorder@@QBE?AVWLength@@XZ 00401250 f i refresh.obj
 0001:00000280       ?color@WBorder@@QBE?AVWColor@@XZ 00401280 f i refresh.obj
 0001:000002c0       ?style@WBorder@@QBE?AW4Style@1@XZ 004012c0 f i refresh.obj
 0001:000002d0       ??1WBorder@@QAE@XZ         004012d0 f i refresh.obj
 0001:000002e0       ??0WBorder@@QAE@ABV0@@Z    004012e0 f i refresh.obj
 0001:00000340       ??4WBorder@@QAEAAV0@ABV0@@Z 00401340 f i refresh.obj
 0001:000003a0       ?specificFamilies@WFont@@QBE?BV?$basic_string@DU?$char_traits@D@std@@V?$allocator@D@2@@std@@XZ 004013a0 f i refresh.obj
 0001:000003d0       ?style@WFont@@QBE?AW4Style@1@XZ 004013d0 f i refresh.obj
 0001:000003e0       ?variant@WFont@@QBE?AW4Variant@1@XZ 004013e0 f i refresh.obj
 0001:000003f0       ?weight@WFont@@QBE?AW4Weight@1@XZ 004013f0 f i refresh.obj
 0001:00000400       ?weightValue@WFont@@QBEHXZ 00401400 f i refresh.obj
 0001:00000410       ?size@WFont@@QBE?AW4Size@1@XZ 00401410 f i refresh.obj
 0001:00000410       ?getRefreshTime@WApplication@@QAEHXZ 00401410 f i refresh.obj
 0001:00000420       ?fixedSize@WFont@@QBE?AVWLength@@XZ 00401420 f i refresh.obj
 0001:00000450       ??1WFont@@QAE@XZ           00401450 f i refresh.obj
 0001:00000460       ??0WFont@@QAE@ABV0@@Z      00401460 f i refresh.obj
 0001:000004e0       ??4WFont@@QAEAAV0@ABV0@@Z  004014e0 f i refresh.obj
 0001:00000560       ?backgroundColor@WCssDecorationStyle@@QBE?AVWColor@@XZ 00401560 f i refresh.obj
 0001:000005a0       ?backgroundImage@WCssDecorationStyle@@QBE?BV?$basic_string@DU?$char_traits@D@std@@V?$allocator@D@2@@std@@XZ 004015a0 f i refresh.obj
 0001:000005d0       ?backgroundImageRepeat@WCssDecorationStyle@@QBE?AW4Repeat@1@XZ 004015d0 f i refresh.obj
 0001:000005e0       ?foregroundColor@WCssDecorationStyle@@QBE?AVWColor@@XZ 004015e0 f i refresh.obj
 0001:00000630       ?border@WCssDecorationStyle@@QBE?AVWBorder@@XZ 00401630 f i refresh.obj
 0001:00000650       ??1WCssDecorationStyle@@QAE@XZ 00401650 f i refresh.obj
 0001:000006e0       ??0WCssDecorationStyle@@QAE@ABV0@@Z 004016e0 f i refresh.obj
 0001:00000820       ??4WCssDecorationStyle@@QAEAAV0@ABV0@@Z 00401820 f i refresh.obj
 0001:00000920       ?selector@WCssRule@@QBE?BV?$basic_string@DU?$char_traits@D@std@@V?$allocator@D@2@@std@@XZ 00401920 f i refresh.obj
 0001:00000950       ??0WCssRule@@QAE@ABV0@@Z   00401950 f i refresh.obj
 0001:00000970       ??4WCssRule@@QAEAAV0@ABV0@@Z 00401970 f i refresh.obj
 0001:00000990       ??_EWCssRule@@UAEPAXI@Z    00401990 f i refresh.obj
 0001:000009f0       ?styleSheet@WApplication@@QAEAAVWCssStyleSheet@@XZ 004019f0 f i refresh.obj
 0001:00000a00       ?root@WApplication@@QBEPAVWContainerWidget@@XZ 00401a00 f i refresh.obj
 0001:00000a10       ?title@WApplication@@QBE?AV?$basic_string@DU?$char_traits@D@std@@V?$allocator@D@2@@std@@XZ 00401a10 f i refresh.obj
 0001:00000a40       ?loading@WApplication@@QBE_NXZ 00401a40 f i refresh.obj
 0001:00000a50       ?setLoading@WApplication@@QAEX_N@Z 00401a50 f i refresh.obj
 0001:00000a60       ?messageResourceBundle@WApplication@@QAEAAVWMessageResourceBundle@@XZ 00401a60 f i refresh.obj
 0001:00000a70       ?locale@WApplication@@QBE?AV?$basic_string@DU?$char_traits@D@std@@V?$allocator@D@2@@std@@XZ 00401a70 f i refresh.obj
 0001:00000aa0       ?getBodyAttribute@WApplication@@QAE?BV?$basic_string@DU?$char_traits@D@std@@V?$allocator@D@2@@std@@XZ 00401aa0 f i refresh.obj
 0001:00000ad0       ?setBeforBodyStr@WApplication@@QAEXV?$basic_string@DU?$char_traits@D@std@@V?$allocator@D@2@@std@@@Z 00401ad0 f i refresh.obj
 0001:00000b20       ?getBeforBodyStr@WApplication@@QAE?BV?$basic_string@DU?$char_traits@D@std@@V?$allocator@D@2@@std@@XZ 00401b20 f i refresh.obj
 0001:00000b50       ?getRefreshFunc@WApplication@@QAE?AV?$basic_string@DU?$char_traits@D@std@@V?$allocator@D@2@@std@@XZ 00401b50 f i refresh.obj
 0001:00000b80       ?isQuited@WApplication@@ABE_NXZ 00401b80 f i refresh.obj
 0001:00000b90       ?empty@WMessage@@QBE_NXZ   00401b90 f i refresh.obj
 0001:00000ba0       ??0WMessage@@QAE@ABV0@@Z   00401ba0 f i refresh.obj
 0001:00000ba0       ??0JSVar@@QAE@ABV0@@Z      00401ba0 f i libwt:JavaScript.obj
 0001:00000bc0       ??4WMessage@@QAEAAV0@ABV0@@Z 00401bc0 f i refresh.obj
 0001:00000be0       ??4WResource@@QAEAAV0@ABV0@@Z 00401be0 f i refresh.obj
 0001:00000be0       ??4WWidget@@QAEAAV0@ABV0@@Z 00401be0 f i refresh.obj
 0001:00000be0       ??4WObject@@QAEAAV0@ABV0@@Z 00401be0 f i refresh.obj
 0001:00000c10       ?positionScheme@WWebWidget@@UBE?AW4PositionScheme@WWidget@@XZ 00401c10 f i refresh.obj
 0001:00000c20       ?width@WWebWidget@@UBE?AVWLength@@XZ 00401c20 f i refresh.obj
 0001:00000c50       ?height@WWebWidget@@UBE?AVWLength@@XZ 00401c50 f i refresh.obj
 0001:00000c80       ?isHidden@WWebWidget@@UBE_NXZ 00401c80 f i refresh.obj
 0001:00000c90       ?isPopup@WWebWidget@@UBE_NXZ 00401c90 f i refresh.obj
 0001:00000ca0       ?isInline@WWebWidget@@UBE_NXZ 00401ca0 f i refresh.obj
 0001:00000cb0       ?decorationStyle@WWebWidget@@UAEAAVWCssDecorationStyle@@XZ 00401cb0 f i refresh.obj
 0001:00000cb0       ?font@WCssDecorationStyle@@QAEAAVWFont@@XZ 00401cb0 f i refresh.obj
 0001:00000cc0       ?styleClass@WWebWidget@@UBE?BV?$basic_string@DU?$char_traits@D@std@@V?$allocator@D@2@@std@@XZ 00401cc0 f i refresh.obj
 0001:00000cf0       ?verticalAlignment@WWebWidget@@UBE?AW4VerticalAlignment@WWidget@@XZ 00401cf0 f i refresh.obj
 0001:00000d00       ?verticalAlignmentLength@WWebWidget@@UBE?AVWLength@@XZ 00401d00 f i refresh.obj
 0001:00000d30       ?toolTip@WWebWidget@@UBE?AV?$basic_string@DU?$char_traits@D@std@@V?$allocator@D@2@@std@@XZ 00401d30 f i refresh.obj
 0001:00000d60       ?toolTipMessage@WWebWidget@@UBEABVWMessage@@XZ 00401d60 f i refresh.obj
 0001:00000d70       ?renderState@WWebWidget@@IBE?AW4RenderState@1@XZ 00401d70 f i refresh.obj
 0001:00000d80       ?webWidget@WWebWidget@@MAEPAV1@XZ 00401d80 f i refresh.obj
 0001:00000d90       ?children@WWebWidget@@MBEABV?$vector@PAVWWidget@@V?$allocator@PAVWWidget@@@std@@@std@@XZ 00401d90 f i refresh.obj
 0001:00000da0       ??_FWWebWidget@@QAEXXZ     00401da0 f i refresh.obj
 0001:00000db0       ?widget@WScrollArea@@QBEPAVWWidget@@XZ 00401db0 f i refresh.obj
 0001:00000db0       ?data@WInteractWidget@@QAEPAXXZ 00401db0 f i refresh.obj
 0001:00000dc0       ??1WInteractWidget@@UAE@XZ 00401dc0 f i refresh.obj
 0001:00000dd0       ??_FWInteractWidget@@QAEXXZ 00401dd0 f i refresh.obj
 0001:00000de0       ?label@WFormWidget@@QBEPAVWLabel@@XZ 00401de0 f i refresh.obj
 0001:00000de0       ?buddy@WLabel@@QBEPAVWFormWidget@@XZ 00401de0 f i libwt:WFormWidget.obj
 0001:00000de0       ?contentAlignment@WContainerWidget@@QBE?AW4HorizontalAlignment@WWidget@@XZ 00401de0 f i refresh.obj
 0001:00000df0       ??_FWContainerWidget@@QAEXXZ 00401df0 f i refresh.obj
 0001:00000e00       ?table@WTableRow@@QBEPAVWTable@@XZ 00401e00 f i refresh.obj
 0001:00000e10       ??_FWTable@@QAEXXZ         00401e10 f i refresh.obj
 0001:00000e20       ?rowSpan@WTableCell@@QBEHXZ 00401e20 f i refresh.obj
 0001:00000e30       ?columnSpan@WTableCell@@QBEHXZ 00401e30 f i refresh.obj
 0001:00000e40       ?column@WTableCell@@QBEHXZ 00401e40 f i refresh.obj
 0001:00000e50       ?message@WText@@QBEABVWMessage@@XZ 00401e50 f i refresh.obj
 0001:00000e60       ??1WText@@UAE@XZ           00401e60 f i refresh.obj
 0001:00000ed0       ??_FWText@@QAEXXZ          00401ed0 f i refresh.obj
 0001:00000ee0       ?alternateText@WImage@@QBE?BV?$basic_string@DU?$char_traits@D@std@@V?$allocator@D@2@@std@@XZ 00401ee0 f i refresh.obj
 0001:00000f10       ?resource@WImage@@QBEPAVWResource@@XZ 00401f10 f i refresh.obj
 0001:00000f10       ?formatting@WText@@QBE?AW4Formatting@1@XZ 00401f10 f i refresh.obj
 0001:00000f20       ??1WImage@@UAE@XZ          00401f20 f i refresh.obj
 0001:00000f90       ??_FWImage@@QAEXXZ         00401f90 f i refresh.obj
 0001:00000fa0       ?isEnabled@WFormWidget@@QBE_NXZ 00401fa0 f i refresh.obj
 0001:00000fb0       ??_FWFormWidget@@QAEXXZ    00401fb0 f i refresh.obj
 0001:00000fc0       ?text@WPushButton@@QBE?AV?$basic_string@DU?$char_traits@D@std@@V?$allocator@D@2@@std@@XZ 00401fc0 f i refresh.obj
 0001:00000ff0       ?message@WPushButton@@QBEABVWMessage@@XZ 00401ff0 f i refresh.obj
 0001:00001000       ??1WPushButton@@UAE@XZ     00402000 f i refresh.obj
 0001:00001070       ??_FWPushButton@@QAEXXZ    00402070 f i refresh.obj
 0001:00001080       ?horizontalScrollBar@WScrollArea@@QBEPAVWScrollBar@@XZ 00402080 f i refresh.obj
 0001:00001090       ?verticalScrollBar@WScrollArea@@QBEPAVWScrollBar@@XZ 00402090 f i refresh.obj
 0001:000010a0       ??_FWScrollArea@@QAEXXZ    004020a0 f i refresh.obj
 0001:000010b0       ?orientation@WScrollBar@@QBE?AW4Orientation@1@XZ 004020b0 f i refresh.obj
 0001:000010b0       ?floatSide@WWebWidget@@UBE?AW4Side@WWidget@@XZ 004020b0 f i libwt:WWebWidget.obj
 0001:000010b0       ?type@DomElement@@QBE?AW4ElementType@1@XZ 004020b0 f i libwt:WWebWidget.obj
 0001:000010c0       ?PrintDebugString@@YAXPBD@Z 004020c0 f   refresh.obj
 0001:000010e0       ?refreshmonitor@@YAXHQAPAD@Z 004020e0 f   refresh.obj
 0001:000012f0       ?_Xlen@?$vector@PAVWTableRow@@V?$allocator@PAVWTableRow@@@std@@@std@@IBEXXZ 004022f0 f i refresh.obj
 0001:000012f0       ?_Xlen@?$vector@PAVDomElement@@V?$allocator@PAVDomElement@@@std@@@std@@IBEXXZ 004022f0 f i refresh.obj
 0001:000012f0       ?_Xlen@?$vector@PAVWObject@@V?$allocator@PAVWObject@@@std@@@std@@IBEXXZ 004022f0 f i refresh.obj
 0001:000012f0       ?_Xlen@?$vector@PAVWScrollBar@@V?$allocator@PAVWScrollBar@@@std@@@std@@IBEXXZ 004022f0 f i refresh.obj
 0001:000012f0       ?_Xlen@?$vector@UTableData@WTableRow@@V?$allocator@UTableData@WTableRow@@@std@@@std@@IBEXXZ 004022f0 f i refresh.obj
 0001:000012f0       ?_Xlen@?$vector@PAVWMessageResources@@V?$allocator@PAVWMessageResources@@@std@@@std@@IBEXXZ 004022f0 f i refresh.obj
 0001:000012f0       ?_Xlen@?$vector@PAVWWidget@@V?$allocator@PAVWWidget@@@std@@@std@@IBEXXZ 004022f0 f i refresh.obj
 0001:00001370       ??1_Sentry_base@?$basic_ostream@DU?$char_traits@D@std@@@std@@QAE@XZ 00402370 f i refresh.obj
 0001:00001390       ??0logic_error@std@@QAE@ABV01@@Z 00402390 f i refresh.obj
 0001:000013f0       ??$?HDU?$char_traits@D@std@@V?$allocator@D@1@@std@@YA?AV?$basic_string@DU?$char_traits@D@std@@V?$allocator@D@2@@0@ABV10@0@Z 004023f0 f i refresh.obj
 0001:00001470       ??$?HDU?$char_traits@D@std@@V?$allocator@D@1@@std@@YA?AV?$basic_string@DU?$char_traits@D@std@@V?$allocator@D@2@@0@PBDABV10@@Z 00402470 f i refresh.obj
 0001:000014f0       ??$?HDU?$char_traits@D@std@@V?$allocator@D@1@@std@@YA?AV?$basic_string@DU?$char_traits@D@std@@V?$allocator@D@2@@0@DABV10@@Z 004024f0 f i refresh.obj
 0001:00001570       ??$?HDU?$char_traits@D@std@@V?$allocator@D@1@@std@@YA?AV?$basic_string@DU?$char_traits@D@std@@V?$allocator@D@2@@0@ABV10@PBD@Z 00402570 f i refresh.obj
 0001:000015f0       ??$?HDU?$char_traits@D@std@@V?$allocator@D@1@@std@@YA?AV?$basic_string@DU?$char_traits@D@std@@V?$allocator@D@2@@0@ABV10@D@Z 004025f0 f i refresh.obj
 0001:00001670       ??0sentry@?$basic_ostream@DU?$char_traits@D@std@@@std@@QAE@AAV12@@Z 00402670 f i refresh.obj
 0001:00001700       ??1sentry@?$basic_ostream@DU?$char_traits@D@std@@@std@@QAE@XZ 00402700 f i refresh.obj
 0001:00001770       ?_Min@?$_Tree@V?$_Tmap_traits@V?$basic_string@DU?$char_traits@D@std@@V?$allocator@D@2@@std@@PAVWCssRule@@U?$less@V?$basic_string@DU?$char_traits@D@std@@V?$allocator@D@2@@std@@@2@V?$allocator@U?$pair@$$CBV?$basic_string@DU?$char_traits@D@std@@V?$allocator@D@2@@std@@PAVWCssRule@@@std@@@2@$0A@@std@@@std@@KAPAU_Node@?$_Tree_nod@V?$_Tmap_traits@V?$basic_string@DU?$char_traits@D@std@@V?$allocator@D@2@@std@@PAVWCssRule@@U?$less@V?$basic_string@DU?$char_traits@D@std@@V?$allocator@D@2@@std@@@2@V?$allocator@U?$pair@$$CBV?$basic_string@DU?$char_traits@D@std@@V?$allocator@D@2@@std@@PAVWCssRule@@@std@@@2@$0A@@std@@@2@PAU342@@Z 00402770 f i refresh.obj
 0001:00001770       ?_Min@?$_Tree@V?$_Tmap_traits@V?$basic_string@DU?$char_traits@D@std@@V?$allocator@D@2@@std@@PAVWSignalInstance_@@U?$less@V?$basic_string@DU?$char_traits@D@std@@V?$allocator@D@2@@std@@@2@V?$allocator@U?$pair@$$CBV?$basic_string@DU?$char_traits@D@std@@V?$allocator@D@2@@std@@PAVWSignalInstance_@@@std@@@2@$0A@@std@@@std@@KAPAU_Node@?$_Tree_nod@V?$_Tmap_traits@V?$basic_string@DU?$char_traits@D@std@@V?$allocator@D@2@@std@@PAVWSignalInstance_@@U?$less@V?$basic_string@DU?$char_traits@D@std@@V?$allocator@D@2@@std@@@2@V?$allocator@U?$pair@$$CBV?$basic_string@DU?$char_traits@D@std@@V?$allocator@D@2@@std@@PAVWSignalInstance_@@@std@@@2@$0A@@std@@@2@PAU342@@Z 00402770 f i refreshformwt.obj
 0001:00001770       ?_Min@?$_Tree@V?$_Tmap_traits@W4Property@Wt@@V?$basic_string@DU?$char_traits@D@std@@V?$allocator@D@2@@std@@U?$less@W4Property@Wt@@@4@V?$allocator@U?$pair@$$CBW4Property@Wt@@V?$basic_string@DU?$char_traits@D@std@@V?$allocator@D@2@@std@@@std@@@4@$0A@@std@@@std@@KAPAU_Node@?$_Tree_nod@V?$_Tmap_traits@W4Property@Wt@@V?$basic_string@DU?$char_traits@D@std@@V?$allocator@D@2@@std@@U?$less@W4Property@Wt@@@4@V?$allocator@U?$pair@$$CBW4Property@Wt@@V?$basic_string@DU?$char_traits@D@std@@V?$allocator@D@2@@std@@@std@@@4@$0A@@std@@@2@PAU342@@Z 00402770 f i libwt:WWebWidget.obj
 0001:00001770       ?_Min@?$_Tree@V?$_Tmap_traits@V?$basic_string@DU?$char_traits@D@std@@V?$allocator@D@2@@std@@PAVWSlotInstance_@@U?$less@V?$basic_string@DU?$char_traits@D@std@@V?$allocator@D@2@@std@@@2@V?$allocator@U?$pair@$$CBV?$basic_string@DU?$char_traits@D@std@@V?$allocator@D@2@@std@@PAVWSlotInstance_@@@std@@@2@$0A@@std@@@std@@KAPAU_Node@?$_Tree_nod@V?$_Tmap_traits@V?$basic_string@DU?$char_traits@D@std@@V?$allocator@D@2@@std@@PAVWSlotInstance_@@U?$less@V?$basic_string@DU?$char_traits@D@std@@V?$allocator@D@2@@std@@@2@V?$allocator@U?$pair@$$CBV?$basic_string@DU?$char_traits@D@std@@V?$allocator@D@2@@std@@PAVWSlotInstance_@@@std@@@2@$0A@@std@@@2@PAU342@@Z 00402770 f i libwt:WWebWidget.obj
 0001:00001790       ?_Max@?$_Tree@V?$_Tset_traits@PBVWSignalInstance_@@U?$less@PBVWSignalInstance_@@@std@@V?$allocator@PBVWSignalInstance_@@@3@$0A@@std@@@std@@KAPAU_Node@?$_Tree_nod@V?$_Tset_traits@PBVWSignalInstance_@@U?$less@PBVWSignalInstance_@@@std@@V?$allocator@PBVWSignalInstance_@@@3@$0A@@std@@@2@PAU342@@Z 00402790 f i refresh.obj
 0001:00001790       ?_Max@?$_Tree@V?$_Tset_traits@PBVWResource@@U?$less@PBVWResource@@@std@@V?$allocator@PBVWResource@@@3@$0A@@std@@@std@@KAPAU_Node@?$_Tree_nod@V?$_Tset_traits@PBVWResource@@U?$less@PBVWResource@@@std@@V?$allocator@PBVWResource@@@3@$0A@@std@@@2@PAU342@@Z 00402790 f i refresh.obj
 0001:000017b0       ?_Min@?$_Tree@V?$_Tset_traits@PBVWSignalInstance_@@U?$less@PBVWSignalInstance_@@@std@@V?$allocator@PBVWSignalInstance_@@@3@$0A@@std@@@std@@KAPAU_Node@?$_Tree_nod@V?$_Tset_traits@PBVWSignalInstance_@@U?$less@PBVWSignalInstance_@@@std@@V?$allocator@PBVWSignalInstance_@@@3@$0A@@std@@@2@PAU342@@Z 004027b0 f i refresh.obj
 0001:000017b0       ?_Min@?$_Tree@V?$_Tset_traits@PBVWResource@@U?$less@PBVWResource@@@std@@V?$allocator@PBVWResource@@@3@$0A@@std@@@std@@KAPAU_Node@?$_Tree_nod@V?$_Tset_traits@PBVWResource@@U?$less@PBVWResource@@@std@@V?$allocator@PBVWResource@@@3@$0A@@std@@@2@PAU342@@Z 004027b0 f i refresh.obj
 0001:000017d0       ??0length_error@std@@QAE@ABV01@@Z 004027d0 f i refresh.obj
 0001:000017f0       ?_Lrotate@?$_Tree@V?$_Tmap_traits@V?$basic_string@DU?$char_traits@D@std@@V?$allocator@D@2@@std@@PAVWSlotInstance_@@U?$less@V?$basic_string@DU?$char_traits@D@std@@V?$allocator@D@2@@std@@@2@V?$allocator@U?$pair@$$CBV?$basic_string@DU?$char_traits@D@std@@V?$allocator@D@2@@std@@PAVWSlotInstance_@@@std@@@2@$0A@@std@@@std@@IAEXPAU_Node@?$_Tree_nod@V?$_Tmap_traits@V?$basic_string@DU?$char_traits@D@std@@V?$allocator@D@2@@std@@PAVWSlotInstance_@@U?$less@V?$basic_string@DU?$char_traits@D@std@@V?$allocator@D@2@@std@@@2@V?$allocator@U?$pair@$$CBV?$basic_string@DU?$char_traits@D@std@@V?$allocator@D@2@@std@@PAVWSlotInstance_@@@std@@@2@$0A@@std@@@2@@Z 004027f0 f i libwt:WWebWidget.obj
 0001:000017f0       ?_Lrotate@?$_Tree@V?$_Tmap_traits@V?$basic_string@DU?$char_traits@D@std@@V?$allocator@D@2@@std@@PAVWCssRule@@U?$less@V?$basic_string@DU?$char_traits@D@std@@V?$allocator@D@2@@std@@@2@V?$allocator@U?$pair@$$CBV?$basic_string@DU?$char_traits@D@std@@V?$allocator@D@2@@std@@PAVWCssRule@@@std@@@2@$0A@@std@@@std@@IAEXPAU_Node@?$_Tree_nod@V?$_Tmap_traits@V?$basic_string@DU?$char_traits@D@std@@V?$allocator@D@2@@std@@PAVWCssRule@@U?$less@V?$basic_string@DU?$char_traits@D@std@@V?$allocator@D@2@@std@@@2@V?$allocator@U?$pair@$$CBV?$basic_string@DU?$char_traits@D@std@@V?$allocator@D@2@@std@@PAVWCssRule@@@std@@@2@$0A@@std@@@2@@Z 004027f0 f i refresh.obj
 0001:000017f0       ?_Lrotate@?$_Tree@V?$_Tmap_traits@V?$basic_string@DU?$char_traits@D@std@@V?$allocator@D@2@@std@@PAVWSignalInstance_@@U?$less@V?$basic_string@DU?$char_traits@D@std@@V?$allocator@D@2@@std@@@2@V?$allocator@U?$pair@$$CBV?$basic_string@DU?$char_traits@D@std@@V?$allocator@D@2@@std@@PAVWSignalInstance_@@@std@@@2@$0A@@std@@@std@@IAEXPAU_Node@?$_Tree_nod@V?$_Tmap_traits@V?$basic_string@DU?$char_traits@D@std@@V?$allocator@D@2@@std@@PAVWSignalInstance_@@U?$less@V?$basic_string@DU?$char_traits@D@std@@V?$allocator@D@2@@std@@@2@V?$allocator@U?$pair@$$CBV?$basic_string@DU?$char_traits@D@std@@V?$allocator@D@2@@std@@PAVWSignalInstance_@@@std@@@2@$0A@@std@@@2@@Z 004027f0 f i refreshformwt.obj
 0001:000017f0       ?_Lrotate@?$_Tree@V?$_Tmap_traits@W4Property@Wt@@V?$basic_string@DU?$char_traits@D@std@@V?$allocator@D@2@@std@@U?$less@W4Property@Wt@@@4@V?$allocator@U?$pair@$$CBW4Property@Wt@@V?$basic_string@DU?$char_traits@D@std@@V?$allocator@D@2@@std@@@std@@@4@$0A@@std@@@std@@IAEXPAU_Node@?$_Tree_nod@V?$_Tmap_traits@W4Property@Wt@@V?$basic_string@DU?$char_traits@D@std@@V?$allocator@D@2@@std@@U?$less@W4Property@Wt@@@4@V?$allocator@U?$pair@$$CBW4Property@Wt@@V?$basic_string@DU?$char_traits@D@std@@V?$allocator@D@2@@std@@@std@@@4@$0A@@std@@@2@@Z 004027f0 f i libwt:WWebWidget.obj
 0001:00001850       ?_Lrotate@?$_Tree@V?$_Tset_traits@PBVWResource@@U?$less@PBVWResource@@@std@@V?$allocator@PBVWResource@@@3@$0A@@std@@@std@@IAEXPAU_Node@?$_Tree_nod@V?$_Tset_traits@PBVWResource@@U?$less@PBVWResource@@@std@@V?$allocator@PBVWResource@@@3@$0A@@std@@@2@@Z 00402850 f i refresh.obj
 0001:00001850       ?_Lrotate@?$_Tree@V?$_Tset_traits@PBVWSignalInstance_@@U?$less@PBVWSignalInstance_@@@std@@V?$allocator@PBVWSignalInstance_@@@3@$0A@@std@@@std@@IAEXPAU_Node@?$_Tree_nod@V?$_Tset_traits@PBVWSignalInstance_@@U?$less@PBVWSignalInstance_@@@std@@V?$allocator@PBVWSignalInstance_@@@3@$0A@@std@@@2@@Z 00402850 f i refresh.obj
 0001:000018b0       ?_Rrotate@?$_Tree@V?$_Tset_traits@PBVWResource@@U?$less@PBVWResource@@@std@@V?$allocator@PBVWResource@@@3@$0A@@std@@@std@@IAEXPAU_Node@?$_Tree_nod@V?$_Tset_traits@PBVWResource@@U?$less@PBVWResource@@@std@@V?$allocator@PBVWResource@@@3@$0A@@std@@@2@@Z 004028b0 f i refresh.obj
 0001:000018b0       ?_Rrotate@?$_Tree@V?$_Tset_traits@PBVWSignalInstance_@@U?$less@PBVWSignalInstance_@@@std@@V?$allocator@PBVWSignalInstance_@@@3@$0A@@std@@@std@@IAEXPAU_Node@?$_Tree_nod@V?$_Tset_traits@PBVWSignalInstance_@@U?$less@PBVWSignalInstance_@@@std@@V?$allocator@PBVWSignalInstance_@@@3@$0A@@std@@@2@@Z 004028b0 f i refresh.obj
 0001:00001910       ?_Inc@const_iterator@?$_Tree@V?$_Tset_traits@PBVWResource@@U?$less@PBVWResource@@@std@@V?$allocator@PBVWResource@@@3@$0A@@std@@@std@@QAEXXZ 00402910 f i refresh.obj
 0001:00001910       ?_Inc@const_iterator@?$_Tree@V?$_Tset_traits@PBVWSignalInstance_@@U?$less@PBVWSignalInstance_@@@std@@V?$allocator@PBVWSignalInstance_@@@3@$0A@@std@@@std@@QAEXXZ 00402910 f i refresh.obj
 0001:00001970       ??$?6DU?$char_traits@D@std@@V?$allocator@D@1@@std@@YAAAV?$basic_ostream@DU?$char_traits@D@std@@@0@AAV10@ABV?$basic_string@DU?$char_traits@D@std@@V?$allocator@D@2@@0@@Z 00402970 f i refresh.obj
 0001:00001b70       ??$copy@PAPAVWMessageResources@@PAPAV1@@std@@YAPAPAVWMessageResources@@PAPAV1@00@Z 00402b70 f i refresh.obj
 0001:00001b70       ??$copy@PAPAVDomElement@@PAPAV1@@std@@YAPAPAVDomElement@@PAPAV1@00@Z 00402b70 f i refresh.obj
 0001:00001b70       ??$copy@PAPAVWWidget@@PAPAV1@@std@@YAPAPAVWWidget@@PAPAV1@00@Z 00402b70 f i refresh.obj
 0001:00001b70       ??$copy@PAPAVWObject@@PAPAV1@@std@@YAPAPAVWObject@@PAPAV1@00@Z 00402b70 f i refresh.obj
 0001:00001b70       ??$copy@PAPAVWConnection_@@PAPAV1@@std@@YAPAPAVWConnection_@@PAPAV1@00@Z 00402b70 f i refreshformwt.obj
 0001:00001b70       ??$copy@PAPAVWScrollBar@@PAPAV1@@std@@YAPAPAVWScrollBar@@PAPAV1@00@Z 00402b70 f i refresh.obj
 0001:00001b70       ??$copy@PAPAVWTableRow@@PAPAV1@@std@@YAPAPAVWTableRow@@PAPAV1@00@Z 00402b70 f i refresh.obj
 0001:00001ba0       ??$copy@PAUTableData@WTableRow@@PAU12@@std@@YAPAUTableData@WTableRow@@PAU12@00@Z 00402ba0 f i refresh.obj
 0001:00001bd0       ??1?$vector@PAVWConnection_@@V?$allocator@PAVWConnection_@@@std@@@std@@QAE@XZ 00402bd0 f i refreshformwt.obj
 0001:00001bd0       ??1?$vector@PAVWWidget@@V?$allocator@PAVWWidget@@@std@@@std@@QAE@XZ 00402bd0 f i refresh.obj
 0001:00001bd0       ?_Tidy@?$vector@PAVWMessageResources@@V?$allocator@PAVWMessageResources@@@std@@@std@@IAEXXZ 00402bd0 f i refresh.obj
 0001:00001bd0       ??1?$vector@UTableData@WTableRow@@V?$allocator@UTableData@WTableRow@@@std@@@std@@QAE@XZ 00402bd0 f i refresh.obj
 0001:00001bd0       ??1?$vector@PAVWTableRow@@V?$allocator@PAVWTableRow@@@std@@@std@@QAE@XZ 00402bd0 f i libwt:WTable.obj
 0001:00001bd0       ??1?$vector@PAVWTable@@V?$allocator@PAVWTable@@@std@@@std@@QAE@XZ 00402bd0 f i WSPopTable.obj
 0001:00001bd0       ??1?$vector@PAVWObject@@V?$allocator@PAVWObject@@@std@@@std@@QAE@XZ 00402bd0 f i refresh.obj
 0001:00001bd0       ?_Tidy@?$vector@PAVWConnection_@@V?$allocator@PAVWConnection_@@@std@@@std@@IAEXXZ 00402bd0 f i refreshformwt.obj
 0001:00001bd0       ??1?$vector@PAVDomElement@@V?$allocator@PAVDomElement@@@std@@@std@@QAE@XZ 00402bd0 f i libwt:WWebWidget.obj
 0001:00001bd0       ?_Tidy@?$vector@PAVWObject@@V?$allocator@PAVWObject@@@std@@@std@@IAEXXZ 00402bd0 f i refresh.obj
 0001:00001bd0       ??1WMessageResourceBundle@@QAE@XZ 00402bd0 f i refresh.obj
 0001:00001bd0       ??1?$vector@PAVWScrollBar@@V?$allocator@PAVWScrollBar@@@std@@@std@@QAE@XZ 00402bd0 f i libwt:WScrollBar.obj
 0001:00001c00       ?_Buy@?$vector@PAVWWidget@@V?$allocator@PAVWWidget@@@std@@@std@@IAE_NI@Z 00402c00 f i refresh.obj
 0001:00001c00       ?_Buy@?$vector@PAVWScrollBar@@V?$allocator@PAVWScrollBar@@@std@@@std@@IAE_NI@Z 00402c00 f i refresh.obj
 0001:00001c00       ?_Buy@?$vector@PAVWMessageResources@@V?$allocator@PAVWMessageResources@@@std@@@std@@IAE_NI@Z 00402c00 f i refresh.obj
 0001:00001c00       ?_Buy@?$vector@PAVDomElement@@V?$allocator@PAVDomElement@@@std@@@std@@IAE_NI@Z 00402c00 f i refresh.obj
 0001:00001c00       ?_Buy@?$vector@PAVWObject@@V?$allocator@PAVWObject@@@std@@@std@@IAE_NI@Z 00402c00 f i refresh.obj
 0001:00001c00       ?_Buy@?$vector@PAVWTableRow@@V?$allocator@PAVWTableRow@@@std@@@std@@IAE_NI@Z 00402c00 f i refresh.obj
 0001:00001c50       ?_Buy@?$vector@UTableData@WTableRow@@V?$allocator@UTableData@WTableRow@@@std@@@std@@IAE_NI@Z 00402c50 f i refresh.obj
 0001:00001ca0       ?_Buynode@?$_Tree@V?$_Tmap_traits@V?$basic_string@DU?$char_traits@D@std@@V?$allocator@D@2@@std@@PAVWCssRule@@U?$less@V?$basic_string@DU?$char_traits@D@std@@V?$allocator@D@2@@std@@@2@V?$allocator@U?$pair@$$CBV?$basic_string@DU?$char_traits@D@std@@V?$allocator@D@2@@std@@PAVWCssRule@@@std@@@2@$0A@@std@@@std@@IAEPAU_Node@?$_Tree_nod@V?$_Tmap_traits@V?$basic_string@DU?$char_traits@D@std@@V?$allocator@D@2@@std@@PAVWCssRule@@U?$less@V?$basic_string@DU?$char_traits@D@std@@V?$allocator@D@2@@std@@@2@V?$allocator@U?$pair@$$CBV?$basic_string@DU?$char_traits@D@std@@V?$allocator@D@2@@std@@PAVWCssRule@@@std@@@2@$0A@@std@@@2@PAU342@00ABU?$pair@$$CBV?$basic_string@DU?$char_traits@D@std@@V?$allocator@D@2@@std@@PAVWCssRule@@@2@D@Z 00402ca0 f i refresh.obj
 0001:00001d40       ?_Erase@?$_Tree@V?$_Tset_traits@PBVWSignalInstance_@@U?$less@PBVWSignalInstance_@@@std@@V?$allocator@PBVWSignalInstance_@@@3@$0A@@std@@@std@@IAEXPAU_Node@?$_Tree_nod@V?$_Tset_traits@PBVWSignalInstance_@@U?$less@PBVWSignalInstance_@@@std@@V?$allocator@PBVWSignalInstance_@@@3@$0A@@std@@@2@@Z 00402d40 f i refresh.obj
 0001:00001d80       ?_Buynode@?$_Tree@V?$_Tset_traits@PBVWResource@@U?$less@PBVWResource@@@std@@V?$allocator@PBVWResource@@@3@$0A@@std@@@std@@IAEPAU_Node@?$_Tree_nod@V?$_Tset_traits@PBVWResource@@U?$less@PBVWResource@@@std@@V?$allocator@PBVWResource@@@3@$0A@@std@@@2@PAU342@00ABQBVWResource@@D@Z 00402d80 f i refresh.obj
 0001:00001d80       ?_Buynode@?$_Tree@V?$_Tset_traits@PBVWSignalInstance_@@U?$less@PBVWSignalInstance_@@@std@@V?$allocator@PBVWSignalInstance_@@@3@$0A@@std@@@std@@IAEPAU_Node@?$_Tree_nod@V?$_Tset_traits@PBVWSignalInstance_@@U?$less@PBVWSignalInstance_@@@std@@V?$allocator@PBVWSignalInstance_@@@3@$0A@@std@@@2@PAU342@00ABQBVWSignalInstance_@@D@Z 00402d80 f i refresh.obj
 0001:00001dc0       ?_Erase@?$_Tree@V?$_Tset_traits@PBVWResource@@U?$less@PBVWResource@@@std@@V?$allocator@PBVWResource@@@3@$0A@@std@@@std@@IAEXPAU_Node@?$_Tree_nod@V?$_Tset_traits@PBVWResource@@U?$less@PBVWResource@@@std@@V?$allocator@PBVWResource@@@3@$0A@@std@@@2@@Z 00402dc0 f i refresh.obj
 0001:00001e00       ??$_Ucopy@PAPAVWWidget@@@?$vector@PAVWWidget@@V?$allocator@PAVWWidget@@@std@@@std@@IAEPAPAVWWidget@@PAPAV2@00@Z 00402e00 f i refresh.obj
 0001:00001e00       ??$_Ucopy@PAPAVWMessageResources@@@?$vector@PAVWMessageResources@@V?$allocator@PAVWMessageResources@@@std@@@std@@IAEPAPAVWMessageResources@@PAPAV2@00@Z 00402e00 f i refresh.obj
 0001:00001e00       ??$_Ucopy@PAPAVWConnection_@@@?$vector@PAVWConnection_@@V?$allocator@PAVWConnection_@@@std@@@std@@IAEPAPAVWConnection_@@PAPAV2@00@Z 00402e00 f i refreshformwt.obj
 0001:00001e00       ??$_Ucopy@PAPAVWTable@@@?$vector@PAVWTable@@V?$allocator@PAVWTable@@@std@@@std@@IAEPAPAVWTable@@PAPAV2@00@Z 00402e00 f i WSPopTable.obj
 0001:00001e00       ??$_Ucopy@PAPAVWTableRow@@@?$vector@PAVWTableRow@@V?$allocator@PAVWTableRow@@@std@@@std@@IAEPAPAVWTableRow@@PAPAV2@00@Z 00402e00 f i refresh.obj
 0001:00001e00       ??$_Ucopy@PAPAVWScrollBar@@@?$vector@PAVWScrollBar@@V?$allocator@PAVWScrollBar@@@std@@@std@@IAEPAPAVWScrollBar@@PAPAV2@00@Z 00402e00 f i refresh.obj
 0001:00001e00       ??$_Ucopy@PAPAVWObject@@@?$vector@PAVWObject@@V?$allocator@PAVWObject@@@std@@@std@@IAEPAPAVWObject@@PAPAV2@00@Z 00402e00 f i refresh.obj
 0001:00001e00       ??$_Ucopy@PAPAVDomElement@@@?$vector@PAVDomElement@@V?$allocator@PAVDomElement@@@std@@@std@@IAEPAPAVDomElement@@PAPAV2@00@Z 00402e00 f i refresh.obj
 0001:00001e30       ??$_Uninit_copy@Vconst_iterator@?$vector@PAVWMessageResources@@V?$allocator@PAVWMessageResources@@@std@@@std@@PAPAVWMessageResources@@V?$allocator@PAVWMessageResources@@@3@@std@@YAPAPAVWMessageResources@@Vconst_iterator@?$vector@PAVWMessageResources@@V?$allocator@PAVWMessageResources@@@std@@@0@0PAPAV1@AAV?$allocator@PAVWMessageResources@@@0@U_Nonscalar_ptr_iterator_tag@0@@Z 00402e30 f i refresh.obj
 0001:00001e30       ??$_Uninit_copy@Vconst_iterator@?$vector@PAVWObject@@V?$allocator@PAVWObject@@@std@@@std@@PAPAVWObject@@V?$allocator@PAVWObject@@@3@@std@@YAPAPAVWObject@@Vconst_iterator@?$vector@PAVWObject@@V?$allocator@PAVWObject@@@std@@@0@0PAPAV1@AAV?$allocator@PAVWObject@@@0@U_Nonscalar_ptr_iterator_tag@0@@Z 00402e30 f i refresh.obj
 0001:00001e30       ??$_Uninit_copy@Vconst_iterator@?$vector@PAVWConnection_@@V?$allocator@PAVWConnection_@@@std@@@std@@PAPAVWConnection_@@V?$allocator@PAVWConnection_@@@3@@std@@YAPAPAVWConnection_@@Vconst_iterator@?$vector@PAVWConnection_@@V?$allocator@PAVWConnection_@@@std@@@0@0PAPAV1@AAV?$allocator@PAVWConnection_@@@0@U_Nonscalar_ptr_iterator_tag@0@@Z 00402e30 f i refreshformwt.obj
 0001:00001e60       ??$_Uninit_copy@PAUTableData@WTableRow@@PAU12@V?$allocator@UTableData@WTableRow@@@std@@@std@@YAPAUTableData@WTableRow@@PAU12@00AAV?$allocator@UTableData@WTableRow@@@0@U_Nonscalar_ptr_iterator_tag@0@@Z 00402e60 f i refresh.obj
 0001:00001e90       ?_Copy@?$_Tree@V?$_Tset_traits@PBVWSignalInstance_@@U?$less@PBVWSignalInstance_@@@std@@V?$allocator@PBVWSignalInstance_@@@3@$0A@@std@@@std@@IAEPAU_Node@?$_Tree_nod@V?$_Tset_traits@PBVWSignalInstance_@@U?$less@PBVWSignalInstance_@@@std@@V?$allocator@PBVWSignalInstance_@@@3@$0A@@std@@@2@PAU342@0@Z 00402e90 f i refresh.obj
 0001:00001f40       ?_Copy@?$_Tree@V?$_Tset_traits@PBVWResource@@U?$less@PBVWResource@@@std@@V?$allocator@PBVWResource@@@3@$0A@@std@@@std@@IAEPAU_Node@?$_Tree_nod@V?$_Tset_traits@PBVWResource@@U?$less@PBVWResource@@@std@@V?$allocator@PBVWResource@@@3@$0A@@std@@@2@PAU342@0@Z 00402f40 f i refresh.obj
 0001:00001ff0       ??1WebSession@@QAE@XZ      00402ff0 f i refresh.obj
 0001:000020d0       ??1WContainerWidget@@UAE@XZ 004030d0 f i refresh.obj
 0001:000020d0       ??1WTableCell@@UAE@XZ      004030d0 f i refresh.obj
 0001:00002110       _main                      00403110 f   refresh.obj
 0001:000022c0       ??4?$vector@PAVWScrollBar@@V?$allocator@PAVWScrollBar@@@std@@@std@@QAEAAV01@ABV01@@Z 004032c0 f i refresh.obj
 0001:000022c0       ??4?$vector@PAVDomElement@@V?$allocator@PAVDomElement@@@std@@@std@@QAEAAV01@ABV01@@Z 004032c0 f i refresh.obj
 0001:000022c0       ??4?$vector@PAVWObject@@V?$allocator@PAVWObject@@@std@@@std@@QAEAAV01@ABV01@@Z 004032c0 f i refresh.obj
 0001:000022c0       ??4?$vector@PAVWMessageResources@@V?$allocator@PAVWMessageResources@@@std@@@std@@QAEAAV01@ABV01@@Z 004032c0 f i refresh.obj
 0001:000022c0       ??4?$vector@PAVWWidget@@V?$allocator@PAVWWidget@@@std@@@std@@QAEAAV01@ABV01@@Z 004032c0 f i refresh.obj
 0001:000022c0       ??4?$vector@PAVWTableRow@@V?$allocator@PAVWTableRow@@@std@@@std@@QAEAAV01@ABV01@@Z 004032c0 f i refresh.obj
 0001:00002410       ?_Copy@?$_Tree@V?$_Tset_traits@PBVWSignalInstance_@@U?$less@PBVWSignalInstance_@@@std@@V?$allocator@PBVWSignalInstance_@@@3@$0A@@std@@@std@@IAEXABV12@@Z 00403410 f i refresh.obj
 0001:000024a0       ?_Copy@?$_Tree@V?$_Tset_traits@PBVWResource@@U?$less@PBVWResource@@@std@@V?$allocator@PBVWResource@@@3@$0A@@std@@@std@@IAEXABV12@@Z 004034a0 f i refresh.obj
 0001:00002530       ?erase@?$_Tree@V?$_Tmap_traits@V?$basic_string@DU?$char_traits@D@std@@V?$allocator@D@2@@std@@PAVWCssRule@@U?$less@V?$basic_string@DU?$char_traits@D@std@@V?$allocator@D@2@@std@@@2@V?$allocator@U?$pair@$$CBV?$basic_string@DU?$char_traits@D@std@@V?$allocator@D@2@@std@@PAVWCssRule@@@std@@@2@$0A@@std@@@std@@QAE?AViterator@12@V312@@Z 00403530 f i refresh.obj
 0001:00002810       ??0out_of_range@std@@QAE@ABV01@@Z 00403810 f i refresh.obj
 0001:00002830       ?erase@?$_Tree@V?$_Tset_traits@PBVWResource@@U?$less@PBVWResource@@@std@@V?$allocator@PBVWResource@@@3@$0A@@std@@@std@@QAE?AViterator@12@V312@@Z 00403830 f i refresh.obj
 0001:00002830       ?erase@?$_Tree@V?$_Tset_traits@PBVWSignalInstance_@@U?$less@PBVWSignalInstance_@@@std@@V?$allocator@PBVWSignalInstance_@@@3@$0A@@std@@@std@@QAE?AViterator@12@V312@@Z 00403830 f i refresh.obj
 0001:00002b00       ?_Erase@?$_Tree@V?$_Tmap_traits@V?$basic_string@DU?$char_traits@D@std@@V?$allocator@D@2@@std@@PAVWCssRule@@U?$less@V?$basic_string@DU?$char_traits@D@std@@V?$allocator@D@2@@std@@@2@V?$allocator@U?$pair@$$CBV?$basic_string@DU?$char_traits@D@std@@V?$allocator@D@2@@std@@PAVWCssRule@@@std@@@2@$0A@@std@@@std@@IAEXPAU_Node@?$_Tree_nod@V?$_Tmap_traits@V?$basic_string@DU?$char_traits@D@std@@V?$allocator@D@2@@std@@PAVWCssRule@@U?$less@V?$basic_string@DU?$char_traits@D@std@@V?$allocator@D@2@@std@@@2@V?$allocator@U?$pair@$$CBV?$basic_string@DU?$char_traits@D@std@@V?$allocator@D@2@@std@@PAVWCssRule@@@std@@@2@$0A@@std@@@2@@Z 00403b00 f i refresh.obj
 0001:00002b40       ??$_Ucopy@PAUTableData@WTableRow@@@?$vector@UTableData@WTableRow@@V?$allocator@UTableData@WTableRow@@@std@@@std@@IAEPAUTableData@WTableRow@@PAU23@00@Z 00403b40 f i refresh.obj
 0001:00002b60       ??4WebSession@@QAEAAV0@ABV0@@Z 00403b60 f i refresh.obj
 0001:00002d20       ??4WMessageResourceBundle@@QAEAAV0@ABV0@@Z 00403d20 f i refresh.obj
 0001:00002d40       ??4WWebWidget@@QAEAAV0@ABV0@@Z 00403d40 f i refresh.obj
 0001:00003080       ??4WInteractWidget@@QAEAAV0@ABV0@@Z 00404080 f i refresh.obj
 0001:000030c0       ??4WContainerWidget@@QAEAAV0@ABV0@@Z 004040c0 f i refresh.obj
 0001:000031a0       ??4WTable@@QAEAAV0@ABV0@@Z 004041a0 f i refresh.obj
 0001:00003300       ??4WTableCell@@QAEAAV0@ABV0@@Z 00404300 f i refresh.obj
 0001:00003360       ??4WText@@QAEAAV0@ABV0@@Z  00404360 f i refresh.obj
 0001:000033c0       ??4WImage@@QAEAAV0@ABV0@@Z 004043c0 f i refresh.obj
 0001:00003420       ??4WFormWidget@@QAEAAV0@ABV0@@Z 00404420 f i refresh.obj
 0001:00003470       ??4WPushButton@@QAEAAV0@ABV0@@Z 00404470 f i refresh.obj
 0001:00003500       ??4WScrollArea@@QAEAAV0@ABV0@@Z 00404500 f i refresh.obj
 0001:00003570       ??4WScrollBar@@QAEAAV0@ABV0@@Z 00404570 f i refresh.obj
 0001:000035d0       ??0?$vector@PAVWObject@@V?$allocator@PAVWObject@@@std@@@std@@QAE@ABV01@@Z 004045d0 f i refresh.obj
 0001:000035d0       ??0?$vector@PAVWMessageResources@@V?$allocator@PAVWMessageResources@@@std@@@std@@QAE@ABV01@@Z 004045d0 f i refresh.obj
 0001:00003690       ?erase@?$_Tree@V?$_Tset_traits@PBVWSignalInstance_@@U?$less@PBVWSignalInstance_@@@std@@V?$allocator@PBVWSignalInstance_@@@3@$0A@@std@@@std@@QAE?AViterator@12@V312@0@Z 00404690 f i refresh.obj
 0001:00003750       ?erase@?$_Tree@V?$_Tset_traits@PBVWResource@@U?$less@PBVWResource@@@std@@V?$allocator@PBVWResource@@@3@$0A@@std@@@std@@QAE?AViterator@12@V312@0@Z 00404750 f i refresh.obj
 0001:00003810       ?_Copy@?$_Tree@V?$_Tmap_traits@V?$basic_string@DU?$char_traits@D@std@@V?$allocator@D@2@@std@@PAVWCssRule@@U?$less@V?$basic_string@DU?$char_traits@D@std@@V?$allocator@D@2@@std@@@2@V?$allocator@U?$pair@$$CBV?$basic_string@DU?$char_traits@D@std@@V?$allocator@D@2@@std@@PAVWCssRule@@@std@@@2@$0A@@std@@@std@@IAEPAU_Node@?$_Tree_nod@V?$_Tmap_traits@V?$basic_string@DU?$char_traits@D@std@@V?$allocator@D@2@@std@@PAVWCssRule@@U?$less@V?$basic_string@DU?$char_traits@D@std@@V?$allocator@D@2@@std@@@2@V?$allocator@U?$pair@$$CBV?$basic_string@DU?$char_traits@D@std@@V?$allocator@D@2@@std@@PAVWCssRule@@@std@@@2@$0A@@std@@@2@PAU342@0@Z 00404810 f i refresh.obj
 0001:000038c0       ??0WebSession@@QAE@ABV0@@Z 004048c0 f i refresh.obj
 0001:00003ad0       ??0WMessageResourceBundle@@QAE@ABV0@@Z 00404ad0 f i refresh.obj
 0001:00003af0       ??1WTableRow@@UAE@XZ       00404af0 f i refresh.obj
 0001:00003b90       ??4?$vector@UTableData@WTableRow@@V?$allocator@UTableData@WTableRow@@@std@@@std@@QAEAAV01@ABV01@@Z 00404b90 f i refresh.obj
 0001:00003ce0       ?erase@?$_Tree@V?$_Tmap_traits@V?$basic_string@DU?$char_traits@D@std@@V?$allocator@D@2@@std@@PAVWCssRule@@U?$less@V?$basic_string@DU?$char_traits@D@std@@V?$allocator@D@2@@std@@@2@V?$allocator@U?$pair@$$CBV?$basic_string@DU?$char_traits@D@std@@V?$allocator@D@2@@std@@PAVWCssRule@@@std@@@2@$0A@@std@@@std@@QAE?AViterator@12@V312@0@Z 00404ce0 f i refresh.obj
 0001:00003da0       ?_Copy@?$_Tree@V?$_Tmap_traits@V?$basic_string@DU?$char_traits@D@std@@V?$allocator@D@2@@std@@PAVWCssRule@@U?$less@V?$basic_string@DU?$char_traits@D@std@@V?$allocator@D@2@@std@@@2@V?$allocator@U?$pair@$$CBV?$basic_string@DU?$char_traits@D@std@@V?$allocator@D@2@@std@@PAVWCssRule@@@std@@@2@$0A@@std@@@std@@IAEXABV12@@Z 00404da0 f i refresh.obj
 0001:00003e30       ??4WTableRow@@QAEAAV0@ABV0@@Z 00404e30 f i refresh.obj
 0001:00003e80       ??4WApplication@@QAEAAV0@ABV0@@Z 00404e80 f i refresh.obj
 0001:00003fd0       ??0TTime@chen@@QAE@HHHHHHH@Z 00404fd0 f i refreshform.obj
 0001:000040a0       ?GetCurrentTimeEx@TTime@chen@@SA?AV12@XZ 004050a0 f i refreshform.obj
 0001:000040d0       ??1sv_dyn@@QAE@XZ          004050d0 f i refreshform.obj
 0001:000040e0       ?isMonitorDisable@@YA_NAAV?$basic_string@DU?$char_traits@D@std@@V?$allocator@D@2@@std@@V12@1@Z 004050e0 f   refreshform.obj
 0001:00004350       ?makeQueueName@@YA?AV?$basic_string@DU?$char_traits@D@std@@V?$allocator@D@2@@std@@XZ 00405350 f   refreshform.obj
 0001:000044a0       ?getRefreshQueueName@@YA?AV?$basic_string@DU?$char_traits@D@std@@V?$allocator@D@2@@std@@ABV12@@Z 004054a0 f   refreshform.obj
 0001:000045c0       ?loadString@SVRefresh@@AAEXXZ 004055c0 f   refreshform.obj
 0001:000048c0       ?AddJsParam@SVRefresh@@AAEXV?$basic_string@DU?$char_traits@D@std@@V?$allocator@D@2@@std@@0PAVWContainerWidget@@@Z 004058c0 f   refreshform.obj
 0001:000049d0       ?ExChange@SVRefresh@@AAEXXZ 004059d0 f   refreshform.obj
 0001:00004a00       ?Translate@SVRefresh@@AAEXXZ 00405a00 f   refreshform.obj
 0001:00004a40       ?createState@SVRefresh@@AAEXXZ 00405a40 f   refreshform.obj
 0001:00004df0       ?createContain@SVRefresh@@AAEXXZ 00405df0 f   refreshform.obj
 0001:00004f50       ?createOperate@SVRefresh@@AAEXXZ 00405f50 f   refreshform.obj
 0001:00005090       ?createHideButton@SVRefresh@@AAEXXZ 00406090 f   refreshform.obj
 0001:000051f0       ??1SVRefresh@@UAE@XZ       004061f0 f   refreshform.obj
 0001:00005480       ?getDeviceData@SVRefresh@@AAEXAAV?$basic_string@DU?$char_traits@D@std@@V?$allocator@D@2@@std@@@Z 00406480 f   refreshform.obj
 0001:00005680       ??_GSVRefresh@@UAEPAXI@Z   00406680 f i refreshform.obj
 0001:00005680       ??_ESVRefresh@@UAEPAXI@Z   00406680 f i refreshform.obj
 0001:000056a0       ?initForm@SVRefresh@@AAEXXZ 004066a0 f   refreshform.obj
 0001:00005a00       ?clearEnvironment@SVRefresh@@AAEXXZ 00406a00 f   refreshform.obj
 0001:00005b20       ?refresh@SVRefresh@@UAEXXZ 00406b20 f   refreshform.obj
 0001:00006220       ?showresult@SVRefresh@@AAEXXZ 00407220 f   refreshform.obj
 0001:00006440       ?addDisableDyn@SVRefresh@@AAEXPBD@Z 00407440 f   refreshform.obj
 0001:00006700       ?addDynData@SVRefresh@@AAEXPBD@Z 00407700 f   refreshform.obj
 0001:00006cc0       ??0SVRefresh@@QAE@PAVWContainerWidget@@@Z 00407cc0 f   refreshform.obj
 0001:00006f30       ?getresult@SVRefresh@@AAEXXZ 00407f30 f   refreshform.obj
 0001:00007510       ?exposable@WSignal_@@QBE_NXZ 00408510 f i refreshformwt.obj
 0001:00007510       ?canStatic@WSlot_@@QBE_NXZ 00408510 f i refreshformwt.obj
 0001:00007520       ??0WSignal_@@QAE@ABV0@@Z   00408520 f i refreshformwt.obj
 0001:00007520       ??0WSlot_@@QAE@ABV0@@Z     00408520 f i refreshformwt.obj
 0001:00007540       ??4WSignal_@@QAEAAV0@ABV0@@Z 00408540 f i refreshformwt.obj
 0001:00007540       ??4WSlot_@@QAEAAV0@ABV0@@Z 00408540 f i refreshformwt.obj
 0001:00007560       ?staticCodeChanged@WSignalInstance_@@QBE_NXZ 00408560 f i refreshformwt.obj
 0001:00007570       ?connectivityChanged@WSignalInstance_@@QBE_NXZ 00408570 f i refreshformwt.obj
 0001:00007580       ?good@WSlot_@@QAE_NXZ      00408580 f i refreshformwt.obj
 0001:00007580       ?good@WSignal_@@QBE_NXZ    00408580 f i refreshformwt.obj
 0001:00007590       ?key@WMessage@@QBE?BV?$basic_string@DU?$char_traits@D@std@@V?$allocator@D@2@@std@@XZ 00408590 f i refresh.obj
 0001:00007590       ?name@JSVar@@QAE?BV?$basic_string@DU?$char_traits@D@std@@V?$allocator@D@2@@std@@XZ 00408590 f i libwt:DomElement.obj
 0001:00007590       ?name@WSlot_@@QBE?BV?$basic_string@DU?$char_traits@D@std@@V?$allocator@D@2@@std@@XZ 00408590 f i refreshformwt.obj
 0001:00007590       ?path@WMessageResources@@QBE?BV?$basic_string@DU?$char_traits@D@std@@V?$allocator@D@2@@std@@XZ 00408590 f i libwt:WMessageResourceBundle.obj
 0001:00007590       ?name@WSignal_@@QBE?BV?$basic_string@DU?$char_traits@D@std@@V?$allocator@D@2@@std@@XZ 00408590 f i refreshformwt.obj
 0001:000075b0       ?staticCodeCollected@WSlotInstance_@@QBE_NXZ 004085b0 f i refreshformwt.obj
 0001:000075c0       ?buildSlotMap@SVRefresh@@MAEXAAV?$map@V?$basic_string@DU?$char_traits@D@std@@V?$allocator@D@2@@std@@PAVWSlotInstance_@@U?$less@V?$basic_string@DU?$char_traits@D@std@@V?$allocator@D@2@@std@@@2@V?$allocator@U?$pair@$$CBV?$basic_string@DU?$char_traits@D@std@@V?$allocator@D@2@@std@@PAVWSlotInstance_@@@std@@@2@@std@@@Z 004085c0 f   refreshformwt.obj
 0001:000076b0       ?triggerSlot@SVRefresh@@MAE_NPAVWObject@@PBVWSlot_@@PAPAX@Z 004086b0 f   refreshformwt.obj
 0001:00007740       ?undoTriggerSlot@SVRefresh@@MAE_NPBVWSlot_@@PAPAX@Z 00408740 f   refreshformwt.obj
 0001:00007740       ?undoTriggerSlot@WSPopTable@@MAE_NPBVWSlot_@@PAPAX@Z 00408740 f   WSPopTableWt.obj
 0001:00007740       ?undoTriggerSlot@WTableRow@@MAE_NPBVWSlot_@@PAPAX@Z 00408740 f   libwt:WTable.obj
 0001:00007740       ?undoTriggerSlot@WTableCell@@MAE_NPBVWSlot_@@PAPAX@Z 00408740 f   libwt:WTableCell.obj
 0001:00007750       ??1?$pair@V?$basic_string@DU?$char_traits@D@std@@V?$allocator@D@2@@std@@PAVDomElement@@@std@@QAE@XZ 00408750 f i libwt:WWebWidget.obj
 0001:00007750       ??1WMessage@@QAE@XZ        00408750 f i refresh.obj
 0001:00007750       ??1WSlot_@@QAE@XZ          00408750 f i refreshformwt.obj
 0001:00007750       ??1JSVar@@QAE@XZ           00408750 f i libwt:WebSession.obj
 0001:00007750       ??1?$pair@$$CBV?$basic_string@DU?$char_traits@D@std@@V?$allocator@D@2@@std@@PAVWSlotInstance_@@@std@@QAE@XZ 00408750 f i libwt:WWebWidget.obj
 0001:00007750       ??1WSignal_@@QAE@XZ        00408750 f i refreshformwt.obj
 0001:00007750       ??1?$pair@$$CBV?$basic_string@DU?$char_traits@D@std@@V?$allocator@D@2@@std@@PAVWSignalInstance_@@@std@@QAE@XZ 00408750 f i refreshformwt.obj
 0001:00007760       ??R?$less@V?$basic_string@DU?$char_traits@D@std@@V?$allocator@D@2@@std@@@std@@QBE_NABV?$basic_string@DU?$char_traits@D@std@@V?$allocator@D@2@@1@0@Z 00408760 f i refreshformwt.obj
 0001:00007780       ?_Xlen@?$vector@PAVWConnection_@@V?$allocator@PAVWConnection_@@@std@@@std@@IBEXXZ 00408780 f i refreshformwt.obj
 0001:00007800       ?_Max@?$_Tree@V?$_Tmap_traits@V?$basic_string@DU?$char_traits@D@std@@V?$allocator@D@2@@std@@PAVWSignalInstance_@@U?$less@V?$basic_string@DU?$char_traits@D@std@@V?$allocator@D@2@@std@@@2@V?$allocator@U?$pair@$$CBV?$basic_string@DU?$char_traits@D@std@@V?$allocator@D@2@@std@@PAVWSignalInstance_@@@std@@@2@$0A@@std@@@std@@KAPAU_Node@?$_Tree_nod@V?$_Tmap_traits@V?$basic_string@DU?$char_traits@D@std@@V?$allocator@D@2@@std@@PAVWSignalInstance_@@U?$less@V?$basic_string@DU?$char_traits@D@std@@V?$allocator@D@2@@std@@@2@V?$allocator@U?$pair@$$CBV?$basic_string@DU?$char_traits@D@std@@V?$allocator@D@2@@std@@PAVWSignalInstance_@@@std@@@2@$0A@@std@@@2@PAU342@@Z 00408800 f i refreshformwt.obj
 0001:00007800       ?_Max@?$_Tree@V?$_Tmap_traits@W4Property@Wt@@V?$basic_string@DU?$char_traits@D@std@@V?$allocator@D@2@@std@@U?$less@W4Property@Wt@@@4@V?$allocator@U?$pair@$$CBW4Property@Wt@@V?$basic_string@DU?$char_traits@D@std@@V?$allocator@D@2@@std@@@std@@@4@$0A@@std@@@std@@KAPAU_Node@?$_Tree_nod@V?$_Tmap_traits@W4Property@Wt@@V?$basic_string@DU?$char_traits@D@std@@V?$allocator@D@2@@std@@U?$less@W4Property@Wt@@@4@V?$allocator@U?$pair@$$CBW4Property@Wt@@V?$basic_string@DU?$char_traits@D@std@@V?$allocator@D@2@@std@@@std@@@4@$0A@@std@@@2@PAU342@@Z 00408800 f i libwt:WWebWidget.obj
 0001:00007800       ?_Max@?$_Tree@V?$_Tmap_traits@V?$basic_string@DU?$char_traits@D@std@@V?$allocator@D@2@@std@@PAVWSlotInstance_@@U?$less@V?$basic_string@DU?$char_traits@D@std@@V?$allocator@D@2@@std@@@2@V?$allocator@U?$pair@$$CBV?$basic_string@DU?$char_traits@D@std@@V?$allocator@D@2@@std@@PAVWSlotInstance_@@@std@@@2@$0A@@std@@@std@@KAPAU_Node@?$_Tree_nod@V?$_Tmap_traits@V?$basic_string@DU?$char_traits@D@std@@V?$allocator@D@2@@std@@PAVWSlotInstance_@@U?$less@V?$basic_string@DU?$char_traits@D@std@@V?$allocator@D@2@@std@@@2@V?$allocator@U?$pair@$$CBV?$basic_string@DU?$char_traits@D@std@@V?$allocator@D@2@@std@@PAVWSlotInstance_@@@std@@@2@$0A@@std@@@2@PAU342@@Z 00408800 f i libwt:WWebWidget.obj
 0001:00007800       ?_Max@?$_Tree@V?$_Tmap_traits@V?$basic_string@DU?$char_traits@D@std@@V?$allocator@D@2@@std@@PAVWCssRule@@U?$less@V?$basic_string@DU?$char_traits@D@std@@V?$allocator@D@2@@std@@@2@V?$allocator@U?$pair@$$CBV?$basic_string@DU?$char_traits@D@std@@V?$allocator@D@2@@std@@PAVWCssRule@@@std@@@2@$0A@@std@@@std@@KAPAU_Node@?$_Tree_nod@V?$_Tmap_traits@V?$basic_string@DU?$char_traits@D@std@@V?$allocator@D@2@@std@@PAVWCssRule@@U?$less@V?$basic_string@DU?$char_traits@D@std@@V?$allocator@D@2@@std@@@2@V?$allocator@U?$pair@$$CBV?$basic_string@DU?$char_traits@D@std@@V?$allocator@D@2@@std@@PAVWCssRule@@@std@@@2@$0A@@std@@@2@PAU342@@Z 00408800 f i refresh.obj
 0001:00007820       ?isConnected@WSignalInstance_@@ABE_NXZ 00408820 f i refreshformwt.obj
 0001:00007850       ?_Buy@?$vector@PAVWConnection_@@V?$allocator@PAVWConnection_@@@std@@@std@@IAE_NI@Z 00408850 f i refreshformwt.obj
 0001:000078a0       ?_Buynode@?$_Tree@V?$_Tmap_traits@V?$basic_string@DU?$char_traits@D@std@@V?$allocator@D@2@@std@@PAVWSignalInstance_@@U?$less@V?$basic_string@DU?$char_traits@D@std@@V?$allocator@D@2@@std@@@2@V?$allocator@U?$pair@$$CBV?$basic_string@DU?$char_traits@D@std@@V?$allocator@D@2@@std@@PAVWSignalInstance_@@@std@@@2@$0A@@std@@@std@@IAEPAU_Node@?$_Tree_nod@V?$_Tmap_traits@V?$basic_string@DU?$char_traits@D@std@@V?$allocator@D@2@@std@@PAVWSignalInstance_@@U?$less@V?$basic_string@DU?$char_traits@D@std@@V?$allocator@D@2@@std@@@2@V?$allocator@U?$pair@$$CBV?$basic_string@DU?$char_traits@D@std@@V?$allocator@D@2@@std@@PAVWSignalInstance_@@@std@@@2@$0A@@std@@@2@PAU342@00ABU?$pair@$$CBV?$basic_string@DU?$char_traits@D@std@@V?$allocator@D@2@@std@@PAVWSignalInstance_@@@2@D@Z 004088a0 f i refreshformwt.obj
 0001:00007940       ?_Insert@?$_Tree@V?$_Tmap_traits@V?$basic_string@DU?$char_traits@D@std@@V?$allocator@D@2@@std@@PAVWSignalInstance_@@U?$less@V?$basic_string@DU?$char_traits@D@std@@V?$allocator@D@2@@std@@@2@V?$allocator@U?$pair@$$CBV?$basic_string@DU?$char_traits@D@std@@V?$allocator@D@2@@std@@PAVWSignalInstance_@@@std@@@2@$0A@@std@@@std@@IAE?AViterator@12@_NPAU_Node@?$_Tree_nod@V?$_Tmap_traits@V?$basic_string@DU?$char_traits@D@std@@V?$allocator@D@2@@std@@PAVWSignalInstance_@@U?$less@V?$basic_string@DU?$char_traits@D@std@@V?$allocator@D@2@@std@@@2@V?$allocator@U?$pair@$$CBV?$basic_string@DU?$char_traits@D@std@@V?$allocator@D@2@@std@@PAVWSignalInstance_@@@std@@@2@$0A@@std@@@2@ABU?$pair@$$CBV?$basic_string@DU?$char_traits@D@std@@V?$allocator@D@2@@std@@PAVWSignalInstance_@@@2@@Z 00408940 f i refreshformwt.obj
 0001:00007b00       ??4?$vector@PAVWConnection_@@V?$allocator@PAVWConnection_@@@std@@@std@@QAEAAV01@ABV01@@Z 00408b00 f i refreshformwt.obj
 0001:00007c50       ?insert@?$_Tree@V?$_Tmap_traits@V?$basic_string@DU?$char_traits@D@std@@V?$allocator@D@2@@std@@PAVWSignalInstance_@@U?$less@V?$basic_string@DU?$char_traits@D@std@@V?$allocator@D@2@@std@@@2@V?$allocator@U?$pair@$$CBV?$basic_string@DU?$char_traits@D@std@@V?$allocator@D@2@@std@@PAVWSignalInstance_@@@std@@@2@$0A@@std@@@std@@QAE?AU?$pair@Viterator@?$_Tree@V?$_Tmap_traits@V?$basic_string@DU?$char_traits@D@std@@V?$allocator@D@2@@std@@PAVWSignalInstance_@@U?$less@V?$basic_string@DU?$char_traits@D@std@@V?$allocator@D@2@@std@@@2@V?$allocator@U?$pair@$$CBV?$basic_string@DU?$char_traits@D@std@@V?$allocator@D@2@@std@@PAVWSignalInstance_@@@std@@@2@$0A@@std@@@std@@_N@2@ABU?$pair@$$CBV?$basic_string@DU?$char_traits@D@std@@V?$allocator@D@2@@std@@PAVWSignalInstance_@@@2@@Z 00408c50 f i refreshformwt.obj
 0001:00007d30       ??4WSignalInstance_@@QAEAAV0@ABV0@@Z 00408d30 f i refreshformwt.obj
 0001:00007d80       ??4WSlotInstance_@@QAEAAV0@ABV0@@Z 00408d80 f i refreshformwt.obj
 0001:00007dc0       ??0?$vector@PAVWConnection_@@V?$allocator@PAVWConnection_@@@std@@@std@@QAE@ABV01@@Z 00408dc0 f i refreshformwt.obj
 0001:00007e80       ?insert@?$_Tree@V?$_Tmap_traits@V?$basic_string@DU?$char_traits@D@std@@V?$allocator@D@2@@std@@PAVWSignalInstance_@@U?$less@V?$basic_string@DU?$char_traits@D@std@@V?$allocator@D@2@@std@@@2@V?$allocator@U?$pair@$$CBV?$basic_string@DU?$char_traits@D@std@@V?$allocator@D@2@@std@@PAVWSignalInstance_@@@std@@@2@$0A@@std@@@std@@QAE?AViterator@12@V312@ABU?$pair@$$CBV?$basic_string@DU?$char_traits@D@std@@V?$allocator@D@2@@std@@PAVWSignalInstance_@@@2@@Z 00408e80 f i refreshformwt.obj
 0001:00008040       ??0WSignalInstance_@@QAE@ABV0@@Z 00409040 f i refreshformwt.obj
 0001:000080c0       ??0WSlotInstance_@@QAE@ABV0@@Z 004090c0 f i refreshformwt.obj
 0001:00008130       ??A?$map@V?$basic_string@DU?$char_traits@D@std@@V?$allocator@D@2@@std@@PAVWSignalInstance_@@U?$less@V?$basic_string@DU?$char_traits@D@std@@V?$allocator@D@2@@std@@@2@V?$allocator@U?$pair@$$CBV?$basic_string@DU?$char_traits@D@std@@V?$allocator@D@2@@std@@PAVWSignalInstance_@@@std@@@2@@std@@QAEAAPAVWSignalInstance_@@ABV?$basic_string@DU?$char_traits@D@std@@V?$allocator@D@2@@1@@Z 00409130 f i refreshformwt.obj
 0001:000081d0       ?buildSignalMap@SVRefresh@@MAEXAAV?$map@V?$basic_string@DU?$char_traits@D@std@@V?$allocator@D@2@@std@@PAVWSignalInstance_@@U?$less@V?$basic_string@DU?$char_traits@D@std@@V?$allocator@D@2@@std@@@2@V?$allocator@U?$pair@$$CBV?$basic_string@DU?$char_traits@D@std@@V?$allocator@D@2@@std@@PAVWSignalInstance_@@@std@@@2@@std@@@Z 004091d0 f   refreshformwt.obj
 0001:00008290       ?setEnabled@WSPopButton@@QAEX_N@Z 00409290 f   WSPopButton.obj
 0001:000082d0       ??1WSPopButton@@UAE@XZ     004092d0 f   WSPopButton.obj
 0001:000082e0       ??0WSPopButton@@QAE@PAVWContainerWidget@@V?$basic_string@DU?$char_traits@D@std@@V?$allocator@D@2@@std@@11_N@Z 004092e0 f   WSPopButton.obj
 0001:00008a10       ??_EWSPopButton@@UAEPAXI@Z 00409a10 f i WSPopButton.obj
 0001:00008a10       ??_GWSPopButton@@UAEPAXI@Z 00409a10 f i WSPopButton.obj
 0001:00008a30       ?ShowTop@WSPopTable@@AAEXPAVWTable@@@Z 00409a30 f   WSPopTable.obj
 0001:00008b70       ?ShowBottom@WSPopTable@@AAEXPAVWTable@@@Z 00409b70 f   WSPopTable.obj
 0001:00008cb0       ?_Xlen@?$vector@PAVWTable@@V?$allocator@PAVWTable@@@std@@@std@@IBEXXZ 00409cb0 f i WSPopTable.obj
 0001:00008d30       ?_Ufill@?$vector@PAVWScrollBar@@V?$allocator@PAVWScrollBar@@@std@@@std@@IAEPAPAVWScrollBar@@PAPAV3@IABQAV3@@Z 00409d30 f i libwt:WScrollBar.obj
 0001:00008d30       ?_Ufill@?$vector@PAVDomElement@@V?$allocator@PAVDomElement@@@std@@@std@@IAEPAPAVDomElement@@PAPAV3@IABQAV3@@Z 00409d30 f i libwt:WWebWidget.obj
 0001:00008d30       ?_Ufill@?$vector@PAVWWidget@@V?$allocator@PAVWWidget@@@std@@@std@@IAEPAPAVWWidget@@PAPAV3@IABQAV3@@Z 00409d30 f i libwt:WWebWidget.obj
 0001:00008d30       ?_Ufill@?$vector@PAVWMessageResources@@V?$allocator@PAVWMessageResources@@@std@@@std@@IAEPAPAVWMessageResources@@PAPAV3@IABQAV3@@Z 00409d30 f i libwt:WMessageResourceBundle.obj
 0001:00008d30       ?_Ufill@?$vector@PAVWObject@@V?$allocator@PAVWObject@@@std@@@std@@IAEPAPAVWObject@@PAPAV3@IABQAV3@@Z 00409d30 f i libwt:WWebWidget.obj
 0001:00008d30       ?_Ufill@?$vector@PAVWTableRow@@V?$allocator@PAVWTableRow@@@std@@@std@@IAEPAPAVWTableRow@@PAPAV3@IABQAV3@@Z 00409d30 f i libwt:WTable.obj
 0001:00008d30       ?_Ufill@?$vector@PAVWTable@@V?$allocator@PAVWTable@@@std@@@std@@IAEPAPAVWTable@@PAPAV3@IABQAV3@@Z 00409d30 f i WSPopTable.obj
 0001:00008d30       ?_Ufill@?$vector@PAVWConnection_@@V?$allocator@PAVWConnection_@@@std@@@std@@IAEPAPAVWConnection_@@PAPAV3@IABQAV3@@Z 00409d30 f i libwt:WSlotInstance_.obj
 0001:00008d60       ?_Insert_n@?$vector@PAVWTable@@V?$allocator@PAVWTable@@@std@@@std@@IAEXViterator@12@IABQAVWTable@@@Z 00409d60 f i WSPopTable.obj
 0001:00008f50       ?GeRowContentTable@WSPopTable@@QAEPAVWTable@@H@Z 00409f50 f   WSPopTable.obj
 0001:00008f80       ?GeRowActionTable@WSPopTable@@QAEPAVWTable@@H@Z 00409f80 f   WSPopTable.obj
 0001:00008fb0       ??0WSPopTable@@QAE@PAVWContainerWidget@@_N@Z 00409fb0 f   WSPopTable.obj
 0001:000091b0       ??_EWSPopTable@@UAEPAXI@Z  0040a1b0 f i WSPopTable.obj
 0001:000091b0       ??_GWSPopTable@@UAEPAXI@Z  0040a1b0 f i WSPopTable.obj
 0001:000091d0       ??1WSPopTable@@UAE@XZ      0040a1d0 f i WSPopTable.obj
 0001:00009230       ?AppendRows@WSPopTable@@QAEXV?$basic_string@DU?$char_traits@D@std@@V?$allocator@D@2@@std@@@Z 0040a230 f   WSPopTable.obj
 0001:00009960       ?buildSlotMap@WSPopTable@@MAEXAAV?$map@V?$basic_string@DU?$char_traits@D@std@@V?$allocator@D@2@@std@@PAVWSlotInstance_@@U?$less@V?$basic_string@DU?$char_traits@D@std@@V?$allocator@D@2@@std@@@2@V?$allocator@U?$pair@$$CBV?$basic_string@DU?$char_traits@D@std@@V?$allocator@D@2@@std@@PAVWSlotInstance_@@@std@@@2@@std@@@Z 0040a960 f   WSPopTableWt.obj
 0001:00009a50       ?triggerSlot@WSPopTable@@MAE_NPAVWObject@@PBVWSlot_@@PAPAX@Z 0040aa50 f   WSPopTableWt.obj
 0001:00009a80       ?buildSignalMap@WSPopTable@@MAEXAAV?$map@V?$basic_string@DU?$char_traits@D@std@@V?$allocator@D@2@@std@@PAVWSignalInstance_@@U?$less@V?$basic_string@DU?$char_traits@D@std@@V?$allocator@D@2@@std@@@2@V?$allocator@U?$pair@$$CBV?$basic_string@DU?$char_traits@D@std@@V?$allocator@D@2@@std@@PAVWSignalInstance_@@@std@@@2@@std@@@Z 0040aa80 f   WSPopTableWt.obj
 0001:00009b40       ??0WCssRule@@QAE@V?$basic_string@DU?$char_traits@D@std@@V?$allocator@D@2@@std@@@Z 0040ab40 f   libwt:WCssStyleSheet.obj
 0001:00009ba0       ??1WCssRule@@UAE@XZ        0040aba0 f   libwt:WCssStyleSheet.obj
 0001:00009bb0       ?cssText@WCssStyleSheet@@QBE?AV?$basic_string@DU?$char_traits@D@std@@V?$allocator@D@2@@std@@XZ 0040abb0 f   libwt:WCssStyleSheet.obj
 0001:00009d40       ??1?$map@V?$basic_string@DU?$char_traits@D@std@@V?$allocator@D@2@@std@@PAVWCssRule@@U?$less@V?$basic_string@DU?$char_traits@D@std@@V?$allocator@D@2@@std@@@2@V?$allocator@U?$pair@$$CBV?$basic_string@DU?$char_traits@D@std@@V?$allocator@D@2@@std@@PAVWCssRule@@@std@@@2@@std@@QAE@XZ 0040ad40 f i libwt:WCssStyleSheet.obj
 0001:00009d70       ??1WCssStyleSheet@@QAE@XZ  0040ad70 f   libwt:WCssStyleSheet.obj
 0001:00009e30       ??0WCssStyleSheet@@QAE@XZ  0040ae30 f   libwt:WCssStyleSheet.obj
 0001:00009e60       ?what@bad_lexical_cast@boost@@UBEPBDXZ 0040ae60 f i libwt:WWebWidget.obj
 0001:00009e70       ??1bad_lexical_cast@boost@@UAE@XZ 0040ae70 f i libwt:WWebWidget.obj
 0001:00009e80       ??_Gbad_lexical_cast@boost@@UAEPAXI@Z 0040ae80 f i libwt:WWebWidget.obj
 0001:00009e80       ??_Ebad_lexical_cast@boost@@UAEPAXI@Z 0040ae80 f i libwt:WWebWidget.obj
 0001:00009ea0       ?id@DomElement@@QBE?AV?$basic_string@DU?$char_traits@D@std@@V?$allocator@D@2@@std@@XZ 0040aea0 f i libwt:WWebWidget.obj
 0001:00009ea0       ?staticCode@WSlotInstance_@@QBE?BV?$basic_string@DU?$char_traits@D@std@@V?$allocator@D@2@@std@@XZ 0040aea0 f i refreshformwt.obj
 0001:00009ea0       ?getStaticCode@WSlotInstance_@@QAE?AV?$basic_string@DU?$char_traits@D@std@@V?$allocator@D@2@@std@@XZ 0040aea0 f i refreshformwt.obj
 0001:00009ea0       ?statements@JavaScript@@QBE?BV?$basic_string@DU?$char_traits@D@std@@V?$allocator@D@2@@std@@XZ 0040aea0 f i libwt:WWebWidget.obj
 0001:00009ed0       ??1?$pair@V?$basic_string@DU?$char_traits@D@std@@V?$allocator@D@2@@std@@V12@@std@@QAE@XZ 0040aed0 f i libwt:WWebWidget.obj
 0001:00009ed0       ??1JavaScript@@QAE@XZ      0040aed0 f i libwt:WWebWidget.obj
 0001:00009ed0       ??1?$pair@$$CBV?$basic_string@DU?$char_traits@D@std@@V?$allocator@D@2@@std@@V12@@std@@QAE@XZ 0040aed0 f i libwt:WWebWidget.obj
 0001:00009f20       ??0?$pair@$$CBV?$basic_string@DU?$char_traits@D@std@@V?$allocator@D@2@@std@@V12@@std@@QAE@ABU01@@Z 0040af20 f i libwt:WWebWidget.obj
 0001:00009f20       ??0JavaScript@@QAE@ABV0@@Z 0040af20 f i libwt:WWebWidget.obj
 0001:00009f20       ??0?$pair@V?$basic_string@DU?$char_traits@D@std@@V?$allocator@D@2@@std@@V12@@std@@QAE@ABU01@@Z 0040af20 f i libwt:WWebWidget.obj
 0001:00009f80       ??4JavaScript@@QAEAAV0@ABV0@@Z 0040af80 f i libwt:WWebWidget.obj
 0001:00009fb0       ?triggerSlot@WWebWidget@@MAE_NPAVWObject@@PBVWSlot_@@PAPAX@Z 0040afb0 f   libwt:WWebWidget.obj
 0001:00009fc0       ?undoTriggerSlot@WWebWidget@@MAE_NPBVWSlot_@@PAPAX@Z 0040afc0 f   libwt:WWebWidget.obj
 0001:00009fd0       ?setFormObject@WWebWidget@@IAEX_N@Z 0040afd0 f   libwt:WWebWidget.obj
 0001:00009fe0       ?repaint@WWebWidget@@IAEXXZ 0040afe0 f   libwt:WWebWidget.obj
 0001:00009fe0       ?signalConnectionsChanged@WWebWidget@@EAEXXZ 0040afe0 f   libwt:WWebWidget.obj
 0001:00009ff0       ?renderOk@WWebWidget@@IAEXXZ 0040aff0 f   libwt:WWebWidget.obj
 0001:0000a000       ?setParent@WWebWidget@@MAEXPAVWWidget@@@Z 0040b000 f   libwt:WWebWidget.obj
 0001:0000a030       ?parent@WWebWidget@@UBEPAVWWidget@@XZ 0040b030 f   libwt:WWebWidget.obj
 0001:0000a040       ?setPositionScheme@WWebWidget@@UAEXW4PositionScheme@WWidget@@@Z 0040b040 f   libwt:WWebWidget.obj
 0001:0000a070       ?resize@WWebWidget@@UAEXVWLength@@0@Z 0040b070 f   libwt:WWebWidget.obj
 0001:0000a0c0       ?setMinimumSize@WWebWidget@@UAEXVWLength@@0@Z 0040b0c0 f   libwt:WWebWidget.obj
 0001:0000a120       ?setMaximumSize@WWebWidget@@UAEXVWLength@@0@Z 0040b120 f   libwt:WWebWidget.obj
 0001:0000a180       ?setFloatSide@WWebWidget@@UAEXW4Side@WWidget@@@Z 0040b180 f   libwt:WWebWidget.obj
 0001:0000a1a0       ?setClearSides@WWebWidget@@UAEXH@Z 0040b1a0 f   libwt:WWebWidget.obj
 0001:0000a1c0       ?clearSides@WWebWidget@@UBEHXZ 0040b1c0 f   libwt:WWebWidget.obj
 0001:0000a1d0       ?setVerticalAlignment@WWebWidget@@UAEXW4VerticalAlignment@WWidget@@VWLength@@@Z 0040b1d0 f   libwt:WWebWidget.obj
 0001:0000a210       ?setOffset@WWebWidget@@UAEXW4Side@WWidget@@VWLength@@@Z 0040b210 f   libwt:WWebWidget.obj
 0001:0000a290       ?offset@WWebWidget@@UBE?AVWLength@@W4Side@WWidget@@@Z 0040b290 f   libwt:WWebWidget.obj
 0001:0000a340       ?zIndex@WWebWidget@@ABEHXZ 0040b340 f   libwt:WWebWidget.obj
 0001:0000a380       ?setInline@WWebWidget@@UAEX_N@Z 0040b380 f   libwt:WWebWidget.obj
 0001:0000a3a0       ?setPopup@WWebWidget@@UAEX_N@Z 0040b3a0 f   libwt:WWebWidget.obj
 0001:0000a3c0       ?setMargin@WWebWidget@@UAEXVWLength@@H@Z 0040b3c0 f   libwt:WWebWidget.obj
 0001:0000a450       ?margin@WWebWidget@@UBE?AVWLength@@W4Side@WWidget@@@Z 0040b450 f   libwt:WWebWidget.obj
 0001:0000a500       ?setStyleClass@WWebWidget@@UAEXV?$basic_string@DU?$char_traits@D@std@@V?$allocator@D@2@@std@@@Z 0040b500 f   libwt:WWebWidget.obj
 0001:0000a570       ?setToolTip@WWebWidget@@UAEXV?$basic_string@DU?$char_traits@D@std@@V?$allocator@D@2@@std@@@Z 0040b570 f   libwt:WWebWidget.obj
 0001:0000a610       ?setToolTipMessage@WWebWidget@@UAEXABVWMessage@@@Z 0040b610 f   libwt:WWebWidget.obj
 0001:0000a650       ?setHidden@WWebWidget@@UAEX_N@Z 0040b650 f   libwt:WWebWidget.obj
 0001:0000a670       ?hide@WWebWidget@@UAEXXZ   0040b670 f   libwt:WWebWidget.obj
 0001:0000a690       ?show@WWebWidget@@UAEXXZ   0040b690 f   libwt:WWebWidget.obj
 0001:0000a6b0       ?undoHide@WWebWidget@@EAEXXZ 0040b6b0 f   libwt:WWebWidget.obj
 0001:0000a6c0       ?undoShow@WWebWidget@@EAEXXZ 0040b6c0 f   libwt:WWebWidget.obj
 0001:0000a6d0       ?isLoaded@WWebWidget@@IBE_NXZ 0040b6d0 f   libwt:WWebWidget.obj
 0001:0000a710       ?getSFormObjects@WWebWidget@@AAEXAAV?$vector@PAVWObject@@V?$allocator@PAVWObject@@@std@@@std@@@Z 0040b710 f   libwt:WWebWidget.obj
 0001:0000a730       ?createSDomElement@WWebWidget@@AAEPAVDomElement@@XZ 0040b730 f   libwt:WWebWidget.obj
 0001:0000a7b0       ?getEncodeCmd@WWebWidget@@QAE?AV?$basic_string@DU?$char_traits@D@std@@V?$allocator@D@2@@std@@PBD@Z 0040b7b0 f   libwt:WWebWidget.obj
 0001:0000a810       ?updateSignalConnection@WWebWidget@@IAEXAAVDomElement@@PBDV?$basic_string@DU?$char_traits@D@std@@V?$allocator@D@2@@std@@1_N1@Z 0040b810 f   libwt:WWebWidget.obj
 0001:0000a8f0       ?setNoFormData@WWebWidget@@EAEXXZ 0040b8f0 f   libwt:WWebWidget.obj
 0001:0000a910       ?_Max@?$_Tree@V?$_Tmap_traits@V?$basic_string@DU?$char_traits@D@std@@V?$allocator@D@2@@std@@V12@U?$less@V?$basic_string@DU?$char_traits@D@std@@V?$allocator@D@2@@std@@@2@V?$allocator@U?$pair@$$CBV?$basic_string@DU?$char_traits@D@std@@V?$allocator@D@2@@std@@V12@@std@@@2@$0A@@std@@@std@@KAPAU_Node@?$_Tree_nod@V?$_Tmap_traits@V?$basic_string@DU?$char_traits@D@std@@V?$allocator@D@2@@std@@V12@U?$less@V?$basic_string@DU?$char_traits@D@std@@V?$allocator@D@2@@std@@@2@V?$allocator@U?$pair@$$CBV?$basic_string@DU?$char_traits@D@std@@V?$allocator@D@2@@std@@V12@@std@@@2@$0A@@std@@@2@PAU342@@Z 0040b910 f i libwt:WWebWidget.obj
 0001:0000a930       ?_Min@?$_Tree@V?$_Tmap_traits@V?$basic_string@DU?$char_traits@D@std@@V?$allocator@D@2@@std@@V12@U?$less@V?$basic_string@DU?$char_traits@D@std@@V?$allocator@D@2@@std@@@2@V?$allocator@U?$pair@$$CBV?$basic_string@DU?$char_traits@D@std@@V?$allocator@D@2@@std@@V12@@std@@@2@$0A@@std@@@std@@KAPAU_Node@?$_Tree_nod@V?$_Tmap_traits@V?$basic_string@DU?$char_traits@D@std@@V?$allocator@D@2@@std@@V12@U?$less@V?$basic_string@DU?$char_traits@D@std@@V?$allocator@D@2@@std@@@2@V?$allocator@U?$pair@$$CBV?$basic_string@DU?$char_traits@D@std@@V?$allocator@D@2@@std@@V12@@std@@@2@$0A@@std@@@2@PAU342@@Z 0040b930 f i libwt:WWebWidget.obj
 0001:0000a950       ?_Max@?$_Tree@V?$_Tmap_traits@V?$basic_string@DU?$char_traits@D@std@@V?$allocator@D@2@@std@@U?$pair@V?$basic_string@DU?$char_traits@D@std@@V?$allocator@D@2@@std@@V12@@2@U?$less@V?$basic_string@DU?$char_traits@D@std@@V?$allocator@D@2@@std@@@2@V?$allocator@U?$pair@$$CBV?$basic_string@DU?$char_traits@D@std@@V?$allocator@D@2@@std@@U?$pair@V?$basic_string@DU?$char_traits@D@std@@V?$allocator@D@2@@std@@V12@@2@@std@@@2@$0A@@std@@@std@@KAPAU_Node@?$_Tree_nod@V?$_Tmap_traits@V?$basic_string@DU?$char_traits@D@std@@V?$allocator@D@2@@std@@U?$pair@V?$basic_string@DU?$char_traits@D@std@@V?$allocator@D@2@@std@@V12@@2@U?$less@V?$basic_string@DU?$char_traits@D@std@@V?$allocator@D@2@@std@@@2@V?$allocator@U?$pair@$$CBV?$basic_string@DU?$char_traits@D@std@@V?$allocator@D@2@@std@@U?$pair@V?$basic_string@DU?$char_traits@D@std@@V?$allocator@D@2@@std@@V12@@2@@std@@@2@$0A@@std@@@2@PAU342@@Z 0040b950 f i libwt:WWebWidget.obj
 0001:0000a970       ?_Min@?$_Tree@V?$_Tmap_traits@V?$basic_string@DU?$char_traits@D@std@@V?$allocator@D@2@@std@@U?$pair@V?$basic_string@DU?$char_traits@D@std@@V?$allocator@D@2@@std@@V12@@2@U?$less@V?$basic_string@DU?$char_traits@D@std@@V?$allocator@D@2@@std@@@2@V?$allocator@U?$pair@$$CBV?$basic_string@DU?$char_traits@D@std@@V?$allocator@D@2@@std@@U?$pair@V?$basic_string@DU?$char_traits@D@std@@V?$allocator@D@2@@std@@V12@@2@@std@@@2@$0A@@std@@@std@@KAPAU_Node@?$_Tree_nod@V?$_Tmap_traits@V?$basic_string@DU?$char_traits@D@std@@V?$allocator@D@2@@std@@U?$pair@V?$basic_string@DU?$char_traits@D@std@@V?$allocator@D@2@@std@@V12@@2@U?$less@V?$basic_string@DU?$char_traits@D@std@@V?$allocator@D@2@@std@@@2@V?$allocator@U?$pair@$$CBV?$basic_string@DU?$char_traits@D@std@@V?$allocator@D@2@@std@@U?$pair@V?$basic_string@DU?$char_traits@D@std@@V?$allocator@D@2@@std@@V12@@2@@std@@@2@$0A@@std@@@2@PAU342@@Z 0040b970 f i libwt:WWebWidget.obj
 0001:0000a990       ?_Xlen@?$vector@U?$pair@V?$basic_string@DU?$char_traits@D@std@@V?$allocator@D@2@@std@@PAVDomElement@@@std@@V?$allocator@U?$pair@V?$basic_string@DU?$char_traits@D@std@@V?$allocator@D@2@@std@@PAVDomElement@@@std@@@2@@std@@IBEXXZ 0040b990 f i libwt:WWebWidget.obj
 0001:0000aa10       ?_Lrotate@?$_Tree@V?$_Tmap_traits@V?$basic_string@DU?$char_traits@D@std@@V?$allocator@D@2@@std@@V12@U?$less@V?$basic_string@DU?$char_traits@D@std@@V?$allocator@D@2@@std@@@2@V?$allocator@U?$pair@$$CBV?$basic_string@DU?$char_traits@D@std@@V?$allocator@D@2@@std@@V12@@std@@@2@$0A@@std@@@std@@IAEXPAU_Node@?$_Tree_nod@V?$_Tmap_traits@V?$basic_string@DU?$char_traits@D@std@@V?$allocator@D@2@@std@@V12@U?$less@V?$basic_string@DU?$char_traits@D@std@@V?$allocator@D@2@@std@@@2@V?$allocator@U?$pair@$$CBV?$basic_string@DU?$char_traits@D@std@@V?$allocator@D@2@@std@@V12@@std@@@2@$0A@@std@@@2@@Z 0040ba10 f i libwt:WWebWidget.obj
 0001:0000aa70       ?_Rrotate@?$_Tree@V?$_Tmap_traits@V?$basic_string@DU?$char_traits@D@std@@V?$allocator@D@2@@std@@V12@U?$less@V?$basic_string@DU?$char_traits@D@std@@V?$allocator@D@2@@std@@@2@V?$allocator@U?$pair@$$CBV?$basic_string@DU?$char_traits@D@std@@V?$allocator@D@2@@std@@V12@@std@@@2@$0A@@std@@@std@@IAEXPAU_Node@?$_Tree_nod@V?$_Tmap_traits@V?$basic_string@DU?$char_traits@D@std@@V?$allocator@D@2@@std@@V12@U?$less@V?$basic_string@DU?$char_traits@D@std@@V?$allocator@D@2@@std@@@2@V?$allocator@U?$pair@$$CBV?$basic_string@DU?$char_traits@D@std@@V?$allocator@D@2@@std@@V12@@std@@@2@$0A@@std@@@2@@Z 0040ba70 f i libwt:WWebWidget.obj
 0001:0000aad0       ?_Rrotate@?$_Tree@V?$_Tmap_traits@V?$basic_string@DU?$char_traits@D@std@@V?$allocator@D@2@@std@@PAVWSignalInstance_@@U?$less@V?$basic_string@DU?$char_traits@D@std@@V?$allocator@D@2@@std@@@2@V?$allocator@U?$pair@$$CBV?$basic_string@DU?$char_traits@D@std@@V?$allocator@D@2@@std@@PAVWSignalInstance_@@@std@@@2@$0A@@std@@@std@@IAEXPAU_Node@?$_Tree_nod@V?$_Tmap_traits@V?$basic_string@DU?$char_traits@D@std@@V?$allocator@D@2@@std@@PAVWSignalInstance_@@U?$less@V?$basic_string@DU?$char_traits@D@std@@V?$allocator@D@2@@std@@@2@V?$allocator@U?$pair@$$CBV?$basic_string@DU?$char_traits@D@std@@V?$allocator@D@2@@std@@PAVWSignalInstance_@@@std@@@2@$0A@@std@@@2@@Z 0040bad0 f i refreshformwt.obj
 0001:0000aad0       ?_Rrotate@?$_Tree@V?$_Tmap_traits@V?$basic_string@DU?$char_traits@D@std@@V?$allocator@D@2@@std@@PAVWSlotInstance_@@U?$less@V?$basic_string@DU?$char_traits@D@std@@V?$allocator@D@2@@std@@@2@V?$allocator@U?$pair@$$CBV?$basic_string@DU?$char_traits@D@std@@V?$allocator@D@2@@std@@PAVWSlotInstance_@@@std@@@2@$0A@@std@@@std@@IAEXPAU_Node@?$_Tree_nod@V?$_Tmap_traits@V?$basic_string@DU?$char_traits@D@std@@V?$allocator@D@2@@std@@PAVWSlotInstance_@@U?$less@V?$basic_string@DU?$char_traits@D@std@@V?$allocator@D@2@@std@@@2@V?$allocator@U?$pair@$$CBV?$basic_string@DU?$char_traits@D@std@@V?$allocator@D@2@@std@@PAVWSlotInstance_@@@std@@@2@$0A@@std@@@2@@Z 0040bad0 f i libwt:WWebWidget.obj
 0001:0000aad0       ?_Rrotate@?$_Tree@V?$_Tmap_traits@W4Property@Wt@@V?$basic_string@DU?$char_traits@D@std@@V?$allocator@D@2@@std@@U?$less@W4Property@Wt@@@4@V?$allocator@U?$pair@$$CBW4Property@Wt@@V?$basic_string@DU?$char_traits@D@std@@V?$allocator@D@2@@std@@@std@@@4@$0A@@std@@@std@@IAEXPAU_Node@?$_Tree_nod@V?$_Tmap_traits@W4Property@Wt@@V?$basic_string@DU?$char_traits@D@std@@V?$allocator@D@2@@std@@U?$less@W4Property@Wt@@@4@V?$allocator@U?$pair@$$CBW4Property@Wt@@V?$basic_string@DU?$char_traits@D@std@@V?$allocator@D@2@@std@@@std@@@4@$0A@@std@@@2@@Z 0040bad0 f i libwt:WWebWidget.obj
 0001:0000aad0       ?_Rrotate@?$_Tree@V?$_Tmap_traits@V?$basic_string@DU?$char_traits@D@std@@V?$allocator@D@2@@std@@PAVWCssRule@@U?$less@V?$basic_string@DU?$char_traits@D@std@@V?$allocator@D@2@@std@@@2@V?$allocator@U?$pair@$$CBV?$basic_string@DU?$char_traits@D@std@@V?$allocator@D@2@@std@@PAVWCssRule@@@std@@@2@$0A@@std@@@std@@IAEXPAU_Node@?$_Tree_nod@V?$_Tmap_traits@V?$basic_string@DU?$char_traits@D@std@@V?$allocator@D@2@@std@@PAVWCssRule@@U?$less@V?$basic_string@DU?$char_traits@D@std@@V?$allocator@D@2@@std@@@2@V?$allocator@U?$pair@$$CBV?$basic_string@DU?$char_traits@D@std@@V?$allocator@D@2@@std@@PAVWCssRule@@@std@@@2@$0A@@std@@@2@@Z 0040bad0 f i refresh.obj
 0001:0000ab30       ?_Lrotate@?$_Tree@V?$_Tmap_traits@V?$basic_string@DU?$char_traits@D@std@@V?$allocator@D@2@@std@@U?$pair@V?$basic_string@DU?$char_traits@D@std@@V?$allocator@D@2@@std@@V12@@2@U?$less@V?$basic_string@DU?$char_traits@D@std@@V?$allocator@D@2@@std@@@2@V?$allocator@U?$pair@$$CBV?$basic_string@DU?$char_traits@D@std@@V?$allocator@D@2@@std@@U?$pair@V?$basic_string@DU?$char_traits@D@std@@V?$allocator@D@2@@std@@V12@@2@@std@@@2@$0A@@std@@@std@@IAEXPAU_Node@?$_Tree_nod@V?$_Tmap_traits@V?$basic_string@DU?$char_traits@D@std@@V?$allocator@D@2@@std@@U?$pair@V?$basic_string@DU?$char_traits@D@std@@V?$allocator@D@2@@std@@V12@@2@U?$less@V?$basic_string@DU?$char_traits@D@std@@V?$allocator@D@2@@std@@@2@V?$allocator@U?$pair@$$CBV?$basic_string@DU?$char_traits@D@std@@V?$allocator@D@2@@std@@U?$pair@V?$basic_string@DU?$char_traits@D@std@@V?$allocator@D@2@@std@@V12@@2@@std@@@2@$0A@@std@@@2@@Z 0040bb30 f i libwt:WWebWidget.obj
 0001:0000ab90       ?_Rrotate@?$_Tree@V?$_Tmap_traits@V?$basic_string@DU?$char_traits@D@std@@V?$allocator@D@2@@std@@U?$pair@V?$basic_string@DU?$char_traits@D@std@@V?$allocator@D@2@@std@@V12@@2@U?$less@V?$basic_string@DU?$char_traits@D@std@@V?$allocator@D@2@@std@@@2@V?$allocator@U?$pair@$$CBV?$basic_string@DU?$char_traits@D@std@@V?$allocator@D@2@@std@@U?$pair@V?$basic_string@DU?$char_traits@D@std@@V?$allocator@D@2@@std@@V12@@2@@std@@@2@$0A@@std@@@std@@IAEXPAU_Node@?$_Tree_nod@V?$_Tmap_traits@V?$basic_string@DU?$char_traits@D@std@@V?$allocator@D@2@@std@@U?$pair@V?$basic_string@DU?$char_traits@D@std@@V?$allocator@D@2@@std@@V12@@2@U?$less@V?$basic_string@DU?$char_traits@D@std@@V?$allocator@D@2@@std@@@2@V?$allocator@U?$pair@$$CBV?$basic_string@DU?$char_traits@D@std@@V?$allocator@D@2@@std@@U?$pair@V?$basic_string@DU?$char_traits@D@std@@V?$allocator@D@2@@std@@V12@@2@@std@@@2@$0A@@std@@@2@@Z 0040bb90 f i libwt:WWebWidget.obj
 0001:0000abf0       ??1?$pair@$$CBW4Property@Wt@@V?$basic_string@DU?$char_traits@D@std@@V?$allocator@D@2@@std@@@std@@QAE@XZ 0040bbf0 f i libwt:WWebWidget.obj
 0001:0000ac00       ?_Inc@const_iterator@?$_Tree@V?$_Tmap_traits@V?$basic_string@DU?$char_traits@D@std@@V?$allocator@D@2@@std@@V12@U?$less@V?$basic_string@DU?$char_traits@D@std@@V?$allocator@D@2@@std@@@2@V?$allocator@U?$pair@$$CBV?$basic_string@DU?$char_traits@D@std@@V?$allocator@D@2@@std@@V12@@std@@@2@$0A@@std@@@std@@QAEXXZ 0040bc00 f i libwt:WWebWidget.obj
 0001:0000ac60       ?_Inc@const_iterator@?$_Tree@V?$_Tmap_traits@V?$basic_string@DU?$char_traits@D@std@@V?$allocator@D@2@@std@@PAVWSignalInstance_@@U?$less@V?$basic_string@DU?$char_traits@D@std@@V?$allocator@D@2@@std@@@2@V?$allocator@U?$pair@$$CBV?$basic_string@DU?$char_traits@D@std@@V?$allocator@D@2@@std@@PAVWSignalInstance_@@@std@@@2@$0A@@std@@@std@@QAEXXZ 0040bc60 f i refreshformwt.obj
 0001:0000ac60       ?_Inc@const_iterator@?$_Tree@V?$_Tmap_traits@W4Property@Wt@@V?$basic_string@DU?$char_traits@D@std@@V?$allocator@D@2@@std@@U?$less@W4Property@Wt@@@4@V?$allocator@U?$pair@$$CBW4Property@Wt@@V?$basic_string@DU?$char_traits@D@std@@V?$allocator@D@2@@std@@@std@@@4@$0A@@std@@@std@@QAEXXZ 0040bc60 f i libwt:WWebWidget.obj
 0001:0000ac60       ?_Inc@const_iterator@?$_Tree@V?$_Tmap_traits@V?$basic_string@DU?$char_traits@D@std@@V?$allocator@D@2@@std@@PAVWSlotInstance_@@U?$less@V?$basic_string@DU?$char_traits@D@std@@V?$allocator@D@2@@std@@@2@V?$allocator@U?$pair@$$CBV?$basic_string@DU?$char_traits@D@std@@V?$allocator@D@2@@std@@PAVWSlotInstance_@@@std@@@2@$0A@@std@@@std@@QAEXXZ 0040bc60 f i libwt:WWebWidget.obj
 0001:0000ac60       ?_Inc@const_iterator@?$_Tree@V?$_Tmap_traits@V?$basic_string@DU?$char_traits@D@std@@V?$allocator@D@2@@std@@PAVWCssRule@@U?$less@V?$basic_string@DU?$char_traits@D@std@@V?$allocator@D@2@@std@@@2@V?$allocator@U?$pair@$$CBV?$basic_string@DU?$char_traits@D@std@@V?$allocator@D@2@@std@@PAVWCssRule@@@std@@@2@$0A@@std@@@std@@QAEXXZ 0040bc60 f i refresh.obj
 0001:0000acc0       ?_Inc@const_iterator@?$_Tree@V?$_Tmap_traits@V?$basic_string@DU?$char_traits@D@std@@V?$allocator@D@2@@std@@U?$pair@V?$basic_string@DU?$char_traits@D@std@@V?$allocator@D@2@@std@@V12@@2@U?$less@V?$basic_string@DU?$char_traits@D@std@@V?$allocator@D@2@@std@@@2@V?$allocator@U?$pair@$$CBV?$basic_string@DU?$char_traits@D@std@@V?$allocator@D@2@@std@@U?$pair@V?$basic_string@DU?$char_traits@D@std@@V?$allocator@D@2@@std@@V12@@2@@std@@@2@$0A@@std@@@std@@QAEXXZ 0040bcc0 f i libwt:WWebWidget.obj
 0001:0000ad20       ??1_Node@?$_Tree_nod@V?$_Tmap_traits@V?$basic_string@DU?$char_traits@D@std@@V?$allocator@D@2@@std@@V12@U?$less@V?$basic_string@DU?$char_traits@D@std@@V?$allocator@D@2@@std@@@2@V?$allocator@U?$pair@$$CBV?$basic_string@DU?$char_traits@D@std@@V?$allocator@D@2@@std@@V12@@std@@@2@$0A@@std@@@std@@QAE@XZ 0040bd20 f i libwt:WWebWidget.obj
 0001:0000ad30       ??1?$lexical_stream@V?$basic_string@DU?$char_traits@D@std@@V?$allocator@D@2@@std@@N@detail@boost@@QAE@XZ 0040bd30 f i libwt:WLength.obj
 0001:0000ad30       ??1?$lexical_stream@V?$basic_string@DU?$char_traits@D@std@@V?$allocator@D@2@@std@@H@detail@boost@@QAE@XZ 0040bd30 f i libwt:WWebWidget.obj
 0001:0000ad40       ??5?$lexical_stream@V?$basic_string@DU?$char_traits@D@std@@V?$allocator@D@2@@std@@H@detail@boost@@QAE_NAAV?$basic_string@DU?$char_traits@D@std@@V?$allocator@D@2@@std@@@Z 0040bd40 f i libwt:WWebWidget.obj
 0001:0000ada0       ??0bad_lexical_cast@boost@@QAE@ABV01@@Z 0040bda0 f i libwt:WWebWidget.obj
 0001:0000add0       ?updateSignalConnection@WWebWidget@@IAEXAAVDomElement@@PBDV?$basic_string@DU?$char_traits@D@std@@V?$allocator@D@2@@std@@_N1@Z 0040bdd0 f   libwt:WWebWidget.obj
 0001:0000ae50       ?_Lbound@?$_Tree@V?$_Tmap_traits@V?$basic_string@DU?$char_traits@D@std@@V?$allocator@D@2@@std@@PAVWSignalInstance_@@U?$less@V?$basic_string@DU?$char_traits@D@std@@V?$allocator@D@2@@std@@@2@V?$allocator@U?$pair@$$CBV?$basic_string@DU?$char_traits@D@std@@V?$allocator@D@2@@std@@PAVWSignalInstance_@@@std@@@2@$0A@@std@@@std@@IBEPAU_Node@?$_Tree_nod@V?$_Tmap_traits@V?$basic_string@DU?$char_traits@D@std@@V?$allocator@D@2@@std@@PAVWSignalInstance_@@U?$less@V?$basic_string@DU?$char_traits@D@std@@V?$allocator@D@2@@std@@@2@V?$allocator@U?$pair@$$CBV?$basic_string@DU?$char_traits@D@std@@V?$allocator@D@2@@std@@PAVWSignalInstance_@@@std@@@2@$0A@@std@@@2@ABV?$basic_string@DU?$char_traits@D@std@@V?$allocator@D@2@@2@@Z 0040be50 f i refreshformwt.obj
 0001:0000ae50       ?_Lbound@?$_Tree@V?$_Tmap_traits@V?$basic_string@DU?$char_traits@D@std@@V?$allocator@D@2@@std@@PAVWSlotInstance_@@U?$less@V?$basic_string@DU?$char_traits@D@std@@V?$allocator@D@2@@std@@@2@V?$allocator@U?$pair@$$CBV?$basic_string@DU?$char_traits@D@std@@V?$allocator@D@2@@std@@PAVWSlotInstance_@@@std@@@2@$0A@@std@@@std@@IBEPAU_Node@?$_Tree_nod@V?$_Tmap_traits@V?$basic_string@DU?$char_traits@D@std@@V?$allocator@D@2@@std@@PAVWSlotInstance_@@U?$less@V?$basic_string@DU?$char_traits@D@std@@V?$allocator@D@2@@std@@@2@V?$allocator@U?$pair@$$CBV?$basic_string@DU?$char_traits@D@std@@V?$allocator@D@2@@std@@PAVWSlotInstance_@@@std@@@2@$0A@@std@@@2@ABV?$basic_string@DU?$char_traits@D@std@@V?$allocator@D@2@@2@@Z 0040be50 f i libwt:WWebWidget.obj
 0001:0000aea0       ?_Dec@const_iterator@?$_Tree@V?$_Tmap_traits@W4Property@Wt@@V?$basic_string@DU?$char_traits@D@std@@V?$allocator@D@2@@std@@U?$less@W4Property@Wt@@@4@V?$allocator@U?$pair@$$CBW4Property@Wt@@V?$basic_string@DU?$char_traits@D@std@@V?$allocator@D@2@@std@@@std@@@4@$0A@@std@@@std@@QAEXXZ 0040bea0 f i libwt:DomElement.obj
 0001:0000aea0       ?_Dec@const_iterator@?$_Tree@V?$_Tmap_traits@V?$basic_string@DU?$char_traits@D@std@@V?$allocator@D@2@@std@@PAVWSignalInstance_@@U?$less@V?$basic_string@DU?$char_traits@D@std@@V?$allocator@D@2@@std@@@2@V?$allocator@U?$pair@$$CBV?$basic_string@DU?$char_traits@D@std@@V?$allocator@D@2@@std@@PAVWSignalInstance_@@@std@@@2@$0A@@std@@@std@@QAEXXZ 0040bea0 f i refreshformwt.obj
[...]
 0001:000281a0       $L22352                    004291a0 f   libwt:WMessageResourceBundle.obj
 0001:000281a9       $L22353                    004291a9 f   libwt:WMessageResourceBundle.obj
 0001:000281b2       $L22354                    004291b2 f   libwt:WMessageResourceBundle.obj
 0001:000281bd       __ehhandler$?use@WMessageResourceBundle@@QAEXV?$basic_string@DU?$char_traits@D@std@@V?$allocator@D@2@@std@@@Z 004291bd f   libwt:WMessageResourceBundle.obj
 0001:000281d0       $L23577                    004291d0 f   libwt:WMessageResourceBundle.obj
 0001:000281d9       $L23578                    004291d9 f   libwt:WMessageResourceBundle.obj
 0001:000281e4       __ehhandler$??1WMessageResources@@QAE@XZ 004291e4 f   libwt:WMessageResourceBundle.obj
 0001:000281f0       $L23908                    004291f0 f   libwt:WMessageResourceBundle.obj
 0001:000281f9       $L23909                    004291f9 f   libwt:WMessageResourceBundle.obj
 0001:00028204       __ehhandler$??0WMessageResources@@QAE@ABV0@@Z 00429204 f   libwt:WMessageResourceBundle.obj
 0001:00028210       $L31060                    00429210 f   libwt:JavaScript.obj
 0001:00028219       __ehhandler$??0JavaScript@@QAE@XZ 00429219 f   libwt:JavaScript.obj
 0001:00028230       $L31073                    00429230 f   libwt:JavaScript.obj
 0001:00028239       __ehhandler$?addStatement@JavaScript@@QAEXV?$basic_string@DU?$char_traits@D@std@@V?$allocator@D@2@@std@@@Z 00429239 f   libwt:JavaScript.obj
 0001:00028250       $L32816                    00429250 f   libwt:JavaScript.obj
 0001:00028259       $L32817                    00429259 f   libwt:JavaScript.obj
 0001:00028262       __ehhandler$??0JSVar@@AAE@XZ 00429262 f   libwt:JavaScript.obj
 0001:00028270       $L32832                    00429270 f   libwt:JavaScript.obj
 0001:00028279       $L32833                    00429279 f   libwt:JavaScript.obj
 0001:00028281       $L32834                    00429281 f   libwt:JavaScript.obj
 0001:0002828a       $L32835                    0042928a f   libwt:JavaScript.obj
 0001:00028293       $L32836                    00429293 f   libwt:JavaScript.obj
 0001:0002829c       $L32837                    0042929c f   libwt:JavaScript.obj
 0001:000282a8       $L32843                    004292a8 f   libwt:JavaScript.obj
 0001:000282b4       $L32839                    004292b4 f   libwt:JavaScript.obj
 0001:000282d3       __ehhandler$?declareVar@JavaScript@@QAE?AVJSVar@@V?$basic_string@DU?$char_traits@D@std@@V?$allocator@D@2@@std@@@Z 004292d3 f   libwt:JavaScript.obj
 0001:000282e0       $L32866                    004292e0 f   libwt:JavaScript.obj
 0001:000282e9       $L32867                    004292e9 f   libwt:JavaScript.obj
 0001:00028303       __ehhandler$?getTempFunctionName@JavaScript@@QAE?BV?$basic_string@DU?$char_traits@D@std@@V?$allocator@D@2@@std@@XZ 00429303 f   libwt:JavaScript.obj
 0001:00028310       $L38557                    00429310 f   libwt:WFont.obj
 0001:00028310       $L38566                    00429310 f   libwt:WFont.obj
 0001:0002831c       __ehhandler$??0WFont@@QAE@XZ 0042931c f   libwt:WFont.obj
 0001:0002831c       __ehhandler$??0WFont@@AAE@PAVWWebWidget@@@Z 0042931c f   libwt:WFont.obj
 0001:00028330       $L38575                    00429330 f   libwt:WFont.obj
 0001:00028339       __ehhandler$?setFamily@WFont@@QAEXW4GenericFamily@1@V?$basic_string@DU?$char_traits@D@std@@V?$allocator@D@2@@std@@@Z 00429339 f   libwt:WFont.obj
 0001:00028350       $L42563                    00429350 f   libwt:WFont.obj
 0001:00028359       __ehhandler$?updateDomElement@WFont@@AAEXAAVDomElement@@_N1@Z 00429359 f   libwt:WFont.obj
 0001:00028370       $L30397                    00429370 f   libwt:WColor.obj
 0001:00028379       __ehhandler$??0WColor@@QAE@V?$basic_string@DU?$char_traits@D@std@@V?$allocator@D@2@@std@@@Z 00429379 f   libwt:WColor.obj
 0001:00028390       $L32151                    00429390 f   libwt:WColor.obj
 0001:000283b0       $L32154                    004293b0 f   libwt:WColor.obj
 0001:000283b9       $L32155                    004293b9 f   libwt:WColor.obj
 0001:000283c2       $L32156                    004293c2 f   libwt:WColor.obj
 0001:000283ce       $L32157                    004293ce f   libwt:WColor.obj
 0001:000283da       $L32158                    004293da f   libwt:WColor.obj
 0001:000283e6       $L32159                    004293e6 f   libwt:WColor.obj
 0001:000283ef       $L32160                    004293ef f   libwt:WColor.obj
 0001:000283fb       $L32161                    004293fb f   libwt:WColor.obj
 0001:00028404       __ehhandler$?cssText@WColor@@QBE?BV?$basic_string@DU?$char_traits@D@std@@V?$allocator@D@2@@std@@XZ 00429404 f   libwt:WColor.obj
 0001:00028410       $L32274                    00429410 f   libwt:WColor.obj
 0001:00028410       $L32386                    00429410 f   libwt:WColor.obj
 0001:00028410       $L32370                    00429410 f   libwt:WColor.obj
 0001:00028410       $L32178                    00429410 f   libwt:WColor.obj
 0001:00028410       $L32354                    00429410 f   libwt:WColor.obj
 0001:00028410       $L32194                    00429410 f   libwt:WColor.obj
 0001:00028410       $L32338                    00429410 f   libwt:WColor.obj
 0001:00028410       $L32404                    00429410 f   libwt:WColor.obj
 0001:00028410       $L32322                    00429410 f   libwt:WColor.obj
 0001:00028410       $L32210                    00429410 f   libwt:WColor.obj
 0001:00028410       $L32306                    00429410 f   libwt:WColor.obj
 0001:00028410       $L32420                    00429410 f   libwt:WColor.obj
 0001:00028410       $L32290                    00429410 f   libwt:WColor.obj
 0001:00028410       $L32226                    00429410 f   libwt:WColor.obj
 0001:00028410       $L32242                    00429410 f   libwt:WColor.obj
 0001:00028410       $L32436                    00429410 f   libwt:WColor.obj
 0001:00028410       $L32258                    00429410 f   libwt:WColor.obj
 0001:00028419       __ehhandler$_$E25          00429419 f   libwt:WColor.obj
 0001:00028419       __ehhandler$_$E28          00429419 f   libwt:WColor.obj
 0001:00028419       __ehhandler$_$E31          00429419 f   libwt:WColor.obj
 0001:00028419       __ehhandler$_$E34          00429419 f   libwt:WColor.obj
 0001:00028419       __ehhandler$_$E37          00429419 f   libwt:WColor.obj
 0001:00028419       __ehhandler$_$E40          00429419 f   libwt:WColor.obj
 0001:00028419       __ehhandler$_$E46          00429419 f   libwt:WColor.obj
 0001:00028419       __ehhandler$_$E19          00429419 f   libwt:WColor.obj
 0001:00028419       __ehhandler$_$E49          00429419 f   libwt:WColor.obj
 0001:00028419       __ehhandler$_$E52          00429419 f   libwt:WColor.obj
 0001:00028419       __ehhandler$_$E1           00429419 f   libwt:WColor.obj
 0001:00028419       __ehhandler$_$E4           00429419 f   libwt:WColor.obj
 0001:00028419       __ehhandler$_$E16          00429419 f   libwt:WColor.obj
 0001:00028419       __ehhandler$_$E7           00429419 f   libwt:WColor.obj
 0001:00028419       __ehhandler$_$E10          00429419 f   libwt:WColor.obj
 0001:00028419       __ehhandler$_$E13          00429419 f   libwt:WColor.obj
 0001:00028419       __ehhandler$_$E22          00429419 f   libwt:WColor.obj
 0001:00028430       $L14564                    00429430 f   libwt:WBorder.obj
 0001:00028438       __ehhandler$??0WBorder@@QAE@W4Style@0@W4Width@0@VWColor@@@Z 00429438 f   libwt:WBorder.obj
 0001:00028450       $L14589                    00429450 f   libwt:WBorder.obj
 0001:00028458       __ehhandler$?setColor@WBorder@@QAEXVWColor@@@Z 00429458 f   libwt:WBorder.obj
 0001:00028470       $L14955                    00429470 f   libwt:WBorder.obj
 0001:00028479       $L14956                    00429479 f   libwt:WBorder.obj
 0001:00028499       $L14959                    00429499 f   libwt:WBorder.obj
 0001:000284a2       $L14960                    004294a2 f   libwt:WBorder.obj
 0001:000284ae       $L14961                    004294ae f   libwt:WBorder.obj
 0001:000284b7       $L14962                    004294b7 f   libwt:WBorder.obj
 0001:000284c0       $L14963                    004294c0 f   libwt:WBorder.obj
 0001:000284cc       $L14964                    004294cc f   libwt:WBorder.obj
 0001:000284d8       __ehhandler$?cssText@WBorder@@QBE?AV?$basic_string@DU?$char_traits@D@std@@V?$allocator@D@2@@std@@XZ 004294d8 f   libwt:WBorder.obj
 0001:000284f0       $L25672                    004294f0 f   libwt:WMessageResources.obj
 0001:000284f9       $L25673                    004294f9 f   libwt:WMessageResources.obj
 0001:00028502       $L25674                    00429502 f   libwt:WMessageResources.obj
 0001:0002850b       __ehhandler$?getValue@WMessageResources@@QBE_NABVWMessage@@AAV?$basic_string@DU?$char_traits@D@std@@V?$allocator@D@2@@std@@@Z 0042950b f   libwt:WMessageResources.obj
 0001:00028520       $L31679                    00429520 f   libwt:WMessageResources.obj
 0001:00028529       $L31680                    00429529 f   libwt:WMessageResources.obj
 0001:00028532       $L31681                    00429532 f   libwt:WMessageResources.obj
 0001:0002853d       $L31682                    0042953d f   libwt:WMessageResources.obj
 0001:00028548       __ehhandler$??0WMessageResources@@QAE@V?$basic_string@DU?$char_traits@D@std@@V?$allocator@D@2@@std@@@Z 00429548 f   libwt:WMessageResources.obj
 0001:00028560       _$E7                       00429560 f   refreshformwt.obj
 0001:00028720       _$E10                      00429720 f   refreshformwt.obj
 0001:00028740       _$E7                       00429740 f   WSPopTableWt.obj
 0001:000287d0       _$E10                      004297d0 f   WSPopTableWt.obj
 0001:000287f0       _$E5                       004297f0 f   libwt:WWebWidget.obj
 0001:00028810       _$E8                       00429810 f   libwt:WWebWidget.obj
 0001:00028830       _$E4                       00429830 f   libwt:WInteractWidget.obj
 0001:000288c0       _$E7                       004298c0 f   libwt:WInteractWidget.obj
 0001:00028d10       _$E5                       00429d10 f   libwt:WContainerWidget.obj
 0001:00028d30       _$E8                       00429d30 f   libwt:WContainerWidget.obj
 0001:00028d50       _$E7                       00429d50 f   libwt:WTable.obj
 0001:00028d70       _$E10                      00429d70 f   libwt:WTable.obj
 0001:00028d90       _$E13                      00429d90 f   libwt:WTable.obj
 0001:00028db0       _$E16                      00429db0 f   libwt:WTable.obj
 0001:00028dd0       _$E4                       00429dd0 f   libwt:WText.obj
 0001:00028df0       _$E7                       00429df0 f   libwt:WText.obj
 0001:00028e10       _$E4                       00429e10 f   libwt:WImage.obj
 0001:00028ea0       _$E7                       00429ea0 f   libwt:WImage.obj
 0001:00028ec0       _$E4                       00429ec0 f   libwt:WFormWidget.obj
 0001:00028fe0       _$E7                       00429fe0 f   libwt:WFormWidget.obj
 0001:00029100       _$E4                       0042a100 f   libwt:WPushButton.obj
 0001:00029120       _$E7                       0042a120 f   libwt:WPushButton.obj
 0001:00029140       _$E3                       0042a140 f   libwt:WScrollArea.obj
 0001:00029160       _$E6                       0042a160 f   libwt:WScrollArea.obj
 0001:00029180       _$E7                       0042a180 f   libwt:WApplication.obj
 0001:00029260       _$E10                      0042a260 f   libwt:WApplication.obj
 0001:00029280       _$E7                       0042a280 f   libwt:WebSession.obj
 0001:000292a0       _$E1                       0042a2a0 f   libwt:WObject.obj
 0001:000292c0       _$E4                       0042a2c0 f   libwt:WObject.obj
 0001:00029350       _$E7                       0042a350 f   libwt:WTableCell.obj
 0001:00029370       _$E10                      0042a370 f   libwt:WTableCell.obj
 0001:00029390       _$E3                       0042a390 f   libwt:WWidget.obj
 0001:00029470       _$E6                       0042a470 f   libwt:WWidget.obj
 0001:00029490       _$E3                       0042a490 f   libwt:DomElement.obj
 0001:00029720       _$E1                       0042a720 f   libwt:WResource.obj
 0001:00029740       _$E4                       0042a740 f   libwt:WResource.obj
 0001:000297d0       _$E4                       0042a7d0 f   libwt:WLabel.obj
 0001:000297f0       _$E7                       0042a7f0 f   libwt:WLabel.obj
 0001:00029810       _$E3                       0042a810 f   libwt:WScrollBar.obj
 0001:000298a0       _$E6                       0042a8a0 f   libwt:WScrollBar.obj
 0001:000298c0       _$E1                       0042a8c0 f   libwt:WColor.obj
 0001:00029930       _$E4                       0042a930 f   libwt:WColor.obj
 0001:000299a0       _$E7                       0042a9a0 f   libwt:WColor.obj
 0001:00029a10       _$E10                      0042aa10 f   libwt:WColor.obj
 0001:00029a80       _$E13                      0042aa80 f   libwt:WColor.obj
 0001:00029af0       _$E16                      0042aaf0 f   libwt:WColor.obj
 0001:00029b60       _$E19                      0042ab60 f   libwt:WColor.obj
 0001:00029bd0       _$E22                      0042abd0 f   libwt:WColor.obj
 0001:00029c40       _$E25                      0042ac40 f   libwt:WColor.obj
 0001:00029cb0       _$E28                      0042acb0 f   libwt:WColor.obj
 0001:00029d20       _$E31                      0042ad20 f   libwt:WColor.obj
 0001:00029d90       _$E34                      0042ad90 f   libwt:WColor.obj
 0001:00029e00       _$E37                      0042ae00 f   libwt:WColor.obj
 0001:00029e70       _$E40                      0042ae70 f   libwt:WColor.obj
 0001:00029ee0       _$E43                      0042aee0 f   libwt:WColor.obj
 0001:00029f10       _$E46                      0042af10 f   libwt:WColor.obj
 0001:00029f80       _$E49                      0042af80 f   libwt:WColor.obj
 0001:00029ff0       _$E52                      0042aff0 f   libwt:WColor.obj
 0001:0002a060       _$E10                      0042b060 f   refreshform.obj
 0001:0002a070       _$E14                      0042b070 f   refreshform.obj
 0001:0002a080       _$E13                      0042b080 f   refreshform.obj
 0001:0002a090       _$E12                      0042b090 f   refreshform.obj
 0001:0002a0a0       _$E8                       0042b0a0 f   refreshformwt.obj
 0001:0002a0c0       _$E11                      0042b0c0 f   refreshformwt.obj
 0001:0002a0e0       _$E8                       0042b0e0 f   WSPopTableWt.obj
 0001:0002a100       _$E11                      0042b100 f   WSPopTableWt.obj
 0001:0002a120       _$E6                       0042b120 f   libwt:WWebWidget.obj
 0001:0002a140       _$E9                       0042b140 f   libwt:WWebWidget.obj
 0001:0002a160       _$E5                       0042b160 f   libwt:WInteractWidget.obj
 0001:0002a180       _$E8                       0042b180 f   libwt:WInteractWidget.obj
 0001:0002a1a0       _$E6                       0042b1a0 f   libwt:WContainerWidget.obj
 0001:0002a1c0       _$E9                       0042b1c0 f   libwt:WContainerWidget.obj
 0001:0002a1e0       _$E8                       0042b1e0 f   libwt:WTable.obj
 0001:0002a200       _$E11                      0042b200 f   libwt:WTable.obj
 0001:0002a220       _$E14                      0042b220 f   libwt:WTable.obj
 0001:0002a240       _$E17                      0042b240 f   libwt:WTable.obj
 0001:0002a260       _$E5                       0042b260 f   libwt:WText.obj
 0001:0002a280       _$E8                       0042b280 f   libwt:WText.obj
 0001:0002a2a0       _$E5                       0042b2a0 f   libwt:WImage.obj
 0001:0002a2c0       _$E8                       0042b2c0 f   libwt:WImage.obj
 0001:0002a2e0       _$E5                       0042b2e0 f   libwt:WFormWidget.obj
 0001:0002a300       _$E8                       0042b300 f   libwt:WFormWidget.obj
 0001:0002a320       _$E5                       0042b320 f   libwt:WPushButton.obj
 0001:0002a340       _$E8                       0042b340 f   libwt:WPushButton.obj
 0001:0002a360       _$E4                       0042b360 f   libwt:WScrollArea.obj
 0001:0002a380       _$E7                       0042b380 f   libwt:WScrollArea.obj
 0001:0002a3a0       _$E8                       0042b3a0 f   libwt:WApplication.obj
 0001:0002a3c0       _$E11                      0042b3c0 f   libwt:WApplication.obj
 0001:0002a3e0       _$E8                       0042b3e0 f   libwt:WebSession.obj
 0001:0002a3f0       _$E14                      0042b3f0 f   libwt:WebSession.obj
 0001:0002a400       _$E13                      0042b400 f   libwt:WebSession.obj
 0001:0002a410       _$E12                      0042b410 f   libwt:WebSession.obj
 0001:0002a420       _$E11                      0042b420 f   libwt:WebSession.obj
 0001:0002a430       _$E16                      0042b430 f   libwt:WebSession.obj
 0001:0002a440       _$E2                       0042b440 f   libwt:WObject.obj
 0001:0002a460       _$E5                       0042b460 f   libwt:WObject.obj
 0001:0002a480       _$E8                       0042b480 f   libwt:WTableCell.obj
 0001:0002a4a0       _$E11                      0042b4a0 f   libwt:WTableCell.obj
 0001:0002a4c0       _$E4                       0042b4c0 f   libwt:WWidget.obj
 0001:0002a4e0       _$E7                       0042b4e0 f   libwt:WWidget.obj
 0001:0002a500       _$E4                       0042b500 f   libwt:DomElement.obj
 0001:0002a520       _$E7                       0042b520 f   libwt:DomElement.obj
 0001:0002a540       _$E9                       0042b540 f   libwt:DomElement.obj
 0001:0002a560       _$E2                       0042b560 f   libwt:WResource.obj
 0001:0002a580       _$E5                       0042b580 f   libwt:WResource.obj
 0001:0002a5a0       _$E5                       0042b5a0 f   libwt:WLabel.obj
 0001:0002a5c0       _$E8                       0042b5c0 f   libwt:WLabel.obj
 0001:0002a5e0       _$E4                       0042b5e0 f   libwt:WScrollBar.obj
 0001:0002a600       _$E7                       0042b600 f   libwt:WScrollBar.obj
 0001:0002a620       _$E2                       0042b620 f   libwt:WColor.obj
 0001:0002a630       _$E5                       0042b630 f   libwt:WColor.obj
 0001:0002a640       _$E8                       0042b640 f   libwt:WColor.obj
 0001:0002a650       _$E11                      0042b650 f   libwt:WColor.obj
 0001:0002a660       _$E14                      0042b660 f   libwt:WColor.obj
 0001:0002a670       _$E17                      0042b670 f   libwt:WColor.obj
 0001:0002a680       _$E20                      0042b680 f   libwt:WColor.obj
 0001:0002a690       _$E23                      0042b690 f   libwt:WColor.obj
 0001:0002a6a0       _$E26                      0042b6a0 f   libwt:WColor.obj
 0001:0002a6b0       _$E29                      0042b6b0 f   libwt:WColor.obj
 0001:0002a6c0       _$E32                      0042b6c0 f   libwt:WColor.obj
 0001:0002a6d0       _$E35                      0042b6d0 f   libwt:WColor.obj
 0001:0002a6e0       _$E38                      0042b6e0 f   libwt:WColor.obj
 0001:0002a6f0       _$E41                      0042b6f0 f   libwt:WColor.obj
 0001:0002a700       _$E44                      0042b700 f   libwt:WColor.obj
 0001:0002a710       _$E47                      0042b710 f   libwt:WColor.obj
 0001:0002a720       _$E50                      0042b720 f   libwt:WColor.obj
 0001:0002a730       _$E53                      0042b730 f   libwt:WColor.obj
